chosen idx = 16
encapHwt = 12
t for new bts is -1
new bts ? 1
new ks ? 1
thick bts ?0
repeat times = 1
force bsgs = 0
force hoist = 0
*** GTestFatboot: p=13807, r=1, bits=1320, t=0, c=3, m=43837 mvec=[59 743], gens=[20062 5311], ords=[58 106]
Computing key-independent tables...using HELIB_EXPLICIT_AUX=118

t = -1
bound on I = 16.353148
log2(aux) = 6.882643
log2(beta) = 28.180161
log2(qks) >= 37.759879, final log2(qks) = 37.759882
log2(R) >= 27.776280, final log2(R) = 27.780709
INFO: total bits = 1786.54, security level = 77.1191deg of poly for non-power-of-p aux is 1223
security=77.1191
# small primes = 6
# ctxt primes = 23
# bits in ctxt primes = 1331
# special primes = 8
# bits in special primes = 455
scale=10
 done in 182.128 seconds
  e=0, e'=0, t=12
  m = 43837, p = 13807, phi(m) = 43036
  ord(p) = 7
  normBnd = 1.62075
  polyNormBnd = 4.89365
  factors = [59 743]
  generator 20062 has order (== Z_m^*) of 58
  generator 5311 has order (== Z_m^*) of 106
r = 1
nslots = 6148
hwt = 120
ctxtPrimes = [6,7,8,9,10,11,12,13,14,15,16,17,18,19,20,21,22,23,24,25,26,27,28]
specialPrimes = [33,34,35,36,37,38,39,40]
number of bits = 1787

security level = 77.1191
Generating keys, Keys generated. Now genRecryptData...
computing key-dependent tables...Sparse boot key hwt = 12
genRecryptData done. recryptKeyID=1
lcAksBsgs=0 lcAksDelayed=0
Post-key setup done.
 done in 21.5244 seconds
Encrypt succeeded.
WARNING: KS-noise-ratio = 345.995 > 1
WARNING: KS-noise-ratio = 1.34129 > 1
WARNING: KS-noise-ratio = 1.1265 > 1
WARNING: KS-noise-ratio = 564.059 > 1
WARNING: KS-noise-ratio = 1.48585 > 1
WARNING: KS-noise-ratio = 1.21026 > 1
WARNING: KS-noise-ratio = 1.26254 > 1
WARNING: KS-noise-ratio = 1.21821 > 1
WARNING: KS-noise-ratio = 1.29932 > 1
WARNING: KS-noise-ratio = 1.08176 > 1
time for linear1 = 5.012142, linear2 = 44.147128, extract = 125.145561, total = 176.188067
bits for linear1 = 47.481204, linear2 = 51.452619, extract = 327.820566, min cap = 9.579721, after cap = 905.059663, after prod = 1284.332848
cap / time = 4.813032

### summary over 1 test
time for linear1 = 5.012142, linear2 = 44.147128, extract = 125.145561, total = 176.188067
bits for linear1 = 47.481204, linear2 = 51.452619, extract = 327.820566, min cap = 9.579721, after cap = 905.059663, after prod = 1284.332848
cap / time = 4.813032


### bts finished, everything ok ###

  AAA_bootKeySwitch: 23.7998 / 1 = 23.7998   [$ARTIFACT/ours/_build_case1/HElib-patched/src/recryption.cpp:1968]
  AAA_coeffToSlot: 21.8647 / 1 = 21.8647   [$ARTIFACT/ours/_build_case1/HElib-patched/src/recryption.cpp:2396]
  AAA_embeddingLargest: 0.868167 / 356 = 0.00243867   [$ARTIFACT/ours/_build_case1/HElib-patched/src/norms.cpp:250]
  AAA_embeddingLargest_x2: 0.59859 / 260 = 0.00230227   [$ARTIFACT/ours/_build_case1/HElib-patched/src/norms.cpp:423]
  AAA_extractDigitsThin: 125.144 / 1 = 125.144   [$ARTIFACT/ours/_build_case1/HElib-patched/src/recryption.cpp:2449]
  AAA_modDownEnbeddings: 0.696945 / 260 = 0.00268056   [$ARTIFACT/ours/_build_case1/HElib-patched/src/Ctxt.cpp:506]
  AAA_slotToCoeff: 5.01209 / 1 = 5.01209   [$ARTIFACT/ours/_build_case1/HElib-patched/src/recryption.cpp:1954]
  BasicAutomorphPrecon: 3.58036 / 8 = 0.447545   [$ARTIFACT/ours/_build_case1/HElib-patched/src/matmul.cpp:69]
  BluesteinFFT: 75.6927 / 24858 = 0.003045   [$ARTIFACT/ours/_build_case1/HElib-patched/src/bluestein.cpp:141]
  Decrypt: 0.508333 / 1 = 0.508333   [$ARTIFACT/ours/_build_case1/HElib-patched/src/keys.cpp:1350]
  DoubleCRT: 44.5869 / 578 = 0.0771399   [$ARTIFACT/ours/_build_case1/HElib-patched/src/DoubleCRT.cpp:718]
  FFT: 56.4594 / 17569 = 0.00321358   [$ARTIFACT/ours/_build_case1/HElib-patched/src/CModulus.cpp:479]
  FFT: 70.0052 / 875 = 0.0800059   [$ARTIFACT/ours/_build_case1/HElib-patched/src/DoubleCRT.cpp:70]
  FFT: 69.9944 / 17569 = 0.00398397   [$ARTIFACT/ours/_build_case1/HElib-patched/src/CModulus.cpp:448]
  FFT_aux: 56.4425 / 17569 = 0.00321262   [$ARTIFACT/ours/_build_case1/HElib-patched/src/CModulus.cpp:360]
  FFT_remainder: 13.5244 / 17569 = 0.00076979   [$ARTIFACT/ours/_build_case1/HElib-patched/src/CModulus.cpp:455]
  KS_loop: 10.1395 / 435 = 0.0233092   [$ARTIFACT/ours/_build_case1/HElib-patched/src/Ctxt.cpp:219]
  KS_loop_1: 1.70977 / 435 = 0.00393051   [$ARTIFACT/ours/_build_case1/HElib-patched/src/Ctxt.cpp:227]
  KS_loop_2: 1.18903 / 435 = 0.0027334   [$ARTIFACT/ours/_build_case1/HElib-patched/src/Ctxt.cpp:231]
  KS_loop_3: 1.7403 / 435 = 0.0040007   [$ARTIFACT/ours/_build_case1/HElib-patched/src/Ctxt.cpp:236]
  KS_loop_4: 0.632286 / 435 = 0.00145353   [$ARTIFACT/ours/_build_case1/HElib-patched/src/Ctxt.cpp:240]
  NORM_VAL: 1.53771 / 297 = 0.00517746   [$ARTIFACT/ours/_build_case1/HElib-patched/src/DoubleCRT.cpp:541]
  addCtxt: 18.6466 / 1782 = 0.0104638   [$ARTIFACT/ours/_build_case1/HElib-patched/src/Ctxt.cpp:1458]
  addPart: 3.05994 / 1094 = 0.00279702   [$ARTIFACT/ours/_build_case1/HElib-patched/src/Ctxt.cpp:905]
  addPrimes: 40.7498 / 298 = 0.136744   [$ARTIFACT/ours/_build_case1/HElib-patched/src/DoubleCRT.cpp:625]
  addPrimes_5: 42.8814 / 297 = 0.144382   [$ARTIFACT/ours/_build_case1/HElib-patched/src/DoubleCRT.cpp:518]
  automorph: 5.98981 / 69 = 0.0868088   [$ARTIFACT/ours/_build_case1/HElib-patched/src/matmul.cpp:117]
  automorph: 0.158381 / 48 = 0.0032996   [$ARTIFACT/ours/_build_case1/HElib-patched/src/Ctxt.cpp:2489]
  breakIntoDigits: 43.1299 / 111 = 0.388558   [$ARTIFACT/ours/_build_case1/HElib-patched/src/DoubleCRT.cpp:481]
  decode: 13.6265 / 1 = 13.6265   [$ARTIFACT/ours/_build_case1/HElib-patched/src/EncryptedArray.cpp:375]
  do_mul: 6.48737 / 2157 = 0.00300759   [$ARTIFACT/ours/_build_case1/HElib-patched/src/DoubleCRT.cpp:280]
  extractDigitsThin: 125.144 / 1 = 125.144   [$ARTIFACT/ours/_build_case1/HElib-patched/src/recryption.cpp:1597]
  iFFT: 36.5877 / 7289 = 0.00501958   [$ARTIFACT/ours/_build_case1/HElib-patched/src/CModulus.cpp:488]
  iFFT_division: 13.3904 / 7289 = 0.00183707   [$ARTIFACT/ours/_build_case1/HElib-patched/src/CModulus.cpp:570]
  keySwitchPart: 47.3638 / 104 = 0.455421   [$ARTIFACT/ours/_build_case1/HElib-patched/src/Ctxt.cpp:836]
  modDownToSet: 85.9331 / 310 = 0.277204   [$ARTIFACT/ours/_build_case1/HElib-patched/src/Ctxt.cpp:409]
  mul_MatMul1DExec: 46.0676 / 6 = 7.67794   [$ARTIFACT/ours/_build_case1/HElib-patched/src/matmul.cpp:975]
  multByConstant: 2.24353 / 493 = 0.00455077   [$ARTIFACT/ours/_build_case1/HElib-patched/src/Ctxt.cpp:1884]
  multByConstant: 0.094803 / 1 = 0.094803   [$ARTIFACT/ours/_build_case1/HElib-patched/src/Ctxt.cpp:1910]
  multLowLvl: 52.0752 / 75 = 0.694335   [$ARTIFACT/ours/_build_case1/HElib-patched/src/Ctxt.cpp:1733]
  multiplyBy: 48.7173 / 32 = 1.52241   [$ARTIFACT/ours/_build_case1/HElib-patched/src/Ctxt.cpp:1809]
  privateAssign: 3.80639 / 940 = 0.00404935   [$ARTIFACT/ours/_build_case1/HElib-patched/src/Ctxt.cpp:329]
  randomize: 4.11795 / 435 = 0.00946656   [$ARTIFACT/ours/_build_case1/HElib-patched/src/DoubleCRT.cpp:1318]
  randomize_stream: 2.31241 / 2441264 = 9.47217e-07   [$ARTIFACT/ours/_build_case1/HElib-patched/src/DoubleCRT.cpp:1348]
  reLinearize: 71.1895 / 198 = 0.359543   [$ARTIFACT/ours/_build_case1/HElib-patched/src/Ctxt.cpp:736]
  smartAutomorph: 19.7045 / 48 = 0.410511   [$ARTIFACT/ours/_build_case1/HElib-patched/src/Ctxt.cpp:2514]
  thinReCrypt: 176.196 / 1 = 176.196   [$ARTIFACT/ours/_build_case1/HElib-patched/src/recryption.cpp:1872]
  toPoly: 49.1073 / 875 = 0.0561226   [$ARTIFACT/ours/_build_case1/HElib-patched/src/DoubleCRT.cpp:985]
  toPoly_CRT: 8.43182 / 875 = 0.00963637   [$ARTIFACT/ours/_build_case1/HElib-patched/src/DoubleCRT.cpp:1052]
  toPoly_FFT: 40.0847 / 875 = 0.045811   [$ARTIFACT/ours/_build_case1/HElib-patched/src/DoubleCRT.cpp:1030]
  rusage.ru_maxrss=10699752
||||| stats |||||
KS-noise-ratio ave=8.87069 max=564.059
KS-noise-ratio-hoist ave=510440 max=4.08352e+06
break-into-digits-ratio ave=0.318364 max=0.393329
excess-ctxtPrimes ave=11.4019 max=11.4019
excess-specialPrimes ave=1.60893 max=1.60893
mod-switch-added-noise ave=0.325213 max=0.390362
ptxt_rat_sk ave=0.00253985 max=0.00253985
ptxt_rat_sk ave=0.32112 max=0.32112
raw-mod-switch-noise ave=0.346124 max=0.346124
window1-nchoices ave=3.4 max=4
window1-out ave=0 max=0
window2-nchoices ave=3.65714 max=6
window2-out ave=0 max=0
||||| stats |||||
KS-noise-ratio ave=8.87069 max=564.059
KS-noise-ratio-hoist ave=510440 max=4.08352e+06
break-into-digits-ratio ave=0.318364 max=0.393329
excess-ctxtPrimes ave=11.4019 max=11.4019
excess-specialPrimes ave=1.60893 max=1.60893
mod-switch-added-noise ave=0.325213 max=0.390362
ptxt_rat_sk ave=0.00253985 max=0.00253985
ptxt_rat_sk ave=0.32112 max=0.32112
raw-mod-switch-noise ave=0.346124 max=0.346124
window1-nchoices ave=3.4 max=4
window1-out ave=0 max=0
window2-nchoices ave=3.65714 max=6
window2-out ave=0 max=0
WALL=396.17 s
exit=0
