chosen idx = 14
encapHwt = 12
t for new bts is -1
new bts ? 1
new ks ? 1
thick bts ?0
repeat times = 1
force bsgs = 0
force hoist = 0
*** GTestFatboot: p=2971, r=1, bits=1320, t=0, c=3, m=49589 mvec=[17 2917], gens=[20420 26878], ords=[16 729]
Computing key-independent tables...using HELIB_EXPLICIT_AUX=55

t = -1
bound on I = 16.019619
log2(aux) = 5.781360
log2(beta) = 26.027332
log2(qks) >= 34.501971, final log2(qks) = 34.502003
log2(R) >= 26.868340, final log2(R) = 26.886599
INFO: total bits = 1794.4, security level = 81.7334deg of poly for non-power-of-p aux is 1223
security=81.7334
# small primes = 6
# ctxt primes = 23
# bits in ctxt primes = 1331
# special primes = 8
# bits in special primes = 463
scale=10
 done in 431.944 seconds
  e=0, e'=0, t=12
  m = 49589, p = 2971, phi(m) = 46656
  ord(p) = 4
  normBnd = 1.61652
  polyNormBnd = 3.60677
  factors = [17 2917]
  generator 20420 has order (== Z_m^*) of 16
  generator 26878 has order (== Z_m^*) of 729
r = 1
nslots = 11664
hwt = 120
ctxtPrimes = [6,7,8,9,10,11,12,13,14,15,16,17,18,19,20,21,22,23,24,25,26,27,28]
specialPrimes = [33,34,35,36,37,38,39,40]
number of bits = 1795

security level = 81.7334
Generating keys, Keys generated. Now genRecryptData...
computing key-dependent tables...Sparse boot key hwt = 12
genRecryptData done. recryptKeyID=1
lcAksBsgs=0 lcAksDelayed=0
Post-key setup done.
 done in 40.4544 seconds
Encrypt succeeded.
WARNING: KS-noise-ratio = 4.88582 > 1
WARNING: KS-noise-ratio = 26.621 > 1
WARNING: KS-noise-ratio = 9.95354 > 1
WARNING: KS-noise-ratio = 27.2214 > 1
time for linear1 = 9.868325, linear2 = 90.977481, extract = 143.114343, total = 246.059579
bits for linear1 = 52.990105, linear2 = 54.052015, extract = 301.224375, min cap = 8.474671, after cap = 931.959091, after prod = 1287.235481
cap / time = 3.537738

### summary over 1 test
time for linear1 = 9.868325, linear2 = 90.977481, extract = 143.114343, total = 246.059579
bits for linear1 = 52.990105, linear2 = 54.052015, extract = 301.224375, min cap = 8.474671, after cap = 931.959091, after prod = 1287.235481
cap / time = 3.537738


### bts finished, everything ok ###

  AAA_bootKeySwitch: 47.6535 / 1 = 47.6535   [$ARTIFACT/ours/_build_case1/HElib-patched/src/recryption.cpp:1968]
  AAA_coeffToSlot: 44.9556 / 1 = 44.9556   [$ARTIFACT/ours/_build_case1/HElib-patched/src/recryption.cpp:2396]
  AAA_embeddingLargest: 1.07871 / 426 = 0.00253218   [$ARTIFACT/ours/_build_case1/HElib-patched/src/norms.cpp:250]
  AAA_embeddingLargest_x2: 0.736354 / 287 = 0.00256569   [$ARTIFACT/ours/_build_case1/HElib-patched/src/norms.cpp:423]
  AAA_extractDigitsThin: 143.112 / 1 = 143.112   [$ARTIFACT/ours/_build_case1/HElib-patched/src/recryption.cpp:2449]
  AAA_modDownEnbeddings: 0.853313 / 287 = 0.00297322   [$ARTIFACT/ours/_build_case1/HElib-patched/src/Ctxt.cpp:506]
  AAA_slotToCoeff: 9.8682 / 1 = 9.8682   [$ARTIFACT/ours/_build_case1/HElib-patched/src/recryption.cpp:1954]
  BasicAutomorphPrecon: 3.94918 / 8 = 0.493648   [$ARTIFACT/ours/_build_case1/HElib-patched/src/matmul.cpp:69]
  BluesteinFFT: 100.369 / 28616 = 0.00350745   [$ARTIFACT/ours/_build_case1/HElib-patched/src/bluestein.cpp:141]
  Decrypt: 0.572962 / 1 = 0.572962   [$ARTIFACT/ours/_build_case1/HElib-patched/src/keys.cpp:1350]
  DoubleCRT: 55.8785 / 632 = 0.0884153   [$ARTIFACT/ours/_build_case1/HElib-patched/src/DoubleCRT.cpp:718]
  FFT: 73.7273 / 20111 = 0.00366602   [$ARTIFACT/ours/_build_case1/HElib-patched/src/CModulus.cpp:479]
  FFT: 90.8737 / 1000 = 0.0908737   [$ARTIFACT/ours/_build_case1/HElib-patched/src/DoubleCRT.cpp:70]
  FFT: 90.8634 / 20111 = 0.0045181   [$ARTIFACT/ours/_build_case1/HElib-patched/src/CModulus.cpp:448]
  FFT_aux: 73.7102 / 20111 = 0.00366517   [$ARTIFACT/ours/_build_case1/HElib-patched/src/CModulus.cpp:360]
  FFT_remainder: 17.123 / 20111 = 0.000851426   [$ARTIFACT/ours/_build_case1/HElib-patched/src/CModulus.cpp:455]
  KS_loop: 16.578 / 655 = 0.0253099   [$ARTIFACT/ours/_build_case1/HElib-patched/src/Ctxt.cpp:219]
  KS_loop_1: 2.76406 / 655 = 0.00421994   [$ARTIFACT/ours/_build_case1/HElib-patched/src/Ctxt.cpp:227]
  KS_loop_2: 2.2409 / 655 = 0.00342123   [$ARTIFACT/ours/_build_case1/HElib-patched/src/Ctxt.cpp:231]
  KS_loop_3: 2.82673 / 655 = 0.00431562   [$ARTIFACT/ours/_build_case1/HElib-patched/src/Ctxt.cpp:236]
  KS_loop_4: 0.976278 / 655 = 0.0014905   [$ARTIFACT/ours/_build_case1/HElib-patched/src/Ctxt.cpp:240]
  NORM_VAL: 1.98716 / 367 = 0.0054146   [$ARTIFACT/ours/_build_case1/HElib-patched/src/DoubleCRT.cpp:541]
  addCtxt: 22.2206 / 3546 = 0.0062664   [$ARTIFACT/ours/_build_case1/HElib-patched/src/Ctxt.cpp:1458]
  addPart: 5.04271 / 1630 = 0.00309369   [$ARTIFACT/ours/_build_case1/HElib-patched/src/Ctxt.cpp:905]
  addPrimes: 55.9064 / 368 = 0.151919   [$ARTIFACT/ours/_build_case1/HElib-patched/src/DoubleCRT.cpp:625]
  addPrimes_5: 58.6873 / 367 = 0.159911   [$ARTIFACT/ours/_build_case1/HElib-patched/src/DoubleCRT.cpp:518]
  automorph: 12.8379 / 135 = 0.0950952   [$ARTIFACT/ours/_build_case1/HElib-patched/src/matmul.cpp:117]
  automorph: 0.28612 / 78 = 0.00366821   [$ARTIFACT/ours/_build_case1/HElib-patched/src/Ctxt.cpp:2489]
  breakIntoDigits: 58.9931 / 141 = 0.418391   [$ARTIFACT/ours/_build_case1/HElib-patched/src/DoubleCRT.cpp:481]
  decode: 15.3342 / 1 = 15.3342   [$ARTIFACT/ours/_build_case1/HElib-patched/src/EncryptedArray.cpp:375]
  do_mul: 17.6647 / 6083 = 0.00290395   [$ARTIFACT/ours/_build_case1/HElib-patched/src/DoubleCRT.cpp:280]
  extractDigitsThin: 143.112 / 1 = 143.112   [$ARTIFACT/ours/_build_case1/HElib-patched/src/recryption.cpp:1597]
  iFFT: 49.2196 / 8505 = 0.00578713   [$ARTIFACT/ours/_build_case1/HElib-patched/src/CModulus.cpp:488]
  iFFT_division: 17.5843 / 8505 = 0.00206752   [$ARTIFACT/ours/_build_case1/HElib-patched/src/CModulus.cpp:570]
  keySwitchPart: 65.3549 / 134 = 0.487723   [$ARTIFACT/ours/_build_case1/HElib-patched/src/Ctxt.cpp:836]
  modDownToSet: 108.916 / 367 = 0.296774   [$ARTIFACT/ours/_build_case1/HElib-patched/src/Ctxt.cpp:409]
  mul_MatMul1DExec: 98.2727 / 6 = 16.3788   [$ARTIFACT/ours/_build_case1/HElib-patched/src/matmul.cpp:975]
  multByConstant: 11.2157 / 2236 = 0.00501599   [$ARTIFACT/ours/_build_case1/HElib-patched/src/Ctxt.cpp:1884]
  multByConstant: 0.104102 / 1 = 0.104102   [$ARTIFACT/ours/_build_case1/HElib-patched/src/Ctxt.cpp:1910]
  multLowLvl: 60.9392 / 75 = 0.812522   [$ARTIFACT/ours/_build_case1/HElib-patched/src/Ctxt.cpp:1733]
  multiplyBy: 54.1466 / 32 = 1.69208   [$ARTIFACT/ours/_build_case1/HElib-patched/src/Ctxt.cpp:1809]
  privateAssign: 4.04462 / 997 = 0.00405679   [$ARTIFACT/ours/_build_case1/HElib-patched/src/Ctxt.cpp:329]
  randomize: 6.6992 / 655 = 0.0102278   [$ARTIFACT/ours/_build_case1/HElib-patched/src/DoubleCRT.cpp:1318]
  randomize_stream: 3.77696 / 4006494 = 9.42709e-07   [$ARTIFACT/ours/_build_case1/HElib-patched/src/DoubleCRT.cpp:1348]
  reLinearize: 94.5388 / 252 = 0.375154   [$ARTIFACT/ours/_build_case1/HElib-patched/src/Ctxt.cpp:736]
  smartAutomorph: 35.3116 / 78 = 0.452712   [$ARTIFACT/ours/_build_case1/HElib-patched/src/Ctxt.cpp:2514]
  thinReCrypt: 246.069 / 1 = 246.069   [$ARTIFACT/ours/_build_case1/HElib-patched/src/recryption.cpp:1872]
  toPoly: 64.7963 / 999 = 0.0648612   [$ARTIFACT/ours/_build_case1/HElib-patched/src/DoubleCRT.cpp:985]
  toPoly_CRT: 11.0591 / 999 = 0.0110702   [$ARTIFACT/ours/_build_case1/HElib-patched/src/DoubleCRT.cpp:1052]
  toPoly_FFT: 53.0886 / 999 = 0.0531418   [$ARTIFACT/ours/_build_case1/HElib-patched/src/DoubleCRT.cpp:1030]
  rusage.ru_maxrss=30228324
||||| stats |||||
KS-noise-ratio ave=0.519711 max=27.2214
KS-noise-ratio-hoist ave=2466.96 max=19735.7
break-into-digits-ratio ave=0.321798 max=0.404573
excess-ctxtPrimes ave=11.1674 max=11.1674
excess-specialPrimes ave=7.20471 max=7.20471
mod-switch-added-noise ave=0.326646 max=0.390919
ptxt_rat_sk ave=0.00180017 max=0.00180017
ptxt_rat_sk ave=0.323488 max=0.323488
raw-mod-switch-noise ave=0.320684 max=0.320684
window1-nchoices ave=4.6 max=7
window1-out ave=0 max=0
window2-nchoices ave=3.55714 max=7
window2-out ave=0 max=0
||||| stats |||||
KS-noise-ratio ave=0.519711 max=27.2214
KS-noise-ratio-hoist ave=2466.96 max=19735.7
break-into-digits-ratio ave=0.321798 max=0.404573
excess-ctxtPrimes ave=11.1674 max=11.1674
excess-specialPrimes ave=7.20471 max=7.20471
mod-switch-added-noise ave=0.326646 max=0.390919
ptxt_rat_sk ave=0.00180017 max=0.00180017
ptxt_rat_sk ave=0.323488 max=0.323488
raw-mod-switch-noise ave=0.320684 max=0.320684
window1-nchoices ave=4.6 max=7
window1-out ave=0 max=0
window2-nchoices ave=3.55714 max=7
window2-out ave=0 max=0
WALL=741.96 s
exit=0
