########## CASE4 pass1 :: MA_BASELINE ##########
chosen idx = 3
encapHwt = 12
t for new bts is -1
new bts ? 1
new ks ? 1
thick bts ?0
repeat times = 1
force bsgs = 0
force hoist = 0
*** GTestFatboot: p=8191, r=1, bits=1320, t=0, c=3, m=45193 mvec=[43 1051], gens=[26276 32595], ords=[42 75]
Computing key-independent tables...using HELIB_EXPLICIT_AUX=90

t = -1
bound on I = 16.305335
log2(aux) = 6.491853
log2(beta) = 27.446094
log2(qks) >= 36.634716, final log2(qks) = 36.634751
log2(R) >= 27.445232, final log2(R) = 27.448942
INFO: total bits = 1786.76, security level = 78.5494deg of poly for non-power-of-p aux is 1223
security=78.5494
# small primes = 6
# ctxt primes = 23
# bits in ctxt primes = 1332
# special primes = 8
# bits in special primes = 455
scale=10
 done in 175.613 seconds
  e=0, e'=0, t=12
  m = 45193, p = 8191, phi(m) = 44100
  ord(p) = 14
  normBnd = 1.62042
  polyNormBnd = 4.65228
  factors = [43 1051]
  generator 26276 has order (== Z_m^*) of 42
  generator 32595 has order (== Z_m^*) of 75
r = 1
nslots = 3150
hwt = 120
ctxtPrimes = [6,7,8,9,10,11,12,13,14,15,16,17,18,19,20,21,22,23,24,25,26,27,28]
specialPrimes = [33,34,35,36,37,38,39,40]
number of bits = 1787

security level = 78.5494
Generating keys, Keys generated. Now genRecryptData...
computing key-dependent tables...Sparse boot key hwt = 12
genRecryptData done. recryptKeyID=1
lcAksBsgs=0 lcAksDelayed=0
Post-key setup done.
 done in 38.805 seconds
Encrypt succeeded.
WARNING: KS-noise-ratio = 44.3878 > 1
WARNING: KS-noise-ratio = 2.40296 > 1
WARNING: KS-noise-ratio = 1.79496 > 1
WARNING: KS-noise-ratio = 1.86532 > 1
WARNING: KS-noise-ratio = 1.66449 > 1
WARNING: KS-noise-ratio = 2.10096 > 1
WARNING: KS-noise-ratio = 92.9609 > 1
WARNING: KS-noise-ratio = 3.00335 > 1
WARNING: KS-noise-ratio = 2.72275 > 1
WARNING: KS-noise-ratio = 2.76617 > 1
WARNING: KS-noise-ratio = 1.99707 > 1
WARNING: KS-noise-ratio = 1.94467 > 1
WARNING: KS-noise-ratio = 1.99102 > 1
time for linear1 = 3.950901, linear2 = 38.615775, extract = 130.466087, total = 175.370438
bits for linear1 = 51.708264, linear2 = 57.364000, extract = 321.131884, min cap = 9.188658, after cap = 907.291580, after prod = 1285.787464
cap / time = 4.826325

### summary over 1 test
time for linear1 = 3.950901, linear2 = 38.615775, extract = 130.466087, total = 175.370438
bits for linear1 = 51.708264, linear2 = 57.364000, extract = 321.131884, min cap = 9.188658, after cap = 907.291580, after prod = 1285.787464
cap / time = 4.826325


### bts finished, everything ok ###

  AAA_bootKeySwitch: 22.6457 / 1 = 22.6457   [/home/luck/xzy/0424project/github_order4_cleaner/src/HElib_auxradix_opt/src/recryption.cpp:1968]
  AAA_coeffToSlot: 17.9024 / 1 = 17.9024   [/home/luck/xzy/0424project/github_order4_cleaner/src/HElib_auxradix_opt/src/recryption.cpp:2396]
  AAA_embeddingLargest: 0.749939 / 300 = 0.0024998   [/home/luck/xzy/0424project/github_order4_cleaner/src/HElib_auxradix_opt/src/norms.cpp:250]
  AAA_embeddingLargest_x2: 0.553804 / 233 = 0.00237684   [/home/luck/xzy/0424project/github_order4_cleaner/src/HElib_auxradix_opt/src/norms.cpp:423]
  AAA_extractDigitsThin: 130.464 / 1 = 130.464   [/home/luck/xzy/0424project/github_order4_cleaner/src/HElib_auxradix_opt/src/recryption.cpp:2447]
  AAA_modDownEnbeddings: 0.657407 / 233 = 0.00282149   [/home/luck/xzy/0424project/github_order4_cleaner/src/HElib_auxradix_opt/src/Ctxt.cpp:506]
  AAA_slotToCoeff: 3.95083 / 1 = 3.95083   [/home/luck/xzy/0424project/github_order4_cleaner/src/HElib_auxradix_opt/src/recryption.cpp:1954]
  BasicAutomorphPrecon: 4.05244 / 8 = 0.506556   [/home/luck/xzy/0424project/github_order4_cleaner/src/HElib_auxradix_opt/src/matmul.cpp:90]
  BluesteinFFT: 72.1852 / 22008 = 0.00327995   [/home/luck/xzy/0424project/github_order4_cleaner/src/HElib_auxradix_opt/src/bluestein.cpp:141]
  Decrypt: 0.541713 / 1 = 0.541713   [/home/luck/xzy/0424project/github_order4_cleaner/src/HElib_auxradix_opt/src/keys.cpp:1362]
  DoubleCRT: 44.8318 / 524 = 0.0855569   [/home/luck/xzy/0424project/github_order4_cleaner/src/HElib_auxradix_opt/src/DoubleCRT.cpp:718]
  FFT: 53.4883 / 15503 = 0.00345019   [/home/luck/xzy/0424project/github_order4_cleaner/src/HElib_auxradix_opt/src/CModulus.cpp:479]
  FFT: 67.5074 / 765 = 0.0882449   [/home/luck/xzy/0424project/github_order4_cleaner/src/HElib_auxradix_opt/src/DoubleCRT.cpp:70]
  FFT: 67.4942 / 15503 = 0.00435362   [/home/luck/xzy/0424project/github_order4_cleaner/src/HElib_auxradix_opt/src/CModulus.cpp:448]
  FFT_aux: 53.4744 / 15503 = 0.00344929   [/home/luck/xzy/0424project/github_order4_cleaner/src/HElib_auxradix_opt/src/CModulus.cpp:360]
  FFT_remainder: 13.993 / 15503 = 0.000902596   [/home/luck/xzy/0424project/github_order4_cleaner/src/HElib_auxradix_opt/src/CModulus.cpp:455]
  KS_loop: 17.0534 / 645 = 0.0264394   [/home/luck/xzy/0424project/github_order4_cleaner/src/HElib_auxradix_opt/src/Ctxt.cpp:219]
  KS_loop_1: 2.88192 / 645 = 0.0044681   [/home/luck/xzy/0424project/github_order4_cleaner/src/HElib_auxradix_opt/src/Ctxt.cpp:227]
  KS_loop_2: 2.09164 / 645 = 0.00324285   [/home/luck/xzy/0424project/github_order4_cleaner/src/HElib_auxradix_opt/src/Ctxt.cpp:231]
  KS_loop_3: 2.90267 / 645 = 0.00450026   [/home/luck/xzy/0424project/github_order4_cleaner/src/HElib_auxradix_opt/src/Ctxt.cpp:236]
  KS_loop_4: 1.00523 / 645 = 0.00155849   [/home/luck/xzy/0424project/github_order4_cleaner/src/HElib_auxradix_opt/src/Ctxt.cpp:240]
  NORM_VAL: 1.28833 / 241 = 0.00534577   [/home/luck/xzy/0424project/github_order4_cleaner/src/HElib_auxradix_opt/src/DoubleCRT.cpp:541]
  addCtxt: 16.5004 / 1628 = 0.0101354   [/home/luck/xzy/0424project/github_order4_cleaner/src/HElib_auxradix_opt/src/Ctxt.cpp:1529]
  addPart: 4.43865 / 1600 = 0.00277415   [/home/luck/xzy/0424project/github_order4_cleaner/src/HElib_auxradix_opt/src/Ctxt.cpp:976]
  addPrimes: 36.3075 / 242 = 0.150031   [/home/luck/xzy/0424project/github_order4_cleaner/src/HElib_auxradix_opt/src/DoubleCRT.cpp:625]
  addPrimes_5: 38.1539 / 241 = 0.158315   [/home/luck/xzy/0424project/github_order4_cleaner/src/HElib_auxradix_opt/src/DoubleCRT.cpp:518]
  automorph: 16.1169 / 179 = 0.0900385   [/home/luck/xzy/0424project/github_order4_cleaner/src/HElib_auxradix_opt/src/matmul.cpp:148]
  automorph: 0.082405 / 24 = 0.00343354   [/home/luck/xzy/0424project/github_order4_cleaner/src/HElib_auxradix_opt/src/Ctxt.cpp:2560]
  breakIntoDigits: 38.3821 / 87 = 0.441173   [/home/luck/xzy/0424project/github_order4_cleaner/src/HElib_auxradix_opt/src/DoubleCRT.cpp:481]
  decode: 13.7824 / 1 = 13.7824   [/home/luck/xzy/0424project/github_order4_cleaner/src/HElib_auxradix_opt/src/EncryptedArray.cpp:375]
  do_mul: 8.75204 / 2295 = 0.00381353   [/home/luck/xzy/0424project/github_order4_cleaner/src/HElib_auxradix_opt/src/DoubleCRT.cpp:280]
  extractDigitsThin: 130.464 / 1 = 130.464   [/home/luck/xzy/0424project/github_order4_cleaner/src/HElib_auxradix_opt/src/recryption.cpp:1597]
  iFFT: 35.3974 / 6505 = 0.00544156   [/home/luck/xzy/0424project/github_order4_cleaner/src/HElib_auxradix_opt/src/CModulus.cpp:488]
  iFFT_division: 12.9389 / 6505 = 0.00198907   [/home/luck/xzy/0424project/github_order4_cleaner/src/HElib_auxradix_opt/src/CModulus.cpp:570]
  keySwitchPart: 40.738 / 80 = 0.509225   [/home/luck/xzy/0424project/github_order4_cleaner/src/HElib_auxradix_opt/src/Ctxt.cpp:907]
  modDownToSet: 86.5521 / 259 = 0.334178   [/home/luck/xzy/0424project/github_order4_cleaner/src/HElib_auxradix_opt/src/Ctxt.cpp:409]
  mul_MatMul1DExec: 38.0731 / 6 = 6.34551   [/home/luck/xzy/0424project/github_order4_cleaner/src/HElib_auxradix_opt/src/matmul.cpp:1155]
  multByConstant: 2.12044 / 352 = 0.00602397   [/home/luck/xzy/0424project/github_order4_cleaner/src/HElib_auxradix_opt/src/Ctxt.cpp:1955]
  multByConstant: 0.098792 / 1 = 0.098792   [/home/luck/xzy/0424project/github_order4_cleaner/src/HElib_auxradix_opt/src/Ctxt.cpp:1981]
  multLowLvl: 55.9486 / 75 = 0.745982   [/home/luck/xzy/0424project/github_order4_cleaner/src/HElib_auxradix_opt/src/Ctxt.cpp:1804]
  multiplyBy: 52.4557 / 32 = 1.63924   [/home/luck/xzy/0424project/github_order4_cleaner/src/HElib_auxradix_opt/src/Ctxt.cpp:1880]
  privateAssign: 3.80485 / 889 = 0.00427993   [/home/luck/xzy/0424project/github_order4_cleaner/src/HElib_auxradix_opt/src/Ctxt.cpp:329]
  randomize: 6.82045 / 645 = 0.0105743   [/home/luck/xzy/0424project/github_order4_cleaner/src/HElib_auxradix_opt/src/DoubleCRT.cpp:1318]
  randomize_stream: 3.83 / 3699186 = 1.03536e-06   [/home/luck/xzy/0424project/github_order4_cleaner/src/HElib_auxradix_opt/src/DoubleCRT.cpp:1348]
  reLinearize: 65.675 / 144 = 0.456076   [/home/luck/xzy/0424project/github_order4_cleaner/src/HElib_auxradix_opt/src/Ctxt.cpp:736]
  smartAutomorph: 10.5028 / 24 = 0.437617   [/home/luck/xzy/0424project/github_order4_cleaner/src/HElib_auxradix_opt/src/Ctxt.cpp:2585]
  thinReCrypt: 175.372 / 1 = 175.372   [/home/luck/xzy/0424project/github_order4_cleaner/src/HElib_auxradix_opt/src/recryption.cpp:1872]
  toPoly: 48.2289 / 765 = 0.0630443   [/home/luck/xzy/0424project/github_order4_cleaner/src/HElib_auxradix_opt/src/DoubleCRT.cpp:985]
  toPoly_CRT: 8.22084 / 765 = 0.0107462   [/home/luck/xzy/0424project/github_order4_cleaner/src/HElib_auxradix_opt/src/DoubleCRT.cpp:1052]
  toPoly_FFT: 39.4947 / 765 = 0.0516271   [/home/luck/xzy/0424project/github_order4_cleaner/src/HElib_auxradix_opt/src/DoubleCRT.cpp:1030]
  rusage.ru_maxrss=8844912
||||| stats |||||
KS-noise-ratio ave=2.03217 max=92.9609
KS-noise-ratio-hoist ave=653105 max=5.22483e+06
break-into-digits-ratio ave=0.320049 max=0.38216
excess-ctxtPrimes ave=11.6528 max=11.6528
excess-specialPrimes ave=0.654405 max=0.654405
mod-switch-added-noise ave=0.323368 max=0.399789
ptxt_rat_sk ave=0.00767447 max=0.00767447
ptxt_rat_sk ave=0.33442 max=0.33442
raw-mod-switch-noise ave=0.330619 max=0.330619
window1-nchoices ave=2.4 max=3
window1-out ave=0 max=0
window2-nchoices ave=3.34286 max=6
window2-out ave=0 max=0
||||| stats |||||
KS-noise-ratio ave=2.03217 max=92.9609
KS-noise-ratio-hoist ave=653105 max=5.22483e+06
break-into-digits-ratio ave=0.320049 max=0.38216
excess-ctxtPrimes ave=11.6528 max=11.6528
excess-specialPrimes ave=0.654405 max=0.654405
mod-switch-added-noise ave=0.323368 max=0.399789
ptxt_rat_sk ave=0.00767447 max=0.00767447
ptxt_rat_sk ave=0.33442 max=0.33442
raw-mod-switch-noise ave=0.330619 max=0.330619
window1-nchoices ave=2.4 max=3
window1-out ave=0 max=0
window2-nchoices ave=3.34286 max=6
window2-out ave=0 max=0
exit=0 (MA_BASELINE pass1)
########## CASE4 pass1 :: ORDER4 ##########
chosen idx = 3
encapHwt = 12
t for new bts is -1
new bts ? 1
new ks ? 1
thick bts ?0
repeat times = 1
force bsgs = 0
force hoist = 0
*** GTestFatboot: p=8191, r=1, bits=1320, t=0, c=3, m=45193 mvec=[43 1051], gens=[26276 32595], ords=[42 75]
Computing key-independent tables...using HELIB_EXPLICIT_AUX=90

t = -1
bound on I = 16.305335
log2(aux) = 6.491853
log2(beta) = 27.446094
log2(qks) >= 36.634716, final log2(qks) = 36.634751
log2(R) >= 27.445232, final log2(R) = 27.448942
INFO: total bits = 1786.76, security level = 78.5494deg of poly for non-power-of-p aux is 1223
security=78.5494
# small primes = 6
# ctxt primes = 23
# bits in ctxt primes = 1332
# special primes = 8
# bits in special primes = 455
scale=10
 done in 171.403 seconds
  e=0, e'=0, t=12
  m = 45193, p = 8191, phi(m) = 44100
  ord(p) = 14
  normBnd = 1.62042
  polyNormBnd = 4.65228
  factors = [43 1051]
  generator 26276 has order (== Z_m^*) of 42
  generator 32595 has order (== Z_m^*) of 75
r = 1
nslots = 3150
hwt = 120
ctxtPrimes = [6,7,8,9,10,11,12,13,14,15,16,17,18,19,20,21,22,23,24,25,26,27,28]
specialPrimes = [33,34,35,36,37,38,39,40]
number of bits = 1787

security level = 78.5494
Generating keys, Keys generated. Now genRecryptData...
computing key-dependent tables...Sparse boot key hwt = 12
genRecryptData done. recryptKeyID=1
lcAksBsgs=0 lcAksDelayed=0
Post-key setup done.
 done in 40.6379 seconds
Encrypt succeeded.
WARNING: KS-noise-ratio = 1.02817 > 1
HELIB_AUX_ORDER4_EVAL skipped: cleaner does not have the required order-four support
WARNING: KS-noise-ratio = 37.7423 > 1
WARNING: KS-noise-ratio = 2.88577 > 1
WARNING: KS-noise-ratio = 2.051 > 1
WARNING: KS-noise-ratio = 1.65433 > 1
WARNING: KS-noise-ratio = 2.1005 > 1
WARNING: KS-noise-ratio = 1.6336 > 1
WARNING: KS-noise-ratio = 105.653 > 1
WARNING: KS-noise-ratio = 2.79306 > 1
WARNING: KS-noise-ratio = 2.6149 > 1
WARNING: KS-noise-ratio = 2.91552 > 1
WARNING: KS-noise-ratio = 2.58936 > 1
WARNING: KS-noise-ratio = 2.56462 > 1
WARNING: KS-noise-ratio = 2.01149 > 1
time for linear1 = 3.719366, linear2 = 40.133170, extract = 134.586353, total = 180.469236
bits for linear1 = 51.762403, linear2 = 57.406655, extract = 321.427404, min cap = 9.188658, after cap = 906.950900, after prod = 1285.784959
cap / time = 4.687779

### summary over 1 test
time for linear1 = 3.719366, linear2 = 40.133170, extract = 134.586353, total = 180.469236
bits for linear1 = 51.762403, linear2 = 57.406655, extract = 321.427404, min cap = 9.188658, after cap = 906.950900, after prod = 1285.784959
cap / time = 4.687779


### bts finished, everything ok ###

  AAA_bootKeySwitch: 21.3554 / 1 = 21.3554   [/home/luck/xzy/0424project/github_order4_cleaner/src/HElib_auxradix_opt/src/recryption.cpp:1968]
  AAA_coeffToSlot: 20.3725 / 1 = 20.3725   [/home/luck/xzy/0424project/github_order4_cleaner/src/HElib_auxradix_opt/src/recryption.cpp:2396]
  AAA_embeddingLargest: 0.806114 / 300 = 0.00268705   [/home/luck/xzy/0424project/github_order4_cleaner/src/HElib_auxradix_opt/src/norms.cpp:250]
  AAA_embeddingLargest_x2: 0.583263 / 233 = 0.00250327   [/home/luck/xzy/0424project/github_order4_cleaner/src/HElib_auxradix_opt/src/norms.cpp:423]
  AAA_extractDigitsThin: 134.584 / 1 = 134.584   [/home/luck/xzy/0424project/github_order4_cleaner/src/HElib_auxradix_opt/src/recryption.cpp:2447]
  AAA_modDownEnbeddings: 0.692825 / 233 = 0.0029735   [/home/luck/xzy/0424project/github_order4_cleaner/src/HElib_auxradix_opt/src/Ctxt.cpp:506]
  AAA_slotToCoeff: 3.71931 / 1 = 3.71931   [/home/luck/xzy/0424project/github_order4_cleaner/src/HElib_auxradix_opt/src/recryption.cpp:1954]
  BasicAutomorphPrecon: 4.3561 / 8 = 0.544512   [/home/luck/xzy/0424project/github_order4_cleaner/src/HElib_auxradix_opt/src/matmul.cpp:90]
  BluesteinFFT: 76.7828 / 21994 = 0.00349108   [/home/luck/xzy/0424project/github_order4_cleaner/src/HElib_auxradix_opt/src/bluestein.cpp:141]
  Decrypt: 0.538784 / 1 = 0.538784   [/home/luck/xzy/0424project/github_order4_cleaner/src/HElib_auxradix_opt/src/keys.cpp:1362]
  DoubleCRT: 46.777 / 524 = 0.089269   [/home/luck/xzy/0424project/github_order4_cleaner/src/HElib_auxradix_opt/src/DoubleCRT.cpp:718]
  FFT: 57.0347 / 15503 = 0.00367894   [/home/luck/xzy/0424project/github_order4_cleaner/src/HElib_auxradix_opt/src/CModulus.cpp:479]
  FFT: 70.9328 / 765 = 0.0927226   [/home/luck/xzy/0424project/github_order4_cleaner/src/HElib_auxradix_opt/src/DoubleCRT.cpp:70]
  FFT: 70.9246 / 15503 = 0.0045749   [/home/luck/xzy/0424project/github_order4_cleaner/src/HElib_auxradix_opt/src/CModulus.cpp:448]
  FFT_aux: 57.0225 / 15503 = 0.00367816   [/home/luck/xzy/0424project/github_order4_cleaner/src/HElib_auxradix_opt/src/CModulus.cpp:360]
  FFT_remainder: 13.8807 / 15503 = 0.000895358   [/home/luck/xzy/0424project/github_order4_cleaner/src/HElib_auxradix_opt/src/CModulus.cpp:455]
  KS_loop: 17.3119 / 645 = 0.0268402   [/home/luck/xzy/0424project/github_order4_cleaner/src/HElib_auxradix_opt/src/Ctxt.cpp:219]
  KS_loop_1: 2.98557 / 645 = 0.00462878   [/home/luck/xzy/0424project/github_order4_cleaner/src/HElib_auxradix_opt/src/Ctxt.cpp:227]
  KS_loop_2: 1.91962 / 645 = 0.00297616   [/home/luck/xzy/0424project/github_order4_cleaner/src/HElib_auxradix_opt/src/Ctxt.cpp:231]
  KS_loop_3: 3.04183 / 645 = 0.00471602   [/home/luck/xzy/0424project/github_order4_cleaner/src/HElib_auxradix_opt/src/Ctxt.cpp:236]
  KS_loop_4: 0.967481 / 645 = 0.00149997   [/home/luck/xzy/0424project/github_order4_cleaner/src/HElib_auxradix_opt/src/Ctxt.cpp:240]
  NORM_VAL: 1.39709 / 241 = 0.00579706   [/home/luck/xzy/0424project/github_order4_cleaner/src/HElib_auxradix_opt/src/DoubleCRT.cpp:541]
  addCtxt: 16.2435 / 1628 = 0.0099776   [/home/luck/xzy/0424project/github_order4_cleaner/src/HElib_auxradix_opt/src/Ctxt.cpp:1529]
  addPart: 4.14372 / 1600 = 0.00258983   [/home/luck/xzy/0424project/github_order4_cleaner/src/HElib_auxradix_opt/src/Ctxt.cpp:976]
  addPrimes: 38.4276 / 242 = 0.158792   [/home/luck/xzy/0424project/github_order4_cleaner/src/HElib_auxradix_opt/src/DoubleCRT.cpp:625]
  addPrimes_5: 40.3813 / 241 = 0.167557   [/home/luck/xzy/0424project/github_order4_cleaner/src/HElib_auxradix_opt/src/DoubleCRT.cpp:518]
  automorph: 15.9134 / 179 = 0.0889019   [/home/luck/xzy/0424project/github_order4_cleaner/src/HElib_auxradix_opt/src/matmul.cpp:148]
  automorph: 0.089855 / 24 = 0.00374396   [/home/luck/xzy/0424project/github_order4_cleaner/src/HElib_auxradix_opt/src/Ctxt.cpp:2560]
  breakIntoDigits: 40.5939 / 87 = 0.466597   [/home/luck/xzy/0424project/github_order4_cleaner/src/HElib_auxradix_opt/src/DoubleCRT.cpp:481]
  decode: 13.5356 / 1 = 13.5356   [/home/luck/xzy/0424project/github_order4_cleaner/src/HElib_auxradix_opt/src/EncryptedArray.cpp:375]
  do_mul: 9.09871 / 2295 = 0.00396458   [/home/luck/xzy/0424project/github_order4_cleaner/src/HElib_auxradix_opt/src/DoubleCRT.cpp:280]
  extractDigitsThin: 134.584 / 1 = 134.584   [/home/luck/xzy/0424project/github_order4_cleaner/src/HElib_auxradix_opt/src/recryption.cpp:1597]
  iFFT: 37.2773 / 6491 = 0.00574292   [/home/luck/xzy/0424project/github_order4_cleaner/src/HElib_auxradix_opt/src/CModulus.cpp:488]
  iFFT_division: 13.6649 / 6491 = 0.00210521   [/home/luck/xzy/0424project/github_order4_cleaner/src/HElib_auxradix_opt/src/CModulus.cpp:570]
  keySwitchPart: 43.096 / 80 = 0.5387   [/home/luck/xzy/0424project/github_order4_cleaner/src/HElib_auxradix_opt/src/Ctxt.cpp:907]
  modDownToSet: 89.7112 / 259 = 0.346375   [/home/luck/xzy/0424project/github_order4_cleaner/src/HElib_auxradix_opt/src/Ctxt.cpp:409]
  mul_MatMul1DExec: 38.6622 / 6 = 6.4437   [/home/luck/xzy/0424project/github_order4_cleaner/src/HElib_auxradix_opt/src/matmul.cpp:1155]
  multByConstant: 2.17561 / 352 = 0.00618072   [/home/luck/xzy/0424project/github_order4_cleaner/src/HElib_auxradix_opt/src/Ctxt.cpp:1955]
  multByConstant: 0.117757 / 1 = 0.117757   [/home/luck/xzy/0424project/github_order4_cleaner/src/HElib_auxradix_opt/src/Ctxt.cpp:1981]
  multLowLvl: 57.8569 / 75 = 0.771425   [/home/luck/xzy/0424project/github_order4_cleaner/src/HElib_auxradix_opt/src/Ctxt.cpp:1804]
  multiplyBy: 55.4032 / 32 = 1.73135   [/home/luck/xzy/0424project/github_order4_cleaner/src/HElib_auxradix_opt/src/Ctxt.cpp:1880]
  privateAssign: 3.54552 / 889 = 0.00398821   [/home/luck/xzy/0424project/github_order4_cleaner/src/HElib_auxradix_opt/src/Ctxt.cpp:329]
  randomize: 7.14421 / 645 = 0.0110763   [/home/luck/xzy/0424project/github_order4_cleaner/src/HElib_auxradix_opt/src/DoubleCRT.cpp:1318]
  randomize_stream: 4.00135 / 3698977 = 1.08174e-06   [/home/luck/xzy/0424project/github_order4_cleaner/src/HElib_auxradix_opt/src/DoubleCRT.cpp:1348]
  reLinearize: 68.7954 / 144 = 0.477746   [/home/luck/xzy/0424project/github_order4_cleaner/src/HElib_auxradix_opt/src/Ctxt.cpp:736]
  smartAutomorph: 11.4125 / 24 = 0.475521   [/home/luck/xzy/0424project/github_order4_cleaner/src/HElib_auxradix_opt/src/Ctxt.cpp:2585]
  thinReCrypt: 180.47 / 1 = 180.47   [/home/luck/xzy/0424project/github_order4_cleaner/src/HElib_auxradix_opt/src/recryption.cpp:1872]
  toPoly: 49.672 / 765 = 0.0649307   [/home/luck/xzy/0424project/github_order4_cleaner/src/HElib_auxradix_opt/src/DoubleCRT.cpp:985]
  toPoly_CRT: 8.59135 / 765 = 0.0112305   [/home/luck/xzy/0424project/github_order4_cleaner/src/HElib_auxradix_opt/src/DoubleCRT.cpp:1052]
  toPoly_FFT: 40.59 / 765 = 0.0530589   [/home/luck/xzy/0424project/github_order4_cleaner/src/HElib_auxradix_opt/src/DoubleCRT.cpp:1030]
  rusage.ru_maxrss=8844944
||||| stats |||||
KS-noise-ratio ave=2.12797 max=105.653
KS-noise-ratio-hoist ave=687677 max=5.50141e+06
break-into-digits-ratio ave=0.320077 max=0.40328
excess-ctxtPrimes ave=11.6528 max=11.6528
excess-specialPrimes ave=0.654405 max=0.654405
mod-switch-added-noise ave=0.326372 max=0.394406
ptxt_rat_sk ave=0.00771151 max=0.00771151
ptxt_rat_sk ave=0.309907 max=0.309907
raw-mod-switch-noise ave=0.31564 max=0.31564
window1-nchoices ave=2.4 max=3
window1-out ave=0 max=0
window2-nchoices ave=3.42857 max=6
window2-out ave=0 max=0
||||| stats |||||
KS-noise-ratio ave=2.12797 max=105.653
KS-noise-ratio-hoist ave=687677 max=5.50141e+06
break-into-digits-ratio ave=0.320077 max=0.40328
excess-ctxtPrimes ave=11.6528 max=11.6528
excess-specialPrimes ave=0.654405 max=0.654405
mod-switch-added-noise ave=0.326372 max=0.394406
ptxt_rat_sk ave=0.00771151 max=0.00771151
ptxt_rat_sk ave=0.309907 max=0.309907
raw-mod-switch-noise ave=0.31564 max=0.31564
window1-nchoices ave=2.4 max=3
window1-out ave=0 max=0
window2-nchoices ave=3.42857 max=6
window2-out ave=0 max=0
exit=0 (ORDER4 pass1)
########## CASE4 pass1 :: COMPOSED ##########
chosen idx = 3
encapHwt = 12
t for new bts is -1
new bts ? 1
new ks ? 1
thick bts ?0
repeat times = 1
force bsgs = 0
force hoist = 0
*** GTestFatboot: p=8191, r=1, bits=1320, t=0, c=3, m=45193 mvec=[43 1051], gens=[26276 32595], ords=[42 75]
Computing key-independent tables...using HELIB_EXPLICIT_AUX=90

t = -1
bound on I = 16.305335
log2(aux) = 6.491853
log2(beta) = 27.446094
log2(qks) >= 36.634716, final log2(qks) = 36.634751
log2(R) >= 27.445232, final log2(R) = 27.448942
INFO: total bits = 1786.76, security level = 78.5494HELIB_COMPOSED_EVAL: d=14 |folded support|=612 degQ=305 padded to n'=616
HELIB_COMPOSED_EVAL: norm form c=346 degC=44 (search 51.6017s)
deg of poly for non-power-of-p aux is 1223
security=78.5494
# small primes = 6
# ctxt primes = 23
# bits in ctxt primes = 1332
# special primes = 8
# bits in special primes = 455
scale=10
 done in 223.172 seconds
  e=0, e'=0, t=12
  m = 45193, p = 8191, phi(m) = 44100
  ord(p) = 14
  normBnd = 1.62042
  polyNormBnd = 4.65228
  factors = [43 1051]
  generator 26276 has order (== Z_m^*) of 42
  generator 32595 has order (== Z_m^*) of 75
r = 1
nslots = 3150
hwt = 120
ctxtPrimes = [6,7,8,9,10,11,12,13,14,15,16,17,18,19,20,21,22,23,24,25,26,27,28]
specialPrimes = [33,34,35,36,37,38,39,40]
number of bits = 1787

security level = 78.5494
Generating keys, Keys generated. Now genRecryptData...
computing key-dependent tables...Sparse boot key hwt = 12
genRecryptData done. recryptKeyID=1
lcAksBsgs=0 lcAksDelayed=0
Post-key setup done.
 done in 38.5811 seconds
Encrypt succeeded.
HELIB_AUX_ORDER4_EVAL skipped: cleaner does not have the required order-four support
WARNING: KS-noise-ratio = 43.9542 > 1
WARNING: KS-noise-ratio = 2.23353 > 1
WARNING: KS-noise-ratio = 1.65651 > 1
WARNING: KS-noise-ratio = 1.94857 > 1
WARNING: KS-noise-ratio = 2.06651 > 1
WARNING: KS-noise-ratio = 1.64432 > 1
WARNING: KS-noise-ratio = 94.0537 > 1
WARNING: KS-noise-ratio = 2.23304 > 1
WARNING: KS-noise-ratio = 2.47486 > 1
WARNING: KS-noise-ratio = 2.20274 > 1
WARNING: KS-noise-ratio = 2.01303 > 1
WARNING: KS-noise-ratio = 2.01689 > 1
WARNING: KS-noise-ratio = 1.6431 > 1
time for linear1 = 3.853210, linear2 = 39.544001, extract = 128.785750, total = 174.165960
bits for linear1 = 51.729399, linear2 = 57.287331, extract = 321.191798, min cap = 9.188658, after cap = 907.230537, after prod = 1285.709666
cap / time = 4.859230

### summary over 1 test
time for linear1 = 3.853210, linear2 = 39.544001, extract = 128.785750, total = 174.165960
bits for linear1 = 51.729399, linear2 = 57.287331, extract = 321.191798, min cap = 9.188658, after cap = 907.230537, after prod = 1285.709666
cap / time = 4.859230


### bts finished, everything ok ###

  AAA_bootKeySwitch: 22.5064 / 1 = 22.5064   [/home/luck/xzy/0424project/github_order4_cleaner/src/HElib_auxradix_opt/src/recryption.cpp:1968]
  AAA_coeffToSlot: 18.6294 / 1 = 18.6294   [/home/luck/xzy/0424project/github_order4_cleaner/src/HElib_auxradix_opt/src/recryption.cpp:2396]
  AAA_embeddingLargest: 0.776048 / 300 = 0.00258683   [/home/luck/xzy/0424project/github_order4_cleaner/src/HElib_auxradix_opt/src/norms.cpp:250]
  AAA_embeddingLargest_x2: 0.572846 / 233 = 0.00245857   [/home/luck/xzy/0424project/github_order4_cleaner/src/HElib_auxradix_opt/src/norms.cpp:423]
  AAA_extractDigitsThin: 128.784 / 1 = 128.784   [/home/luck/xzy/0424project/github_order4_cleaner/src/HElib_auxradix_opt/src/recryption.cpp:2447]
  AAA_modDownEnbeddings: 0.677001 / 233 = 0.00290558   [/home/luck/xzy/0424project/github_order4_cleaner/src/HElib_auxradix_opt/src/Ctxt.cpp:506]
  AAA_slotToCoeff: 3.85315 / 1 = 3.85315   [/home/luck/xzy/0424project/github_order4_cleaner/src/HElib_auxradix_opt/src/recryption.cpp:1954]
  BasicAutomorphPrecon: 3.89051 / 8 = 0.486313   [/home/luck/xzy/0424project/github_order4_cleaner/src/HElib_auxradix_opt/src/matmul.cpp:90]
  BluesteinFFT: 71.7488 / 22008 = 0.00326012   [/home/luck/xzy/0424project/github_order4_cleaner/src/HElib_auxradix_opt/src/bluestein.cpp:141]
  Decrypt: 0.573092 / 1 = 0.573092   [/home/luck/xzy/0424project/github_order4_cleaner/src/HElib_auxradix_opt/src/keys.cpp:1362]
  DoubleCRT: 44.0881 / 524 = 0.0841376   [/home/luck/xzy/0424project/github_order4_cleaner/src/HElib_auxradix_opt/src/DoubleCRT.cpp:718]
  FFT: 53.1709 / 15503 = 0.00342972   [/home/luck/xzy/0424project/github_order4_cleaner/src/HElib_auxradix_opt/src/CModulus.cpp:479]
  FFT: 66.229 / 765 = 0.0865738   [/home/luck/xzy/0424project/github_order4_cleaner/src/HElib_auxradix_opt/src/DoubleCRT.cpp:70]
  FFT: 66.2202 / 15503 = 0.00427144   [/home/luck/xzy/0424project/github_order4_cleaner/src/HElib_auxradix_opt/src/CModulus.cpp:448]
  FFT_aux: 53.1579 / 15503 = 0.00342888   [/home/luck/xzy/0424project/github_order4_cleaner/src/HElib_auxradix_opt/src/CModulus.cpp:360]
  FFT_remainder: 13.0389 / 15503 = 0.000841058   [/home/luck/xzy/0424project/github_order4_cleaner/src/HElib_auxradix_opt/src/CModulus.cpp:455]
  KS_loop: 17.4153 / 645 = 0.0270004   [/home/luck/xzy/0424project/github_order4_cleaner/src/HElib_auxradix_opt/src/Ctxt.cpp:219]
  KS_loop_1: 2.81743 / 645 = 0.00436811   [/home/luck/xzy/0424project/github_order4_cleaner/src/HElib_auxradix_opt/src/Ctxt.cpp:227]
  KS_loop_2: 2.49986 / 645 = 0.00387575   [/home/luck/xzy/0424project/github_order4_cleaner/src/HElib_auxradix_opt/src/Ctxt.cpp:231]
  KS_loop_3: 2.87035 / 645 = 0.00445016   [/home/luck/xzy/0424project/github_order4_cleaner/src/HElib_auxradix_opt/src/Ctxt.cpp:236]
  KS_loop_4: 1.21279 / 645 = 0.0018803   [/home/luck/xzy/0424project/github_order4_cleaner/src/HElib_auxradix_opt/src/Ctxt.cpp:240]
  NORM_VAL: 1.33338 / 241 = 0.00553268   [/home/luck/xzy/0424project/github_order4_cleaner/src/HElib_auxradix_opt/src/DoubleCRT.cpp:541]
  addCtxt: 16.2487 / 1628 = 0.00998076   [/home/luck/xzy/0424project/github_order4_cleaner/src/HElib_auxradix_opt/src/Ctxt.cpp:1529]
  addPart: 5.23163 / 1600 = 0.00326977   [/home/luck/xzy/0424project/github_order4_cleaner/src/HElib_auxradix_opt/src/Ctxt.cpp:976]
  addPrimes: 35.5592 / 242 = 0.146939   [/home/luck/xzy/0424project/github_order4_cleaner/src/HElib_auxradix_opt/src/DoubleCRT.cpp:625]
  addPrimes_5: 37.4608 / 241 = 0.155439   [/home/luck/xzy/0424project/github_order4_cleaner/src/HElib_auxradix_opt/src/DoubleCRT.cpp:518]
  automorph: 17.1814 / 179 = 0.0959857   [/home/luck/xzy/0424project/github_order4_cleaner/src/HElib_auxradix_opt/src/matmul.cpp:148]
  automorph: 0.090812 / 24 = 0.00378383   [/home/luck/xzy/0424project/github_order4_cleaner/src/HElib_auxradix_opt/src/Ctxt.cpp:2560]
  breakIntoDigits: 37.6909 / 87 = 0.433229   [/home/luck/xzy/0424project/github_order4_cleaner/src/HElib_auxradix_opt/src/DoubleCRT.cpp:481]
  decode: 13.5926 / 1 = 13.5926   [/home/luck/xzy/0424project/github_order4_cleaner/src/HElib_auxradix_opt/src/EncryptedArray.cpp:375]
  do_mul: 8.57862 / 2295 = 0.00373796   [/home/luck/xzy/0424project/github_order4_cleaner/src/HElib_auxradix_opt/src/DoubleCRT.cpp:280]
  extractDigitsThin: 128.784 / 1 = 128.784   [/home/luck/xzy/0424project/github_order4_cleaner/src/HElib_auxradix_opt/src/recryption.cpp:1597]
  iFFT: 35.1183 / 6505 = 0.00539867   [/home/luck/xzy/0424project/github_order4_cleaner/src/HElib_auxradix_opt/src/CModulus.cpp:488]
  iFFT_division: 12.8542 / 6505 = 0.00197605   [/home/luck/xzy/0424project/github_order4_cleaner/src/HElib_auxradix_opt/src/CModulus.cpp:570]
  keySwitchPart: 40.2817 / 80 = 0.503522   [/home/luck/xzy/0424project/github_order4_cleaner/src/HElib_auxradix_opt/src/Ctxt.cpp:907]
  modDownToSet: 85.2627 / 259 = 0.3292   [/home/luck/xzy/0424project/github_order4_cleaner/src/HElib_auxradix_opt/src/Ctxt.cpp:409]
  mul_MatMul1DExec: 38.4956 / 6 = 6.41594   [/home/luck/xzy/0424project/github_order4_cleaner/src/HElib_auxradix_opt/src/matmul.cpp:1155]
  multByConstant: 2.04346 / 352 = 0.00580528   [/home/luck/xzy/0424project/github_order4_cleaner/src/HElib_auxradix_opt/src/Ctxt.cpp:1955]
  multByConstant: 0.096602 / 1 = 0.096602   [/home/luck/xzy/0424project/github_order4_cleaner/src/HElib_auxradix_opt/src/Ctxt.cpp:1981]
  multLowLvl: 55.2389 / 75 = 0.736519   [/home/luck/xzy/0424project/github_order4_cleaner/src/HElib_auxradix_opt/src/Ctxt.cpp:1804]
  multiplyBy: 51.9925 / 32 = 1.62477   [/home/luck/xzy/0424project/github_order4_cleaner/src/HElib_auxradix_opt/src/Ctxt.cpp:1880]
  privateAssign: 3.55239 / 889 = 0.00399594   [/home/luck/xzy/0424project/github_order4_cleaner/src/HElib_auxradix_opt/src/Ctxt.cpp:329]
  randomize: 6.40698 / 645 = 0.0099333   [/home/luck/xzy/0424project/github_order4_cleaner/src/HElib_auxradix_opt/src/DoubleCRT.cpp:1318]
  randomize_stream: 3.58857 / 3698888 = 9.70176e-07   [/home/luck/xzy/0424project/github_order4_cleaner/src/HElib_auxradix_opt/src/DoubleCRT.cpp:1348]
  reLinearize: 64.9933 / 144 = 0.451343   [/home/luck/xzy/0424project/github_order4_cleaner/src/HElib_auxradix_opt/src/Ctxt.cpp:736]
  smartAutomorph: 10.4357 / 24 = 0.434819   [/home/luck/xzy/0424project/github_order4_cleaner/src/HElib_auxradix_opt/src/Ctxt.cpp:2585]
  thinReCrypt: 174.168 / 1 = 174.168   [/home/luck/xzy/0424project/github_order4_cleaner/src/HElib_auxradix_opt/src/recryption.cpp:1872]
  toPoly: 47.4219 / 765 = 0.0619894   [/home/luck/xzy/0424project/github_order4_cleaner/src/HElib_auxradix_opt/src/DoubleCRT.cpp:985]
  toPoly_CRT: 8.14801 / 765 = 0.010651   [/home/luck/xzy/0424project/github_order4_cleaner/src/HElib_auxradix_opt/src/DoubleCRT.cpp:1052]
  toPoly_FFT: 38.6993 / 765 = 0.0505873   [/home/luck/xzy/0424project/github_order4_cleaner/src/HElib_auxradix_opt/src/DoubleCRT.cpp:1030]
  rusage.ru_maxrss=8867764
||||| stats |||||
KS-noise-ratio ave=2.01341 max=94.0537
KS-noise-ratio-hoist ave=666002 max=5.32801e+06
break-into-digits-ratio ave=0.319136 max=0.385197
excess-ctxtPrimes ave=11.6528 max=11.6528
excess-specialPrimes ave=0.654405 max=0.654405
mod-switch-added-noise ave=0.326006 max=0.397904
ptxt_rat_sk ave=0.00807646 max=0.00807646
ptxt_rat_sk ave=0.325122 max=0.325122
raw-mod-switch-noise ave=0.334418 max=0.334418
window1-nchoices ave=2.4 max=3
window1-out ave=0 max=0
window2-nchoices ave=3.32857 max=6
window2-out ave=0 max=0
||||| stats |||||
KS-noise-ratio ave=2.01341 max=94.0537
KS-noise-ratio-hoist ave=666002 max=5.32801e+06
break-into-digits-ratio ave=0.319136 max=0.385197
excess-ctxtPrimes ave=11.6528 max=11.6528
excess-specialPrimes ave=0.654405 max=0.654405
mod-switch-added-noise ave=0.326006 max=0.397904
ptxt_rat_sk ave=0.00807646 max=0.00807646
ptxt_rat_sk ave=0.325122 max=0.325122
raw-mod-switch-noise ave=0.334418 max=0.334418
window1-nchoices ave=2.4 max=3
window1-out ave=0 max=0
window2-nchoices ave=3.32857 max=6
window2-out ave=0 max=0
exit=0 (COMPOSED pass1)
########## CASE4 pass2 :: MA_BASELINE ##########
chosen idx = 3
encapHwt = 12
t for new bts is -1
new bts ? 1
new ks ? 1
thick bts ?0
repeat times = 1
force bsgs = 0
force hoist = 0
*** GTestFatboot: p=8191, r=1, bits=1320, t=0, c=3, m=45193 mvec=[43 1051], gens=[26276 32595], ords=[42 75]
Computing key-independent tables...using HELIB_EXPLICIT_AUX=90

t = -1
bound on I = 16.305335
log2(aux) = 6.491853
log2(beta) = 27.446094
log2(qks) >= 36.634716, final log2(qks) = 36.634751
log2(R) >= 27.445232, final log2(R) = 27.448942
INFO: total bits = 1786.76, security level = 78.5494deg of poly for non-power-of-p aux is 1223
security=78.5494
# small primes = 6
# ctxt primes = 23
# bits in ctxt primes = 1332
# special primes = 8
# bits in special primes = 455
scale=10
 done in 170.443 seconds
  e=0, e'=0, t=12
  m = 45193, p = 8191, phi(m) = 44100
  ord(p) = 14
  normBnd = 1.62042
  polyNormBnd = 4.65228
  factors = [43 1051]
  generator 26276 has order (== Z_m^*) of 42
  generator 32595 has order (== Z_m^*) of 75
r = 1
nslots = 3150
hwt = 120
ctxtPrimes = [6,7,8,9,10,11,12,13,14,15,16,17,18,19,20,21,22,23,24,25,26,27,28]
specialPrimes = [33,34,35,36,37,38,39,40]
number of bits = 1787

security level = 78.5494
Generating keys, Keys generated. Now genRecryptData...
computing key-dependent tables...Sparse boot key hwt = 12
genRecryptData done. recryptKeyID=1
lcAksBsgs=0 lcAksDelayed=0
Post-key setup done.
 done in 37.5475 seconds
Encrypt succeeded.
WARNING: KS-noise-ratio = 1.04006 > 1
WARNING: KS-noise-ratio = 40.7625 > 1
WARNING: KS-noise-ratio = 2.48167 > 1
WARNING: KS-noise-ratio = 1.84352 > 1
WARNING: KS-noise-ratio = 1.86935 > 1
WARNING: KS-noise-ratio = 1.66708 > 1
WARNING: KS-noise-ratio = 1.7353 > 1
WARNING: KS-noise-ratio = 92.6085 > 1
WARNING: KS-noise-ratio = 2.23867 > 1
WARNING: KS-noise-ratio = 2.47566 > 1
WARNING: KS-noise-ratio = 2.6507 > 1
WARNING: KS-noise-ratio = 1.87238 > 1
WARNING: KS-noise-ratio = 1.95582 > 1
WARNING: KS-noise-ratio = 1.89308 > 1
time for linear1 = 3.837134, linear2 = 39.171019, extract = 133.001289, total = 178.021341
bits for linear1 = 51.640707, linear2 = 57.220564, extract = 321.351768, min cap = 9.188658, after cap = 907.108661, after prod = 1285.680993
cap / time = 4.753808

### summary over 1 test
time for linear1 = 3.837134, linear2 = 39.171019, extract = 133.001289, total = 178.021341
bits for linear1 = 51.640707, linear2 = 57.220564, extract = 321.351768, min cap = 9.188658, after cap = 907.108661, after prod = 1285.680993
cap / time = 4.753808


### bts finished, everything ok ###

  AAA_bootKeySwitch: 22.228 / 1 = 22.228   [/home/luck/xzy/0424project/github_order4_cleaner/src/HElib_auxradix_opt/src/recryption.cpp:1968]
  AAA_coeffToSlot: 18.56 / 1 = 18.56   [/home/luck/xzy/0424project/github_order4_cleaner/src/HElib_auxradix_opt/src/recryption.cpp:2396]
  AAA_embeddingLargest: 0.807395 / 300 = 0.00269132   [/home/luck/xzy/0424project/github_order4_cleaner/src/HElib_auxradix_opt/src/norms.cpp:250]
  AAA_embeddingLargest_x2: 0.591327 / 233 = 0.00253788   [/home/luck/xzy/0424project/github_order4_cleaner/src/HElib_auxradix_opt/src/norms.cpp:423]
  AAA_extractDigitsThin: 132.999 / 1 = 132.999   [/home/luck/xzy/0424project/github_order4_cleaner/src/HElib_auxradix_opt/src/recryption.cpp:2447]
  AAA_modDownEnbeddings: 0.696516 / 233 = 0.00298934   [/home/luck/xzy/0424project/github_order4_cleaner/src/HElib_auxradix_opt/src/Ctxt.cpp:506]
  AAA_slotToCoeff: 3.83708 / 1 = 3.83708   [/home/luck/xzy/0424project/github_order4_cleaner/src/HElib_auxradix_opt/src/recryption.cpp:1954]
  BasicAutomorphPrecon: 3.91611 / 8 = 0.489514   [/home/luck/xzy/0424project/github_order4_cleaner/src/HElib_auxradix_opt/src/matmul.cpp:90]
  BluesteinFFT: 73.5615 / 22008 = 0.00334249   [/home/luck/xzy/0424project/github_order4_cleaner/src/HElib_auxradix_opt/src/bluestein.cpp:141]
  Decrypt: 0.958407 / 1 = 0.958407   [/home/luck/xzy/0424project/github_order4_cleaner/src/HElib_auxradix_opt/src/keys.cpp:1362]
  DoubleCRT: 45.0152 / 524 = 0.0859068   [/home/luck/xzy/0424project/github_order4_cleaner/src/HElib_auxradix_opt/src/DoubleCRT.cpp:718]
  FFT: 54.4319 / 15503 = 0.00351105   [/home/luck/xzy/0424project/github_order4_cleaner/src/HElib_auxradix_opt/src/CModulus.cpp:479]
  FFT: 67.6202 / 765 = 0.0883924   [/home/luck/xzy/0424project/github_order4_cleaner/src/HElib_auxradix_opt/src/DoubleCRT.cpp:70]
  FFT: 67.6106 / 15503 = 0.00436113   [/home/luck/xzy/0424project/github_order4_cleaner/src/HElib_auxradix_opt/src/CModulus.cpp:448]
  FFT_aux: 54.4181 / 15503 = 0.00351017   [/home/luck/xzy/0424project/github_order4_cleaner/src/HElib_auxradix_opt/src/CModulus.cpp:360]
  FFT_remainder: 13.1667 / 15503 = 0.000849303   [/home/luck/xzy/0424project/github_order4_cleaner/src/HElib_auxradix_opt/src/CModulus.cpp:455]
  KS_loop: 17.304 / 645 = 0.0268278   [/home/luck/xzy/0424project/github_order4_cleaner/src/HElib_auxradix_opt/src/Ctxt.cpp:219]
  KS_loop_1: 2.79807 / 645 = 0.00433809   [/home/luck/xzy/0424project/github_order4_cleaner/src/HElib_auxradix_opt/src/Ctxt.cpp:227]
  KS_loop_2: 2.36684 / 645 = 0.00366952   [/home/luck/xzy/0424project/github_order4_cleaner/src/HElib_auxradix_opt/src/Ctxt.cpp:231]
  KS_loop_3: 2.96598 / 645 = 0.00459842   [/home/luck/xzy/0424project/github_order4_cleaner/src/HElib_auxradix_opt/src/Ctxt.cpp:236]
  KS_loop_4: 1.18104 / 645 = 0.00183108   [/home/luck/xzy/0424project/github_order4_cleaner/src/HElib_auxradix_opt/src/Ctxt.cpp:240]
  NORM_VAL: 1.36415 / 241 = 0.00566038   [/home/luck/xzy/0424project/github_order4_cleaner/src/HElib_auxradix_opt/src/DoubleCRT.cpp:541]
  addCtxt: 16.6632 / 1628 = 0.0102354   [/home/luck/xzy/0424project/github_order4_cleaner/src/HElib_auxradix_opt/src/Ctxt.cpp:1529]
  addPart: 5.02984 / 1600 = 0.00314365   [/home/luck/xzy/0424project/github_order4_cleaner/src/HElib_auxradix_opt/src/Ctxt.cpp:976]
  addPrimes: 36.3576 / 242 = 0.150238   [/home/luck/xzy/0424project/github_order4_cleaner/src/HElib_auxradix_opt/src/DoubleCRT.cpp:625]
  addPrimes_5: 38.2968 / 241 = 0.158908   [/home/luck/xzy/0424project/github_order4_cleaner/src/HElib_auxradix_opt/src/DoubleCRT.cpp:518]
  automorph: 16.7918 / 179 = 0.0938087   [/home/luck/xzy/0424project/github_order4_cleaner/src/HElib_auxradix_opt/src/matmul.cpp:148]
  automorph: 0.088023 / 24 = 0.00366763   [/home/luck/xzy/0424project/github_order4_cleaner/src/HElib_auxradix_opt/src/Ctxt.cpp:2560]
  breakIntoDigits: 38.5295 / 87 = 0.442868   [/home/luck/xzy/0424project/github_order4_cleaner/src/HElib_auxradix_opt/src/DoubleCRT.cpp:481]
  decode: 16.2722 / 1 = 16.2722   [/home/luck/xzy/0424project/github_order4_cleaner/src/HElib_auxradix_opt/src/EncryptedArray.cpp:375]
  do_mul: 8.78879 / 2295 = 0.00382954   [/home/luck/xzy/0424project/github_order4_cleaner/src/HElib_auxradix_opt/src/DoubleCRT.cpp:280]
  extractDigitsThin: 132.999 / 1 = 132.999   [/home/luck/xzy/0424project/github_order4_cleaner/src/HElib_auxradix_opt/src/recryption.cpp:1597]
  iFFT: 35.915 / 6505 = 0.00552114   [/home/luck/xzy/0424project/github_order4_cleaner/src/HElib_auxradix_opt/src/CModulus.cpp:488]
  iFFT_division: 12.9941 / 6505 = 0.00199756   [/home/luck/xzy/0424project/github_order4_cleaner/src/HElib_auxradix_opt/src/CModulus.cpp:570]
  keySwitchPart: 41.1493 / 80 = 0.514367   [/home/luck/xzy/0424project/github_order4_cleaner/src/HElib_auxradix_opt/src/Ctxt.cpp:907]
  modDownToSet: 87.6837 / 259 = 0.338547   [/home/luck/xzy/0424project/github_order4_cleaner/src/HElib_auxradix_opt/src/Ctxt.cpp:409]
  mul_MatMul1DExec: 38.2968 / 6 = 6.3828   [/home/luck/xzy/0424project/github_order4_cleaner/src/HElib_auxradix_opt/src/matmul.cpp:1155]
  multByConstant: 2.17073 / 352 = 0.00616684   [/home/luck/xzy/0424project/github_order4_cleaner/src/HElib_auxradix_opt/src/Ctxt.cpp:1955]
  multByConstant: 0.10429 / 1 = 0.10429   [/home/luck/xzy/0424project/github_order4_cleaner/src/HElib_auxradix_opt/src/Ctxt.cpp:1981]
  multLowLvl: 57.0712 / 75 = 0.76095   [/home/luck/xzy/0424project/github_order4_cleaner/src/HElib_auxradix_opt/src/Ctxt.cpp:1804]
  multiplyBy: 52.9547 / 32 = 1.65483   [/home/luck/xzy/0424project/github_order4_cleaner/src/HElib_auxradix_opt/src/Ctxt.cpp:1880]
  privateAssign: 3.78639 / 889 = 0.00425915   [/home/luck/xzy/0424project/github_order4_cleaner/src/HElib_auxradix_opt/src/Ctxt.cpp:329]
  randomize: 6.44971 / 645 = 0.00999955   [/home/luck/xzy/0424project/github_order4_cleaner/src/HElib_auxradix_opt/src/DoubleCRT.cpp:1318]
  randomize_stream: 3.6089 / 3699067 = 9.75625e-07   [/home/luck/xzy/0424project/github_order4_cleaner/src/HElib_auxradix_opt/src/DoubleCRT.cpp:1348]
  reLinearize: 66.6072 / 144 = 0.46255   [/home/luck/xzy/0424project/github_order4_cleaner/src/HElib_auxradix_opt/src/Ctxt.cpp:736]
  smartAutomorph: 10.3926 / 24 = 0.433027   [/home/luck/xzy/0424project/github_order4_cleaner/src/HElib_auxradix_opt/src/Ctxt.cpp:2585]
  thinReCrypt: 178.027 / 1 = 178.027   [/home/luck/xzy/0424project/github_order4_cleaner/src/HElib_auxradix_opt/src/recryption.cpp:1872]
  toPoly: 49.2343 / 765 = 0.0643585   [/home/luck/xzy/0424project/github_order4_cleaner/src/HElib_auxradix_opt/src/DoubleCRT.cpp:985]
  toPoly_CRT: 8.39582 / 765 = 0.0109749   [/home/luck/xzy/0424project/github_order4_cleaner/src/HElib_auxradix_opt/src/DoubleCRT.cpp:1052]
  toPoly_FFT: 40.1367 / 765 = 0.0524662   [/home/luck/xzy/0424project/github_order4_cleaner/src/HElib_auxradix_opt/src/DoubleCRT.cpp:1030]
  rusage.ru_maxrss=8844404
||||| stats |||||
KS-noise-ratio ave=1.96368 max=92.6085
KS-noise-ratio-hoist ave=671804 max=5.37443e+06
break-into-digits-ratio ave=0.319883 max=0.394409
excess-ctxtPrimes ave=11.6528 max=11.6528
excess-specialPrimes ave=0.654405 max=0.654405
mod-switch-added-noise ave=0.327252 max=0.395047
ptxt_rat_sk ave=0.0078056 max=0.0078056
ptxt_rat_sk ave=0.324298 max=0.324298
raw-mod-switch-noise ave=0.305729 max=0.305729
window1-nchoices ave=2.4 max=3
window1-out ave=0 max=0
window2-nchoices ave=3.41429 max=6
window2-out ave=0 max=0
||||| stats |||||
KS-noise-ratio ave=1.96368 max=92.6085
KS-noise-ratio-hoist ave=671804 max=5.37443e+06
break-into-digits-ratio ave=0.319883 max=0.394409
excess-ctxtPrimes ave=11.6528 max=11.6528
excess-specialPrimes ave=0.654405 max=0.654405
mod-switch-added-noise ave=0.327252 max=0.395047
ptxt_rat_sk ave=0.0078056 max=0.0078056
ptxt_rat_sk ave=0.324298 max=0.324298
raw-mod-switch-noise ave=0.305729 max=0.305729
window1-nchoices ave=2.4 max=3
window1-out ave=0 max=0
window2-nchoices ave=3.41429 max=6
window2-out ave=0 max=0
exit=0 (MA_BASELINE pass2)
########## CASE4 pass2 :: ORDER4 ##########
chosen idx = 3
encapHwt = 12
t for new bts is -1
new bts ? 1
new ks ? 1
thick bts ?0
repeat times = 1
force bsgs = 0
force hoist = 0
*** GTestFatboot: p=8191, r=1, bits=1320, t=0, c=3, m=45193 mvec=[43 1051], gens=[26276 32595], ords=[42 75]
Computing key-independent tables...using HELIB_EXPLICIT_AUX=90

t = -1
bound on I = 16.305335
log2(aux) = 6.491853
log2(beta) = 27.446094
log2(qks) >= 36.634716, final log2(qks) = 36.634751
log2(R) >= 27.445232, final log2(R) = 27.448942
INFO: total bits = 1786.76, security level = 78.5494deg of poly for non-power-of-p aux is 1223
security=78.5494
# small primes = 6
# ctxt primes = 23
# bits in ctxt primes = 1332
# special primes = 8
# bits in special primes = 455
scale=10
 done in 177.566 seconds
  e=0, e'=0, t=12
  m = 45193, p = 8191, phi(m) = 44100
  ord(p) = 14
  normBnd = 1.62042
  polyNormBnd = 4.65228
  factors = [43 1051]
  generator 26276 has order (== Z_m^*) of 42
  generator 32595 has order (== Z_m^*) of 75
r = 1
nslots = 3150
hwt = 120
ctxtPrimes = [6,7,8,9,10,11,12,13,14,15,16,17,18,19,20,21,22,23,24,25,26,27,28]
specialPrimes = [33,34,35,36,37,38,39,40]
number of bits = 1787

security level = 78.5494
Generating keys, Keys generated. Now genRecryptData...
computing key-dependent tables...Sparse boot key hwt = 12
genRecryptData done. recryptKeyID=1
lcAksBsgs=0 lcAksDelayed=0
Post-key setup done.
 done in 44.1343 seconds
Encrypt succeeded.
WARNING: KS-noise-ratio = 1.06305 > 1
HELIB_AUX_ORDER4_EVAL skipped: cleaner does not have the required order-four support
WARNING: KS-noise-ratio = 40.4867 > 1
WARNING: KS-noise-ratio = 2.49619 > 1
WARNING: KS-noise-ratio = 1.86201 > 1
WARNING: KS-noise-ratio = 2.24941 > 1
WARNING: KS-noise-ratio = 1.41473 > 1
WARNING: KS-noise-ratio = 1.89309 > 1
WARNING: KS-noise-ratio = 98.3987 > 1
WARNING: KS-noise-ratio = 2.45352 > 1
WARNING: KS-noise-ratio = 2.82121 > 1
WARNING: KS-noise-ratio = 2.57167 > 1
WARNING: KS-noise-ratio = 2.03878 > 1
WARNING: KS-noise-ratio = 1.94477 > 1
WARNING: KS-noise-ratio = 2.04944 > 1
time for linear1 = 4.359395, linear2 = 43.510203, extract = 136.906568, total = 187.397640
bits for linear1 = 51.718267, linear2 = 57.315192, extract = 321.324962, min cap = 9.188658, after cap = 907.036712, after prod = 1285.676866
cap / time = 4.515157

### summary over 1 test
time for linear1 = 4.359395, linear2 = 43.510203, extract = 136.906568, total = 187.397640
bits for linear1 = 51.718267, linear2 = 57.315192, extract = 321.324962, min cap = 9.188658, after cap = 907.036712, after prod = 1285.676866
cap / time = 4.515157


### bts finished, everything ok ###

  AAA_bootKeySwitch: 26.6936 / 1 = 26.6936   [/home/luck/xzy/0424project/github_order4_cleaner/src/HElib_auxradix_opt/src/recryption.cpp:1968]
  AAA_coeffToSlot: 18.9314 / 1 = 18.9314   [/home/luck/xzy/0424project/github_order4_cleaner/src/HElib_auxradix_opt/src/recryption.cpp:2396]
  AAA_embeddingLargest: 0.847288 / 300 = 0.00282429   [/home/luck/xzy/0424project/github_order4_cleaner/src/HElib_auxradix_opt/src/norms.cpp:250]
  AAA_embeddingLargest_x2: 0.598096 / 233 = 0.00256694   [/home/luck/xzy/0424project/github_order4_cleaner/src/HElib_auxradix_opt/src/norms.cpp:423]
  AAA_extractDigitsThin: 136.907 / 1 = 136.907   [/home/luck/xzy/0424project/github_order4_cleaner/src/HElib_auxradix_opt/src/recryption.cpp:2447]
  AAA_modDownEnbeddings: 0.708415 / 233 = 0.00304041   [/home/luck/xzy/0424project/github_order4_cleaner/src/HElib_auxradix_opt/src/Ctxt.cpp:506]
  AAA_slotToCoeff: 4.35942 / 1 = 4.35942   [/home/luck/xzy/0424project/github_order4_cleaner/src/HElib_auxradix_opt/src/recryption.cpp:1954]
  BasicAutomorphPrecon: 5.04387 / 8 = 0.630484   [/home/luck/xzy/0424project/github_order4_cleaner/src/HElib_auxradix_opt/src/matmul.cpp:90]
  BluesteinFFT: 78.9839 / 22008 = 0.00358887   [/home/luck/xzy/0424project/github_order4_cleaner/src/HElib_auxradix_opt/src/bluestein.cpp:141]
  Decrypt: 0.607103 / 1 = 0.607103   [/home/luck/xzy/0424project/github_order4_cleaner/src/HElib_auxradix_opt/src/keys.cpp:1362]
  DoubleCRT: 47.7374 / 524 = 0.0911019   [/home/luck/xzy/0424project/github_order4_cleaner/src/HElib_auxradix_opt/src/DoubleCRT.cpp:718]
  FFT: 58.5861 / 15503 = 0.00377902   [/home/luck/xzy/0424project/github_order4_cleaner/src/HElib_auxradix_opt/src/CModulus.cpp:479]
  FFT: 72.8517 / 765 = 0.095231   [/home/luck/xzy/0424project/github_order4_cleaner/src/HElib_auxradix_opt/src/DoubleCRT.cpp:70]
  FFT: 72.8427 / 15503 = 0.00469862   [/home/luck/xzy/0424project/github_order4_cleaner/src/HElib_auxradix_opt/src/CModulus.cpp:448]
  FFT_aux: 58.5737 / 15503 = 0.00377822   [/home/luck/xzy/0424project/github_order4_cleaner/src/HElib_auxradix_opt/src/CModulus.cpp:360]
  FFT_remainder: 14.247 / 15503 = 0.000918981   [/home/luck/xzy/0424project/github_order4_cleaner/src/HElib_auxradix_opt/src/CModulus.cpp:455]
  KS_loop: 18.5429 / 645 = 0.0287486   [/home/luck/xzy/0424project/github_order4_cleaner/src/HElib_auxradix_opt/src/Ctxt.cpp:219]
  KS_loop_1: 3.14334 / 645 = 0.00487339   [/home/luck/xzy/0424project/github_order4_cleaner/src/HElib_auxradix_opt/src/Ctxt.cpp:227]
  KS_loop_2: 2.17031 / 645 = 0.00336482   [/home/luck/xzy/0424project/github_order4_cleaner/src/HElib_auxradix_opt/src/Ctxt.cpp:231]
  KS_loop_3: 3.2294 / 645 = 0.00500683   [/home/luck/xzy/0424project/github_order4_cleaner/src/HElib_auxradix_opt/src/Ctxt.cpp:236]
  KS_loop_4: 1.06044 / 645 = 0.0016441   [/home/luck/xzy/0424project/github_order4_cleaner/src/HElib_auxradix_opt/src/Ctxt.cpp:240]
  NORM_VAL: 1.46746 / 241 = 0.00608904   [/home/luck/xzy/0424project/github_order4_cleaner/src/HElib_auxradix_opt/src/DoubleCRT.cpp:541]
  addCtxt: 16.547 / 1628 = 0.010164   [/home/luck/xzy/0424project/github_order4_cleaner/src/HElib_auxradix_opt/src/Ctxt.cpp:1529]
  addPart: 4.63476 / 1600 = 0.00289672   [/home/luck/xzy/0424project/github_order4_cleaner/src/HElib_auxradix_opt/src/Ctxt.cpp:976]
  addPrimes: 40.1646 / 242 = 0.16597   [/home/luck/xzy/0424project/github_order4_cleaner/src/HElib_auxradix_opt/src/DoubleCRT.cpp:625]
  addPrimes_5: 42.2297 / 241 = 0.175227   [/home/luck/xzy/0424project/github_order4_cleaner/src/HElib_auxradix_opt/src/DoubleCRT.cpp:518]
  automorph: 17.2779 / 179 = 0.0965246   [/home/luck/xzy/0424project/github_order4_cleaner/src/HElib_auxradix_opt/src/matmul.cpp:148]
  automorph: 0.110452 / 24 = 0.00460217   [/home/luck/xzy/0424project/github_order4_cleaner/src/HElib_auxradix_opt/src/Ctxt.cpp:2560]
  breakIntoDigits: 42.4601 / 87 = 0.488047   [/home/luck/xzy/0424project/github_order4_cleaner/src/HElib_auxradix_opt/src/DoubleCRT.cpp:481]
  decode: 15.6163 / 1 = 15.6163   [/home/luck/xzy/0424project/github_order4_cleaner/src/HElib_auxradix_opt/src/EncryptedArray.cpp:375]
  do_mul: 9.75334 / 2295 = 0.00424982   [/home/luck/xzy/0424project/github_order4_cleaner/src/HElib_auxradix_opt/src/DoubleCRT.cpp:280]
  extractDigitsThin: 136.907 / 1 = 136.907   [/home/luck/xzy/0424project/github_order4_cleaner/src/HElib_auxradix_opt/src/recryption.cpp:1597]
  iFFT: 38.6361 / 6505 = 0.00593945   [/home/luck/xzy/0424project/github_order4_cleaner/src/HElib_auxradix_opt/src/CModulus.cpp:488]
  iFFT_division: 14.1859 / 6505 = 0.00218077   [/home/luck/xzy/0424project/github_order4_cleaner/src/HElib_auxradix_opt/src/CModulus.cpp:570]
  keySwitchPart: 44.6982 / 80 = 0.558728   [/home/luck/xzy/0424project/github_order4_cleaner/src/HElib_auxradix_opt/src/Ctxt.cpp:907]
  modDownToSet: 91.9168 / 259 = 0.354891   [/home/luck/xzy/0424project/github_order4_cleaner/src/HElib_auxradix_opt/src/Ctxt.cpp:409]
  mul_MatMul1DExec: 42.6053 / 6 = 7.10088   [/home/luck/xzy/0424project/github_order4_cleaner/src/HElib_auxradix_opt/src/matmul.cpp:1155]
  multByConstant: 2.47179 / 352 = 0.00702212   [/home/luck/xzy/0424project/github_order4_cleaner/src/HElib_auxradix_opt/src/Ctxt.cpp:1955]
  multByConstant: 0.118106 / 1 = 0.118106   [/home/luck/xzy/0424project/github_order4_cleaner/src/HElib_auxradix_opt/src/Ctxt.cpp:1981]
  multLowLvl: 59.0194 / 75 = 0.786925   [/home/luck/xzy/0424project/github_order4_cleaner/src/HElib_auxradix_opt/src/Ctxt.cpp:1804]
  multiplyBy: 57.304 / 32 = 1.79075   [/home/luck/xzy/0424project/github_order4_cleaner/src/HElib_auxradix_opt/src/Ctxt.cpp:1880]
  privateAssign: 3.63815 / 889 = 0.00409241   [/home/luck/xzy/0424project/github_order4_cleaner/src/HElib_auxradix_opt/src/Ctxt.cpp:329]
  randomize: 7.55122 / 645 = 0.0117073   [/home/luck/xzy/0424project/github_order4_cleaner/src/HElib_auxradix_opt/src/DoubleCRT.cpp:1318]
  randomize_stream: 4.21946 / 3698658 = 1.14081e-06   [/home/luck/xzy/0424project/github_order4_cleaner/src/HElib_auxradix_opt/src/DoubleCRT.cpp:1348]
  reLinearize: 71.2759 / 144 = 0.494971   [/home/luck/xzy/0424project/github_order4_cleaner/src/HElib_auxradix_opt/src/Ctxt.cpp:736]
  smartAutomorph: 12.7273 / 24 = 0.530305   [/home/luck/xzy/0424project/github_order4_cleaner/src/HElib_auxradix_opt/src/Ctxt.cpp:2585]
  thinReCrypt: 187.402 / 1 = 187.402   [/home/luck/xzy/0424project/github_order4_cleaner/src/HElib_auxradix_opt/src/recryption.cpp:1872]
  toPoly: 51.669 / 765 = 0.0675412   [/home/luck/xzy/0424project/github_order4_cleaner/src/HElib_auxradix_opt/src/DoubleCRT.cpp:985]
  toPoly_CRT: 8.92576 / 765 = 0.0116677   [/home/luck/xzy/0424project/github_order4_cleaner/src/HElib_auxradix_opt/src/DoubleCRT.cpp:1052]
  toPoly_FFT: 42.2113 / 765 = 0.0551781   [/home/luck/xzy/0424project/github_order4_cleaner/src/HElib_auxradix_opt/src/DoubleCRT.cpp:1030]
  rusage.ru_maxrss=8847316
||||| stats |||||
KS-noise-ratio ave=2.04679 max=98.3987
KS-noise-ratio-hoist ave=611626 max=4.893e+06
break-into-digits-ratio ave=0.321684 max=0.408041
excess-ctxtPrimes ave=11.6528 max=11.6528
excess-specialPrimes ave=0.654405 max=0.654405
mod-switch-added-noise ave=0.327405 max=0.381305
ptxt_rat_sk ave=0.00813253 max=0.00813253
ptxt_rat_sk ave=0.336814 max=0.336814
raw-mod-switch-noise ave=0.313512 max=0.313512
window1-nchoices ave=2.4 max=3
window1-out ave=0 max=0
window2-nchoices ave=3.41429 max=6
window2-out ave=0 max=0
||||| stats |||||
KS-noise-ratio ave=2.04679 max=98.3987
KS-noise-ratio-hoist ave=611626 max=4.893e+06
break-into-digits-ratio ave=0.321684 max=0.408041
excess-ctxtPrimes ave=11.6528 max=11.6528
excess-specialPrimes ave=0.654405 max=0.654405
mod-switch-added-noise ave=0.327405 max=0.381305
ptxt_rat_sk ave=0.00813253 max=0.00813253
ptxt_rat_sk ave=0.336814 max=0.336814
raw-mod-switch-noise ave=0.313512 max=0.313512
window1-nchoices ave=2.4 max=3
window1-out ave=0 max=0
window2-nchoices ave=3.41429 max=6
window2-out ave=0 max=0
exit=0 (ORDER4 pass2)
########## CASE4 pass2 :: COMPOSED ##########
chosen idx = 3
encapHwt = 12
t for new bts is -1
new bts ? 1
new ks ? 1
thick bts ?0
repeat times = 1
force bsgs = 0
force hoist = 0
*** GTestFatboot: p=8191, r=1, bits=1320, t=0, c=3, m=45193 mvec=[43 1051], gens=[26276 32595], ords=[42 75]
Computing key-independent tables...using HELIB_EXPLICIT_AUX=90

t = -1
bound on I = 16.305335
log2(aux) = 6.491853
log2(beta) = 27.446094
log2(qks) >= 36.634716, final log2(qks) = 36.634751
log2(R) >= 27.445232, final log2(R) = 27.448942
INFO: total bits = 1786.76, security level = 78.5494HELIB_COMPOSED_EVAL: d=14 |folded support|=612 degQ=305 padded to n'=616
HELIB_COMPOSED_EVAL: norm form c=346 degC=44 (search 51.8099s)
deg of poly for non-power-of-p aux is 1223
security=78.5494
# small primes = 6
# ctxt primes = 23
# bits in ctxt primes = 1332
# special primes = 8
# bits in special primes = 455
scale=10
 done in 231.444 seconds
  e=0, e'=0, t=12
  m = 45193, p = 8191, phi(m) = 44100
  ord(p) = 14
  normBnd = 1.62042
  polyNormBnd = 4.65228
  factors = [43 1051]
  generator 26276 has order (== Z_m^*) of 42
  generator 32595 has order (== Z_m^*) of 75
r = 1
nslots = 3150
hwt = 120
ctxtPrimes = [6,7,8,9,10,11,12,13,14,15,16,17,18,19,20,21,22,23,24,25,26,27,28]
specialPrimes = [33,34,35,36,37,38,39,40]
number of bits = 1787

security level = 78.5494
Generating keys, Keys generated. Now genRecryptData...
computing key-dependent tables...Sparse boot key hwt = 12
genRecryptData done. recryptKeyID=1
lcAksBsgs=0 lcAksDelayed=0
Post-key setup done.
 done in 37.4077 seconds
Encrypt succeeded.
WARNING: KS-noise-ratio = 1.07594 > 1
HELIB_AUX_ORDER4_EVAL skipped: cleaner does not have the required order-four support
WARNING: KS-noise-ratio = 52.7422 > 1
WARNING: KS-noise-ratio = 2.50526 > 1
WARNING: KS-noise-ratio = 2.06647 > 1
WARNING: KS-noise-ratio = 1.80226 > 1
WARNING: KS-noise-ratio = 1.65533 > 1
WARNING: KS-noise-ratio = 1.89764 > 1
WARNING: KS-noise-ratio = 116.977 > 1
WARNING: KS-noise-ratio = 2.37074 > 1
WARNING: KS-noise-ratio = 2.41949 > 1
WARNING: KS-noise-ratio = 2.88288 > 1
WARNING: KS-noise-ratio = 1.98646 > 1
WARNING: KS-noise-ratio = 1.95839 > 1
WARNING: KS-noise-ratio = 2.06029 > 1
time for linear1 = 3.489768, linear2 = 35.760516, extract = 127.103746, total = 168.254227
bits for linear1 = 51.745838, linear2 = 57.243173, extract = 321.171621, min cap = 9.188658, after cap = 907.281898, after prod = 1285.696692
cap / time = 5.030170

### summary over 1 test
time for linear1 = 3.489768, linear2 = 35.760516, extract = 127.103746, total = 168.254227
bits for linear1 = 51.745838, linear2 = 57.243173, extract = 321.171621, min cap = 9.188658, after cap = 907.281898, after prod = 1285.696692
cap / time = 5.030170


### bts finished, everything ok ###

  AAA_bootKeySwitch: 20.3117 / 1 = 20.3117   [/home/luck/xzy/0424project/github_order4_cleaner/src/HElib_auxradix_opt/src/recryption.cpp:1968]
  AAA_coeffToSlot: 16.9824 / 1 = 16.9824   [/home/luck/xzy/0424project/github_order4_cleaner/src/HElib_auxradix_opt/src/recryption.cpp:2396]
  AAA_embeddingLargest: 0.741437 / 300 = 0.00247146   [/home/luck/xzy/0424project/github_order4_cleaner/src/HElib_auxradix_opt/src/norms.cpp:250]
  AAA_embeddingLargest_x2: 0.550097 / 233 = 0.00236093   [/home/luck/xzy/0424project/github_order4_cleaner/src/HElib_auxradix_opt/src/norms.cpp:423]
  AAA_extractDigitsThin: 127.103 / 1 = 127.103   [/home/luck/xzy/0424project/github_order4_cleaner/src/HElib_auxradix_opt/src/recryption.cpp:2447]
  AAA_modDownEnbeddings: 0.652414 / 233 = 0.00280006   [/home/luck/xzy/0424project/github_order4_cleaner/src/HElib_auxradix_opt/src/Ctxt.cpp:506]
  AAA_slotToCoeff: 3.48975 / 1 = 3.48975   [/home/luck/xzy/0424project/github_order4_cleaner/src/HElib_auxradix_opt/src/recryption.cpp:1954]
  BasicAutomorphPrecon: 3.74065 / 8 = 0.467582   [/home/luck/xzy/0424project/github_order4_cleaner/src/HElib_auxradix_opt/src/matmul.cpp:90]
  BluesteinFFT: 71.1806 / 22008 = 0.00323431   [/home/luck/xzy/0424project/github_order4_cleaner/src/HElib_auxradix_opt/src/bluestein.cpp:141]
  Decrypt: 0.523305 / 1 = 0.523305   [/home/luck/xzy/0424project/github_order4_cleaner/src/HElib_auxradix_opt/src/keys.cpp:1362]
  DoubleCRT: 43.5956 / 524 = 0.0831977   [/home/luck/xzy/0424project/github_order4_cleaner/src/HElib_auxradix_opt/src/DoubleCRT.cpp:718]
  FFT: 52.7215 / 15503 = 0.00340073   [/home/luck/xzy/0424project/github_order4_cleaner/src/HElib_auxradix_opt/src/CModulus.cpp:479]
  FFT: 65.4687 / 765 = 0.0855799   [/home/luck/xzy/0424project/github_order4_cleaner/src/HElib_auxradix_opt/src/DoubleCRT.cpp:70]
  FFT: 65.4611 / 15503 = 0.00422248   [/home/luck/xzy/0424project/github_order4_cleaner/src/HElib_auxradix_opt/src/CModulus.cpp:448]
  FFT_aux: 52.7104 / 15503 = 0.00340001   [/home/luck/xzy/0424project/github_order4_cleaner/src/HElib_auxradix_opt/src/CModulus.cpp:360]
  FFT_remainder: 12.7297 / 15503 = 0.000821109   [/home/luck/xzy/0424project/github_order4_cleaner/src/HElib_auxradix_opt/src/CModulus.cpp:455]
  KS_loop: 15.7476 / 645 = 0.0244149   [/home/luck/xzy/0424project/github_order4_cleaner/src/HElib_auxradix_opt/src/Ctxt.cpp:219]
  KS_loop_1: 2.67146 / 645 = 0.0041418   [/home/luck/xzy/0424project/github_order4_cleaner/src/HElib_auxradix_opt/src/Ctxt.cpp:227]
  KS_loop_2: 1.83489 / 645 = 0.00284479   [/home/luck/xzy/0424project/github_order4_cleaner/src/HElib_auxradix_opt/src/Ctxt.cpp:231]
  KS_loop_3: 2.7461 / 645 = 0.00425752   [/home/luck/xzy/0424project/github_order4_cleaner/src/HElib_auxradix_opt/src/Ctxt.cpp:236]
  KS_loop_4: 0.913546 / 645 = 0.00141635   [/home/luck/xzy/0424project/github_order4_cleaner/src/HElib_auxradix_opt/src/Ctxt.cpp:240]
  NORM_VAL: 1.26945 / 241 = 0.00526742   [/home/luck/xzy/0424project/github_order4_cleaner/src/HElib_auxradix_opt/src/DoubleCRT.cpp:541]
  addCtxt: 15.898 / 1628 = 0.00976535   [/home/luck/xzy/0424project/github_order4_cleaner/src/HElib_auxradix_opt/src/Ctxt.cpp:1529]
  addPart: 3.97408 / 1600 = 0.0024838   [/home/luck/xzy/0424project/github_order4_cleaner/src/HElib_auxradix_opt/src/Ctxt.cpp:976]
  addPrimes: 34.83 / 242 = 0.143925   [/home/luck/xzy/0424project/github_order4_cleaner/src/HElib_auxradix_opt/src/DoubleCRT.cpp:625]
  addPrimes_5: 36.5983 / 241 = 0.15186   [/home/luck/xzy/0424project/github_order4_cleaner/src/HElib_auxradix_opt/src/DoubleCRT.cpp:518]
  automorph: 14.6182 / 179 = 0.0816659   [/home/luck/xzy/0424project/github_order4_cleaner/src/HElib_auxradix_opt/src/matmul.cpp:148]
  automorph: 0.080142 / 24 = 0.00333925   [/home/luck/xzy/0424project/github_order4_cleaner/src/HElib_auxradix_opt/src/Ctxt.cpp:2560]
  breakIntoDigits: 36.7976 / 87 = 0.422961   [/home/luck/xzy/0424project/github_order4_cleaner/src/HElib_auxradix_opt/src/DoubleCRT.cpp:481]
  decode: 13.4747 / 1 = 13.4747   [/home/luck/xzy/0424project/github_order4_cleaner/src/HElib_auxradix_opt/src/EncryptedArray.cpp:375]
  do_mul: 8.21991 / 2295 = 0.00358166   [/home/luck/xzy/0424project/github_order4_cleaner/src/HElib_auxradix_opt/src/DoubleCRT.cpp:280]
  extractDigitsThin: 127.103 / 1 = 127.103   [/home/luck/xzy/0424project/github_order4_cleaner/src/HElib_auxradix_opt/src/recryption.cpp:1597]
  iFFT: 34.8249 / 6505 = 0.00535357   [/home/luck/xzy/0424project/github_order4_cleaner/src/HElib_auxradix_opt/src/CModulus.cpp:488]
  iFFT_division: 12.6983 / 6505 = 0.00195209   [/home/luck/xzy/0424project/github_order4_cleaner/src/HElib_auxradix_opt/src/CModulus.cpp:570]
  keySwitchPart: 39.232 / 80 = 0.490399   [/home/luck/xzy/0424project/github_order4_cleaner/src/HElib_auxradix_opt/src/Ctxt.cpp:907]
  modDownToSet: 83.9377 / 259 = 0.324084   [/home/luck/xzy/0424project/github_order4_cleaner/src/HElib_auxradix_opt/src/Ctxt.cpp:409]
  mul_MatMul1DExec: 34.9252 / 6 = 5.82086   [/home/luck/xzy/0424project/github_order4_cleaner/src/HElib_auxradix_opt/src/matmul.cpp:1155]
  multByConstant: 1.96931 / 352 = 0.00559464   [/home/luck/xzy/0424project/github_order4_cleaner/src/HElib_auxradix_opt/src/Ctxt.cpp:1955]
  multByConstant: 0.09811 / 1 = 0.09811   [/home/luck/xzy/0424project/github_order4_cleaner/src/HElib_auxradix_opt/src/Ctxt.cpp:1981]
  multLowLvl: 54.5136 / 75 = 0.726848   [/home/luck/xzy/0424project/github_order4_cleaner/src/HElib_auxradix_opt/src/Ctxt.cpp:1804]
  multiplyBy: 50.6805 / 32 = 1.58376   [/home/luck/xzy/0424project/github_order4_cleaner/src/HElib_auxradix_opt/src/Ctxt.cpp:1880]
  privateAssign: 3.50175 / 889 = 0.00393898   [/home/luck/xzy/0424project/github_order4_cleaner/src/HElib_auxradix_opt/src/Ctxt.cpp:329]
  randomize: 6.40324 / 645 = 0.0099275   [/home/luck/xzy/0424project/github_order4_cleaner/src/HElib_auxradix_opt/src/DoubleCRT.cpp:1318]
  randomize_stream: 3.59532 / 3698652 = 9.72062e-07   [/home/luck/xzy/0424project/github_order4_cleaner/src/HElib_auxradix_opt/src/DoubleCRT.cpp:1348]
  reLinearize: 63.5737 / 144 = 0.441484   [/home/luck/xzy/0424project/github_order4_cleaner/src/HElib_auxradix_opt/src/Ctxt.cpp:736]
  smartAutomorph: 9.89301 / 24 = 0.412209   [/home/luck/xzy/0424project/github_order4_cleaner/src/HElib_auxradix_opt/src/Ctxt.cpp:2585]
  thinReCrypt: 168.257 / 1 = 168.257   [/home/luck/xzy/0424project/github_order4_cleaner/src/HElib_auxradix_opt/src/recryption.cpp:1872]
  toPoly: 46.3757 / 765 = 0.0606219   [/home/luck/xzy/0424project/github_order4_cleaner/src/HElib_auxradix_opt/src/DoubleCRT.cpp:985]
  toPoly_CRT: 7.87083 / 765 = 0.0102887   [/home/luck/xzy/0424project/github_order4_cleaner/src/HElib_auxradix_opt/src/DoubleCRT.cpp:1052]
  toPoly_FFT: 38.0117 / 765 = 0.0496885   [/home/luck/xzy/0424project/github_order4_cleaner/src/HElib_auxradix_opt/src/DoubleCRT.cpp:1030]
  rusage.ru_maxrss=8869004
||||| stats |||||
KS-noise-ratio ave=2.43 max=116.977
KS-noise-ratio-hoist ave=700871 max=5.60697e+06
break-into-digits-ratio ave=0.32031 max=0.44065
excess-ctxtPrimes ave=11.6528 max=11.6528
excess-specialPrimes ave=0.654405 max=0.654405
mod-switch-added-noise ave=0.327354 max=0.389172
ptxt_rat_sk ave=0.00789111 max=0.00789111
ptxt_rat_sk ave=0.321027 max=0.321027
raw-mod-switch-noise ave=0.321439 max=0.321439
window1-nchoices ave=2.4 max=3
window1-out ave=0 max=0
window2-nchoices ave=3.35714 max=6
window2-out ave=0 max=0
||||| stats |||||
KS-noise-ratio ave=2.43 max=116.977
KS-noise-ratio-hoist ave=700871 max=5.60697e+06
break-into-digits-ratio ave=0.32031 max=0.44065
excess-ctxtPrimes ave=11.6528 max=11.6528
excess-specialPrimes ave=0.654405 max=0.654405
mod-switch-added-noise ave=0.327354 max=0.389172
ptxt_rat_sk ave=0.00789111 max=0.00789111
ptxt_rat_sk ave=0.321027 max=0.321027
raw-mod-switch-noise ave=0.321439 max=0.321439
window1-nchoices ave=2.4 max=3
window1-out ave=0 max=0
window2-nchoices ave=3.35714 max=6
window2-out ave=0 max=0
exit=0 (COMPOSED pass2)
CASE4_DONE
