########## Ma et al. baseline, p=17 (fatboot i=0 h=24 t=2) ##########
Mon Sep  7 05:29:51 AM TZ 2026
chosen idx = 0
encapHwt = 24
t for new bts is 2
new bts ? 1
new ks ? 1
thick bts ?1
repeat times = 1
*** GTestFatboot: p=17, r=4, bits=1070, t=0, c=3, m=38309 mvec=[29 1321], gens=[26421 23781], ords=[28 55]
Computing key-independent tables...
t = 2
bound on I = 22.725450
log2(aux) = 8.174926
log2(beta) = 30.657032
log2(qks) >= 41.528174, final log2(qks) = 41.528174
log2(R) >= 28.837626, final log2(R) = 28.838264
INFO: total bits = 1461.91, security level = 80.065degs of the lift poly and its null poly are 17 / 47
degs of the ext polys and their null polys are 81 / 94, 65 / 15
reducing the ext poly for No.1 row
security=80.065
# small primes = 6
# ctxt primes = 18
# bits in ctxt primes = 1078
# special primes = 7
# bits in special primes = 384
scale=10
 done in 566.753 seconds
  e=0, e'=0, t=24
  m = 38309, p = 17, phi(m) = 36960
  ord(p) = 24
  normBnd = 1.61955
  polyNormBnd = 4.13664
  factors = [29 1321]
  generator 26421 has order (== Z_m^*) of 28
  generator 23781 has order (== Z_m^*) of 55
r = 4
nslots = 1540
hwt = 120
ctxtPrimes = [6,7,8,9,10,11,12,13,14,15,16,17,18,19,20,21,22,23]
specialPrimes = [28,29,30,31,32,33,34]
number of bits = 1462

security level = 80.065
Generating keys, computing key-dependent tables...Sparse boot key hwt = 24
 done in 23.898 seconds
WARNING: KS-noise-ratio = 1.10388 > 1
time for linear1 = 60.376652, linear2 = 44.892913, extract = 677.079879, total = 783.706096
bits for linear1 = 111.396385, linear2 = 130.157022, extract = 339.847297, min cap = 10.871142, after cap = 445.843718, after prod = 1019.069497
cap / time = 0.555020

### summary over 1 test
time for linear1 = 60.376652, linear2 = 44.892913, extract = 677.079879, total = 783.706096
bits for linear1 = 111.396385, linear2 = 130.157022, extract = 339.847297, min cap = 10.871142, after cap = 445.843718, after prod = 1019.069497
cap / time = 0.555020


### bts finished, everything ok ###

  AAA_LinearTransform1: 41.6422 / 1 = 41.6422   [$ZHAO_SRC/ma_baseline/HElib-ma/src/recryption.cpp:1092]
  AAA_LinearTransform2: 41.1985 / 1 = 41.1985   [$ZHAO_SRC/ma_baseline/HElib-ma/src/recryption.cpp:1124]
  AAA_embeddingLargest: 4.98341 / 2430 = 0.00205079   [$ZHAO_SRC/ma_baseline/HElib-ma/src/norms.cpp:250]
  AAA_embeddingLargest_x2: 3.98111 / 1863 = 0.00213694   [$ZHAO_SRC/ma_baseline/HElib-ma/src/norms.cpp:423]
  AAA_extractDigitsPacked: 699.596 / 1 = 699.596   [$ZHAO_SRC/ma_baseline/HElib-ma/src/recryption.cpp:1105]
  AAA_modDownEnbeddings: 4.95258 / 1863 = 0.00265839   [$ZHAO_SRC/ma_baseline/HElib-ma/src/Ctxt.cpp:506]
  AAA_preProcess: 1.24042 / 1 = 1.24042   [$ZHAO_SRC/ma_baseline/HElib-ma/src/recryption.cpp:763]
  BasicAutomorphPrecon: 8.63377 / 18 = 0.479654   [$ZHAO_SRC/ma_baseline/HElib-ma/src/matmul.cpp:69]
  BluesteinFFT: 349.561 / 136197 = 0.00256658   [$ZHAO_SRC/ma_baseline/HElib-ma/src/bluestein.cpp:141]
  CRT_reconstruct: 1.58299 / 23 = 0.0688259   [$ZHAO_SRC/ma_baseline/HElib-ma/src/PAlgebra.cpp:1014]
  CompMod: 0.019834 / 23 = 0.000862348   [$ZHAO_SRC/ma_baseline/HElib-ma/src/PAlgebra.cpp:977]
  Decrypt: 0.425215 / 1 = 0.425215   [$ZHAO_SRC/ma_baseline/HElib-ma/src/keys.cpp:1350]
  DoubleCRT: 208.671 / 4329 = 0.0482031   [$ZHAO_SRC/ma_baseline/HElib-ma/src/DoubleCRT.cpp:718]
  FFT: 251.092 / 92949 = 0.00270139   [$ZHAO_SRC/ma_baseline/HElib-ma/src/CModulus.cpp:479]
  FFT: 310.397 / 92949 = 0.00333943   [$ZHAO_SRC/ma_baseline/HElib-ma/src/CModulus.cpp:448]
  FFT: 310.439 / 6156 = 0.0504287   [$ZHAO_SRC/ma_baseline/HElib-ma/src/DoubleCRT.cpp:70]
  FFT_aux: 251.03 / 92949 = 0.00270073   [$ZHAO_SRC/ma_baseline/HElib-ma/src/CModulus.cpp:360]
  FFT_remainder: 59.2587 / 92949 = 0.00063754   [$ZHAO_SRC/ma_baseline/HElib-ma/src/CModulus.cpp:455]
  KS_loop: 31.1671 / 2261 = 0.0137847   [$ZHAO_SRC/ma_baseline/HElib-ma/src/Ctxt.cpp:219]
  KS_loop_1: 3.40619 / 2261 = 0.0015065   [$ZHAO_SRC/ma_baseline/HElib-ma/src/Ctxt.cpp:227]
  KS_loop_2: 3.86906 / 2261 = 0.00171122   [$ZHAO_SRC/ma_baseline/HElib-ma/src/Ctxt.cpp:231]
  KS_loop_3: 3.72938 / 2261 = 0.00164944   [$ZHAO_SRC/ma_baseline/HElib-ma/src/Ctxt.cpp:236]
  KS_loop_4: 2.26414 / 2261 = 0.00100139   [$ZHAO_SRC/ma_baseline/HElib-ma/src/Ctxt.cpp:240]
  NORM_VAL: 7.05263 / 1826 = 0.00386234   [$ZHAO_SRC/ma_baseline/HElib-ma/src/DoubleCRT.cpp:541]
  addCtxt: 28.4748 / 6056 = 0.00470192   [$ZHAO_SRC/ma_baseline/HElib-ma/src/Ctxt.cpp:1458]
  addPart: 12.0778 / 5862 = 0.00206035   [$ZHAO_SRC/ma_baseline/HElib-ma/src/Ctxt.cpp:905]
  addPrimes: 166.123 / 1827 = 0.0909265   [$ZHAO_SRC/ma_baseline/HElib-ma/src/DoubleCRT.cpp:625]
  addPrimes_5: 175.13 / 1826 = 0.0959093   [$ZHAO_SRC/ma_baseline/HElib-ma/src/DoubleCRT.cpp:518]
  automorph: 0.276792 / 69 = 0.00401148   [$ZHAO_SRC/ma_baseline/HElib-ma/src/Ctxt.cpp:2489]
  automorph: 13.3339 / 180 = 0.0740774   [$ZHAO_SRC/ma_baseline/HElib-ma/src/matmul.cpp:117]
  breakIntoDigits: 177.923 / 640 = 0.278005   [$ZHAO_SRC/ma_baseline/HElib-ma/src/DoubleCRT.cpp:481]
  do_mul: 19.8481 / 13707 = 0.00144803   [$ZHAO_SRC/ma_baseline/HElib-ma/src/DoubleCRT.cpp:280]
  embedInSlots: 1.60356 / 23 = 0.06972   [$ZHAO_SRC/ma_baseline/HElib-ma/src/PAlgebra.cpp:947]
  extractDigitsPacked: 699.596 / 1 = 699.596   [$ZHAO_SRC/ma_baseline/HElib-ma/src/recryption.cpp:1244]
  extractDigitsThin: 677.072 / 24 = 28.2113   [$ZHAO_SRC/ma_baseline/HElib-ma/src/recryption.cpp:1547]
  frobeniusAutomorph: 9.08415 / 24 = 0.378506   [$ZHAO_SRC/ma_baseline/HElib-ma/src/Ctxt.cpp:2578]
  iFFT: 200.486 / 43248 = 0.00463573   [$ZHAO_SRC/ma_baseline/HElib-ma/src/CModulus.cpp:488]
  iFFT_division: 81.8104 / 43248 = 0.00189166   [$ZHAO_SRC/ma_baseline/HElib-ma/src/CModulus.cpp:570]
  keySwitchPart: 200.61 / 623 = 0.322006   [$ZHAO_SRC/ma_baseline/HElib-ma/src/Ctxt.cpp:836]
  modDownToSet: 454.93 / 1888 = 0.240959   [$ZHAO_SRC/ma_baseline/HElib-ma/src/Ctxt.cpp:409]
  mul_BlockMatMul1DExec: 76.6399 / 2 = 38.3199   [$ZHAO_SRC/ma_baseline/HElib-ma/src/matmul.cpp:1699]
  mul_MatMul1DExec: 6.20075 / 2 = 3.10038   [$ZHAO_SRC/ma_baseline/HElib-ma/src/matmul.cpp:975]
  multByConstant: 1.87537 / 24 = 0.0781404   [$ZHAO_SRC/ma_baseline/HElib-ma/src/Ctxt.cpp:1910]
  multByConstant: 10.4112 / 3296 = 0.00315874   [$ZHAO_SRC/ma_baseline/HElib-ma/src/Ctxt.cpp:1884]
  multLowLvl: 309.878 / 648 = 0.478207   [$ZHAO_SRC/ma_baseline/HElib-ma/src/Ctxt.cpp:1733]
  multiplyBy: 397.955 / 408 = 0.975379   [$ZHAO_SRC/ma_baseline/HElib-ma/src/Ctxt.cpp:1809]
  privateAssign: 8.83818 / 4472 = 0.00197634   [$ZHAO_SRC/ma_baseline/HElib-ma/src/Ctxt.cpp:329]
  randomize: 14.6156 / 2261 = 0.00646422   [$ZHAO_SRC/ma_baseline/HElib-ma/src/DoubleCRT.cpp:1318]
  randomize_stream: 8.20936 / 8604362 = 9.54093e-07   [$ZHAO_SRC/ma_baseline/HElib-ma/src/DoubleCRT.cpp:1348]
  reCrypt: 783.704 / 1 = 783.704   [$ZHAO_SRC/ma_baseline/HElib-ma/src/recryption.cpp:699]
  reLinearize: 366.475 / 862 = 0.425145   [$ZHAO_SRC/ma_baseline/HElib-ma/src/Ctxt.cpp:736]
  repack: 3.69387 / 1 = 3.69387   [$ZHAO_SRC/ma_baseline/HElib-ma/src/recryption.cpp:1331]
  smartAutomorph: 38.0383 / 69 = 0.551279   [$ZHAO_SRC/ma_baseline/HElib-ma/src/Ctxt.cpp:2514]
  toPoly: 262.519 / 6108 = 0.0429795   [$ZHAO_SRC/ma_baseline/HElib-ma/src/DoubleCRT.cpp:985]
  toPoly_CRT: 43.7474 / 6108 = 0.00716231   [$ZHAO_SRC/ma_baseline/HElib-ma/src/DoubleCRT.cpp:1052]
  toPoly_FFT: 215.667 / 6108 = 0.035309   [$ZHAO_SRC/ma_baseline/HElib-ma/src/DoubleCRT.cpp:1030]
  unpack: 18.7338 / 1 = 18.7338   [$ZHAO_SRC/ma_baseline/HElib-ma/src/recryption.cpp:1249]
  unpack1: 1.2435 / 1 = 1.2435   [$ZHAO_SRC/ma_baseline/HElib-ma/src/recryption.cpp:1262]
  unpack2: 14.326 / 1 = 14.326   [$ZHAO_SRC/ma_baseline/HElib-ma/src/recryption.cpp:1273]
  unpack3: 2.84148 / 1 = 2.84148   [$ZHAO_SRC/ma_baseline/HElib-ma/src/recryption.cpp:1288]
  rusage.ru_maxrss=24328776
||||| stats |||||
KS-noise-ratio ave=0.00177192 max=1.10388
KS-noise-ratio-hoist ave=1.95684e-11 max=3.52231e-10
break-into-digits-ratio ave=0.321043 max=0.439597
excess-ctxtPrimes ave=7.87958 max=7.87958
excess-specialPrimes ave=4.00729 max=4.00729
mod-switch-added-noise ave=0.320737 max=0.406431
ptxt_rat_sk ave=0.173081 max=0.334464
raw-mod-switch-noise ave=0.308414 max=0.308414
window1-nchoices ave=4.94444 max=8
window1-out ave=0 max=0
window2-nchoices ave=3.9184 max=8
window2-out ave=0 max=0
||||| stats |||||
KS-noise-ratio ave=0.00177192 max=1.10388
KS-noise-ratio-hoist ave=1.95684e-11 max=3.52231e-10
break-into-digits-ratio ave=0.321043 max=0.439597
excess-ctxtPrimes ave=7.87958 max=7.87958
excess-specialPrimes ave=4.00729 max=4.00729
mod-switch-added-noise ave=0.320737 max=0.406431
ptxt_rat_sk ave=0.173081 max=0.334464
raw-mod-switch-noise ave=0.308414 max=0.308414
window1-nchoices ave=4.94444 max=8
window1-out ave=0 max=0
window2-nchoices ave=3.9184 max=8
window2-out ave=0 max=0
exit=0 for p=17
Mon Sep  7 05:52:53 AM TZ 2026

########## Ma et al. baseline, p=127 (fatboot i=1 h=22 t=1) ##########
Mon Sep  7 05:52:53 AM TZ 2026
chosen idx = 1
encapHwt = 22
t for new bts is 1
new bts ? 1
new ks ? 1
thick bts ?1
repeat times = 1
*** GTestFatboot: p=127, r=2, bits=1630, t=0, c=3, m=56647 mvec=[37 1531], gens=[12249 49026], ords=[36 34]
Computing key-independent tables...
t = 1
bound on I = 21.862359
log2(aux) = 6.988685
log2(beta) = 28.598452
log2(qks) >= 38.283758, final log2(qks) = 38.283759
log2(R) >= 28.321206, final log2(R) = 28.322555
INFO: total bits = 2252.54, security level = 77.9363degs of poly for the first row and its null poly are 253 / 135
security=77.9363
# small primes = 6
# ctxt primes = 28
# bits in ctxt primes = 1649
# special primes = 11
# bits in special primes = 603
scale=10
 done in 1212.52 seconds
  e=0, e'=0, t=22
  m = 56647, p = 127, phi(m) = 55080
  ord(p) = 45
  normBnd = 1.62016
  polyNormBnd = 4.48997
  factors = [37 1531]
  generator 12249 has order (== Z_m^*) of 36
  generator 49026 has order (== Z_m^*) of 34
r = 2
nslots = 1224
hwt = 120
ctxtPrimes = [6,7,8,9,10,11,12,13,14,15,16,17,18,19,20,21,22,23,24,25,26,27,28,29,30,31,32,33]
specialPrimes = [38,39,40,41,42,43,44,45,46,47,48]
number of bits = 2253

security level = 77.9363
Generating keys, computing key-dependent tables...Sparse boot key hwt = 22
 done in 89.4435 seconds
time for linear1 = 211.575600, linear2 = 130.767627, extract = 2542.729932, total = 2887.984062
bits for linear1 = 102.523575, linear2 = 117.148100, extract = 290.239077, min cap = 9.685307, after cap = 1091.189532, after prod = 1594.111599
cap / time = 0.374484

### summary over 1 test
time for linear1 = 211.575600, linear2 = 130.767627, extract = 2542.729932, total = 2887.984062
bits for linear1 = 102.523575, linear2 = 117.148100, extract = 290.239077, min cap = 9.685307, after cap = 1091.189532, after prod = 1594.111599
cap / time = 0.374484


### bts finished, everything ok ###

  AAA_LinearTransform1: 117.418 / 1 = 117.418   [$ZHAO_SRC/ma_baseline/HElib-ma/src/recryption.cpp:1092]
  AAA_LinearTransform2: 118.003 / 1 = 118.003   [$ZHAO_SRC/ma_baseline/HElib-ma/src/recryption.cpp:1124]
  AAA_embeddingLargest: 10.2225 / 3773 = 0.0027094   [$ZHAO_SRC/ma_baseline/HElib-ma/src/norms.cpp:250]
  AAA_embeddingLargest_x2: 8.52384 / 3000 = 0.00284128   [$ZHAO_SRC/ma_baseline/HElib-ma/src/norms.cpp:423]
  AAA_extractDigitsPacked: 2650.01 / 1 = 2650.01   [$ZHAO_SRC/ma_baseline/HElib-ma/src/recryption.cpp:1105]
  AAA_modDownEnbeddings: 10.3557 / 3000 = 0.0034519   [$ZHAO_SRC/ma_baseline/HElib-ma/src/Ctxt.cpp:506]
  AAA_preProcess: 2.44424 / 1 = 2.44424   [$ZHAO_SRC/ma_baseline/HElib-ma/src/recryption.cpp:763]
  BasicAutomorphPrecon: 2.73227 / 4 = 0.683068   [$ZHAO_SRC/ma_baseline/HElib-ma/src/matmul.cpp:69]
  BluesteinFFT: 1303.36 / 353655 = 0.00368539   [$ZHAO_SRC/ma_baseline/HElib-ma/src/bluestein.cpp:141]
  CRT_reconstruct: 4.65704 / 44 = 0.105842   [$ZHAO_SRC/ma_baseline/HElib-ma/src/PAlgebra.cpp:1014]
  CompMod: 0.05464 / 44 = 0.00124182   [$ZHAO_SRC/ma_baseline/HElib-ma/src/PAlgebra.cpp:977]
  Decrypt: 0.831415 / 1 = 0.831415   [$ZHAO_SRC/ma_baseline/HElib-ma/src/keys.cpp:1350]
  DoubleCRT: 847.077 / 6862 = 0.123445   [$ZHAO_SRC/ma_baseline/HElib-ma/src/DoubleCRT.cpp:718]
  FFT: 979.912 / 252217 = 0.00388519   [$ZHAO_SRC/ma_baseline/HElib-ma/src/CModulus.cpp:479]
  FFT: 1245.35 / 252217 = 0.00493762   [$ZHAO_SRC/ma_baseline/HElib-ma/src/CModulus.cpp:448]
  FFT: 1245.48 / 9773 = 0.12744   [$ZHAO_SRC/ma_baseline/HElib-ma/src/DoubleCRT.cpp:70]
  FFT_aux: 979.716 / 252217 = 0.00388442   [$ZHAO_SRC/ma_baseline/HElib-ma/src/CModulus.cpp:360]
  FFT_remainder: 265.315 / 252217 = 0.00105193   [$ZHAO_SRC/ma_baseline/HElib-ma/src/CModulus.cpp:455]
  KS_loop: 113.655 / 3375 = 0.0336757   [$ZHAO_SRC/ma_baseline/HElib-ma/src/Ctxt.cpp:219]
  KS_loop_1: 13.0188 / 3375 = 0.00385743   [$ZHAO_SRC/ma_baseline/HElib-ma/src/Ctxt.cpp:227]
  KS_loop_2: 13.2137 / 3375 = 0.00391517   [$ZHAO_SRC/ma_baseline/HElib-ma/src/Ctxt.cpp:231]
  KS_loop_3: 15.381 / 3375 = 0.00455734   [$ZHAO_SRC/ma_baseline/HElib-ma/src/Ctxt.cpp:236]
  KS_loop_4: 9.0347 / 3375 = 0.00267695   [$ZHAO_SRC/ma_baseline/HElib-ma/src/Ctxt.cpp:240]
  NORM_VAL: 17.9004 / 2910 = 0.00615133   [$ZHAO_SRC/ma_baseline/HElib-ma/src/DoubleCRT.cpp:541]
  addCtxt: 134.187 / 11255 = 0.0119224   [$ZHAO_SRC/ma_baseline/HElib-ma/src/Ctxt.cpp:1458]
  addPart: 45.5838 / 8733 = 0.00521972   [$ZHAO_SRC/ma_baseline/HElib-ma/src/Ctxt.cpp:905]
  addPrimes: 612.285 / 2911 = 0.210335   [$ZHAO_SRC/ma_baseline/HElib-ma/src/DoubleCRT.cpp:625]
  addPrimes_5: 638.08 / 2910 = 0.219271   [$ZHAO_SRC/ma_baseline/HElib-ma/src/DoubleCRT.cpp:518]
  automorph: 1.10706 / 110 = 0.0100642   [$ZHAO_SRC/ma_baseline/HElib-ma/src/Ctxt.cpp:2489]
  automorph: 31.7378 / 162 = 0.195913   [$ZHAO_SRC/ma_baseline/HElib-ma/src/matmul.cpp:117]
  breakIntoDigits: 649.758 / 970 = 0.669854   [$ZHAO_SRC/ma_baseline/HElib-ma/src/DoubleCRT.cpp:481]
  do_mul: 103.804 / 21655 = 0.00479353   [$ZHAO_SRC/ma_baseline/HElib-ma/src/DoubleCRT.cpp:280]
  embedInSlots: 4.71282 / 44 = 0.10711   [$ZHAO_SRC/ma_baseline/HElib-ma/src/PAlgebra.cpp:947]
  extractDigitsPacked: 2650.01 / 1 = 2650.01   [$ZHAO_SRC/ma_baseline/HElib-ma/src/recryption.cpp:1244]
  extractDigitsThin: 2542.7 / 45 = 56.5044   [$ZHAO_SRC/ma_baseline/HElib-ma/src/recryption.cpp:1547]
  frobeniusAutomorph: 39.9461 / 45 = 0.887692   [$ZHAO_SRC/ma_baseline/HElib-ma/src/Ctxt.cpp:2578]
  iFFT: 598.95 / 101438 = 0.00590459   [$ZHAO_SRC/ma_baseline/HElib-ma/src/CModulus.cpp:488]
  iFFT_division: 206.72 / 101438 = 0.00203789   [$ZHAO_SRC/ma_baseline/HElib-ma/src/CModulus.cpp:570]
  keySwitchPart: 763.204 / 967 = 0.78925   [$ZHAO_SRC/ma_baseline/HElib-ma/src/Ctxt.cpp:836]
  modDownToSet: 1584.47 / 3132 = 0.505896   [$ZHAO_SRC/ma_baseline/HElib-ma/src/Ctxt.cpp:409]
  mul_BlockMatMul1DExec: 215.697 / 2 = 107.848   [$ZHAO_SRC/ma_baseline/HElib-ma/src/matmul.cpp:1699]
  mul_MatMul1DExec: 19.724 / 2 = 9.86201   [$ZHAO_SRC/ma_baseline/HElib-ma/src/matmul.cpp:975]
  multByConstant: 7.07704 / 45 = 0.157268   [$ZHAO_SRC/ma_baseline/HElib-ma/src/Ctxt.cpp:1910]
  multByConstant: 64.3747 / 5202 = 0.012375   [$ZHAO_SRC/ma_baseline/HElib-ma/src/Ctxt.cpp:1884]
  multLowLvl: 1150.62 / 1125 = 1.02278   [$ZHAO_SRC/ma_baseline/HElib-ma/src/Ctxt.cpp:1733]
  multiplyBy: 1128.22 / 540 = 2.0893   [$ZHAO_SRC/ma_baseline/HElib-ma/src/Ctxt.cpp:1809]
  privateAssign: 45.8946 / 8557 = 0.0053634   [$ZHAO_SRC/ma_baseline/HElib-ma/src/Ctxt.cpp:329]
  randomize: 50.7577 / 3375 = 0.0150393   [$ZHAO_SRC/ma_baseline/HElib-ma/src/DoubleCRT.cpp:1318]
  randomize_stream: 28.3929 / 29633278 = 9.58142e-07   [$ZHAO_SRC/ma_baseline/HElib-ma/src/DoubleCRT.cpp:1348]
  reCrypt: 2887.96 / 1 = 2887.96   [$ZHAO_SRC/ma_baseline/HElib-ma/src/recryption.cpp:699]
  reLinearize: 1307.11 / 1381 = 0.946497   [$ZHAO_SRC/ma_baseline/HElib-ma/src/Ctxt.cpp:736]
  repack: 12.7631 / 1 = 12.7631   [$ZHAO_SRC/ma_baseline/HElib-ma/src/recryption.cpp:1331]
  smartAutomorph: 127.825 / 110 = 1.16205   [$ZHAO_SRC/ma_baseline/HElib-ma/src/Ctxt.cpp:2514]
  toPoly: 819.267 / 9683 = 0.0846088   [$ZHAO_SRC/ma_baseline/HElib-ma/src/DoubleCRT.cpp:985]
  toPoly_CRT: 148.156 / 9683 = 0.0153007   [$ZHAO_SRC/ma_baseline/HElib-ma/src/DoubleCRT.cpp:1052]
  toPoly_FFT: 661.312 / 9683 = 0.0682962   [$ZHAO_SRC/ma_baseline/HElib-ma/src/DoubleCRT.cpp:1030]
  unpack: 94.1533 / 1 = 94.1533   [$ZHAO_SRC/ma_baseline/HElib-ma/src/recryption.cpp:1249]
  unpack1: 5.15437 / 1 = 5.15437   [$ZHAO_SRC/ma_baseline/HElib-ma/src/recryption.cpp:1262]
  unpack2: 61.7672 / 1 = 61.7672   [$ZHAO_SRC/ma_baseline/HElib-ma/src/recryption.cpp:1273]
  unpack3: 26.3194 / 1 = 26.3194   [$ZHAO_SRC/ma_baseline/HElib-ma/src/recryption.cpp:1288]
  rusage.ru_maxrss=65589052
||||| stats |||||
KS-noise-ratio ave=0.0010476 max=0.99996
KS-noise-ratio-hoist ave=8.79232e-08 max=3.51693e-07
break-into-digits-ratio ave=0.327656 max=0.446642
excess-ctxtPrimes ave=19.0792 max=19.0792
excess-specialPrimes ave=3.02247 max=3.02247
mod-switch-added-noise ave=0.328664 max=0.425507
ptxt_rat_sk ave=0.169983 max=0.336441
raw-mod-switch-noise ave=0.326052 max=0.326052
window1-nchoices ave=5.31111 max=8
window1-out ave=0 max=0
window2-nchoices ave=4.37879 max=8
window2-out ave=0 max=0
||||| stats |||||
KS-noise-ratio ave=0.0010476 max=0.99996
KS-noise-ratio-hoist ave=8.79232e-08 max=3.51693e-07
break-into-digits-ratio ave=0.327656 max=0.446642
excess-ctxtPrimes ave=19.0792 max=19.0792
excess-specialPrimes ave=3.02247 max=3.02247
mod-switch-added-noise ave=0.328664 max=0.425507
ptxt_rat_sk ave=0.169983 max=0.336441
raw-mod-switch-noise ave=0.326052 max=0.326052
window1-nchoices ave=5.31111 max=8
window1-out ave=0 max=0
window2-nchoices ave=4.37879 max=8
window2-out ave=0 max=0
exit=0 for p=127
Mon Sep  7 07:03:04 AM TZ 2026

########## Ma et al. baseline, p=257 (fatboot i=2 h=22 t=1) ##########
Mon Sep  7 07:03:04 AM TZ 2026
chosen idx = 2
encapHwt = 22
t for new bts is 1
new bts ? 1
new ks ? 1
thick bts ?1
repeat times = 1
*** GTestFatboot: p=257, r=2, bits=1610, t=0, c=3, m=55427 mvec=[43 1289], gens=[52850 2581], ords=[42 -46]
Computing key-independent tables...
t = 1
bound on I = 21.902406
log2(aux) = 8.005625
log2(beta) = 30.618169
log2(qks) >= 41.320645, final log2(qks) = 41.320645
log2(R) >= 29.302058, final log2(R) = 29.306401
INFO: total bits = 2175.94, security level = 78.9296degs of poly for the first row and its null poly are 513 / 135
security=78.9296
# small primes = 6
# ctxt primes = 27
# bits in ctxt primes = 1617
# special primes = 10
# bits in special primes = 559
scale=10
 done in 1481.15 seconds
  e=0, e'=0, t=22
  m = 55427, p = 257, phi(m) = 54096
  ord(p) = 28
  normBnd = 1.62042
  polyNormBnd = 3.71886
  factors = [43 1289]
  generator 52850 has order (== Z_m^*) of 42
  generator 2581 has order (!!= Z_m^*) of 46
r = 2
nslots = 1932
hwt = 120
ctxtPrimes = [6,7,8,9,10,11,12,13,14,15,16,17,18,19,20,21,22,23,24,25,26,27,28,29,30,31,32]
specialPrimes = [37,38,39,40,41,42,43,44,45,46]
number of bits = 2176

security level = 78.9296
Generating keys, computing key-dependent tables...Sparse boot key hwt = 22
 done in 86.9003 seconds
WARNING: KS-noise-ratio = 1.03484 > 1
time for linear1 = 227.208782, linear2 = 190.165720, extract = 1477.283056, total = 1897.318723
bits for linear1 = 110.852633, linear2 = 131.104201, extract = 315.596274, min cap = 10.702476, after cap = 1007.980931, after prod = 1557.528415
cap / time = 0.525625

### summary over 1 test
time for linear1 = 227.208782, linear2 = 190.165720, extract = 1477.283056, total = 1897.318723
bits for linear1 = 110.852633, linear2 = 131.104201, extract = 315.596274, min cap = 10.702476, after cap = 1007.980931, after prod = 1557.528415
cap / time = 0.525625


### bts finished, everything ok ###

  AAA_LinearTransform1: 176.557 / 1 = 176.557   [$ZHAO_SRC/ma_baseline/HElib-ma/src/recryption.cpp:1092]
  AAA_LinearTransform2: 182.276 / 1 = 182.276   [$ZHAO_SRC/ma_baseline/HElib-ma/src/recryption.cpp:1124]
  AAA_embeddingLargest: 7.11892 / 2614 = 0.00272338   [$ZHAO_SRC/ma_baseline/HElib-ma/src/norms.cpp:250]
  AAA_embeddingLargest_x2: 5.5701 / 1991 = 0.00279764   [$ZHAO_SRC/ma_baseline/HElib-ma/src/norms.cpp:423]
  AAA_extractDigitsPacked: 1536.04 / 1 = 1536.04   [$ZHAO_SRC/ma_baseline/HElib-ma/src/recryption.cpp:1105]
  AAA_modDownEnbeddings: 6.814 / 1991 = 0.0034224   [$ZHAO_SRC/ma_baseline/HElib-ma/src/Ctxt.cpp:506]
  AAA_preProcess: 2.36661 / 1 = 2.36661   [$ZHAO_SRC/ma_baseline/HElib-ma/src/recryption.cpp:763]
  BasicAutomorphPrecon: 2.79774 / 4 = 0.699434   [$ZHAO_SRC/ma_baseline/HElib-ma/src/matmul.cpp:69]
  BluesteinFFT: 809.927 / 227138 = 0.00356579   [$ZHAO_SRC/ma_baseline/HElib-ma/src/bluestein.cpp:141]
  CRT_reconstruct: 2.72379 / 27 = 0.100881   [$ZHAO_SRC/ma_baseline/HElib-ma/src/PAlgebra.cpp:1014]
  CompMod: 0.041718 / 27 = 0.00154511   [$ZHAO_SRC/ma_baseline/HElib-ma/src/PAlgebra.cpp:977]
  Decrypt: 0.737048 / 1 = 0.737048   [$ZHAO_SRC/ma_baseline/HElib-ma/src/keys.cpp:1350]
  DoubleCRT: 524.64 / 4573 = 0.114726   [$ZHAO_SRC/ma_baseline/HElib-ma/src/DoubleCRT.cpp:718]
  FFT: 614.613 / 162935 = 0.00377213   [$ZHAO_SRC/ma_baseline/HElib-ma/src/CModulus.cpp:479]
  FFT: 781.299 / 162935 = 0.00479516   [$ZHAO_SRC/ma_baseline/HElib-ma/src/CModulus.cpp:448]
  FFT: 781.402 / 6596 = 0.118466   [$ZHAO_SRC/ma_baseline/HElib-ma/src/DoubleCRT.cpp:70]
  FFT_aux: 614.445 / 162935 = 0.00377111   [$ZHAO_SRC/ma_baseline/HElib-ma/src/CModulus.cpp:360]
  FFT_remainder: 166.594 / 162935 = 0.00102246   [$ZHAO_SRC/ma_baseline/HElib-ma/src/CModulus.cpp:455]
  KS_loop: 83.7627 / 2529 = 0.0331209   [$ZHAO_SRC/ma_baseline/HElib-ma/src/Ctxt.cpp:219]
  KS_loop_1: 9.09309 / 2529 = 0.00359553   [$ZHAO_SRC/ma_baseline/HElib-ma/src/Ctxt.cpp:227]
  KS_loop_2: 12.8877 / 2529 = 0.00509596   [$ZHAO_SRC/ma_baseline/HElib-ma/src/Ctxt.cpp:231]
  KS_loop_3: 10.8783 / 2529 = 0.00430143   [$ZHAO_SRC/ma_baseline/HElib-ma/src/Ctxt.cpp:236]
  KS_loop_4: 6.40285 / 2529 = 0.00253177   [$ZHAO_SRC/ma_baseline/HElib-ma/src/Ctxt.cpp:240]
  NORM_VAL: 12.413 / 2022 = 0.00613895   [$ZHAO_SRC/ma_baseline/HElib-ma/src/DoubleCRT.cpp:541]
  addCtxt: 94.5824 / 9830 = 0.00962181   [$ZHAO_SRC/ma_baseline/HElib-ma/src/Ctxt.cpp:1458]
  addPart: 34.3507 / 6436 = 0.00533727   [$ZHAO_SRC/ma_baseline/HElib-ma/src/Ctxt.cpp:905]
  addPrimes: 397.394 / 2023 = 0.196438   [$ZHAO_SRC/ma_baseline/HElib-ma/src/DoubleCRT.cpp:625]
  addPrimes_5: 415.181 / 2022 = 0.205332   [$ZHAO_SRC/ma_baseline/HElib-ma/src/DoubleCRT.cpp:518]
  automorph: 1.42598 / 137 = 0.0104086   [$ZHAO_SRC/ma_baseline/HElib-ma/src/Ctxt.cpp:2489]
  automorph: 33.3261 / 176 = 0.189353   [$ZHAO_SRC/ma_baseline/HElib-ma/src/matmul.cpp:117]
  breakIntoDigits: 422.83 / 674 = 0.627344   [$ZHAO_SRC/ma_baseline/HElib-ma/src/DoubleCRT.cpp:481]
  do_mul: 113.469 / 19843 = 0.00571833   [$ZHAO_SRC/ma_baseline/HElib-ma/src/DoubleCRT.cpp:280]
  embedInSlots: 2.76658 / 27 = 0.102466   [$ZHAO_SRC/ma_baseline/HElib-ma/src/PAlgebra.cpp:947]
  extractDigitsPacked: 1536.04 / 1 = 1536.04   [$ZHAO_SRC/ma_baseline/HElib-ma/src/recryption.cpp:1244]
  extractDigitsThin: 1477.26 / 28 = 52.7593   [$ZHAO_SRC/ma_baseline/HElib-ma/src/recryption.cpp:1547]
  frobeniusAutomorph: 24.2411 / 28 = 0.865753   [$ZHAO_SRC/ma_baseline/HElib-ma/src/Ctxt.cpp:2578]
  iFFT: 364.894 / 64203 = 0.00568345   [$ZHAO_SRC/ma_baseline/HElib-ma/src/CModulus.cpp:488]
  iFFT_division: 124.936 / 64203 = 0.00194595   [$ZHAO_SRC/ma_baseline/HElib-ma/src/CModulus.cpp:570]
  keySwitchPart: 497.681 / 671 = 0.7417   [$ZHAO_SRC/ma_baseline/HElib-ma/src/Ctxt.cpp:836]
  modDownToSet: 968.691 / 2020 = 0.47955   [$ZHAO_SRC/ma_baseline/HElib-ma/src/Ctxt.cpp:409]
  mul_BlockMatMul1DExec: 336.983 / 2 = 168.491   [$ZHAO_SRC/ma_baseline/HElib-ma/src/matmul.cpp:1699]
  mul_MatMul1DExec: 21.8502 / 2 = 10.9251   [$ZHAO_SRC/ma_baseline/HElib-ma/src/matmul.cpp:975]
  multByConstant: 4.51676 / 28 = 0.161313   [$ZHAO_SRC/ma_baseline/HElib-ma/src/Ctxt.cpp:1910]
  multByConstant: 87.2004 / 5992 = 0.0145528   [$ZHAO_SRC/ma_baseline/HElib-ma/src/Ctxt.cpp:1884]
  multLowLvl: 660.678 / 700 = 0.943826   [$ZHAO_SRC/ma_baseline/HElib-ma/src/Ctxt.cpp:1733]
  multiplyBy: 673.421 / 336 = 2.00423   [$ZHAO_SRC/ma_baseline/HElib-ma/src/Ctxt.cpp:1809]
  privateAssign: 27.3207 / 5050 = 0.00541005   [$ZHAO_SRC/ma_baseline/HElib-ma/src/Ctxt.cpp:329]
  randomize: 35.0855 / 2529 = 0.0138733   [$ZHAO_SRC/ma_baseline/HElib-ma/src/DoubleCRT.cpp:1318]
  randomize_stream: 19.5956 / 20682035 = 9.47469e-07   [$ZHAO_SRC/ma_baseline/HElib-ma/src/DoubleCRT.cpp:1348]
  reCrypt: 1897.31 / 1 = 1897.31   [$ZHAO_SRC/ma_baseline/HElib-ma/src/recryption.cpp:699]
  reLinearize: 871.288 / 932 = 0.934858   [$ZHAO_SRC/ma_baseline/HElib-ma/src/Ctxt.cpp:736]
  repack: 7.88654 / 1 = 7.88654   [$ZHAO_SRC/ma_baseline/HElib-ma/src/recryption.cpp:1331]
  smartAutomorph: 168.264 / 137 = 1.2282   [$ZHAO_SRC/ma_baseline/HElib-ma/src/Ctxt.cpp:2514]
  toPoly: 499.528 / 6540 = 0.0763804   [$ZHAO_SRC/ma_baseline/HElib-ma/src/DoubleCRT.cpp:985]
  toPoly_CRT: 90.2769 / 6540 = 0.0138038   [$ZHAO_SRC/ma_baseline/HElib-ma/src/DoubleCRT.cpp:1052]
  toPoly_FFT: 402.747 / 6540 = 0.0615821   [$ZHAO_SRC/ma_baseline/HElib-ma/src/DoubleCRT.cpp:1030]
  unpack: 50.648 / 1 = 50.648   [$ZHAO_SRC/ma_baseline/HElib-ma/src/recryption.cpp:1249]
  unpack1: 3.13692 / 1 = 3.13692   [$ZHAO_SRC/ma_baseline/HElib-ma/src/recryption.cpp:1262]
  unpack2: 37.0512 / 1 = 37.0512   [$ZHAO_SRC/ma_baseline/HElib-ma/src/recryption.cpp:1273]
  unpack3: 9.73288 / 1 = 9.73288   [$ZHAO_SRC/ma_baseline/HElib-ma/src/recryption.cpp:1288]
  rusage.ru_maxrss=95348228
||||| stats |||||
KS-noise-ratio ave=0.0015443 max=1.03484
KS-noise-ratio-hoist ave=1.91577e-09 max=7.66307e-09
break-into-digits-ratio ave=0.326976 max=0.421327
excess-ctxtPrimes ave=6.66176 max=6.66176
excess-specialPrimes ave=7.86709 max=7.86709
mod-switch-added-noise ave=0.327774 max=0.417943
ptxt_rat_sk ave=0.166351 max=0.328748
raw-mod-switch-noise ave=0.320518 max=0.320518
window1-nchoices ave=4.36905 max=6
window1-out ave=0 max=0
window2-nchoices ave=4.12987 max=8
window2-out ave=0 max=0
||||| stats |||||
KS-noise-ratio ave=0.0015443 max=1.03484
KS-noise-ratio-hoist ave=1.91577e-09 max=7.66307e-09
break-into-digits-ratio ave=0.326976 max=0.421327
excess-ctxtPrimes ave=6.66176 max=6.66176
excess-specialPrimes ave=7.86709 max=7.86709
mod-switch-added-noise ave=0.327774 max=0.417943
ptxt_rat_sk ave=0.166351 max=0.328748
raw-mod-switch-noise ave=0.320518 max=0.320518
window1-nchoices ave=4.36905 max=6
window1-out ave=0 max=0
window2-nchoices ave=4.12987 max=8
window2-out ave=0 max=0
exit=0 for p=257
Mon Sep  7 08:01:19 AM TZ 2026

########## Ma et al. baseline, p=8191 (fatboot i=3 h=24 t=1) ##########
Mon Sep  7 08:01:19 AM TZ 2026
chosen idx = 3
encapHwt = 24
t for new bts is 1
new bts ? 1
new ks ? 1
thick bts ?1
repeat times = 1
*** GTestFatboot: p=8191, r=1, bits=1320, t=0, c=3, m=45193 mvec=[43 1051], gens=[26276 32595], ords=[42 75]
Computing key-independent tables...
t = 1
bound on I = 22.852118
log2(aux) = 12.999824
log2(beta) = 27.446094
log2(qks) >= 43.142850, final log2(qks) = 43.142850
log2(R) >= 29.614598, final log2(R) = 29.617522
INFO: total bits = 1802.68, security level = 78.0208write file $ZHAO_SRC/ma_baseline/saved_ZZX/8191_2_ZZX.txt
degs of poly for the first row and its null poly are 8191 / 94
security=78.0208
# small primes = 6
# ctxt primes = 23
# bits in ctxt primes = 1332
# special primes = 8
# bits in special primes = 471
scale=10
 done in 609.079 seconds
  e=0, e'=0, t=24
  m = 45193, p = 8191, phi(m) = 44100
  ord(p) = 14
  normBnd = 1.62042
  polyNormBnd = 4.65228
  factors = [43 1051]
  generator 26276 has order (== Z_m^*) of 42
  generator 32595 has order (== Z_m^*) of 75
r = 1
nslots = 3150
hwt = 120
ctxtPrimes = [6,7,8,9,10,11,12,13,14,15,16,17,18,19,20,21,22,23,24,25,26,27,28]
specialPrimes = [33,34,35,36,37,38,39,40]
number of bits = 1803

security level = 78.0208
Generating keys, computing key-dependent tables...Sparse boot key hwt = 24
 done in 36.7086 seconds
WARNING: KS-noise-ratio = 1.04478 > 1
time for linear1 = 69.954129, linear2 = 56.983123, extract = 429.337111, total = 558.069812
bits for linear1 = 114.029880, linear2 = 131.257522, extract = 287.720148, min cap = 15.696756, after cap = 746.167248, after prod = 1266.174975
cap / time = 1.308923

### summary over 1 test
time for linear1 = 69.954129, linear2 = 56.983123, extract = 429.337111, total = 558.069812
bits for linear1 = 114.029880, linear2 = 131.257522, extract = 287.720148, min cap = 15.696756, after cap = 746.167248, after prod = 1266.174975
cap / time = 1.308923


### bts finished, everything ok ###

  AAA_LinearTransform1: 55.3703 / 1 = 55.3703   [$ZHAO_SRC/ma_baseline/HElib-ma/src/recryption.cpp:1092]
  AAA_LinearTransform2: 54.2298 / 1 = 54.2298   [$ZHAO_SRC/ma_baseline/HElib-ma/src/recryption.cpp:1124]
  AAA_embeddingLargest: 2.56659 / 1100 = 0.00233327   [$ZHAO_SRC/ma_baseline/HElib-ma/src/norms.cpp:250]
  AAA_embeddingLargest_x2: 1.94896 / 817 = 0.00238551   [$ZHAO_SRC/ma_baseline/HElib-ma/src/norms.cpp:423]
  AAA_extractDigitsPacked: 446.745 / 1 = 446.745   [$ZHAO_SRC/ma_baseline/HElib-ma/src/recryption.cpp:1105]
  AAA_modDownEnbeddings: 2.36247 / 817 = 0.00289164   [$ZHAO_SRC/ma_baseline/HElib-ma/src/Ctxt.cpp:506]
  AAA_preProcess: 1.69191 / 1 = 1.69191   [$ZHAO_SRC/ma_baseline/HElib-ma/src/recryption.cpp:763]
  BasicAutomorphPrecon: 15.2146 / 22 = 0.691574   [$ZHAO_SRC/ma_baseline/HElib-ma/src/matmul.cpp:69]
  BluesteinFFT: 235.769 / 79367 = 0.00297062   [$ZHAO_SRC/ma_baseline/HElib-ma/src/bluestein.cpp:141]
  CRT_reconstruct: 1.00497 / 13 = 0.077305   [$ZHAO_SRC/ma_baseline/HElib-ma/src/PAlgebra.cpp:1014]
  CompMod: 0.011215 / 13 = 0.000862692   [$ZHAO_SRC/ma_baseline/HElib-ma/src/PAlgebra.cpp:977]
  Decrypt: 0.575437 / 1 = 0.575437   [$ZHAO_SRC/ma_baseline/HElib-ma/src/keys.cpp:1350]
  DoubleCRT: 148.014 / 1875 = 0.0789408   [$ZHAO_SRC/ma_baseline/HElib-ma/src/DoubleCRT.cpp:718]
  FFT: 176.147 / 56224 = 0.00313295   [$ZHAO_SRC/ma_baseline/HElib-ma/src/CModulus.cpp:479]
  FFT: 220.62 / 56224 = 0.00392394   [$ZHAO_SRC/ma_baseline/HElib-ma/src/CModulus.cpp:448]
  FFT: 220.648 / 2734 = 0.080705   [$ZHAO_SRC/ma_baseline/HElib-ma/src/DoubleCRT.cpp:70]
  FFT_aux: 176.103 / 56224 = 0.00313217   [$ZHAO_SRC/ma_baseline/HElib-ma/src/CModulus.cpp:360]
  FFT_remainder: 44.4444 / 56224 = 0.000790489   [$ZHAO_SRC/ma_baseline/HElib-ma/src/CModulus.cpp:455]
  KS_loop: 33.6092 / 1485 = 0.0226325   [$ZHAO_SRC/ma_baseline/HElib-ma/src/Ctxt.cpp:219]
  KS_loop_1: 3.56231 / 1485 = 0.00239886   [$ZHAO_SRC/ma_baseline/HElib-ma/src/Ctxt.cpp:227]
  KS_loop_2: 5.59758 / 1485 = 0.00376941   [$ZHAO_SRC/ma_baseline/HElib-ma/src/Ctxt.cpp:231]
  KS_loop_3: 3.79793 / 1485 = 0.00255753   [$ZHAO_SRC/ma_baseline/HElib-ma/src/Ctxt.cpp:236]
  KS_loop_4: 2.41478 / 1485 = 0.00162611   [$ZHAO_SRC/ma_baseline/HElib-ma/src/Ctxt.cpp:240]
  NORM_VAL: 4.30924 / 858 = 0.00502243   [$ZHAO_SRC/ma_baseline/HElib-ma/src/DoubleCRT.cpp:541]
  addCtxt: 28.6923 / 3724 = 0.00770471   [$ZHAO_SRC/ma_baseline/HElib-ma/src/Ctxt.cpp:1458]
  addPart: 13.1509 / 3692 = 0.003562   [$ZHAO_SRC/ma_baseline/HElib-ma/src/Ctxt.cpp:905]
  addPrimes: 115.544 / 859 = 0.13451   [$ZHAO_SRC/ma_baseline/HElib-ma/src/DoubleCRT.cpp:625]
  addPrimes_5: 121.335 / 858 = 0.141416   [$ZHAO_SRC/ma_baseline/HElib-ma/src/DoubleCRT.cpp:518]
  automorph: 0.258632 / 39 = 0.00663159   [$ZHAO_SRC/ma_baseline/HElib-ma/src/Ctxt.cpp:2489]
  automorph: 28.625 / 252 = 0.113591   [$ZHAO_SRC/ma_baseline/HElib-ma/src/matmul.cpp:117]
  breakIntoDigits: 123.508 / 286 = 0.431845   [$ZHAO_SRC/ma_baseline/HElib-ma/src/DoubleCRT.cpp:481]
  do_mul: 20.9931 / 8935 = 0.00234953   [$ZHAO_SRC/ma_baseline/HElib-ma/src/DoubleCRT.cpp:280]
  embedInSlots: 1.01702 / 13 = 0.0782319   [$ZHAO_SRC/ma_baseline/HElib-ma/src/PAlgebra.cpp:947]
  extractDigitsPacked: 446.745 / 1 = 446.745   [$ZHAO_SRC/ma_baseline/HElib-ma/src/recryption.cpp:1244]
  extractDigitsThin: 429.331 / 14 = 30.6665   [$ZHAO_SRC/ma_baseline/HElib-ma/src/recryption.cpp:1547]
  frobeniusAutomorph: 7.39421 / 14 = 0.528158   [$ZHAO_SRC/ma_baseline/HElib-ma/src/Ctxt.cpp:2578]
  iFFT: 116.801 / 23143 = 0.00504692   [$ZHAO_SRC/ma_baseline/HElib-ma/src/CModulus.cpp:488]
  iFFT_division: 44.1825 / 23143 = 0.00190911   [$ZHAO_SRC/ma_baseline/HElib-ma/src/CModulus.cpp:570]
  keySwitchPart: 133.451 / 265 = 0.503587   [$ZHAO_SRC/ma_baseline/HElib-ma/src/Ctxt.cpp:836]
  modDownToSet: 286.462 / 846 = 0.338607   [$ZHAO_SRC/ma_baseline/HElib-ma/src/Ctxt.cpp:409]
  mul_BlockMatMul1DExec: 96.3777 / 2 = 48.1889   [$ZHAO_SRC/ma_baseline/HElib-ma/src/matmul.cpp:1699]
  mul_MatMul1DExec: 13.2224 / 2 = 6.61121   [$ZHAO_SRC/ma_baseline/HElib-ma/src/matmul.cpp:975]
  multByConstant: 1.61313 / 14 = 0.115224   [$ZHAO_SRC/ma_baseline/HElib-ma/src/Ctxt.cpp:1910]
  multByConstant: 11.8787 / 2394 = 0.00496186   [$ZHAO_SRC/ma_baseline/HElib-ma/src/Ctxt.cpp:1884]
  multLowLvl: 196.149 / 294 = 0.667173   [$ZHAO_SRC/ma_baseline/HElib-ma/src/Ctxt.cpp:1733]
  multiplyBy: 190.493 / 140 = 1.36067   [$ZHAO_SRC/ma_baseline/HElib-ma/src/Ctxt.cpp:1809]
  privateAssign: 9.14143 / 2064 = 0.00442899   [$ZHAO_SRC/ma_baseline/HElib-ma/src/Ctxt.cpp:329]
  randomize: 14.3991 / 1485 = 0.00969636   [$ZHAO_SRC/ma_baseline/HElib-ma/src/DoubleCRT.cpp:1318]
  randomize_stream: 8.08851 / 8553490 = 9.45638e-07   [$ZHAO_SRC/ma_baseline/HElib-ma/src/DoubleCRT.cpp:1348]
  reCrypt: 558.071 / 1 = 558.071   [$ZHAO_SRC/ma_baseline/HElib-ma/src/recryption.cpp:699]
  reLinearize: 235.082 / 404 = 0.581885   [$ZHAO_SRC/ma_baseline/HElib-ma/src/Ctxt.cpp:736]
  repack: 2.75243 / 1 = 2.75243   [$ZHAO_SRC/ma_baseline/HElib-ma/src/recryption.cpp:1331]
  smartAutomorph: 30.5265 / 39 = 0.782732   [$ZHAO_SRC/ma_baseline/HElib-ma/src/Ctxt.cpp:2514]
  toPoly: 155.609 / 2706 = 0.057505   [$ZHAO_SRC/ma_baseline/HElib-ma/src/DoubleCRT.cpp:985]
  toPoly_CRT: 27.0514 / 2706 = 0.00999684   [$ZHAO_SRC/ma_baseline/HElib-ma/src/DoubleCRT.cpp:1052]
  toPoly_FFT: 126.777 / 2706 = 0.0468504   [$ZHAO_SRC/ma_baseline/HElib-ma/src/DoubleCRT.cpp:1030]
  unpack: 14.5827 / 1 = 14.5827   [$ZHAO_SRC/ma_baseline/HElib-ma/src/recryption.cpp:1249]
  unpack1: 1.07578 / 1 = 1.07578   [$ZHAO_SRC/ma_baseline/HElib-ma/src/recryption.cpp:1262]
  unpack2: 11.5408 / 1 = 11.5408   [$ZHAO_SRC/ma_baseline/HElib-ma/src/recryption.cpp:1273]
  unpack3: 1.53943 / 1 = 1.53943   [$ZHAO_SRC/ma_baseline/HElib-ma/src/recryption.cpp:1288]
  rusage.ru_maxrss=32057244
||||| stats |||||
KS-noise-ratio ave=0.00406945 max=1.04478
KS-noise-ratio-hoist ave=4.57891e-08 max=1.00736e-06
break-into-digits-ratio ave=0.323432 max=0.429628
excess-ctxtPrimes ave=11.6528 max=11.6528
excess-specialPrimes ave=3.57505 max=3.57505
mod-switch-added-noise ave=0.325282 max=0.432204
ptxt_rat_sk ave=0.16895 max=0.33066
raw-mod-switch-noise ave=0.317529 max=0.317529
window1-nchoices ave=4.28571 max=5
window1-out ave=0 max=0
window2-nchoices ave=4.90476 max=9
window2-out ave=0 max=0
||||| stats |||||
KS-noise-ratio ave=0.00406945 max=1.04478
KS-noise-ratio-hoist ave=4.57891e-08 max=1.00736e-06
break-into-digits-ratio ave=0.323432 max=0.429628
excess-ctxtPrimes ave=11.6528 max=11.6528
excess-specialPrimes ave=3.57505 max=3.57505
mod-switch-added-noise ave=0.325282 max=0.432204
ptxt_rat_sk ave=0.16895 max=0.33066
raw-mod-switch-noise ave=0.317529 max=0.317529
window1-nchoices ave=4.28571 max=5
window1-out ave=0 max=0
window2-nchoices ave=4.90476 max=9
window2-out ave=0 max=0
exit=0 for p=8191
Mon Sep  7 08:21:32 AM TZ 2026

########## Ma et al. baseline, p=65537 (fatboot i=4 h=24 t=1) ##########
Mon Sep  7 08:21:32 AM TZ 2026
chosen idx = 4
encapHwt = 24
t for new bts is 1
new bts ? 1
new ks ? 1
thick bts ?1
repeat times = 1
*** GTestFatboot: p=65537, r=1, bits=1500, t=0, c=3, m=50731 mvec=[97 523], gens=[48117 5239], ords=[96 29]
Computing key-independent tables...
t = 1
bound on I = 22.988948
log2(aux) = 16.000022
log2(beta) = 30.546816
log2(qks) >= 49.244247, final log2(qks) = 49.244247
log2(R) >= 31.815399, final log2(R) = 31.815649
INFO: total bits = 2035.46, security level = 78.3637write file $ZHAO_SRC/ma_baseline/saved_ZZX/65537_2_ZZX.txt
degs of poly for the first row and its null poly are 65537 / 94
security=78.3637
# small primes = 6
# ctxt primes = 26
# bits in ctxt primes = 1505
# special primes = 9
# bits in special primes = 530
scale=10
 done in 978.813 seconds
  e=0, e'=0, t=24
  m = 50731, p = 65537, phi(m) = 50112
  ord(p) = 18
  normBnd = 1.62099
  polyNormBnd = 5.6346
  factors = [97 523]
  generator 48117 has order (== Z_m^*) of 96
  generator 5239 has order (== Z_m^*) of 29
r = 1
nslots = 2784
hwt = 120
ctxtPrimes = [6,7,8,9,10,11,12,13,14,15,16,17,18,19,20,21,22,23,24,25,26,27,28,29,30,31]
specialPrimes = [36,37,38,39,40,41,42,43,44]
number of bits = 2036

security level = 78.3637
Generating keys, computing key-dependent tables...Sparse boot key hwt = 24
 done in 41.6356 seconds
WARNING: KS-noise-ratio = 1.04243 > 1
time for linear1 = 74.486131, linear2 = 54.924258, extract = 689.124133, total = 820.768119
bits for linear1 = 131.308069, linear2 = 145.198986, extract = 331.064474, min cap = 18.697431, after cap = 839.215118, after prod = 1430.786624
cap / time = 0.999695

### summary over 1 test
time for linear1 = 74.486131, linear2 = 54.924258, extract = 689.124133, total = 820.768119
bits for linear1 = 131.308069, linear2 = 145.198986, extract = 331.064474, min cap = 18.697431, after cap = 839.215118, after prod = 1430.786624
cap / time = 0.999695


### bts finished, everything ok ###

  AAA_LinearTransform1: 49.8317 / 1 = 49.8317   [$ZHAO_SRC/ma_baseline/HElib-ma/src/recryption.cpp:1092]
  AAA_LinearTransform2: 50.0156 / 1 = 50.0156   [$ZHAO_SRC/ma_baseline/HElib-ma/src/recryption.cpp:1124]
  AAA_embeddingLargest: 3.60454 / 1414 = 0.00254918   [$ZHAO_SRC/ma_baseline/HElib-ma/src/norms.cpp:250]
  AAA_embeddingLargest_x2: 2.83342 / 1065 = 0.00266048   [$ZHAO_SRC/ma_baseline/HElib-ma/src/norms.cpp:423]
  AAA_extractDigitsPacked: 718.806 / 1 = 718.806   [$ZHAO_SRC/ma_baseline/HElib-ma/src/recryption.cpp:1105]
  AAA_modDownEnbeddings: 3.4739 / 1065 = 0.00326188   [$ZHAO_SRC/ma_baseline/HElib-ma/src/Ctxt.cpp:506]
  AAA_preProcess: 2.0732 / 1 = 2.0732   [$ZHAO_SRC/ma_baseline/HElib-ma/src/recryption.cpp:763]
  BasicAutomorphPrecon: 2.33899 / 4 = 0.584747   [$ZHAO_SRC/ma_baseline/HElib-ma/src/matmul.cpp:69]
  BluesteinFFT: 383.954 / 112931 = 0.0033999   [$ZHAO_SRC/ma_baseline/HElib-ma/src/bluestein.cpp:141]
  CRT_reconstruct: 2.26164 / 17 = 0.133038   [$ZHAO_SRC/ma_baseline/HElib-ma/src/PAlgebra.cpp:1014]
  CompMod: 0.015906 / 17 = 0.000935647   [$ZHAO_SRC/ma_baseline/HElib-ma/src/PAlgebra.cpp:977]
  Decrypt: 0.708478 / 1 = 0.708478   [$ZHAO_SRC/ma_baseline/HElib-ma/src/keys.cpp:1350]
  DoubleCRT: 246.708 / 2457 = 0.10041   [$ZHAO_SRC/ma_baseline/HElib-ma/src/DoubleCRT.cpp:718]
  FFT: 289.607 / 81326 = 0.00356106   [$ZHAO_SRC/ma_baseline/HElib-ma/src/CModulus.cpp:479]
  FFT: 363.428 / 81326 = 0.00446878   [$ZHAO_SRC/ma_baseline/HElib-ma/src/CModulus.cpp:448]
  FFT: 363.469 / 3544 = 0.102559   [$ZHAO_SRC/ma_baseline/HElib-ma/src/DoubleCRT.cpp:70]
  FFT_aux: 289.543 / 81326 = 0.00356028   [$ZHAO_SRC/ma_baseline/HElib-ma/src/CModulus.cpp:360]
  FFT_remainder: 73.7839 / 81326 = 0.000907261   [$ZHAO_SRC/ma_baseline/HElib-ma/src/CModulus.cpp:455]
  KS_loop: 35.3574 / 1299 = 0.0272189   [$ZHAO_SRC/ma_baseline/HElib-ma/src/Ctxt.cpp:219]
  KS_loop_1: 3.99635 / 1299 = 0.00307648   [$ZHAO_SRC/ma_baseline/HElib-ma/src/Ctxt.cpp:227]
  KS_loop_2: 4.38922 / 1299 = 0.00337892   [$ZHAO_SRC/ma_baseline/HElib-ma/src/Ctxt.cpp:231]
  KS_loop_3: 4.2057 / 1299 = 0.00323765   [$ZHAO_SRC/ma_baseline/HElib-ma/src/Ctxt.cpp:236]
  KS_loop_4: 2.77687 / 1299 = 0.0021377   [$ZHAO_SRC/ma_baseline/HElib-ma/src/Ctxt.cpp:240]
  NORM_VAL: 6.11909 / 1086 = 0.00563452   [$ZHAO_SRC/ma_baseline/HElib-ma/src/DoubleCRT.cpp:541]
  addCtxt: 32.2468 / 3308 = 0.00974812   [$ZHAO_SRC/ma_baseline/HElib-ma/src/Ctxt.cpp:1458]
  addPart: 13.5575 / 3322 = 0.00408114   [$ZHAO_SRC/ma_baseline/HElib-ma/src/Ctxt.cpp:905]
  addPrimes: 183.209 / 1087 = 0.168546   [$ZHAO_SRC/ma_baseline/HElib-ma/src/DoubleCRT.cpp:625]
  addPrimes_5: 191.739 / 1086 = 0.176555   [$ZHAO_SRC/ma_baseline/HElib-ma/src/DoubleCRT.cpp:518]
  automorph: 0.543178 / 69 = 0.00787214   [$ZHAO_SRC/ma_baseline/HElib-ma/src/Ctxt.cpp:2489]
  automorph: 11.1461 / 78 = 0.142899   [$ZHAO_SRC/ma_baseline/HElib-ma/src/matmul.cpp:117]
  breakIntoDigits: 195.272 / 362 = 0.539425   [$ZHAO_SRC/ma_baseline/HElib-ma/src/DoubleCRT.cpp:481]
  do_mul: 20.6322 / 7267 = 0.00283916   [$ZHAO_SRC/ma_baseline/HElib-ma/src/DoubleCRT.cpp:280]
  embedInSlots: 2.27849 / 17 = 0.134029   [$ZHAO_SRC/ma_baseline/HElib-ma/src/PAlgebra.cpp:947]
  extractDigitsPacked: 718.806 / 1 = 718.806   [$ZHAO_SRC/ma_baseline/HElib-ma/src/recryption.cpp:1244]
  extractDigitsThin: 689.115 / 18 = 38.2842   [$ZHAO_SRC/ma_baseline/HElib-ma/src/recryption.cpp:1547]
  frobeniusAutomorph: 12.2495 / 18 = 0.680525   [$ZHAO_SRC/ma_baseline/HElib-ma/src/Ctxt.cpp:2578]
  iFFT: 176.061 / 31605 = 0.00557068   [$ZHAO_SRC/ma_baseline/HElib-ma/src/CModulus.cpp:488]
  iFFT_division: 60.7949 / 31605 = 0.00192359   [$ZHAO_SRC/ma_baseline/HElib-ma/src/CModulus.cpp:570]
  keySwitchPart: 228.133 / 359 = 0.635469   [$ZHAO_SRC/ma_baseline/HElib-ma/src/Ctxt.cpp:836]
  modDownToSet: 459.025 / 1102 = 0.416538   [$ZHAO_SRC/ma_baseline/HElib-ma/src/Ctxt.cpp:409]
  mul_BlockMatMul1DExec: 71.9987 / 2 = 35.9994   [$ZHAO_SRC/ma_baseline/HElib-ma/src/matmul.cpp:1699]
  mul_MatMul1DExec: 27.8485 / 2 = 13.9243   [$ZHAO_SRC/ma_baseline/HElib-ma/src/matmul.cpp:975]
  multByConstant: 2.49091 / 18 = 0.138384   [$ZHAO_SRC/ma_baseline/HElib-ma/src/Ctxt.cpp:1910]
  multByConstant: 9.52063 / 1578 = 0.00603335   [$ZHAO_SRC/ma_baseline/HElib-ma/src/Ctxt.cpp:1884]
  multLowLvl: 312.055 / 378 = 0.825542   [$ZHAO_SRC/ma_baseline/HElib-ma/src/Ctxt.cpp:1733]
  multiplyBy: 313.043 / 180 = 1.73913   [$ZHAO_SRC/ma_baseline/HElib-ma/src/Ctxt.cpp:1809]
  privateAssign: 11.4296 / 2468 = 0.00463113   [$ZHAO_SRC/ma_baseline/HElib-ma/src/Ctxt.cpp:329]
  randomize: 16.1907 / 1299 = 0.012464   [$ZHAO_SRC/ma_baseline/HElib-ma/src/DoubleCRT.cpp:1318]
  randomize_stream: 9.10613 / 9558461 = 9.52677e-07   [$ZHAO_SRC/ma_baseline/HElib-ma/src/DoubleCRT.cpp:1348]
  reCrypt: 820.77 / 1 = 820.77   [$ZHAO_SRC/ma_baseline/HElib-ma/src/recryption.cpp:699]
  reLinearize: 395.584 / 532 = 0.74358   [$ZHAO_SRC/ma_baseline/HElib-ma/src/Ctxt.cpp:736]
  repack: 4.90795 / 1 = 4.90795   [$ZHAO_SRC/ma_baseline/HElib-ma/src/recryption.cpp:1331]
  smartAutomorph: 63.4329 / 69 = 0.919318   [$ZHAO_SRC/ma_baseline/HElib-ma/src/Ctxt.cpp:2514]
  toPoly: 237.984 / 3508 = 0.0678404   [$ZHAO_SRC/ma_baseline/HElib-ma/src/DoubleCRT.cpp:985]
  toPoly_CRT: 42.0775 / 3508 = 0.0119947   [$ZHAO_SRC/ma_baseline/HElib-ma/src/DoubleCRT.cpp:1052]
  toPoly_FFT: 192.735 / 3508 = 0.0549417   [$ZHAO_SRC/ma_baseline/HElib-ma/src/DoubleCRT.cpp:1030]
  unpack: 24.6536 / 1 = 24.6536   [$ZHAO_SRC/ma_baseline/HElib-ma/src/recryption.cpp:1249]
  unpack1: 1.7403 / 1 = 1.7403   [$ZHAO_SRC/ma_baseline/HElib-ma/src/recryption.cpp:1262]
  unpack2: 19.0429 / 1 = 19.0429   [$ZHAO_SRC/ma_baseline/HElib-ma/src/recryption.cpp:1273]
  unpack3: 3.32795 / 1 = 3.32795   [$ZHAO_SRC/ma_baseline/HElib-ma/src/recryption.cpp:1288]
  rusage.ru_maxrss=27266860
||||| stats |||||
KS-noise-ratio ave=0.00385433 max=1.04243
KS-noise-ratio-hoist ave=1.78791e-08 max=7.15162e-08
break-into-digits-ratio ave=0.325094 max=0.406402
excess-ctxtPrimes ave=5.43078 max=5.43078
excess-specialPrimes ave=4.50846 max=4.50846
mod-switch-added-noise ave=0.327869 max=0.418298
ptxt_rat_sk ave=0.177328 max=0.344775
raw-mod-switch-noise ave=0.331899 max=0.331899
window1-nchoices ave=2.96296 max=4
window1-out ave=0 max=0
window2-nchoices ave=5.12963 max=7
window2-out ave=0 max=0
||||| stats |||||
KS-noise-ratio ave=0.00385433 max=1.04243
KS-noise-ratio-hoist ave=1.78791e-08 max=7.15162e-08
break-into-digits-ratio ave=0.325094 max=0.406402
excess-ctxtPrimes ave=5.43078 max=5.43078
excess-specialPrimes ave=4.50846 max=4.50846
mod-switch-added-noise ave=0.327869 max=0.418298
ptxt_rat_sk ave=0.177328 max=0.344775
raw-mod-switch-noise ave=0.331899 max=0.331899
window1-nchoices ave=2.96296 max=4
window1-out ave=0 max=0
window2-nchoices ave=5.12963 max=7
window2-out ave=0 max=0
exit=0 for p=65537
Mon Sep  7 08:52:22 AM TZ 2026

ALL_RUNS_DONE
