########## O6BT pass1 :: BASELINE ##########
chosen idx = 3
encapHwt = 12
t for new bts is -1
new bts ? 1
new ks ? 1
thick bts ?0
repeat times = 1
force bsgs = 0
force hoist = 0
*** GTestFatboot: p=8191, r=1, bits=1320, t=0, c=3, m=45193 mvec=[43 1051], gens=[26276 32595], ords=[42 75]
Computing key-independent tables...using HELIB_EXPLICIT_AUX=90

t = -1
bound on I = 16.305335
log2(aux) = 6.491853
log2(beta) = 27.446094
log2(qks) >= 36.634716, final log2(qks) = 36.634751
log2(R) >= 27.445232, final log2(R) = 27.448942
INFO: total bits = 1786.76, security level = 78.5494deg of poly for non-power-of-p aux is 1223
security=78.5494
# small primes = 6
# ctxt primes = 23
# bits in ctxt primes = 1332
# special primes = 8
# bits in special primes = 455
scale=10
 done in 176.823 seconds
  e=0, e'=0, t=12
  m = 45193, p = 8191, phi(m) = 44100
  ord(p) = 14
  normBnd = 1.62042
  polyNormBnd = 4.65228
  factors = [43 1051]
  generator 26276 has order (== Z_m^*) of 42
  generator 32595 has order (== Z_m^*) of 75
r = 1
nslots = 3150
hwt = 120
ctxtPrimes = [6,7,8,9,10,11,12,13,14,15,16,17,18,19,20,21,22,23,24,25,26,27,28]
specialPrimes = [33,34,35,36,37,38,39,40]
number of bits = 1787

security level = 78.5494
Generating keys, Keys generated. Now genRecryptData...
computing key-dependent tables...Sparse boot key hwt = 12
genRecryptData done. recryptKeyID=1
lcAksBsgs=0 lcAksDelayed=0
Post-key setup done.
 done in 51.6309 seconds
Encrypt succeeded.
WARNING: KS-noise-ratio = 43.6507 > 1
WARNING: KS-noise-ratio = 13.383 > 1
WARNING: KS-noise-ratio = 5.28593 > 1
WARNING: KS-noise-ratio = 2.15429 > 1
WARNING: KS-noise-ratio = 1.72205 > 1
WARNING: KS-noise-ratio = 2.11014 > 1
WARNING: KS-noise-ratio = 106.382 > 1
WARNING: KS-noise-ratio = 10.9315 > 1
WARNING: KS-noise-ratio = 11.8407 > 1
WARNING: KS-noise-ratio = 12.5295 > 1
WARNING: KS-noise-ratio = 7.84329 > 1
WARNING: KS-noise-ratio = 6.87497 > 1
WARNING: KS-noise-ratio = 5.05494 > 1
time for linear1 = 3.515719, linear2 = 35.998577, extract = 171.945265, total = 213.441536
bits for linear1 = 51.749824, linear2 = 57.269759, extract = 321.263771, min cap = 9.188658, after cap = 907.209632, after prod = 1285.743161
cap / time = 3.964885

### summary over 1 test
time for linear1 = 3.515719, linear2 = 35.998577, extract = 171.945265, total = 213.441536
bits for linear1 = 51.749824, linear2 = 57.269759, extract = 321.263771, min cap = 9.188658, after cap = 907.209632, after prod = 1285.743161
cap / time = 3.964885


### bts finished, everything ok ###

  AAA_bootKeySwitch: 20.4027 / 1 = 20.4027   [/home/luck/xzy/0424project/github_order4_cleaner/src/HElib_auxradix_opt/src/recryption.cpp:1968]
  AAA_coeffToSlot: 17.1378 / 1 = 17.1378   [/home/luck/xzy/0424project/github_order4_cleaner/src/HElib_auxradix_opt/src/recryption.cpp:2396]
  AAA_embeddingLargest: 0.839745 / 300 = 0.00279915   [/home/luck/xzy/0424project/github_order4_cleaner/src/HElib_auxradix_opt/src/norms.cpp:250]
  AAA_embeddingLargest_x2: 0.657375 / 233 = 0.00282135   [/home/luck/xzy/0424project/github_order4_cleaner/src/HElib_auxradix_opt/src/norms.cpp:423]
  AAA_extractDigitsThin: 171.942 / 1 = 171.942   [/home/luck/xzy/0424project/github_order4_cleaner/src/HElib_auxradix_opt/src/recryption.cpp:2447]
  AAA_modDownEnbeddings: 0.780811 / 233 = 0.00335112   [/home/luck/xzy/0424project/github_order4_cleaner/src/HElib_auxradix_opt/src/Ctxt.cpp:506]
  AAA_slotToCoeff: 3.51566 / 1 = 3.51566   [/home/luck/xzy/0424project/github_order4_cleaner/src/HElib_auxradix_opt/src/recryption.cpp:1954]
  BasicAutomorphPrecon: 3.76971 / 8 = 0.471214   [/home/luck/xzy/0424project/github_order4_cleaner/src/HElib_auxradix_opt/src/matmul.cpp:90]
  BluesteinFFT: 89.0836 / 21956 = 0.00405737   [/home/luck/xzy/0424project/github_order4_cleaner/src/HElib_auxradix_opt/src/bluestein.cpp:141]
  Decrypt: 0.827517 / 1 = 0.827517   [/home/luck/xzy/0424project/github_order4_cleaner/src/HElib_auxradix_opt/src/keys.cpp:1362]
  DoubleCRT: 56.9697 / 524 = 0.108721   [/home/luck/xzy/0424project/github_order4_cleaner/src/HElib_auxradix_opt/src/DoubleCRT.cpp:718]
  FFT: 65.5947 / 15503 = 0.0042311   [/home/luck/xzy/0424project/github_order4_cleaner/src/HElib_auxradix_opt/src/CModulus.cpp:479]
  FFT: 82.8519 / 765 = 0.108303   [/home/luck/xzy/0424project/github_order4_cleaner/src/HElib_auxradix_opt/src/DoubleCRT.cpp:70]
  FFT: 82.8406 / 15503 = 0.00534352   [/home/luck/xzy/0424project/github_order4_cleaner/src/HElib_auxradix_opt/src/CModulus.cpp:448]
  FFT_aux: 65.5798 / 15503 = 0.00423014   [/home/luck/xzy/0424project/github_order4_cleaner/src/HElib_auxradix_opt/src/CModulus.cpp:360]
  FFT_remainder: 17.2336 / 15503 = 0.00111163   [/home/luck/xzy/0424project/github_order4_cleaner/src/HElib_auxradix_opt/src/CModulus.cpp:455]
  KS_loop: 16.7494 / 645 = 0.0259681   [/home/luck/xzy/0424project/github_order4_cleaner/src/HElib_auxradix_opt/src/Ctxt.cpp:219]
  KS_loop_1: 2.84959 / 645 = 0.00441796   [/home/luck/xzy/0424project/github_order4_cleaner/src/HElib_auxradix_opt/src/Ctxt.cpp:227]
  KS_loop_2: 1.92303 / 645 = 0.00298144   [/home/luck/xzy/0424project/github_order4_cleaner/src/HElib_auxradix_opt/src/Ctxt.cpp:231]
  KS_loop_3: 2.88283 / 645 = 0.0044695   [/home/luck/xzy/0424project/github_order4_cleaner/src/HElib_auxradix_opt/src/Ctxt.cpp:236]
  KS_loop_4: 0.9816 / 645 = 0.00152186   [/home/luck/xzy/0424project/github_order4_cleaner/src/HElib_auxradix_opt/src/Ctxt.cpp:240]
  NORM_VAL: 1.46444 / 241 = 0.00607653   [/home/luck/xzy/0424project/github_order4_cleaner/src/HElib_auxradix_opt/src/DoubleCRT.cpp:541]
  addCtxt: 24.6696 / 1628 = 0.0151533   [/home/luck/xzy/0424project/github_order4_cleaner/src/HElib_auxradix_opt/src/Ctxt.cpp:1529]
  addPart: 4.2104 / 1600 = 0.0026315   [/home/luck/xzy/0424project/github_order4_cleaner/src/HElib_auxradix_opt/src/Ctxt.cpp:976]
  addPrimes: 41.3315 / 242 = 0.170791   [/home/luck/xzy/0424project/github_order4_cleaner/src/HElib_auxradix_opt/src/DoubleCRT.cpp:625]
  addPrimes_5: 43.3798 / 241 = 0.179999   [/home/luck/xzy/0424project/github_order4_cleaner/src/HElib_auxradix_opt/src/DoubleCRT.cpp:518]
  automorph: 14.7369 / 179 = 0.0823289   [/home/luck/xzy/0424project/github_order4_cleaner/src/HElib_auxradix_opt/src/matmul.cpp:148]
  automorph: 0.079938 / 24 = 0.00333075   [/home/luck/xzy/0424project/github_order4_cleaner/src/HElib_auxradix_opt/src/Ctxt.cpp:2560]
  breakIntoDigits: 43.6168 / 87 = 0.501342   [/home/luck/xzy/0424project/github_order4_cleaner/src/HElib_auxradix_opt/src/DoubleCRT.cpp:481]
  decode: 21.2672 / 1 = 21.2672   [/home/luck/xzy/0424project/github_order4_cleaner/src/HElib_auxradix_opt/src/EncryptedArray.cpp:375]
  do_mul: 8.82792 / 2295 = 0.00384659   [/home/luck/xzy/0424project/github_order4_cleaner/src/HElib_auxradix_opt/src/DoubleCRT.cpp:280]
  extractDigitsThin: 171.942 / 1 = 171.942   [/home/luck/xzy/0424project/github_order4_cleaner/src/HElib_auxradix_opt/src/recryption.cpp:1597]
  iFFT: 44.7055 / 6453 = 0.00692787   [/home/luck/xzy/0424project/github_order4_cleaner/src/HElib_auxradix_opt/src/CModulus.cpp:488]
  iFFT_division: 16.4223 / 6453 = 0.00254491   [/home/luck/xzy/0424project/github_order4_cleaner/src/HElib_auxradix_opt/src/CModulus.cpp:570]
  keySwitchPart: 46.9756 / 80 = 0.587195   [/home/luck/xzy/0424project/github_order4_cleaner/src/HElib_auxradix_opt/src/Ctxt.cpp:907]
  modDownToSet: 110.487 / 259 = 0.426591   [/home/luck/xzy/0424project/github_order4_cleaner/src/HElib_auxradix_opt/src/Ctxt.cpp:409]
  mul_MatMul1DExec: 35.1224 / 6 = 5.85373   [/home/luck/xzy/0424project/github_order4_cleaner/src/HElib_auxradix_opt/src/matmul.cpp:1155]
  multByConstant: 1.97863 / 352 = 0.00562112   [/home/luck/xzy/0424project/github_order4_cleaner/src/HElib_auxradix_opt/src/Ctxt.cpp:1955]
  multByConstant: 0.098743 / 1 = 0.098743   [/home/luck/xzy/0424project/github_order4_cleaner/src/HElib_auxradix_opt/src/Ctxt.cpp:1981]
  multLowLvl: 74.6564 / 75 = 0.995419   [/home/luck/xzy/0424project/github_order4_cleaner/src/HElib_auxradix_opt/src/Ctxt.cpp:1804]
  multiplyBy: 52.6969 / 32 = 1.64678   [/home/luck/xzy/0424project/github_order4_cleaner/src/HElib_auxradix_opt/src/Ctxt.cpp:1880]
  privateAssign: 5.38259 / 889 = 0.00605465   [/home/luck/xzy/0424project/github_order4_cleaner/src/HElib_auxradix_opt/src/Ctxt.cpp:329]
  randomize: 6.80821 / 645 = 0.0105554   [/home/luck/xzy/0424project/github_order4_cleaner/src/HElib_auxradix_opt/src/DoubleCRT.cpp:1318]
  randomize_stream: 3.80331 / 3698913 = 1.02822e-06   [/home/luck/xzy/0424project/github_order4_cleaner/src/HElib_auxradix_opt/src/DoubleCRT.cpp:1348]
  reLinearize: 78.7201 / 144 = 0.546667   [/home/luck/xzy/0424project/github_order4_cleaner/src/HElib_auxradix_opt/src/Ctxt.cpp:736]
  smartAutomorph: 9.93681 / 24 = 0.414034   [/home/luck/xzy/0424project/github_order4_cleaner/src/HElib_auxradix_opt/src/Ctxt.cpp:2585]
  thinReCrypt: 213.443 / 1 = 213.443   [/home/luck/xzy/0424project/github_order4_cleaner/src/HElib_auxradix_opt/src/recryption.cpp:1872]
  toPoly: 59.8603 / 765 = 0.0782488   [/home/luck/xzy/0424project/github_order4_cleaner/src/HElib_auxradix_opt/src/DoubleCRT.cpp:985]
  toPoly_CRT: 10.4168 / 765 = 0.0136167   [/home/luck/xzy/0424project/github_order4_cleaner/src/HElib_auxradix_opt/src/DoubleCRT.cpp:1052]
  toPoly_FFT: 48.9087 / 765 = 0.0639329   [/home/luck/xzy/0424project/github_order4_cleaner/src/HElib_auxradix_opt/src/DoubleCRT.cpp:1030]
  rusage.ru_maxrss=8843928
||||| stats |||||
KS-noise-ratio ave=2.8842 max=106.382
KS-noise-ratio-hoist ave=657359 max=5.25887e+06
break-into-digits-ratio ave=0.320691 max=0.393221
excess-ctxtPrimes ave=11.6528 max=11.6528
excess-specialPrimes ave=0.654405 max=0.654405
mod-switch-added-noise ave=0.324359 max=0.378688
ptxt_rat_sk ave=0.00782145 max=0.00782145
ptxt_rat_sk ave=0.34509 max=0.34509
raw-mod-switch-noise ave=0.333602 max=0.333602
window1-nchoices ave=2.4 max=3
window1-out ave=0 max=0
window2-nchoices ave=3.54286 max=6
window2-out ave=0 max=0
||||| stats |||||
KS-noise-ratio ave=2.8842 max=106.382
KS-noise-ratio-hoist ave=657359 max=5.25887e+06
break-into-digits-ratio ave=0.320691 max=0.393221
excess-ctxtPrimes ave=11.6528 max=11.6528
excess-specialPrimes ave=0.654405 max=0.654405
mod-switch-added-noise ave=0.324359 max=0.378688
ptxt_rat_sk ave=0.00782145 max=0.00782145
ptxt_rat_sk ave=0.34509 max=0.34509
raw-mod-switch-noise ave=0.333602 max=0.333602
window1-nchoices ave=2.4 max=3
window1-out ave=0 max=0
window2-nchoices ave=3.54286 max=6
window2-out ave=0 max=0
exit=0 (BASELINE pass1)
########## O6BT pass1 :: ORDER6 ##########
chosen idx = 3
encapHwt = 12
t for new bts is -1
new bts ? 1
new ks ? 1
thick bts ?0
repeat times = 1
force bsgs = 0
force hoist = 0
*** GTestFatboot: p=8191, r=1, bits=1320, t=0, c=3, m=45193 mvec=[43 1051], gens=[26276 32595], ords=[42 75]
Computing key-independent tables...using HELIB_EXPLICIT_AUX=90

t = -1
bound on I = 16.305335
log2(aux) = 6.491853
log2(beta) = 27.446094
log2(qks) >= 36.634716, final log2(qks) = 36.634751
log2(R) >= 27.445232, final log2(R) = 27.448942
INFO: total bits = 1786.76, security level = 78.5494HELIB_ORDER6: A=8101 aux=90 |closure|=1837 (inflation 1.49959) deg(P)=1835 |folded|=306
deg of poly for non-power-of-p aux is 1835
security=78.5494
# small primes = 6
# ctxt primes = 23
# bits in ctxt primes = 1332
# special primes = 8
# bits in special primes = 455
scale=10
 done in 224.786 seconds
  e=0, e'=0, t=12
  m = 45193, p = 8191, phi(m) = 44100
  ord(p) = 14
  normBnd = 1.62042
  polyNormBnd = 4.65228
  factors = [43 1051]
  generator 26276 has order (== Z_m^*) of 42
  generator 32595 has order (== Z_m^*) of 75
r = 1
nslots = 3150
hwt = 120
ctxtPrimes = [6,7,8,9,10,11,12,13,14,15,16,17,18,19,20,21,22,23,24,25,26,27,28]
specialPrimes = [33,34,35,36,37,38,39,40]
number of bits = 1787

security level = 78.5494
Generating keys, Keys generated. Now genRecryptData...
computing key-dependent tables...Sparse boot key hwt = 12
genRecryptData done. recryptKeyID=1
lcAksBsgs=0 lcAksDelayed=0
Post-key setup done.
 done in 38.1993 seconds
Encrypt succeeded.
WARNING: KS-noise-ratio = 102.358 > 1
WARNING: KS-noise-ratio = 2.63804 > 1
WARNING: KS-noise-ratio = 2.08791 > 1
WARNING: KS-noise-ratio = 2.86999 > 1
WARNING: KS-noise-ratio = 2.08259 > 1
WARNING: KS-noise-ratio = 2.2178 > 1
WARNING: KS-noise-ratio = 1.51991 > 1
WARNING: KS-noise-ratio = 3.01621 > 1
WARNING: KS-noise-ratio = 2.48049 > 1
HELIB_AUX_ORDER4_EVAL enabled: order=6, deg(P)=1835, terms(P)=307, deg(Q)=305, terms(Q)=306
time for linear1 = 3.662240, linear2 = 44.077842, extract = 83.242292, total = 133.020982
bits for linear1 = 51.751623, linear2 = 57.300093, extract = 433.495814, min cap = 9.188658, after cap = 794.879621, after prod = 1285.675529
cap / time = 5.517470

### summary over 1 test
time for linear1 = 3.662240, linear2 = 44.077842, extract = 83.242292, total = 133.020982
bits for linear1 = 51.751623, linear2 = 57.300093, extract = 433.495814, min cap = 9.188658, after cap = 794.879621, after prod = 1285.675529
cap / time = 5.517470


### bts finished, everything ok ###

  AAA_bootKeySwitch: 24.4494 / 1 = 24.4494   [/home/luck/xzy/0424project/github_order4_cleaner/src/HElib_auxradix_opt/src/recryption.cpp:1968]
  AAA_coeffToSlot: 21.2744 / 1 = 21.2744   [/home/luck/xzy/0424project/github_order4_cleaner/src/HElib_auxradix_opt/src/recryption.cpp:2396]
  AAA_embeddingLargest: 0.629643 / 217 = 0.00290158   [/home/luck/xzy/0424project/github_order4_cleaner/src/HElib_auxradix_opt/src/norms.cpp:250]
  AAA_embeddingLargest_x2: 0.40707 / 152 = 0.00267809   [/home/luck/xzy/0424project/github_order4_cleaner/src/HElib_auxradix_opt/src/norms.cpp:423]
  AAA_extractDigitsThin: 83.2443 / 1 = 83.2443   [/home/luck/xzy/0424project/github_order4_cleaner/src/HElib_auxradix_opt/src/recryption.cpp:2447]
  AAA_modDownEnbeddings: 0.480493 / 152 = 0.00316114   [/home/luck/xzy/0424project/github_order4_cleaner/src/HElib_auxradix_opt/src/Ctxt.cpp:506]
  AAA_slotToCoeff: 3.66236 / 1 = 3.66236   [/home/luck/xzy/0424project/github_order4_cleaner/src/HElib_auxradix_opt/src/recryption.cpp:1954]
  BasicAutomorphPrecon: 4.1153 / 8 = 0.514413   [/home/luck/xzy/0424project/github_order4_cleaner/src/HElib_auxradix_opt/src/matmul.cpp:90]
  BluesteinFFT: 52.1575 / 13985 = 0.00372953   [/home/luck/xzy/0424project/github_order4_cleaner/src/HElib_auxradix_opt/src/bluestein.cpp:141]
  Decrypt: 0.759503 / 1 = 0.759503   [/home/luck/xzy/0424project/github_order4_cleaner/src/HElib_auxradix_opt/src/keys.cpp:1362]
  DoubleCRT: 31.2831 / 342 = 0.0914711   [/home/luck/xzy/0424project/github_order4_cleaner/src/HElib_auxradix_opt/src/DoubleCRT.cpp:718]
  FFT: 38.6626 / 9820 = 0.00393713   [/home/luck/xzy/0424project/github_order4_cleaner/src/HElib_auxradix_opt/src/CModulus.cpp:479]
  FFT: 49.5223 / 521 = 0.0950523   [/home/luck/xzy/0424project/github_order4_cleaner/src/HElib_auxradix_opt/src/DoubleCRT.cpp:70]
  FFT: 49.5115 / 9820 = 0.00504191   [/home/luck/xzy/0424project/github_order4_cleaner/src/HElib_auxradix_opt/src/CModulus.cpp:448]
  FFT_aux: 38.652 / 9820 = 0.00393604   [/home/luck/xzy/0424project/github_order4_cleaner/src/HElib_auxradix_opt/src/CModulus.cpp:360]
  FFT_remainder: 10.8388 / 9820 = 0.00110375   [/home/luck/xzy/0424project/github_order4_cleaner/src/HElib_auxradix_opt/src/CModulus.cpp:455]
  KS_loop: 16.8245 / 582 = 0.0289081   [/home/luck/xzy/0424project/github_order4_cleaner/src/HElib_auxradix_opt/src/Ctxt.cpp:219]
  KS_loop_1: 2.73749 / 582 = 0.00470359   [/home/luck/xzy/0424project/github_order4_cleaner/src/HElib_auxradix_opt/src/Ctxt.cpp:227]
  KS_loop_2: 2.36972 / 582 = 0.00407169   [/home/luck/xzy/0424project/github_order4_cleaner/src/HElib_auxradix_opt/src/Ctxt.cpp:231]
  KS_loop_3: 2.78963 / 582 = 0.00479318   [/home/luck/xzy/0424project/github_order4_cleaner/src/HElib_auxradix_opt/src/Ctxt.cpp:236]
  KS_loop_4: 1.09075 / 582 = 0.00187414   [/home/luck/xzy/0424project/github_order4_cleaner/src/HElib_auxradix_opt/src/Ctxt.cpp:240]
  NORM_VAL: 1.09353 / 178 = 0.00614343   [/home/luck/xzy/0424project/github_order4_cleaner/src/HElib_auxradix_opt/src/DoubleCRT.cpp:541]
  addConstant: 0.166018 / 22 = 0.00754627   [/home/luck/xzy/0424project/github_order4_cleaner/src/HElib_auxradix_opt/src/Ctxt.cpp:2268]
  addCtxt: 9.30082 / 711 = 0.0130813   [/home/luck/xzy/0424project/github_order4_cleaner/src/HElib_auxradix_opt/src/Ctxt.cpp:1529]
  addPart: 4.79176 / 1456 = 0.00329105   [/home/luck/xzy/0424project/github_order4_cleaner/src/HElib_auxradix_opt/src/Ctxt.cpp:976]
  addPrimes: 29.5609 / 179 = 0.165144   [/home/luck/xzy/0424project/github_order4_cleaner/src/HElib_auxradix_opt/src/DoubleCRT.cpp:625]
  addPrimes_5: 31.1228 / 178 = 0.174847   [/home/luck/xzy/0424project/github_order4_cleaner/src/HElib_auxradix_opt/src/DoubleCRT.cpp:518]
  automorph: 17.4051 / 179 = 0.097235   [/home/luck/xzy/0424project/github_order4_cleaner/src/HElib_auxradix_opt/src/matmul.cpp:148]
  automorph: 0.10033 / 24 = 0.00418042   [/home/luck/xzy/0424project/github_order4_cleaner/src/HElib_auxradix_opt/src/Ctxt.cpp:2560]
  breakIntoDigits: 31.3154 / 67 = 0.467394   [/home/luck/xzy/0424project/github_order4_cleaner/src/HElib_auxradix_opt/src/DoubleCRT.cpp:481]
  decode: 15.5046 / 1 = 15.5046   [/home/luck/xzy/0424project/github_order4_cleaner/src/HElib_auxradix_opt/src/EncryptedArray.cpp:375]
  do_mul: 8.56168 / 2045 = 0.00418664   [/home/luck/xzy/0424project/github_order4_cleaner/src/HElib_auxradix_opt/src/DoubleCRT.cpp:280]
  extractDigitsThin: 83.2443 / 1 = 83.2443   [/home/luck/xzy/0424project/github_order4_cleaner/src/HElib_auxradix_opt/src/recryption.cpp:1597]
  iFFT: 25.8376 / 4165 = 0.0062035   [/home/luck/xzy/0424project/github_order4_cleaner/src/HElib_auxradix_opt/src/CModulus.cpp:488]
  iFFT_division: 9.46379 / 4165 = 0.00227222   [/home/luck/xzy/0424project/github_order4_cleaner/src/HElib_auxradix_opt/src/CModulus.cpp:570]
  keySwitchPart: 32.5714 / 60 = 0.542856   [/home/luck/xzy/0424project/github_order4_cleaner/src/HElib_auxradix_opt/src/Ctxt.cpp:907]
  modDownToSet: 61.6404 / 178 = 0.346295   [/home/luck/xzy/0424project/github_order4_cleaner/src/HElib_auxradix_opt/src/Ctxt.cpp:409]
  mul_MatMul1DExec: 42.6381 / 6 = 7.10635   [/home/luck/xzy/0424project/github_order4_cleaner/src/HElib_auxradix_opt/src/matmul.cpp:1155]
  multByConstant: 2.50952 / 352 = 0.00712932   [/home/luck/xzy/0424project/github_order4_cleaner/src/HElib_auxradix_opt/src/Ctxt.cpp:1955]
  multByConstant: 0.1198 / 1 = 0.1198   [/home/luck/xzy/0424project/github_order4_cleaner/src/HElib_auxradix_opt/src/Ctxt.cpp:1981]
  multLowLvl: 36.5309 / 44 = 0.830247   [/home/luck/xzy/0424project/github_order4_cleaner/src/HElib_auxradix_opt/src/Ctxt.cpp:1804]
  multiplyBy: 41.4788 / 23 = 1.80343   [/home/luck/xzy/0424project/github_order4_cleaner/src/HElib_auxradix_opt/src/Ctxt.cpp:1880]
  privateAssign: 2.51931 / 480 = 0.00524856   [/home/luck/xzy/0424project/github_order4_cleaner/src/HElib_auxradix_opt/src/Ctxt.cpp:329]
  randomize: 6.40343 / 582 = 0.0110025   [/home/luck/xzy/0424project/github_order4_cleaner/src/HElib_auxradix_opt/src/DoubleCRT.cpp:1318]
  randomize_stream: 3.58472 / 3336143 = 1.07451e-06   [/home/luck/xzy/0424project/github_order4_cleaner/src/HElib_auxradix_opt/src/DoubleCRT.cpp:1348]
  reLinearize: 49.4178 / 119 = 0.415276   [/home/luck/xzy/0424project/github_order4_cleaner/src/HElib_auxradix_opt/src/Ctxt.cpp:736]
  smartAutomorph: 12.3498 / 24 = 0.514576   [/home/luck/xzy/0424project/github_order4_cleaner/src/HElib_auxradix_opt/src/Ctxt.cpp:2585]
  thinReCrypt: 133.03 / 1 = 133.03   [/home/luck/xzy/0424project/github_order4_cleaner/src/HElib_auxradix_opt/src/recryption.cpp:1872]
  toPoly: 36.4815 / 520 = 0.0701566   [/home/luck/xzy/0424project/github_order4_cleaner/src/HElib_auxradix_opt/src/DoubleCRT.cpp:985]
  toPoly_CRT: 6.4443 / 520 = 0.0123929   [/home/luck/xzy/0424project/github_order4_cleaner/src/HElib_auxradix_opt/src/DoubleCRT.cpp:1052]
  toPoly_FFT: 29.5693 / 520 = 0.056864   [/home/luck/xzy/0424project/github_order4_cleaner/src/HElib_auxradix_opt/src/DoubleCRT.cpp:1030]
  rusage.ru_maxrss=8607824
||||| stats |||||
KS-noise-ratio ave=2.03688 max=102.358
KS-noise-ratio-hoist ave=657625 max=5.26099e+06
break-into-digits-ratio ave=0.319941 max=0.390329
excess-ctxtPrimes ave=11.6528 max=11.6528
excess-specialPrimes ave=0.654405 max=0.654405
mod-switch-added-noise ave=0.322694 max=0.415499
ptxt_rat_sk ave=0.00898674 max=0.00898674
ptxt_rat_sk ave=0.328582 max=0.328582
raw-mod-switch-noise ave=0.332767 max=0.332767
window1-nchoices ave=2.5 max=3
window1-out ave=0 max=0
window2-nchoices ave=3.125 max=6
window2-out ave=0 max=0
||||| stats |||||
KS-noise-ratio ave=2.03688 max=102.358
KS-noise-ratio-hoist ave=657625 max=5.26099e+06
break-into-digits-ratio ave=0.319941 max=0.390329
excess-ctxtPrimes ave=11.6528 max=11.6528
excess-specialPrimes ave=0.654405 max=0.654405
mod-switch-added-noise ave=0.322694 max=0.415499
ptxt_rat_sk ave=0.00898674 max=0.00898674
ptxt_rat_sk ave=0.328582 max=0.328582
raw-mod-switch-noise ave=0.332767 max=0.332767
window1-nchoices ave=2.5 max=3
window1-out ave=0 max=0
window2-nchoices ave=3.125 max=6
window2-out ave=0 max=0
exit=0 (ORDER6 pass1)
########## O6BT pass1 :: ORDER6_COMPOSED ##########
chosen idx = 3
encapHwt = 12
t for new bts is -1
new bts ? 1
new ks ? 1
thick bts ?0
repeat times = 1
force bsgs = 0
force hoist = 0
*** GTestFatboot: p=8191, r=1, bits=1320, t=0, c=3, m=45193 mvec=[43 1051], gens=[26276 32595], ords=[42 75]
Computing key-independent tables...using HELIB_EXPLICIT_AUX=90

t = -1
bound on I = 16.305335
log2(aux) = 6.491853
log2(beta) = 27.446094
log2(qks) >= 36.634716, final log2(qks) = 36.634751
log2(R) >= 27.445232, final log2(R) = 27.448942
INFO: total bits = 1786.76, security level = 78.5494HELIB_ORDER6: A=8101 aux=90 |closure|=1837 (inflation 1.49959) deg(P)=1835 |folded|=306
HELIB_COMPOSED_EVAL: order=6 d=14 |folded support|=306 degQ=305 padded to n'=308
HELIB_COMPOSED_EVAL: norm form c=134 degC=22 (search 15.2212s)
deg of poly for non-power-of-p aux is 1835
security=78.5494
# small primes = 6
# ctxt primes = 23
# bits in ctxt primes = 1332
# special primes = 8
# bits in special primes = 455
scale=10
 done in 205.344 seconds
  e=0, e'=0, t=12
  m = 45193, p = 8191, phi(m) = 44100
  ord(p) = 14
  normBnd = 1.62042
  polyNormBnd = 4.65228
  factors = [43 1051]
  generator 26276 has order (== Z_m^*) of 42
  generator 32595 has order (== Z_m^*) of 75
r = 1
nslots = 3150
hwt = 120
ctxtPrimes = [6,7,8,9,10,11,12,13,14,15,16,17,18,19,20,21,22,23,24,25,26,27,28]
specialPrimes = [33,34,35,36,37,38,39,40]
number of bits = 1787

security level = 78.5494
Generating keys, Keys generated. Now genRecryptData...
computing key-dependent tables...Sparse boot key hwt = 12
genRecryptData done. recryptKeyID=1
lcAksBsgs=0 lcAksDelayed=0
Post-key setup done.
 done in 45.4125 seconds
Encrypt succeeded.
WARNING: KS-noise-ratio = 1.01903 > 1
WARNING: KS-noise-ratio = 97.702 > 1
WARNING: KS-noise-ratio = 16.8095 > 1
WARNING: KS-noise-ratio = 2.20942 > 1
WARNING: KS-noise-ratio = 2.80423 > 1
WARNING: KS-noise-ratio = 2.85143 > 1
WARNING: KS-noise-ratio = 2.87118 > 1
WARNING: KS-noise-ratio = 1.54234 > 1
WARNING: KS-noise-ratio = 1.28485 > 1
WARNING: KS-noise-ratio = 1.38733 > 1
HELIB_COMPOSED_EVAL active: order=6 degC=22 d=14
time for linear1 = 4.398244, linear2 = 45.230312, extract = 43.792473, total = 95.939009
bits for linear1 = 51.595235, linear2 = 57.313928, extract = 524.111857, min cap = 9.188658, after cap = 704.305336, after prod = 1285.731120
cap / time = 6.707610

### summary over 1 test
time for linear1 = 4.398244, linear2 = 45.230312, extract = 43.792473, total = 95.939009
bits for linear1 = 51.595235, linear2 = 57.313928, extract = 524.111857, min cap = 9.188658, after cap = 704.305336, after prod = 1285.731120
cap / time = 6.707610


### bts finished, everything ok ###

  AAA_bootKeySwitch: 25.6388 / 1 = 25.6388   [/home/luck/xzy/0424project/github_order4_cleaner/src/HElib_auxradix_opt/src/recryption.cpp:1968]
  AAA_coeffToSlot: 21.656 / 1 = 21.656   [/home/luck/xzy/0424project/github_order4_cleaner/src/HElib_auxradix_opt/src/recryption.cpp:2396]
  AAA_embeddingLargest: 0.530922 / 189 = 0.00280911   [/home/luck/xzy/0424project/github_order4_cleaner/src/HElib_auxradix_opt/src/norms.cpp:250]
  AAA_embeddingLargest_x2: 0.266761 / 94 = 0.00283788   [/home/luck/xzy/0424project/github_order4_cleaner/src/HElib_auxradix_opt/src/norms.cpp:423]
  AAA_extractDigitsThin: 43.7928 / 1 = 43.7928   [/home/luck/xzy/0424project/github_order4_cleaner/src/HElib_auxradix_opt/src/recryption.cpp:2447]
  AAA_modDownEnbeddings: 0.309701 / 94 = 0.00329469   [/home/luck/xzy/0424project/github_order4_cleaner/src/HElib_auxradix_opt/src/Ctxt.cpp:506]
  AAA_slotToCoeff: 4.39829 / 1 = 4.39829   [/home/luck/xzy/0424project/github_order4_cleaner/src/HElib_auxradix_opt/src/recryption.cpp:1954]
  BasicAutomorphPrecon: 5.12481 / 8 = 0.640601   [/home/luck/xzy/0424project/github_order4_cleaner/src/HElib_auxradix_opt/src/matmul.cpp:90]
  BluesteinFFT: 39.2146 / 9820 = 0.00399334   [/home/luck/xzy/0424project/github_order4_cleaner/src/HElib_auxradix_opt/src/bluestein.cpp:141]
  Decrypt: 0.720074 / 1 = 0.720074   [/home/luck/xzy/0424project/github_order4_cleaner/src/HElib_auxradix_opt/src/keys.cpp:1362]
  DoubleCRT: 22.4239 / 234 = 0.0958288   [/home/luck/xzy/0424project/github_order4_cleaner/src/HElib_auxradix_opt/src/DoubleCRT.cpp:718]
  FFT: 30.1516 / 7172 = 0.00420407   [/home/luck/xzy/0424project/github_order4_cleaner/src/HElib_auxradix_opt/src/CModulus.cpp:479]
  FFT: 37.6942 / 376 = 0.100251   [/home/luck/xzy/0424project/github_order4_cleaner/src/HElib_auxradix_opt/src/DoubleCRT.cpp:70]
  FFT: 37.6856 / 7172 = 0.00525455   [/home/luck/xzy/0424project/github_order4_cleaner/src/HElib_auxradix_opt/src/CModulus.cpp:448]
  FFT_aux: 30.1417 / 7172 = 0.00420269   [/home/luck/xzy/0424project/github_order4_cleaner/src/HElib_auxradix_opt/src/CModulus.cpp:360]
  FFT_remainder: 7.52646 / 7172 = 0.00104942   [/home/luck/xzy/0424project/github_order4_cleaner/src/HElib_auxradix_opt/src/CModulus.cpp:455]
  KS_loop: 16.4556 / 546 = 0.0301385   [/home/luck/xzy/0424project/github_order4_cleaner/src/HElib_auxradix_opt/src/Ctxt.cpp:219]
  KS_loop_1: 2.74524 / 546 = 0.0050279   [/home/luck/xzy/0424project/github_order4_cleaner/src/HElib_auxradix_opt/src/Ctxt.cpp:227]
  KS_loop_2: 2.18618 / 546 = 0.004004   [/home/luck/xzy/0424project/github_order4_cleaner/src/HElib_auxradix_opt/src/Ctxt.cpp:231]
  KS_loop_3: 2.76493 / 546 = 0.00506398   [/home/luck/xzy/0424project/github_order4_cleaner/src/HElib_auxradix_opt/src/Ctxt.cpp:236]
  KS_loop_4: 0.909158 / 546 = 0.00166512   [/home/luck/xzy/0424project/github_order4_cleaner/src/HElib_auxradix_opt/src/Ctxt.cpp:240]
  NORM_VAL: 0.879093 / 142 = 0.0061908   [/home/luck/xzy/0424project/github_order4_cleaner/src/HElib_auxradix_opt/src/DoubleCRT.cpp:541]
  addCtxt: 1.58696 / 428 = 0.00370786   [/home/luck/xzy/0424project/github_order4_cleaner/src/HElib_auxradix_opt/src/Ctxt.cpp:1529]
  addPart: 4.1929 / 1342 = 0.00312436   [/home/luck/xzy/0424project/github_order4_cleaner/src/HElib_auxradix_opt/src/Ctxt.cpp:976]
  addPrimes: 24.9353 / 143 = 0.174373   [/home/luck/xzy/0424project/github_order4_cleaner/src/HElib_auxradix_opt/src/DoubleCRT.cpp:625]
  addPrimes_5: 26.1791 / 142 = 0.18436   [/home/luck/xzy/0424project/github_order4_cleaner/src/HElib_auxradix_opt/src/DoubleCRT.cpp:518]
  automorph: 17.9263 / 179 = 0.100147   [/home/luck/xzy/0424project/github_order4_cleaner/src/HElib_auxradix_opt/src/matmul.cpp:148]
  automorph: 0.132156 / 29 = 0.0045571   [/home/luck/xzy/0424project/github_order4_cleaner/src/HElib_auxradix_opt/src/Ctxt.cpp:2560]
  breakIntoDigits: 26.3278 / 57 = 0.461892   [/home/luck/xzy/0424project/github_order4_cleaner/src/HElib_auxradix_opt/src/DoubleCRT.cpp:481]
  decode: 14.7421 / 1 = 14.7421   [/home/luck/xzy/0424project/github_order4_cleaner/src/HElib_auxradix_opt/src/EncryptedArray.cpp:375]
  do_mul: 8.25384 / 1909 = 0.00432365   [/home/luck/xzy/0424project/github_order4_cleaner/src/HElib_auxradix_opt/src/DoubleCRT.cpp:280]
  extractDigitsThin: 43.7928 / 1 = 43.7928   [/home/luck/xzy/0424project/github_order4_cleaner/src/HElib_auxradix_opt/src/recryption.cpp:1597]
  frobeniusAutomorph: 5.23571 / 5 = 1.04714   [/home/luck/xzy/0424project/github_order4_cleaner/src/HElib_auxradix_opt/src/Ctxt.cpp:2649]
  iFFT: 17.742 / 2648 = 0.00670016   [/home/luck/xzy/0424project/github_order4_cleaner/src/HElib_auxradix_opt/src/CModulus.cpp:488]
  iFFT_division: 6.5575 / 2648 = 0.0024764   [/home/luck/xzy/0424project/github_order4_cleaner/src/HElib_auxradix_opt/src/CModulus.cpp:570]
  keySwitchPart: 25.7922 / 50 = 0.515843   [/home/luck/xzy/0424project/github_order4_cleaner/src/HElib_auxradix_opt/src/Ctxt.cpp:907]
  modDownToSet: 37.9252 / 120 = 0.316044   [/home/luck/xzy/0424project/github_order4_cleaner/src/HElib_auxradix_opt/src/Ctxt.cpp:409]
  mul_MatMul1DExec: 43.7856 / 6 = 7.2976   [/home/luck/xzy/0424project/github_order4_cleaner/src/HElib_auxradix_opt/src/matmul.cpp:1155]
  multByConstant: 2.49954 / 370 = 0.00675552   [/home/luck/xzy/0424project/github_order4_cleaner/src/HElib_auxradix_opt/src/Ctxt.cpp:1955]
  multByConstant: 2.32689 / 19 = 0.122468   [/home/luck/xzy/0424project/github_order4_cleaner/src/HElib_auxradix_opt/src/Ctxt.cpp:1981]
  multLowLvl: 16.2778 / 19 = 0.856726   [/home/luck/xzy/0424project/github_order4_cleaner/src/HElib_auxradix_opt/src/Ctxt.cpp:1804]
  multiplyBy: 34.5373 / 19 = 1.81775   [/home/luck/xzy/0424project/github_order4_cleaner/src/HElib_auxradix_opt/src/Ctxt.cpp:1880]
  privateAssign: 0.508774 / 166 = 0.0030649   [/home/luck/xzy/0424project/github_order4_cleaner/src/HElib_auxradix_opt/src/Ctxt.cpp:329]
  randomize: 6.65393 / 546 = 0.0121867   [/home/luck/xzy/0424project/github_order4_cleaner/src/HElib_auxradix_opt/src/DoubleCRT.cpp:1318]
  randomize_stream: 3.69628 / 3128683 = 1.18142e-06   [/home/luck/xzy/0424project/github_order4_cleaner/src/HElib_auxradix_opt/src/DoubleCRT.cpp:1348]
  reLinearize: 36.1427 / 111 = 0.32561   [/home/luck/xzy/0424project/github_order4_cleaner/src/HElib_auxradix_opt/src/Ctxt.cpp:736]
  smartAutomorph: 17.4089 / 29 = 0.600307   [/home/luck/xzy/0424project/github_order4_cleaner/src/HElib_auxradix_opt/src/Ctxt.cpp:2585]
  thinReCrypt: 95.9446 / 1 = 95.9446   [/home/luck/xzy/0424project/github_order4_cleaner/src/HElib_auxradix_opt/src/recryption.cpp:1872]
  toPoly: 24.5476 / 353 = 0.0695399   [/home/luck/xzy/0424project/github_order4_cleaner/src/HElib_auxradix_opt/src/DoubleCRT.cpp:985]
  toPoly_CRT: 4.50719 / 353 = 0.0127683   [/home/luck/xzy/0424project/github_order4_cleaner/src/HElib_auxradix_opt/src/DoubleCRT.cpp:1052]
  toPoly_FFT: 19.7679 / 353 = 0.0559998   [/home/luck/xzy/0424project/github_order4_cleaner/src/HElib_auxradix_opt/src/DoubleCRT.cpp:1030]
  rusage.ru_maxrss=8271232
||||| stats |||||
KS-noise-ratio ave=2.63317 max=97.702
KS-noise-ratio-hoist ave=730548 max=5.84438e+06
break-into-digits-ratio ave=0.319292 max=0.395388
excess-ctxtPrimes ave=11.6528 max=11.6528
excess-specialPrimes ave=0.654405 max=0.654405
mod-switch-added-noise ave=0.327253 max=0.413641
ptxt_rat_sk ave=0.0083488 max=0.0083488
ptxt_rat_sk ave=0.342802 max=0.342802
raw-mod-switch-noise ave=0.308895 max=0.308895
window1-nchoices ave=2.5 max=3
window1-out ave=0 max=0
window2-nchoices ave=3.11765 max=6
window2-out ave=0 max=0
||||| stats |||||
KS-noise-ratio ave=2.63317 max=97.702
KS-noise-ratio-hoist ave=730548 max=5.84438e+06
break-into-digits-ratio ave=0.319292 max=0.395388
excess-ctxtPrimes ave=11.6528 max=11.6528
excess-specialPrimes ave=0.654405 max=0.654405
mod-switch-added-noise ave=0.327253 max=0.413641
ptxt_rat_sk ave=0.0083488 max=0.0083488
ptxt_rat_sk ave=0.342802 max=0.342802
raw-mod-switch-noise ave=0.308895 max=0.308895
window1-nchoices ave=2.5 max=3
window1-out ave=0 max=0
window2-nchoices ave=3.11765 max=6
window2-out ave=0 max=0
exit=0 (ORDER6_COMPOSED pass1)
########## O6BT pass2 :: BASELINE ##########
chosen idx = 3
encapHwt = 12
t for new bts is -1
new bts ? 1
new ks ? 1
thick bts ?0
repeat times = 1
force bsgs = 0
force hoist = 0
*** GTestFatboot: p=8191, r=1, bits=1320, t=0, c=3, m=45193 mvec=[43 1051], gens=[26276 32595], ords=[42 75]
Computing key-independent tables...using HELIB_EXPLICIT_AUX=90

t = -1
bound on I = 16.305335
log2(aux) = 6.491853
log2(beta) = 27.446094
log2(qks) >= 36.634716, final log2(qks) = 36.634751
log2(R) >= 27.445232, final log2(R) = 27.448942
INFO: total bits = 1786.76, security level = 78.5494deg of poly for non-power-of-p aux is 1223
security=78.5494
# small primes = 6
# ctxt primes = 23
# bits in ctxt primes = 1332
# special primes = 8
# bits in special primes = 455
scale=10
 done in 215.942 seconds
  e=0, e'=0, t=12
  m = 45193, p = 8191, phi(m) = 44100
  ord(p) = 14
  normBnd = 1.62042
  polyNormBnd = 4.65228
  factors = [43 1051]
  generator 26276 has order (== Z_m^*) of 42
  generator 32595 has order (== Z_m^*) of 75
r = 1
nslots = 3150
hwt = 120
ctxtPrimes = [6,7,8,9,10,11,12,13,14,15,16,17,18,19,20,21,22,23,24,25,26,27,28]
specialPrimes = [33,34,35,36,37,38,39,40]
number of bits = 1787

security level = 78.5494
Generating keys, Keys generated. Now genRecryptData...
computing key-dependent tables...Sparse boot key hwt = 12
genRecryptData done. recryptKeyID=1
lcAksBsgs=0 lcAksDelayed=0
Post-key setup done.
 done in 56.6959 seconds
Encrypt succeeded.
WARNING: KS-noise-ratio = 47.8489 > 1
WARNING: KS-noise-ratio = 2.45238 > 1
WARNING: KS-noise-ratio = 1.36756 > 1
WARNING: KS-noise-ratio = 1.88502 > 1
WARNING: KS-noise-ratio = 2.03733 > 1
WARNING: KS-noise-ratio = 1.88291 > 1
WARNING: KS-noise-ratio = 112.594 > 1
WARNING: KS-noise-ratio = 2.55687 > 1
WARNING: KS-noise-ratio = 2.05306 > 1
WARNING: KS-noise-ratio = 2.14979 > 1
WARNING: KS-noise-ratio = 1.91253 > 1
WARNING: KS-noise-ratio = 1.8559 > 1
WARNING: KS-noise-ratio = 1.73939 > 1
time for linear1 = 5.449528, linear2 = 54.909179, extract = 197.005225, total = 260.319722
bits for linear1 = 51.761655, linear2 = 57.309351, extract = 321.126012, min cap = 9.188658, after cap = 907.288834, after prod = 1285.724198
cap / time = 3.251150

### summary over 1 test
time for linear1 = 5.449528, linear2 = 54.909179, extract = 197.005225, total = 260.319722
bits for linear1 = 51.761655, linear2 = 57.309351, extract = 321.126012, min cap = 9.188658, after cap = 907.288834, after prod = 1285.724198
cap / time = 3.251150


### bts finished, everything ok ###

  AAA_bootKeySwitch: 31.2755 / 1 = 31.2755   [/home/luck/xzy/0424project/github_order4_cleaner/src/HElib_auxradix_opt/src/recryption.cpp:1968]
  AAA_coeffToSlot: 26.0179 / 1 = 26.0179   [/home/luck/xzy/0424project/github_order4_cleaner/src/HElib_auxradix_opt/src/recryption.cpp:2396]
  AAA_embeddingLargest: 1.08082 / 300 = 0.00360274   [/home/luck/xzy/0424project/github_order4_cleaner/src/HElib_auxradix_opt/src/norms.cpp:250]
  AAA_embeddingLargest_x2: 0.761762 / 233 = 0.00326936   [/home/luck/xzy/0424project/github_order4_cleaner/src/HElib_auxradix_opt/src/norms.cpp:423]
  AAA_extractDigitsThin: 197.005 / 1 = 197.005   [/home/luck/xzy/0424project/github_order4_cleaner/src/HElib_auxradix_opt/src/recryption.cpp:2447]
  AAA_modDownEnbeddings: 0.912365 / 233 = 0.00391573   [/home/luck/xzy/0424project/github_order4_cleaner/src/HElib_auxradix_opt/src/Ctxt.cpp:506]
  AAA_slotToCoeff: 5.44954 / 1 = 5.44954   [/home/luck/xzy/0424project/github_order4_cleaner/src/HElib_auxradix_opt/src/recryption.cpp:1954]
  BasicAutomorphPrecon: 5.86157 / 8 = 0.732696   [/home/luck/xzy/0424project/github_order4_cleaner/src/HElib_auxradix_opt/src/matmul.cpp:90]
  BluesteinFFT: 107.397 / 22008 = 0.0048799   [/home/luck/xzy/0424project/github_order4_cleaner/src/HElib_auxradix_opt/src/bluestein.cpp:141]
  Decrypt: 0.831503 / 1 = 0.831503   [/home/luck/xzy/0424project/github_order4_cleaner/src/HElib_auxradix_opt/src/keys.cpp:1362]
  DoubleCRT: 68.2395 / 524 = 0.130228   [/home/luck/xzy/0424project/github_order4_cleaner/src/HElib_auxradix_opt/src/DoubleCRT.cpp:718]
  FFT: 79.7583 / 15503 = 0.0051447   [/home/luck/xzy/0424project/github_order4_cleaner/src/HElib_auxradix_opt/src/CModulus.cpp:479]
  FFT: 102.67 / 765 = 0.134209   [/home/luck/xzy/0424project/github_order4_cleaner/src/HElib_auxradix_opt/src/DoubleCRT.cpp:70]
  FFT: 102.646 / 15503 = 0.00662107   [/home/luck/xzy/0424project/github_order4_cleaner/src/HElib_auxradix_opt/src/CModulus.cpp:448]
  FFT_aux: 79.7279 / 15503 = 0.00514274   [/home/luck/xzy/0424project/github_order4_cleaner/src/HElib_auxradix_opt/src/CModulus.cpp:360]
  FFT_remainder: 22.8674 / 15503 = 0.00147503   [/home/luck/xzy/0424project/github_order4_cleaner/src/HElib_auxradix_opt/src/CModulus.cpp:455]
  KS_loop: 24.0424 / 645 = 0.037275   [/home/luck/xzy/0424project/github_order4_cleaner/src/HElib_auxradix_opt/src/Ctxt.cpp:219]
  KS_loop_1: 4.18733 / 645 = 0.00649199   [/home/luck/xzy/0424project/github_order4_cleaner/src/HElib_auxradix_opt/src/Ctxt.cpp:227]
  KS_loop_2: 2.63463 / 645 = 0.0040847   [/home/luck/xzy/0424project/github_order4_cleaner/src/HElib_auxradix_opt/src/Ctxt.cpp:231]
  KS_loop_3: 4.19738 / 645 = 0.00650757   [/home/luck/xzy/0424project/github_order4_cleaner/src/HElib_auxradix_opt/src/Ctxt.cpp:236]
  KS_loop_4: 1.2054 / 645 = 0.00186884   [/home/luck/xzy/0424project/github_order4_cleaner/src/HElib_auxradix_opt/src/Ctxt.cpp:240]
  NORM_VAL: 1.91716 / 241 = 0.00795502   [/home/luck/xzy/0424project/github_order4_cleaner/src/HElib_auxradix_opt/src/DoubleCRT.cpp:541]
  addCtxt: 24.7047 / 1628 = 0.0151749   [/home/luck/xzy/0424project/github_order4_cleaner/src/HElib_auxradix_opt/src/Ctxt.cpp:1529]
  addPart: 5.57503 / 1600 = 0.00348439   [/home/luck/xzy/0424project/github_order4_cleaner/src/HElib_auxradix_opt/src/Ctxt.cpp:976]
  addPrimes: 54.701 / 242 = 0.226037   [/home/luck/xzy/0424project/github_order4_cleaner/src/HElib_auxradix_opt/src/DoubleCRT.cpp:625]
  addPrimes_5: 57.3738 / 241 = 0.238066   [/home/luck/xzy/0424project/github_order4_cleaner/src/HElib_auxradix_opt/src/DoubleCRT.cpp:518]
  automorph: 21.8381 / 179 = 0.122001   [/home/luck/xzy/0424project/github_order4_cleaner/src/HElib_auxradix_opt/src/matmul.cpp:148]
  automorph: 0.12255 / 24 = 0.00510625   [/home/luck/xzy/0424project/github_order4_cleaner/src/HElib_auxradix_opt/src/Ctxt.cpp:2560]
  breakIntoDigits: 57.6922 / 87 = 0.663129   [/home/luck/xzy/0424project/github_order4_cleaner/src/HElib_auxradix_opt/src/DoubleCRT.cpp:481]
  decode: 21.3438 / 1 = 21.3438   [/home/luck/xzy/0424project/github_order4_cleaner/src/HElib_auxradix_opt/src/EncryptedArray.cpp:375]
  do_mul: 12.7702 / 2295 = 0.00556434   [/home/luck/xzy/0424project/github_order4_cleaner/src/HElib_auxradix_opt/src/DoubleCRT.cpp:280]
  extractDigitsThin: 197.005 / 1 = 197.005   [/home/luck/xzy/0424project/github_order4_cleaner/src/HElib_auxradix_opt/src/recryption.cpp:1597]
  iFFT: 53.0455 / 6505 = 0.00815458   [/home/luck/xzy/0424project/github_order4_cleaner/src/HElib_auxradix_opt/src/CModulus.cpp:488]
  iFFT_division: 19.5956 / 6505 = 0.00301239   [/home/luck/xzy/0424project/github_order4_cleaner/src/HElib_auxradix_opt/src/CModulus.cpp:570]
  keySwitchPart: 61.3384 / 80 = 0.76673   [/home/luck/xzy/0424project/github_order4_cleaner/src/HElib_auxradix_opt/src/Ctxt.cpp:907]
  modDownToSet: 130.894 / 259 = 0.505383   [/home/luck/xzy/0424project/github_order4_cleaner/src/HElib_auxradix_opt/src/Ctxt.cpp:409]
  mul_MatMul1DExec: 53.8465 / 6 = 8.97442   [/home/luck/xzy/0424project/github_order4_cleaner/src/HElib_auxradix_opt/src/matmul.cpp:1155]
  multByConstant: 3.07427 / 352 = 0.00873373   [/home/luck/xzy/0424project/github_order4_cleaner/src/HElib_auxradix_opt/src/Ctxt.cpp:1955]
  multByConstant: 0.150288 / 1 = 0.150288   [/home/luck/xzy/0424project/github_order4_cleaner/src/HElib_auxradix_opt/src/Ctxt.cpp:1981]
  multLowLvl: 85.0318 / 75 = 1.13376   [/home/luck/xzy/0424project/github_order4_cleaner/src/HElib_auxradix_opt/src/Ctxt.cpp:1804]
  multiplyBy: 79.7986 / 32 = 2.4937   [/home/luck/xzy/0424project/github_order4_cleaner/src/HElib_auxradix_opt/src/Ctxt.cpp:1880]
  privateAssign: 5.52297 / 889 = 0.00621257   [/home/luck/xzy/0424project/github_order4_cleaner/src/HElib_auxradix_opt/src/Ctxt.cpp:329]
  randomize: 10.1208 / 645 = 0.0156911   [/home/luck/xzy/0424project/github_order4_cleaner/src/HElib_auxradix_opt/src/DoubleCRT.cpp:1318]
  randomize_stream: 5.66436 / 3698678 = 1.53146e-06   [/home/luck/xzy/0424project/github_order4_cleaner/src/HElib_auxradix_opt/src/DoubleCRT.cpp:1348]
  reLinearize: 98.9714 / 144 = 0.687302   [/home/luck/xzy/0424project/github_order4_cleaner/src/HElib_auxradix_opt/src/Ctxt.cpp:736]
  smartAutomorph: 15.4709 / 24 = 0.64462   [/home/luck/xzy/0424project/github_order4_cleaner/src/HElib_auxradix_opt/src/Ctxt.cpp:2585]
  thinReCrypt: 260.325 / 1 = 260.325   [/home/luck/xzy/0424project/github_order4_cleaner/src/HElib_auxradix_opt/src/recryption.cpp:1872]
  toPoly: 71.8909 / 765 = 0.093975   [/home/luck/xzy/0424project/github_order4_cleaner/src/HElib_auxradix_opt/src/DoubleCRT.cpp:985]
  toPoly_CRT: 12.5706 / 765 = 0.0164321   [/home/luck/xzy/0424project/github_order4_cleaner/src/HElib_auxradix_opt/src/DoubleCRT.cpp:1052]
  toPoly_FFT: 58.6819 / 765 = 0.0767083   [/home/luck/xzy/0424project/github_order4_cleaner/src/HElib_auxradix_opt/src/DoubleCRT.cpp:1030]
  rusage.ru_maxrss=8843732
||||| stats |||||
KS-noise-ratio ave=2.29049 max=112.594
KS-noise-ratio-hoist ave=613223 max=4.90577e+06
break-into-digits-ratio ave=0.321743 max=0.384746
excess-ctxtPrimes ave=11.6528 max=11.6528
excess-specialPrimes ave=0.654405 max=0.654405
mod-switch-added-noise ave=0.328318 max=0.396202
ptxt_rat_sk ave=0.00752892 max=0.00752892
ptxt_rat_sk ave=0.343075 max=0.343075
raw-mod-switch-noise ave=0.338357 max=0.338357
window1-nchoices ave=2.4 max=3
window1-out ave=0 max=0
window2-nchoices ave=3.37143 max=6
window2-out ave=0 max=0
||||| stats |||||
KS-noise-ratio ave=2.29049 max=112.594
KS-noise-ratio-hoist ave=613223 max=4.90577e+06
break-into-digits-ratio ave=0.321743 max=0.384746
excess-ctxtPrimes ave=11.6528 max=11.6528
excess-specialPrimes ave=0.654405 max=0.654405
mod-switch-added-noise ave=0.328318 max=0.396202
ptxt_rat_sk ave=0.00752892 max=0.00752892
ptxt_rat_sk ave=0.343075 max=0.343075
raw-mod-switch-noise ave=0.338357 max=0.338357
window1-nchoices ave=2.4 max=3
window1-out ave=0 max=0
window2-nchoices ave=3.37143 max=6
window2-out ave=0 max=0
exit=0 (BASELINE pass2)
########## O6BT pass2 :: ORDER6 ##########
chosen idx = 3
encapHwt = 12
t for new bts is -1
new bts ? 1
new ks ? 1
thick bts ?0
repeat times = 1
force bsgs = 0
force hoist = 0
*** GTestFatboot: p=8191, r=1, bits=1320, t=0, c=3, m=45193 mvec=[43 1051], gens=[26276 32595], ords=[42 75]
Computing key-independent tables...using HELIB_EXPLICIT_AUX=90

t = -1
bound on I = 16.305335
log2(aux) = 6.491853
log2(beta) = 27.446094
log2(qks) >= 36.634716, final log2(qks) = 36.634751
log2(R) >= 27.445232, final log2(R) = 27.448942
INFO: total bits = 1786.76, security level = 78.5494HELIB_ORDER6: A=8101 aux=90 |closure|=1837 (inflation 1.49959) deg(P)=1835 |folded|=306
deg of poly for non-power-of-p aux is 1835
security=78.5494
# small primes = 6
# ctxt primes = 23
# bits in ctxt primes = 1332
# special primes = 8
# bits in special primes = 455
scale=10
 done in 264.125 seconds
  e=0, e'=0, t=12
  m = 45193, p = 8191, phi(m) = 44100
  ord(p) = 14
  normBnd = 1.62042
  polyNormBnd = 4.65228
  factors = [43 1051]
  generator 26276 has order (== Z_m^*) of 42
  generator 32595 has order (== Z_m^*) of 75
r = 1
nslots = 3150
hwt = 120
ctxtPrimes = [6,7,8,9,10,11,12,13,14,15,16,17,18,19,20,21,22,23,24,25,26,27,28]
specialPrimes = [33,34,35,36,37,38,39,40]
number of bits = 1787

security level = 78.5494
Generating keys, Keys generated. Now genRecryptData...
computing key-dependent tables...Sparse boot key hwt = 12
genRecryptData done. recryptKeyID=1
lcAksBsgs=0 lcAksDelayed=0
Post-key setup done.
 done in 47.2948 seconds
Encrypt succeeded.
WARNING: KS-noise-ratio = 1.02596 > 1
WARNING: KS-noise-ratio = 103.934 > 1
WARNING: KS-noise-ratio = 2.51715 > 1
WARNING: KS-noise-ratio = 2.17813 > 1
WARNING: KS-noise-ratio = 2.62289 > 1
WARNING: KS-noise-ratio = 1.85377 > 1
WARNING: KS-noise-ratio = 1.93789 > 1
WARNING: KS-noise-ratio = 2.05701 > 1
WARNING: KS-noise-ratio = 2.5283 > 1
WARNING: KS-noise-ratio = 2.09088 > 1
HELIB_AUX_ORDER4_EVAL enabled: order=6, deg(P)=1835, terms(P)=307, deg(Q)=305, terms(Q)=306
time for linear1 = 4.843562, linear2 = 50.617949, extract = 90.935064, total = 148.942027
bits for linear1 = 51.712700, linear2 = 57.259338, extract = 433.827908, min cap = 9.188658, after cap = 794.582652, after prod = 1285.669897
cap / time = 4.925952

### summary over 1 test
time for linear1 = 4.843562, linear2 = 50.617949, extract = 90.935064, total = 148.942027
bits for linear1 = 51.712700, linear2 = 57.259338, extract = 433.827908, min cap = 9.188658, after cap = 794.582652, after prod = 1285.669897
cap / time = 4.925952


### bts finished, everything ok ###

  AAA_bootKeySwitch: 29.0475 / 1 = 29.0475   [/home/luck/xzy/0424project/github_order4_cleaner/src/HElib_auxradix_opt/src/recryption.cpp:1968]
  AAA_coeffToSlot: 23.6072 / 1 = 23.6072   [/home/luck/xzy/0424project/github_order4_cleaner/src/HElib_auxradix_opt/src/recryption.cpp:2396]
  AAA_embeddingLargest: 0.690949 / 217 = 0.0031841   [/home/luck/xzy/0424project/github_order4_cleaner/src/HElib_auxradix_opt/src/norms.cpp:250]
  AAA_embeddingLargest_x2: 0.43631 / 152 = 0.00287046   [/home/luck/xzy/0424project/github_order4_cleaner/src/HElib_auxradix_opt/src/norms.cpp:423]
  AAA_extractDigitsThin: 90.9345 / 1 = 90.9345   [/home/luck/xzy/0424project/github_order4_cleaner/src/HElib_auxradix_opt/src/recryption.cpp:2447]
  AAA_modDownEnbeddings: 0.517827 / 152 = 0.00340676   [/home/luck/xzy/0424project/github_order4_cleaner/src/HElib_auxradix_opt/src/Ctxt.cpp:506]
  AAA_slotToCoeff: 4.84354 / 1 = 4.84354   [/home/luck/xzy/0424project/github_order4_cleaner/src/HElib_auxradix_opt/src/recryption.cpp:1954]
  BasicAutomorphPrecon: 5.08386 / 8 = 0.635482   [/home/luck/xzy/0424project/github_order4_cleaner/src/HElib_auxradix_opt/src/matmul.cpp:90]
  BluesteinFFT: 58.1466 / 13985 = 0.00415778   [/home/luck/xzy/0424project/github_order4_cleaner/src/HElib_auxradix_opt/src/bluestein.cpp:141]
  Decrypt: 0.772311 / 1 = 0.772311   [/home/luck/xzy/0424project/github_order4_cleaner/src/HElib_auxradix_opt/src/keys.cpp:1362]
  DoubleCRT: 34.4847 / 342 = 0.100832   [/home/luck/xzy/0424project/github_order4_cleaner/src/HElib_auxradix_opt/src/DoubleCRT.cpp:718]
  FFT: 43.0427 / 9820 = 0.00438317   [/home/luck/xzy/0424project/github_order4_cleaner/src/HElib_auxradix_opt/src/CModulus.cpp:479]
  FFT: 55.0896 / 521 = 0.105738   [/home/luck/xzy/0424project/github_order4_cleaner/src/HElib_auxradix_opt/src/DoubleCRT.cpp:70]
  FFT: 55.0771 / 9820 = 0.00560866   [/home/luck/xzy/0424project/github_order4_cleaner/src/HElib_auxradix_opt/src/CModulus.cpp:448]
  FFT_aux: 43.0297 / 9820 = 0.00438185   [/home/luck/xzy/0424project/github_order4_cleaner/src/HElib_auxradix_opt/src/CModulus.cpp:360]
  FFT_remainder: 12.0215 / 9820 = 0.00122418   [/home/luck/xzy/0424project/github_order4_cleaner/src/HElib_auxradix_opt/src/CModulus.cpp:455]
  KS_loop: 19.8003 / 582 = 0.0340212   [/home/luck/xzy/0424project/github_order4_cleaner/src/HElib_auxradix_opt/src/Ctxt.cpp:219]
  KS_loop_1: 3.1443 / 582 = 0.00540258   [/home/luck/xzy/0424project/github_order4_cleaner/src/HElib_auxradix_opt/src/Ctxt.cpp:227]
  KS_loop_2: 2.76247 / 582 = 0.00474651   [/home/luck/xzy/0424project/github_order4_cleaner/src/HElib_auxradix_opt/src/Ctxt.cpp:231]
  KS_loop_3: 3.6517 / 582 = 0.0062744   [/home/luck/xzy/0424project/github_order4_cleaner/src/HElib_auxradix_opt/src/Ctxt.cpp:236]
  KS_loop_4: 1.13986 / 582 = 0.00195853   [/home/luck/xzy/0424project/github_order4_cleaner/src/HElib_auxradix_opt/src/Ctxt.cpp:240]
  NORM_VAL: 1.2113 / 178 = 0.00680504   [/home/luck/xzy/0424project/github_order4_cleaner/src/HElib_auxradix_opt/src/DoubleCRT.cpp:541]
  addConstant: 0.186631 / 22 = 0.00848323   [/home/luck/xzy/0424project/github_order4_cleaner/src/HElib_auxradix_opt/src/Ctxt.cpp:2268]
  addCtxt: 10.3471 / 711 = 0.0145529   [/home/luck/xzy/0424project/github_order4_cleaner/src/HElib_auxradix_opt/src/Ctxt.cpp:1529]
  addPart: 5.50304 / 1456 = 0.00377956   [/home/luck/xzy/0424project/github_order4_cleaner/src/HElib_auxradix_opt/src/Ctxt.cpp:976]
  addPrimes: 33.1712 / 179 = 0.185314   [/home/luck/xzy/0424project/github_order4_cleaner/src/HElib_auxradix_opt/src/DoubleCRT.cpp:625]
  addPrimes_5: 34.871 / 178 = 0.195905   [/home/luck/xzy/0424project/github_order4_cleaner/src/HElib_auxradix_opt/src/DoubleCRT.cpp:518]
  automorph: 20.8709 / 179 = 0.116597   [/home/luck/xzy/0424project/github_order4_cleaner/src/HElib_auxradix_opt/src/matmul.cpp:148]
  automorph: 0.108288 / 24 = 0.004512   [/home/luck/xzy/0424project/github_order4_cleaner/src/HElib_auxradix_opt/src/Ctxt.cpp:2560]
  breakIntoDigits: 35.0815 / 67 = 0.523605   [/home/luck/xzy/0424project/github_order4_cleaner/src/HElib_auxradix_opt/src/DoubleCRT.cpp:481]
  decode: 17.5492 / 1 = 17.5492   [/home/luck/xzy/0424project/github_order4_cleaner/src/HElib_auxradix_opt/src/EncryptedArray.cpp:375]
  do_mul: 10.5293 / 2045 = 0.00514881   [/home/luck/xzy/0424project/github_order4_cleaner/src/HElib_auxradix_opt/src/DoubleCRT.cpp:280]
  extractDigitsThin: 90.9345 / 1 = 90.9345   [/home/luck/xzy/0424project/github_order4_cleaner/src/HElib_auxradix_opt/src/recryption.cpp:1597]
  iFFT: 28.8764 / 4165 = 0.00693312   [/home/luck/xzy/0424project/github_order4_cleaner/src/HElib_auxradix_opt/src/CModulus.cpp:488]
  iFFT_division: 10.6629 / 4165 = 0.00256012   [/home/luck/xzy/0424project/github_order4_cleaner/src/HElib_auxradix_opt/src/CModulus.cpp:570]
  keySwitchPart: 36.0753 / 60 = 0.601254   [/home/luck/xzy/0424project/github_order4_cleaner/src/HElib_auxradix_opt/src/Ctxt.cpp:907]
  modDownToSet: 67.6207 / 178 = 0.379891   [/home/luck/xzy/0424project/github_order4_cleaner/src/HElib_auxradix_opt/src/Ctxt.cpp:409]
  mul_MatMul1DExec: 49.7151 / 6 = 8.28585   [/home/luck/xzy/0424project/github_order4_cleaner/src/HElib_auxradix_opt/src/matmul.cpp:1155]
  multByConstant: 3.13759 / 352 = 0.00891362   [/home/luck/xzy/0424project/github_order4_cleaner/src/HElib_auxradix_opt/src/Ctxt.cpp:1955]
  multByConstant: 0.130716 / 1 = 0.130716   [/home/luck/xzy/0424project/github_order4_cleaner/src/HElib_auxradix_opt/src/Ctxt.cpp:1981]
  multLowLvl: 39.6201 / 44 = 0.900457   [/home/luck/xzy/0424project/github_order4_cleaner/src/HElib_auxradix_opt/src/Ctxt.cpp:1804]
  multiplyBy: 45.0115 / 23 = 1.95702   [/home/luck/xzy/0424project/github_order4_cleaner/src/HElib_auxradix_opt/src/Ctxt.cpp:1880]
  privateAssign: 2.79889 / 480 = 0.00583102   [/home/luck/xzy/0424project/github_order4_cleaner/src/HElib_auxradix_opt/src/Ctxt.cpp:329]
  randomize: 7.52582 / 582 = 0.012931   [/home/luck/xzy/0424project/github_order4_cleaner/src/HElib_auxradix_opt/src/DoubleCRT.cpp:1318]
  randomize_stream: 4.2022 / 3336202 = 1.25958e-06   [/home/luck/xzy/0424project/github_order4_cleaner/src/HElib_auxradix_opt/src/DoubleCRT.cpp:1348]
  reLinearize: 54.5726 / 119 = 0.458593   [/home/luck/xzy/0424project/github_order4_cleaner/src/HElib_auxradix_opt/src/Ctxt.cpp:736]
  smartAutomorph: 13.8062 / 24 = 0.57526   [/home/luck/xzy/0424project/github_order4_cleaner/src/HElib_auxradix_opt/src/Ctxt.cpp:2585]
  thinReCrypt: 148.947 / 1 = 148.947   [/home/luck/xzy/0424project/github_order4_cleaner/src/HElib_auxradix_opt/src/recryption.cpp:1872]
  toPoly: 39.9383 / 520 = 0.0768044   [/home/luck/xzy/0424project/github_order4_cleaner/src/HElib_auxradix_opt/src/DoubleCRT.cpp:985]
  toPoly_CRT: 7.04001 / 520 = 0.0135385   [/home/luck/xzy/0424project/github_order4_cleaner/src/HElib_auxradix_opt/src/DoubleCRT.cpp:1052]
  toPoly_FFT: 32.4316 / 520 = 0.0623684   [/home/luck/xzy/0424project/github_order4_cleaner/src/HElib_auxradix_opt/src/DoubleCRT.cpp:1030]
  rusage.ru_maxrss=8608500
||||| stats |||||
KS-noise-ratio ave=2.04577 max=103.934
KS-noise-ratio-hoist ave=557254 max=4.45803e+06
break-into-digits-ratio ave=0.317213 max=0.379241
excess-ctxtPrimes ave=11.6528 max=11.6528
excess-specialPrimes ave=0.654405 max=0.654405
mod-switch-added-noise ave=0.322666 max=0.378864
ptxt_rat_sk ave=0.00765351 max=0.00765351
ptxt_rat_sk ave=0.335872 max=0.335872
raw-mod-switch-noise ave=0.343321 max=0.343321
window1-nchoices ave=2.5 max=3
window1-out ave=0 max=0
window2-nchoices ave=3.075 max=6
window2-out ave=0 max=0
||||| stats |||||
KS-noise-ratio ave=2.04577 max=103.934
KS-noise-ratio-hoist ave=557254 max=4.45803e+06
break-into-digits-ratio ave=0.317213 max=0.379241
excess-ctxtPrimes ave=11.6528 max=11.6528
excess-specialPrimes ave=0.654405 max=0.654405
mod-switch-added-noise ave=0.322666 max=0.378864
ptxt_rat_sk ave=0.00765351 max=0.00765351
ptxt_rat_sk ave=0.335872 max=0.335872
raw-mod-switch-noise ave=0.343321 max=0.343321
window1-nchoices ave=2.5 max=3
window1-out ave=0 max=0
window2-nchoices ave=3.075 max=6
window2-out ave=0 max=0
exit=0 (ORDER6 pass2)
########## O6BT pass2 :: ORDER6_COMPOSED ##########
chosen idx = 3
encapHwt = 12
t for new bts is -1
new bts ? 1
new ks ? 1
thick bts ?0
repeat times = 1
force bsgs = 0
force hoist = 0
*** GTestFatboot: p=8191, r=1, bits=1320, t=0, c=3, m=45193 mvec=[43 1051], gens=[26276 32595], ords=[42 75]
Computing key-independent tables...using HELIB_EXPLICIT_AUX=90

t = -1
bound on I = 16.305335
log2(aux) = 6.491853
log2(beta) = 27.446094
log2(qks) >= 36.634716, final log2(qks) = 36.634751
log2(R) >= 27.445232, final log2(R) = 27.448942
INFO: total bits = 1786.76, security level = 78.5494HELIB_ORDER6: A=8101 aux=90 |closure|=1837 (inflation 1.49959) deg(P)=1835 |folded|=306
HELIB_COMPOSED_EVAL: order=6 d=14 |folded support|=306 degQ=305 padded to n'=308
HELIB_COMPOSED_EVAL: norm form c=134 degC=22 (search 14.4248s)
deg of poly for non-power-of-p aux is 1835
security=78.5494
# small primes = 6
# ctxt primes = 23
# bits in ctxt primes = 1332
# special primes = 8
# bits in special primes = 455
scale=10
 done in 222.775 seconds
  e=0, e'=0, t=12
  m = 45193, p = 8191, phi(m) = 44100
  ord(p) = 14
  normBnd = 1.62042
  polyNormBnd = 4.65228
  factors = [43 1051]
  generator 26276 has order (== Z_m^*) of 42
  generator 32595 has order (== Z_m^*) of 75
r = 1
nslots = 3150
hwt = 120
ctxtPrimes = [6,7,8,9,10,11,12,13,14,15,16,17,18,19,20,21,22,23,24,25,26,27,28]
specialPrimes = [33,34,35,36,37,38,39,40]
number of bits = 1787

security level = 78.5494
Generating keys, Keys generated. Now genRecryptData...
computing key-dependent tables...Sparse boot key hwt = 12
genRecryptData done. recryptKeyID=1
lcAksBsgs=0 lcAksDelayed=0
Post-key setup done.
 done in 44.9702 seconds
Encrypt succeeded.
WARNING: KS-noise-ratio = 1.01188 > 1
WARNING: KS-noise-ratio = 94.6549 > 1
WARNING: KS-noise-ratio = 2.38066 > 1
WARNING: KS-noise-ratio = 2.09383 > 1
WARNING: KS-noise-ratio = 2.975 > 1
WARNING: KS-noise-ratio = 3.00183 > 1
WARNING: KS-noise-ratio = 3.21105 > 1
WARNING: KS-noise-ratio = 1.51367 > 1
WARNING: KS-noise-ratio = 1.66908 > 1
WARNING: KS-noise-ratio = 1.34697 > 1
HELIB_COMPOSED_EVAL active: order=6 degC=22 d=14
time for linear1 = 4.362030, linear2 = 47.249684, extract = 45.996027, total = 99.981069
bits for linear1 = 51.727700, linear2 = 57.383074, extract = 524.088027, min cap = 9.188658, after cap = 704.323843, after prod = 1285.794944
cap / time = 6.435293

### summary over 1 test
time for linear1 = 4.362030, linear2 = 47.249684, extract = 45.996027, total = 99.981069
bits for linear1 = 51.727700, linear2 = 57.383074, extract = 524.088027, min cap = 9.188658, after cap = 704.323843, after prod = 1285.794944
cap / time = 6.435293


### bts finished, everything ok ###

  AAA_bootKeySwitch: 27.0512 / 1 = 27.0512   [/home/luck/xzy/0424project/github_order4_cleaner/src/HElib_auxradix_opt/src/recryption.cpp:1968]
  AAA_coeffToSlot: 22.123 / 1 = 22.123   [/home/luck/xzy/0424project/github_order4_cleaner/src/HElib_auxradix_opt/src/recryption.cpp:2396]
  AAA_embeddingLargest: 0.552489 / 189 = 0.00292322   [/home/luck/xzy/0424project/github_order4_cleaner/src/HElib_auxradix_opt/src/norms.cpp:250]
  AAA_embeddingLargest_x2: 0.275005 / 94 = 0.00292559   [/home/luck/xzy/0424project/github_order4_cleaner/src/HElib_auxradix_opt/src/norms.cpp:423]
  AAA_extractDigitsThin: 45.9957 / 1 = 45.9957   [/home/luck/xzy/0424project/github_order4_cleaner/src/HElib_auxradix_opt/src/recryption.cpp:2447]
  AAA_modDownEnbeddings: 0.322406 / 94 = 0.00342985   [/home/luck/xzy/0424project/github_order4_cleaner/src/HElib_auxradix_opt/src/Ctxt.cpp:506]
  AAA_slotToCoeff: 4.36201 / 1 = 4.36201   [/home/luck/xzy/0424project/github_order4_cleaner/src/HElib_auxradix_opt/src/recryption.cpp:1954]
  BasicAutomorphPrecon: 4.86526 / 8 = 0.608157   [/home/luck/xzy/0424project/github_order4_cleaner/src/HElib_auxradix_opt/src/matmul.cpp:90]
  BluesteinFFT: 40.8199 / 9827 = 0.00415385   [/home/luck/xzy/0424project/github_order4_cleaner/src/HElib_auxradix_opt/src/bluestein.cpp:141]
  Decrypt: 0.775183 / 1 = 0.775183   [/home/luck/xzy/0424project/github_order4_cleaner/src/HElib_auxradix_opt/src/keys.cpp:1362]
  DoubleCRT: 23.1859 / 234 = 0.099085   [/home/luck/xzy/0424project/github_order4_cleaner/src/HElib_auxradix_opt/src/DoubleCRT.cpp:718]
  FFT: 31.3991 / 7172 = 0.00437802   [/home/luck/xzy/0424project/github_order4_cleaner/src/HElib_auxradix_opt/src/CModulus.cpp:479]
  FFT: 38.7955 / 376 = 0.10318   [/home/luck/xzy/0424project/github_order4_cleaner/src/HElib_auxradix_opt/src/DoubleCRT.cpp:70]
  FFT: 38.7883 / 7172 = 0.0054083   [/home/luck/xzy/0424project/github_order4_cleaner/src/HElib_auxradix_opt/src/CModulus.cpp:448]
  FFT_aux: 31.3906 / 7172 = 0.00437683   [/home/luck/xzy/0424project/github_order4_cleaner/src/HElib_auxradix_opt/src/CModulus.cpp:360]
  FFT_remainder: 7.38178 / 7172 = 0.00102925   [/home/luck/xzy/0424project/github_order4_cleaner/src/HElib_auxradix_opt/src/CModulus.cpp:455]
  KS_loop: 17.8254 / 546 = 0.0326472   [/home/luck/xzy/0424project/github_order4_cleaner/src/HElib_auxradix_opt/src/Ctxt.cpp:219]
  KS_loop_1: 2.96487 / 546 = 0.00543017   [/home/luck/xzy/0424project/github_order4_cleaner/src/HElib_auxradix_opt/src/Ctxt.cpp:227]
  KS_loop_2: 2.29709 / 546 = 0.00420713   [/home/luck/xzy/0424project/github_order4_cleaner/src/HElib_auxradix_opt/src/Ctxt.cpp:231]
  KS_loop_3: 3.08472 / 546 = 0.00564966   [/home/luck/xzy/0424project/github_order4_cleaner/src/HElib_auxradix_opt/src/Ctxt.cpp:236]
  KS_loop_4: 0.961484 / 546 = 0.00176096   [/home/luck/xzy/0424project/github_order4_cleaner/src/HElib_auxradix_opt/src/Ctxt.cpp:240]
  NORM_VAL: 0.910203 / 142 = 0.00640988   [/home/luck/xzy/0424project/github_order4_cleaner/src/HElib_auxradix_opt/src/DoubleCRT.cpp:541]
  addCtxt: 1.70289 / 428 = 0.00397872   [/home/luck/xzy/0424project/github_order4_cleaner/src/HElib_auxradix_opt/src/Ctxt.cpp:1529]
  addPart: 4.41402 / 1342 = 0.00328913   [/home/luck/xzy/0424project/github_order4_cleaner/src/HElib_auxradix_opt/src/Ctxt.cpp:976]
  addPrimes: 25.4522 / 143 = 0.177987   [/home/luck/xzy/0424project/github_order4_cleaner/src/HElib_auxradix_opt/src/DoubleCRT.cpp:625]
  addPrimes_5: 26.7263 / 142 = 0.188214   [/home/luck/xzy/0424project/github_order4_cleaner/src/HElib_auxradix_opt/src/DoubleCRT.cpp:518]
  automorph: 19.3588 / 179 = 0.10815   [/home/luck/xzy/0424project/github_order4_cleaner/src/HElib_auxradix_opt/src/matmul.cpp:148]
  automorph: 0.146512 / 29 = 0.00505214   [/home/luck/xzy/0424project/github_order4_cleaner/src/HElib_auxradix_opt/src/Ctxt.cpp:2560]
  breakIntoDigits: 26.8696 / 57 = 0.471396   [/home/luck/xzy/0424project/github_order4_cleaner/src/HElib_auxradix_opt/src/DoubleCRT.cpp:481]
  decode: 18.7041 / 1 = 18.7041   [/home/luck/xzy/0424project/github_order4_cleaner/src/HElib_auxradix_opt/src/EncryptedArray.cpp:375]
  do_mul: 9.10658 / 1909 = 0.00477034   [/home/luck/xzy/0424project/github_order4_cleaner/src/HElib_auxradix_opt/src/DoubleCRT.cpp:280]
  extractDigitsThin: 45.9957 / 1 = 45.9957   [/home/luck/xzy/0424project/github_order4_cleaner/src/HElib_auxradix_opt/src/recryption.cpp:1597]
  frobeniusAutomorph: 5.11203 / 5 = 1.02241   [/home/luck/xzy/0424project/github_order4_cleaner/src/HElib_auxradix_opt/src/Ctxt.cpp:2649]
  iFFT: 18.4092 / 2655 = 0.0069338   [/home/luck/xzy/0424project/github_order4_cleaner/src/HElib_auxradix_opt/src/CModulus.cpp:488]
  iFFT_division: 6.79597 / 2655 = 0.00255969   [/home/luck/xzy/0424project/github_order4_cleaner/src/HElib_auxradix_opt/src/CModulus.cpp:570]
  keySwitchPart: 26.7817 / 50 = 0.535634   [/home/luck/xzy/0424project/github_order4_cleaner/src/HElib_auxradix_opt/src/Ctxt.cpp:907]
  modDownToSet: 39.0844 / 120 = 0.325703   [/home/luck/xzy/0424project/github_order4_cleaner/src/HElib_auxradix_opt/src/Ctxt.cpp:409]
  mul_MatMul1DExec: 46.027 / 6 = 7.67117   [/home/luck/xzy/0424project/github_order4_cleaner/src/HElib_auxradix_opt/src/matmul.cpp:1155]
  multByConstant: 2.7918 / 370 = 0.0075454   [/home/luck/xzy/0424project/github_order4_cleaner/src/HElib_auxradix_opt/src/Ctxt.cpp:1955]
  multByConstant: 2.54549 / 19 = 0.133973   [/home/luck/xzy/0424project/github_order4_cleaner/src/HElib_auxradix_opt/src/Ctxt.cpp:1981]
  multLowLvl: 17.2566 / 19 = 0.908243   [/home/luck/xzy/0424project/github_order4_cleaner/src/HElib_auxradix_opt/src/Ctxt.cpp:1804]
  multiplyBy: 36.5131 / 19 = 1.92174   [/home/luck/xzy/0424project/github_order4_cleaner/src/HElib_auxradix_opt/src/Ctxt.cpp:1880]
  privateAssign: 0.525779 / 166 = 0.00316734   [/home/luck/xzy/0424project/github_order4_cleaner/src/HElib_auxradix_opt/src/Ctxt.cpp:329]
  randomize: 7.22818 / 546 = 0.0132384   [/home/luck/xzy/0424project/github_order4_cleaner/src/HElib_auxradix_opt/src/DoubleCRT.cpp:1318]
  randomize_stream: 4.03564 / 3128644 = 1.2899e-06   [/home/luck/xzy/0424project/github_order4_cleaner/src/HElib_auxradix_opt/src/DoubleCRT.cpp:1348]
  reLinearize: 37.5343 / 111 = 0.338147   [/home/luck/xzy/0424project/github_order4_cleaner/src/HElib_auxradix_opt/src/Ctxt.cpp:736]
  smartAutomorph: 17.8588 / 29 = 0.615822   [/home/luck/xzy/0424project/github_order4_cleaner/src/HElib_auxradix_opt/src/Ctxt.cpp:2585]
  thinReCrypt: 99.9854 / 1 = 99.9854   [/home/luck/xzy/0424project/github_order4_cleaner/src/HElib_auxradix_opt/src/recryption.cpp:1872]
  toPoly: 25.2592 / 353 = 0.0715558   [/home/luck/xzy/0424project/github_order4_cleaner/src/HElib_auxradix_opt/src/DoubleCRT.cpp:985]
  toPoly_CRT: 4.57048 / 353 = 0.0129475   [/home/luck/xzy/0424project/github_order4_cleaner/src/HElib_auxradix_opt/src/DoubleCRT.cpp:1052]
  toPoly_FFT: 20.413 / 353 = 0.0578272   [/home/luck/xzy/0424project/github_order4_cleaner/src/HElib_auxradix_opt/src/DoubleCRT.cpp:1030]
  rusage.ru_maxrss=8270888
||||| stats |||||
KS-noise-ratio ave=2.301 max=94.6549
KS-noise-ratio-hoist ave=661804 max=5.29443e+06
break-into-digits-ratio ave=0.317885 max=0.388825
excess-ctxtPrimes ave=11.6528 max=11.6528
excess-specialPrimes ave=0.654405 max=0.654405
mod-switch-added-noise ave=0.322994 max=0.37676
ptxt_rat_sk ave=0.00788082 max=0.00788082
ptxt_rat_sk ave=0.341975 max=0.341975
raw-mod-switch-noise ave=0.332298 max=0.332298
window1-nchoices ave=2.5 max=3
window1-out ave=0 max=0
window2-nchoices ave=2.94118 max=6
window2-out ave=0 max=0
||||| stats |||||
KS-noise-ratio ave=2.301 max=94.6549
KS-noise-ratio-hoist ave=661804 max=5.29443e+06
break-into-digits-ratio ave=0.317885 max=0.388825
excess-ctxtPrimes ave=11.6528 max=11.6528
excess-specialPrimes ave=0.654405 max=0.654405
mod-switch-added-noise ave=0.322994 max=0.37676
ptxt_rat_sk ave=0.00788082 max=0.00788082
ptxt_rat_sk ave=0.341975 max=0.341975
raw-mod-switch-noise ave=0.332298 max=0.332298
window1-nchoices ave=2.5 max=3
window1-out ave=0 max=0
window2-nchoices ave=2.94118 max=6
window2-out ave=0 max=0
exit=0 (ORDER6_COMPOSED pass2)
O6BT_DONE
