chosen idx = 3
encapHwt = 12
t for new bts is -1
new bts ? 1
new ks ? 1
thick bts ?0
repeat times = 1
force bsgs = 0
force hoist = 0
*** GTestFatboot: p=8191, r=1, bits=1320, t=0, c=3, m=45193 mvec=[43 1051], gens=[26276 32595], ords=[42 75]
Computing key-independent tables...using HELIB_EXPLICIT_AUX=90

t = -1
bound on I = 16.305335
log2(aux) = 6.491853
log2(beta) = 27.446094
log2(qks) >= 36.634716, final log2(qks) = 36.634751
log2(R) >= 27.445232, final log2(R) = 27.448942
INFO: total bits = 1786.76, security level = 78.5494HELIB_ORDER6: A=8101 aux=90 |closure|=1837 (inflation 1.49959) deg(P)=1835 |folded|=306
deg of poly for non-power-of-p aux is 1835
security=78.5494
# small primes = 6
# ctxt primes = 23
# bits in ctxt primes = 1332
# special primes = 8
# bits in special primes = 455
scale=10
 done in 180.736 seconds
  e=0, e'=0, t=12
  m = 45193, p = 8191, phi(m) = 44100
  ord(p) = 14
  normBnd = 1.62042
  polyNormBnd = 4.65228
  factors = [43 1051]
  generator 26276 has order (== Z_m^*) of 42
  generator 32595 has order (== Z_m^*) of 75
r = 1
nslots = 3150
hwt = 120
ctxtPrimes = [6,7,8,9,10,11,12,13,14,15,16,17,18,19,20,21,22,23,24,25,26,27,28]
specialPrimes = [33,34,35,36,37,38,39,40]
number of bits = 1787

security level = 78.5494
Generating keys, Keys generated. Now genRecryptData...
computing key-dependent tables...Sparse boot key hwt = 12
genRecryptData done. recryptKeyID=1
lcAksBsgs=0 lcAksDelayed=0
Post-key setup done.
 done in 45.6537 seconds
Encrypt succeeded.
WARNING: KS-noise-ratio = 88.1977 > 1
WARNING: KS-noise-ratio = 19.4308 > 1
WARNING: KS-noise-ratio = 2.19741 > 1
WARNING: KS-noise-ratio = 2.84002 > 1
WARNING: KS-noise-ratio = 1.90118 > 1
WARNING: KS-noise-ratio = 1.99997 > 1
WARNING: KS-noise-ratio = 2.11313 > 1
WARNING: KS-noise-ratio = 2.36772 > 1
WARNING: KS-noise-ratio = 1.81815 > 1
HELIB_AUX_ORDER4_EVAL enabled: order=6, deg(P)=1835, terms(P)=307, deg(Q)=305, terms(Q)=306
time for linear1 = 3.686152, linear2 = 37.737077, extract = 135.763812, total = 179.194789
bits for linear1 = 51.721573, linear2 = 57.239430, extract = 433.581415, min cap = 9.188658, after cap = 794.825854, after prod = 1285.646698
cap / time = 4.095630

### summary over 1 test
time for linear1 = 3.686152, linear2 = 37.737077, extract = 135.763812, total = 179.194789
bits for linear1 = 51.721573, linear2 = 57.239430, extract = 433.581415, min cap = 9.188658, after cap = 794.825854, after prod = 1285.646698
cap / time = 4.095630


### bts finished, everything ok ###

  AAA_bootKeySwitch: 21.4387 / 1 = 21.4387   [$HELIB_SRC/src/recryption.cpp:1968]
  AAA_coeffToSlot: 17.9039 / 1 = 17.9039   [$HELIB_SRC/src/recryption.cpp:2396]
  AAA_embeddingLargest: 0.708014 / 217 = 0.00326274   [$HELIB_SRC/src/norms.cpp:250]
  AAA_embeddingLargest_x2: 0.519155 / 152 = 0.00341549   [$HELIB_SRC/src/norms.cpp:423]
  AAA_extractDigitsThin: 135.761 / 1 = 135.761   [$HELIB_SRC/src/recryption.cpp:2447]
  AAA_modDownEnbeddings: 0.618414 / 152 = 0.00406851   [$HELIB_SRC/src/Ctxt.cpp:506]
  AAA_slotToCoeff: 3.68607 / 1 = 3.68607   [$HELIB_SRC/src/recryption.cpp:1954]
  BasicAutomorphPrecon: 3.95374 / 8 = 0.494218   [$HELIB_SRC/src/matmul.cpp:90]
  BluesteinFFT: 74.8853 / 13978 = 0.00535737   [$HELIB_SRC/src/bluestein.cpp:141]
  Decrypt: 2.21383 / 1 = 2.21383   [$HELIB_SRC/src/keys.cpp:1362]
  DoubleCRT: 46.5267 / 342 = 0.136043   [$HELIB_SRC/src/DoubleCRT.cpp:718]
  FFT: 54.4083 / 9820 = 0.00554056   [$HELIB_SRC/src/CModulus.cpp:479]
  FFT: 68.7542 / 521 = 0.131966   [$HELIB_SRC/src/DoubleCRT.cpp:70]
  FFT: 68.7415 / 9820 = 0.00700016   [$HELIB_SRC/src/CModulus.cpp:448]
  FFT_aux: 54.3893 / 9820 = 0.00553863   [$HELIB_SRC/src/CModulus.cpp:360]
  FFT_remainder: 14.3209 / 9820 = 0.00145834   [$HELIB_SRC/src/CModulus.cpp:455]
  KS_loop: 15.9935 / 582 = 0.0274802   [$HELIB_SRC/src/Ctxt.cpp:219]
  KS_loop_1: 2.66576 / 582 = 0.00458035   [$HELIB_SRC/src/Ctxt.cpp:227]
  KS_loop_2: 2.02338 / 582 = 0.0034766   [$HELIB_SRC/src/Ctxt.cpp:231]
  KS_loop_3: 2.6805 / 582 = 0.00460567   [$HELIB_SRC/src/Ctxt.cpp:236]
  KS_loop_4: 0.91801 / 582 = 0.00157734   [$HELIB_SRC/src/Ctxt.cpp:240]
  NORM_VAL: 1.27629 / 178 = 0.00717017   [$HELIB_SRC/src/DoubleCRT.cpp:541]
  addConstant: 0.339486 / 22 = 0.0154312   [$HELIB_SRC/src/Ctxt.cpp:2268]
  addCtxt: 17.4613 / 711 = 0.0245588   [$HELIB_SRC/src/Ctxt.cpp:1529]
  addPart: 4.23183 / 1456 = 0.00290648   [$HELIB_SRC/src/Ctxt.cpp:976]
  addPrimes: 35.8907 / 179 = 0.200507   [$HELIB_SRC/src/DoubleCRT.cpp:625]
  addPrimes_5: 37.6712 / 178 = 0.211636   [$HELIB_SRC/src/DoubleCRT.cpp:518]
  automorph: 15.2005 / 179 = 0.084919   [$HELIB_SRC/src/matmul.cpp:148]
  automorph: 0.085355 / 24 = 0.00355646   [$HELIB_SRC/src/Ctxt.cpp:2560]
  breakIntoDigits: 37.863 / 67 = 0.565119   [$HELIB_SRC/src/DoubleCRT.cpp:481]
  decode: 29.902 / 1 = 29.902   [$HELIB_SRC/src/EncryptedArray.cpp:375]
  do_mul: 8.18177 / 2045 = 0.00400086   [$HELIB_SRC/src/DoubleCRT.cpp:280]
  extractDigitsThin: 135.761 / 1 = 135.761   [$HELIB_SRC/src/recryption.cpp:1597]
  iFFT: 39.0594 / 4158 = 0.0093938   [$HELIB_SRC/src/CModulus.cpp:488]
  iFFT_division: 14.3422 / 4158 = 0.00344929   [$HELIB_SRC/src/CModulus.cpp:570]
  keySwitchPart: 40.0061 / 60 = 0.666768   [$HELIB_SRC/src/Ctxt.cpp:907]
  modDownToSet: 93.6101 / 178 = 0.525899   [$HELIB_SRC/src/Ctxt.cpp:409]
  mul_MatMul1DExec: 36.8942 / 6 = 6.14904   [$HELIB_SRC/src/matmul.cpp:1155]
  multByConstant: 2.01663 / 352 = 0.00572907   [$HELIB_SRC/src/Ctxt.cpp:1955]
  multByConstant: 0.100706 / 1 = 0.100706   [$HELIB_SRC/src/Ctxt.cpp:1981]
  multLowLvl: 61.7616 / 44 = 1.40367   [$HELIB_SRC/src/Ctxt.cpp:1804]
  multiplyBy: 54.946 / 23 = 2.38896   [$HELIB_SRC/src/Ctxt.cpp:1880]
  privateAssign: 4.45522 / 480 = 0.00928171   [$HELIB_SRC/src/Ctxt.cpp:329]
  randomize: 6.44801 / 582 = 0.0110791   [$HELIB_SRC/src/DoubleCRT.cpp:1318]
  randomize_stream: 3.48649 / 3336122 = 1.04507e-06   [$HELIB_SRC/src/DoubleCRT.cpp:1348]
  reLinearize: 65.845 / 119 = 0.553319   [$HELIB_SRC/src/Ctxt.cpp:736]
  smartAutomorph: 10.4868 / 24 = 0.436949   [$HELIB_SRC/src/Ctxt.cpp:2585]
  thinReCrypt: 179.201 / 1 = 179.201   [$HELIB_SRC/src/recryption.cpp:1872]
  toPoly: 52.9231 / 520 = 0.101775   [$HELIB_SRC/src/DoubleCRT.cpp:985]
  toPoly_CRT: 10.1074 / 520 = 0.0194372   [$HELIB_SRC/src/DoubleCRT.cpp:1052]
  toPoly_FFT: 42.357 / 520 = 0.0814558   [$HELIB_SRC/src/DoubleCRT.cpp:1030]
  rusage.ru_maxrss=8601404
||||| stats |||||
KS-noise-ratio ave=2.06241 max=88.1977
KS-noise-ratio-hoist ave=640073 max=5.12058e+06
break-into-digits-ratio ave=0.318565 max=0.401485
excess-ctxtPrimes ave=11.6528 max=11.6528
excess-specialPrimes ave=0.654405 max=0.654405
mod-switch-added-noise ave=0.322935 max=0.384725
ptxt_rat_sk ave=0.00781752 max=0.00781752
ptxt_rat_sk ave=0.332836 max=0.332836
raw-mod-switch-noise ave=0.328659 max=0.328659
window1-nchoices ave=2.5 max=3
window1-out ave=0 max=0
window2-nchoices ave=3.05 max=6
window2-out ave=0 max=0
||||| stats |||||
KS-noise-ratio ave=2.06241 max=88.1977
KS-noise-ratio-hoist ave=640073 max=5.12058e+06
break-into-digits-ratio ave=0.318565 max=0.401485
excess-ctxtPrimes ave=11.6528 max=11.6528
excess-specialPrimes ave=0.654405 max=0.654405
mod-switch-added-noise ave=0.322935 max=0.384725
ptxt_rat_sk ave=0.00781752 max=0.00781752
ptxt_rat_sk ave=0.332836 max=0.332836
raw-mod-switch-noise ave=0.328659 max=0.328659
window1-nchoices ave=2.5 max=3
window1-out ave=0 max=0
window2-nchoices ave=3.05 max=6
window2-out ave=0 max=0
exit=0
