########## ORDER6 pass1 :: BASELINE ##########
chosen idx = 3
encapHwt = 12
t for new bts is -1
new bts ? 1
new ks ? 1
thick bts ?0
repeat times = 1
force bsgs = 0
force hoist = 0
*** GTestFatboot: p=8191, r=1, bits=1320, t=0, c=3, m=45193 mvec=[43 1051], gens=[26276 32595], ords=[42 75]
Computing key-independent tables...
t = -1
bound on I = 16.305335
log2(aux) = 5.129283
log2(beta) = 27.446094
log2(qks) >= 35.272146, final log2(qks) = 35.272160
log2(R) >= 26.991034, final log2(R) = 26.991289
INFO: total bits = 1786.76, security level = 78.5494HELIB_ORDER6: A=8101 |closure|=1837 (inflation 1.49959) deg(P)=1835 |folded|=306
deg of poly for non-power-of-p aux is 1835
security=78.5494
# small primes = 6
# ctxt primes = 23
# bits in ctxt primes = 1332
# special primes = 8
# bits in special primes = 455
scale=10
 done in 274.03 seconds
  e=0, e'=0, t=12
  m = 45193, p = 8191, phi(m) = 44100
  ord(p) = 14
  normBnd = 1.62042
  polyNormBnd = 4.65228
  factors = [43 1051]
  generator 26276 has order (== Z_m^*) of 42
  generator 32595 has order (== Z_m^*) of 75
r = 1
nslots = 3150
hwt = 120
ctxtPrimes = [6,7,8,9,10,11,12,13,14,15,16,17,18,19,20,21,22,23,24,25,26,27,28]
specialPrimes = [33,34,35,36,37,38,39,40]
number of bits = 1787

security level = 78.5494
Generating keys, Keys generated. Now genRecryptData...
computing key-dependent tables...Sparse boot key hwt = 12
genRecryptData done. recryptKeyID=1
lcAksBsgs=0 lcAksDelayed=0
Post-key setup done.
 done in 39.3736 seconds
Encrypt succeeded.
WARNING: KS-noise-ratio = 42.2111 > 1
WARNING: KS-noise-ratio = 2.10447 > 1
WARNING: KS-noise-ratio = 1.71209 > 1
WARNING: KS-noise-ratio = 1.75486 > 1
WARNING: KS-noise-ratio = 1.73524 > 1
WARNING: KS-noise-ratio = 104.108 > 1
WARNING: KS-noise-ratio = 2.59427 > 1
WARNING: KS-noise-ratio = 2.92131 > 1
WARNING: KS-noise-ratio = 2.58836 > 1
WARNING: KS-noise-ratio = 2.73954 > 1
WARNING: KS-noise-ratio = 1.93903 > 1
WARNING: KS-noise-ratio = 2.23316 > 1
WARNING: KS-noise-ratio = 2.00386 > 1
time for linear1 = 3.663231, linear2 = 38.616962, extract = 171.936545, total = 216.205045
bits for linear1 = 51.738861, linear2 = 58.549253, extract = 321.529032, min cap = 7.826066, after cap = 906.946264, after prod = 1287.024549
cap / time = 3.919341
1 is bad
2 is bad
3 is bad
5 is bad
6 is bad
7 is bad
9 is bad
10 is bad
11 is bad
13 is bad
14 is bad
15 is bad
16 is bad
18 is bad
19 is bad
20 is bad
22 is bad
23 is bad
25 is bad
27 is bad
28 is bad
29 is bad
30 is bad
32 is bad
34 is bad
35 is bad
36 is bad
37 is bad
39 is bad
41 is bad
43 is bad
44 is bad
45 is bad
46 is bad
47 is bad
48 is bad
49 is bad
50 is bad
51 is bad
53 is bad
54 is bad
55 is bad
57 is bad
58 is bad
59 is bad
60 is bad
61 is bad
62 is bad
63 is bad
64 is bad
65 is bad
66 is bad
68 is bad
71 is bad
72 is bad
73 is bad
75 is bad
76 is bad
77 is bad
78 is bad
81 is bad
82 is bad
83 is bad
86 is bad
87 is bad
88 is bad
89 is bad
90 is bad
91 is bad
92 is bad
94 is bad
95 is bad
96 is bad
97 is bad
98 is bad
100 is bad
101 is bad
103 is bad
104 is bad
105 is bad
106 is bad
107 is bad
108 is bad
110 is bad
111 is bad
112 is bad
113 is bad
114 is bad
115 is bad
116 is bad
117 is bad
118 is bad
119 is bad
120 is bad
121 is bad
122 is bad
123 is bad
124 is bad
125 is bad
126 is bad
127 is bad
129 is bad
130 is bad
131 is bad
132 is bad
133 is bad
134 is bad
136 is bad
138 is bad
139 is bad
140 is bad
141 is bad
142 is bad
143 is bad
144 is bad
146 is bad
147 is bad
148 is bad
149 is bad
150 is bad
151 is bad
152 is bad
153 is bad
154 is bad
155 is bad
156 is bad
157 is bad
158 is bad
159 is bad
162 is bad
163 is bad
164 is bad
166 is bad
167 is bad
168 is bad
169 is bad
170 is bad
171 is bad
172 is bad
173 is bad
174 is bad
176 is bad
177 is bad
178 is bad
180 is bad
182 is bad
183 is bad
184 is bad
185 is bad
186 is bad
187 is bad
188 is bad
189 is bad
190 is bad
191 is bad
192 is bad
193 is bad
195 is bad
196 is bad
197 is bad
199 is bad
200 is bad
201 is bad
202 is bad
203 is bad
204 is bad
205 is bad
206 is bad
207 is bad
209 is bad
210 is bad
211 is bad
212 is bad
213 is bad
214 is bad
215 is bad
216 is bad
217 is bad
218 is bad
219 is bad
220 is bad
221 is bad
222 is bad
223 is bad
224 is bad
225 is bad
226 is bad
228 is bad
230 is bad
231 is bad
232 is bad
234 is bad
235 is bad
236 is bad
237 is bad
238 is bad
239 is bad
241 is bad
243 is bad
244 is bad
245 is bad
246 is bad
247 is bad
248 is bad
250 is bad
252 is bad
253 is bad
255 is bad
256 is bad
259 is bad
260 is bad
262 is bad
264 is bad
265 is bad
266 is bad
267 is bad
268 is bad
269 is bad
270 is bad
271 is bad
272 is bad
274 is bad
275 is bad
276 is bad
278 is bad
279 is bad
280 is bad
281 is bad
285 is bad
287 is bad
289 is bad
290 is bad
292 is bad
294 is bad
295 is bad
296 is bad
297 is bad
298 is bad
299 is bad
300 is bad
301 is bad
302 is bad
303 is bad
304 is bad
307 is bad
308 is bad
309 is bad
310 is bad
311 is bad
312 is bad
315 is bad
316 is bad
317 is bad
318 is bad
320 is bad
321 is bad
322 is bad
323 is bad
324 is bad
325 is bad
326 is bad
327 is bad
328 is bad
329 is bad
330 is bad
331 is bad
332 is bad
333 is bad
334 is bad
335 is bad
336 is bad
337 is bad
338 is bad
339 is bad
340 is bad
341 is bad
342 is bad
345 is bad
346 is bad
348 is bad
349 is bad
350 is bad
352 is bad
353 is bad
355 is bad
356 is bad
357 is bad
359 is bad
362 is bad
364 is bad
365 is bad
366 is bad
367 is bad
368 is bad
369 is bad
370 is bad
371 is bad
372 is bad
373 is bad
374 is bad
375 is bad
376 is bad
377 is bad
378 is bad
381 is bad
382 is bad
383 is bad
384 is bad
385 is bad
389 is bad
390 is bad
392 is bad
393 is bad
394 is bad
395 is bad
396 is bad
397 is bad
398 is bad
402 is bad
404 is bad
405 is bad
406 is bad
407 is bad
408 is bad
410 is bad
411 is bad
414 is bad
416 is bad
417 is bad
418 is bad
419 is bad
421 is bad
424 is bad
426 is bad
427 is bad
428 is bad
429 is bad
430 is bad
431 is bad
432 is bad
433 is bad
434 is bad
435 is bad
436 is bad
437 is bad
441 is bad
442 is bad
446 is bad
447 is bad
450 is bad
451 is bad
453 is bad
454 is bad
455 is bad
456 is bad
457 is bad
458 is bad
459 is bad
460 is bad
461 is bad
462 is bad
464 is bad
465 is bad
467 is bad
468 is bad
469 is bad
470 is bad
471 is bad
472 is bad
474 is bad
475 is bad
476 is bad
477 is bad
478 is bad
480 is bad
481 is bad
482 is bad
483 is bad
484 is bad
485 is bad
486 is bad
487 is bad
489 is bad
491 is bad
492 is bad
494 is bad
495 is bad
496 is bad
497 is bad
498 is bad
500 is bad
501 is bad
502 is bad
503 is bad
506 is bad
508 is bad
509 is bad
510 is bad
512 is bad
513 is bad
514 is bad
517 is bad
518 is bad
519 is bad
520 is bad
522 is bad
523 is bad
525 is bad
526 is bad
527 is bad
528 is bad
529 is bad
530 is bad
532 is bad
533 is bad
534 is bad
535 is bad
537 is bad
539 is bad
540 is bad
541 is bad
543 is bad
544 is bad
545 is bad
546 is bad
547 is bad
548 is bad
549 is bad
550 is bad
551 is bad
552 is bad
553 is bad
554 is bad
555 is bad
556 is bad
557 is bad
558 is bad
559 is bad
560 is bad
561 is bad
562 is bad
563 is bad
564 is bad
565 is bad
568 is bad
571 is bad
573 is bad
574 is bad
575 is bad
576 is bad
577 is bad
578 is bad
579 is bad
580 is bad
581 is bad
582 is bad
586 is bad
587 is bad
589 is bad
590 is bad
591 is bad
592 is bad
593 is bad
594 is bad
595 is bad
597 is bad
598 is bad
600 is bad
601 is bad
602 is bad
603 is bad
604 is bad
605 is bad
606 is bad
607 is bad
608 is bad
609 is bad
610 is bad
611 is bad
612 is bad
613 is bad
614 is bad
615 is bad
616 is bad
617 is bad
618 is bad
619 is bad
620 is bad
621 is bad
622 is bad
623 is bad
624 is bad
625 is bad
626 is bad
627 is bad
628 is bad
629 is bad
630 is bad
631 is bad
632 is bad
633 is bad
634 is bad
635 is bad
636 is bad
637 is bad
638 is bad
639 is bad
640 is bad
641 is bad
642 is bad
643 is bad
644 is bad
645 is bad
646 is bad
647 is bad
648 is bad
649 is bad
650 is bad
651 is bad
652 is bad
653 is bad
654 is bad
655 is bad
656 is bad
657 is bad
658 is bad
659 is bad
660 is bad
661 is bad
662 is bad
663 is bad
664 is bad
665 is bad
666 is bad
667 is bad
668 is bad
669 is bad
670 is bad
671 is bad
672 is bad
673 is bad
674 is bad
675 is bad
676 is bad
677 is bad
678 is bad
680 is bad
682 is bad
683 is bad
684 is bad
685 is bad
686 is bad
687 is bad
688 is bad
689 is bad
690 is bad
691 is bad
692 is bad
693 is bad
694 is bad
696 is bad
697 is bad
698 is bad
699 is bad
701 is bad
702 is bad
704 is bad
705 is bad
707 is bad
709 is bad
710 is bad
711 is bad
712 is bad
713 is bad
714 is bad
716 is bad
717 is bad
720 is bad
721 is bad
722 is bad
723 is bad
724 is bad
725 is bad
726 is bad
727 is bad
729 is bad
731 is bad
733 is bad
734 is bad
735 is bad
737 is bad
740 is bad
742 is bad
743 is bad
745 is bad
746 is bad
747 is bad
749 is bad
752 is bad
753 is bad
755 is bad
757 is bad
759 is bad
761 is bad
762 is bad
763 is bad
764 is bad
765 is bad
769 is bad
770 is bad
771 is bad
772 is bad
774 is bad
777 is bad
778 is bad
780 is bad
781 is bad
782 is bad
783 is bad
784 is bad
785 is bad
786 is bad
787 is bad
789 is bad
791 is bad
792 is bad
793 is bad
794 is bad
795 is bad
796 is bad
797 is bad
798 is bad
799 is bad
800 is bad
801 is bad
803 is bad
804 is bad
806 is bad
807 is bad
808 is bad
809 is bad
811 is bad
813 is bad
814 is bad
815 is bad
816 is bad
817 is bad
818 is bad
820 is bad
821 is bad
822 is bad
823 is bad
824 is bad
825 is bad
826 is bad
827 is bad
828 is bad
830 is bad
831 is bad
832 is bad
833 is bad
834 is bad
835 is bad
836 is bad
837 is bad
839 is bad
840 is bad
841 is bad
842 is bad
844 is bad
845 is bad
846 is bad
847 is bad
848 is bad
849 is bad
850 is bad
851 is bad
852 is bad
853 is bad
855 is bad
856 is bad
858 is bad
859 is bad
860 is bad
861 is bad
862 is bad
864 is bad
866 is bad
868 is bad
871 is bad
872 is bad
873 is bad
874 is bad
876 is bad
878 is bad
880 is bad
881 is bad
883 is bad
885 is bad
887 is bad
888 is bad
889 is bad
891 is bad
892 is bad
893 is bad
897 is bad
898 is bad
899 is bad
900 is bad
901 is bad
902 is bad
903 is bad
904 is bad
905 is bad
907 is bad
908 is bad
909 is bad
910 is bad
911 is bad
912 is bad
913 is bad
916 is bad
918 is bad
919 is bad
921 is bad
922 is bad
923 is bad
924 is bad
926 is bad
927 is bad
932 is bad
933 is bad
934 is bad
936 is bad
937 is bad
938 is bad
939 is bad
941 is bad
942 is bad
943 is bad
944 is bad
945 is bad
946 is bad
949 is bad
951 is bad
952 is bad
953 is bad
955 is bad
956 is bad
958 is bad
959 is bad
961 is bad
962 is bad
964 is bad
965 is bad
966 is bad
967 is bad
970 is bad
971 is bad
972 is bad
973 is bad
975 is bad
977 is bad
978 is bad
979 is bad
983 is bad
984 is bad
985 is bad
987 is bad
988 is bad
991 is bad
993 is bad
994 is bad
995 is bad
997 is bad
998 is bad
1000 is bad
1001 is bad
1002 is bad
1003 is bad
1004 is bad
1005 is bad
1010 is bad
1011 is bad
1013 is bad
1014 is bad
1015 is bad
1016 is bad
1017 is bad
1018 is bad
1019 is bad
1021 is bad
1022 is bad
1023 is bad
1024 is bad
1025 is bad
1026 is bad
1027 is bad
1028 is bad
1031 is bad
1032 is bad
1033 is bad
1034 is bad
1035 is bad
1036 is bad
1037 is bad
1038 is bad
1041 is bad
1042 is bad
1044 is bad
1045 is bad
1046 is bad
1047 is bad
1048 is bad
1049 is bad
1050 is bad
1052 is bad
1055 is bad
1056 is bad
1057 is bad
1058 is bad
1059 is bad
1060 is bad
1061 is bad
1062 is bad
1065 is bad
1067 is bad
1068 is bad
1069 is bad
1070 is bad
1071 is bad
1072 is bad
1073 is bad
1074 is bad
1076 is bad
1077 is bad
1080 is bad
1081 is bad
1083 is bad
1084 is bad
1086 is bad
1087 is bad
1088 is bad
1089 is bad
1093 is bad
1096 is bad
1097 is bad
1098 is bad
1099 is bad
1100 is bad
1101 is bad
1103 is bad
1104 is bad
1105 is bad
1106 is bad
1107 is bad
1108 is bad
1111 is bad
1112 is bad
1114 is bad
1116 is bad
1117 is bad
1118 is bad
1120 is bad
1121 is bad
1122 is bad
1123 is bad
1124 is bad
1125 is bad
1126 is bad
1128 is bad
1131 is bad
1132 is bad
1134 is bad
1135 is bad
1136 is bad
1142 is bad
1143 is bad
1144 is bad
1145 is bad
1146 is bad
1147 is bad
1148 is bad
1149 is bad
1150 is bad
1151 is bad
1152 is bad
1153 is bad
1154 is bad
1155 is bad
1156 is bad
1157 is bad
1158 is bad
1159 is bad
1160 is bad
1161 is bad
1163 is bad
1164 is bad
1165 is bad
1166 is bad
1167 is bad
1168 is bad
1170 is bad
1171 is bad
1172 is bad
1174 is bad
1175 is bad
1177 is bad
1178 is bad
1181 is bad
1182 is bad
1186 is bad
1187 is bad
1188 is bad
1189 is bad
1190 is bad
1191 is bad
1192 is bad
1193 is bad
1194 is bad
1195 is bad
1197 is bad
1198 is bad
1199 is bad
1200 is bad
1201 is bad
1202 is bad
1203 is bad
1205 is bad
1207 is bad
1208 is bad
1209 is bad
1211 is bad
1212 is bad
1213 is bad
1215 is bad
1217 is bad
1221 is bad
1222 is bad
1223 is bad
1225 is bad
1226 is bad
1227 is bad
1229 is bad
1230 is bad
1233 is bad
1236 is bad
1237 is bad
1238 is bad
1239 is bad
1240 is bad
1242 is bad
1243 is bad
1244 is bad
1246 is bad
1247 is bad
1248 is bad
1250 is bad
1252 is bad
1253 is bad
1255 is bad
1256 is bad
1257 is bad
1258 is bad
1259 is bad
1260 is bad
1261 is bad
1262 is bad
1263 is bad
1265 is bad
1266 is bad
1267 is bad
1268 is bad
1269 is bad
1270 is bad
1271 is bad
1272 is bad
1273 is bad
1274 is bad
1275 is bad
1276 is bad
1279 is bad
1280 is bad
1281 is bad
1282 is bad
1283 is bad
1284 is bad
1285 is bad
1286 is bad
1287 is bad
1288 is bad
1291 is bad
1292 is bad
1293 is bad
1294 is bad
1295 is bad
1296 is bad
1297 is bad
1300 is bad
1301 is bad
1302 is bad
1303 is bad
1304 is bad
1305 is bad
1306 is bad
1307 is bad
1309 is bad
1310 is bad
1312 is bad
1313 is bad
1314 is bad
1315 is bad
1316 is bad
1317 is bad
1318 is bad
1319 is bad
1320 is bad
1321 is bad
1322 is bad
1323 is bad
1324 is bad
1325 is bad
1326 is bad
1327 is bad
1328 is bad
1329 is bad
1330 is bad
1332 is bad
1333 is bad
1334 is bad
1335 is bad
1336 is bad
1337 is bad
1338 is bad
1341 is bad
1342 is bad
1343 is bad
1344 is bad
1345 is bad
1346 is bad
1347 is bad
1348 is bad
1349 is bad
1350 is bad
1351 is bad
1352 is bad
1353 is bad
1355 is bad
1356 is bad
1358 is bad
1359 is bad
1360 is bad
1361 is bad
1362 is bad
1363 is bad
1364 is bad
1365 is bad
1366 is bad
1367 is bad
1369 is bad
1370 is bad
1371 is bad
1372 is bad
1373 is bad
1377 is bad
1378 is bad
1379 is bad
1380 is bad
1381 is bad
1383 is bad
1385 is bad
1386 is bad
1387 is bad
1388 is bad
1389 is bad
1390 is bad
1391 is bad
1392 is bad
1394 is bad
1395 is bad
1396 is bad
1401 is bad
1404 is bad
1405 is bad
1406 is bad
1407 is bad
1409 is bad
1413 is bad
1414 is bad
1415 is bad
1416 is bad
1419 is bad
1420 is bad
1421 is bad
1422 is bad
1423 is bad
1424 is bad
1425 is bad
1426 is bad
1427 is bad
1428 is bad
1429 is bad
1430 is bad
1431 is bad
1432 is bad
1433 is bad
1434 is bad
1437 is bad
1438 is bad
1439 is bad
1440 is bad
1441 is bad
1442 is bad
1444 is bad
1445 is bad
1446 is bad
1447 is bad
1448 is bad
1449 is bad
1450 is bad
1451 is bad
1452 is bad
1453 is bad
1455 is bad
1456 is bad
1457 is bad
1458 is bad
1460 is bad
1461 is bad
1462 is bad
1463 is bad
1464 is bad
1465 is bad
1466 is bad
1467 is bad
1468 is bad
1469 is bad
1473 is bad
1474 is bad
1475 is bad
1476 is bad
1477 is bad
1478 is bad
1479 is bad
1480 is bad
1481 is bad
1482 is bad
1486 is bad
1487 is bad
1488 is bad
1491 is bad
1493 is bad
1496 is bad
1497 is bad
1498 is bad
1500 is bad
1501 is bad
1502 is bad
1503 is bad
1504 is bad
1506 is bad
1510 is bad
1511 is bad
1513 is bad
1514 is bad
1515 is bad
1516 is bad
1517 is bad
1518 is bad
1519 is bad
1520 is bad
1521 is bad
1522 is bad
1523 is bad
1525 is bad
1527 is bad
1528 is bad
1530 is bad
1531 is bad
1532 is bad
1533 is bad
1534 is bad
1535 is bad
1536 is bad
1537 is bad
1538 is bad
1539 is bad
1540 is bad
1541 is bad
1542 is bad
1543 is bad
1544 is bad
1546 is bad
1547 is bad
1548 is bad
1549 is bad
1550 is bad
1551 is bad
1552 is bad
1554 is bad
1555 is bad
1557 is bad
1558 is bad
1559 is bad
1560 is bad
1561 is bad
1563 is bad
1564 is bad
1565 is bad
1566 is bad
1567 is bad
1568 is bad
1570 is bad
1571 is bad
1572 is bad
1573 is bad
1574 is bad
1575 is bad
1577 is bad
1578 is bad
1580 is bad
1581 is bad
1582 is bad
1584 is bad
1585 is bad
1586 is bad
1587 is bad
1588 is bad
1589 is bad
1590 is bad
1591 is bad
1592 is bad
1593 is bad
1594 is bad
1595 is bad
1596 is bad
1597 is bad
1598 is bad
1602 is bad
1603 is bad
1604 is bad
1605 is bad
1606 is bad
1607 is bad
1608 is bad
1609 is bad
1610 is bad
1611 is bad
1613 is bad
1614 is bad
1615 is bad
1616 is bad
1617 is bad
1619 is bad
1621 is bad
1624 is bad
1625 is bad
1627 is bad
1628 is bad
1629 is bad
1631 is bad
1634 is bad
1635 is bad
1636 is bad
1637 is bad
1638 is bad
1639 is bad
1644 is bad
1646 is bad
1647 is bad
1648 is bad
1649 is bad
1650 is bad
1652 is bad
1655 is bad
1656 is bad
1657 is bad
1658 is bad
1661 is bad
1662 is bad
1663 is bad
1664 is bad
1665 is bad
1666 is bad
1669 is bad
1670 is bad
1673 is bad
1674 is bad
1675 is bad
1676 is bad
1677 is bad
1678 is bad
1680 is bad
1681 is bad
1682 is bad
1684 is bad
1685 is bad
1687 is bad
1688 is bad
1690 is bad
1691 is bad
1692 is bad
1693 is bad
1694 is bad
1695 is bad
1696 is bad
1697 is bad
1698 is bad
1699 is bad
1701 is bad
1702 is bad
1704 is bad
1705 is bad
1706 is bad
1708 is bad
1709 is bad
1710 is bad
1712 is bad
1713 is bad
1715 is bad
1716 is bad
1717 is bad
1719 is bad
1720 is bad
1721 is bad
1724 is bad
1725 is bad
1727 is bad
1728 is bad
1733 is bad
1734 is bad
1736 is bad
1737 is bad
1738 is bad
1739 is bad
1740 is bad
1741 is bad
1742 is bad
1744 is bad
1745 is bad
1746 is bad
1747 is bad
1749 is bad
1751 is bad
1752 is bad
1753 is bad
1755 is bad
1758 is bad
1759 is bad
1760 is bad
1761 is bad
1762 is bad
1764 is bad
1766 is bad
1767 is bad
1768 is bad
1769 is bad
1771 is bad
1773 is bad
1775 is bad
1776 is bad
1778 is bad
1781 is bad
1782 is bad
1783 is bad
1787 is bad
1789 is bad
1790 is bad
1791 is bad
1792 is bad
1795 is bad
1796 is bad
1797 is bad
1798 is bad
1799 is bad
1800 is bad
1801 is bad
1803 is bad
1804 is bad
1806 is bad
1808 is bad
1809 is bad
1810 is bad
1811 is bad
1812 is bad
1813 is bad
1814 is bad
1815 is bad
1819 is bad
1820 is bad
1821 is bad
1822 is bad
1824 is bad
1825 is bad
1827 is bad
1828 is bad
1830 is bad
1832 is bad
1834 is bad
1836 is bad
1837 is bad
1838 is bad
1839 is bad
1841 is bad
1842 is bad
1843 is bad
1844 is bad
1845 is bad
1846 is bad
1847 is bad
1848 is bad
1849 is bad
1850 is bad
1854 is bad
1855 is bad
1856 is bad
1857 is bad
1858 is bad
1859 is bad
1860 is bad
1862 is bad
1864 is bad
1866 is bad
1867 is bad
1870 is bad
1871 is bad
1872 is bad
1873 is bad
1874 is bad
1879 is bad
1880 is bad
1882 is bad
1884 is bad
1885 is bad
1887 is bad
1889 is bad
1890 is bad
1892 is bad
1893 is bad
1894 is bad
1895 is bad
1897 is bad
1898 is bad
1899 is bad
1901 is bad
1902 is bad
1904 is bad
1905 is bad
1908 is bad
1909 is bad
1910 is bad
1912 is bad
1913 is bad
1916 is bad
1917 is bad
1919 is bad
1920 is bad
1921 is bad
1922 is bad
1923 is bad
1924 is bad
1925 is bad
1926 is bad
1928 is bad
1929 is bad
1930 is bad
1931 is bad
1932 is bad
1935 is bad
1937 is bad
1938 is bad
1940 is bad
1942 is bad
1943 is bad
1944 is bad
1945 is bad
1946 is bad
1947 is bad
1948 is bad
1950 is bad
1951 is bad
1952 is bad
1953 is bad
1954 is bad
1955 is bad
1957 is bad
1959 is bad
1960 is bad
1962 is bad
1965 is bad
1966 is bad
1967 is bad
1968 is bad
1969 is bad
1970 is bad
1972 is bad
1973 is bad
1974 is bad
1976 is bad
1977 is bad
1978 is bad
1979 is bad
1983 is bad
1984 is bad
1986 is bad
1987 is bad
1988 is bad
1989 is bad
1990 is bad
1992 is bad
1993 is bad
1994 is bad
1995 is bad
1996 is bad
1997 is bad
1998 is bad
1999 is bad
2001 is bad
2002 is bad
2003 is bad
2004 is bad
2005 is bad
2006 is bad
2007 is bad
2008 is bad
2009 is bad
2010 is bad
2011 is bad
2012 is bad
2013 is bad
2014 is bad
2015 is bad
2016 is bad
2017 is bad
2018 is bad
2019 is bad
2020 is bad
2021 is bad
2022 is bad
2023 is bad
2024 is bad
2025 is bad
2027 is bad
2029 is bad
2030 is bad
2031 is bad
2032 is bad
2035 is bad
2036 is bad
2038 is bad
2039 is bad
2040 is bad
2041 is bad
2042 is bad
2044 is bad
2047 is bad
2048 is bad
2049 is bad
2050 is bad
2052 is bad
2054 is bad
2055 is bad
2056 is bad
2057 is bad
2058 is bad
2059 is bad
2060 is bad
2062 is bad
2063 is bad
2064 is bad
2065 is bad
2066 is bad
2067 is bad
2068 is bad
2069 is bad
2070 is bad
2071 is bad
2072 is bad
2073 is bad
2074 is bad
2075 is bad
2076 is bad
2077 is bad
2079 is bad
2080 is bad
2081 is bad
2082 is bad
2083 is bad
2084 is bad
2085 is bad
2086 is bad
2088 is bad
2089 is bad
2091 is bad
2092 is bad
2093 is bad
2095 is bad
2096 is bad
2097 is bad
2098 is bad
2099 is bad
2100 is bad
2101 is bad
2103 is bad
2104 is bad
2105 is bad
2106 is bad
2107 is bad
2108 is bad
2109 is bad
2112 is bad
2113 is bad
2114 is bad
2116 is bad
2117 is bad
2118 is bad
2120 is bad
2122 is bad
2123 is bad
2124 is bad
2125 is bad
2127 is bad
2129 is bad
2130 is bad
2132 is bad
2133 is bad
2134 is bad
2135 is bad
2136 is bad
2138 is bad
2139 is bad
2140 is bad
2141 is bad
2143 is bad
2144 is bad
2145 is bad
2146 is bad
2147 is bad
2148 is bad
2150 is bad
2151 is bad
2152 is bad
2153 is bad
2154 is bad
2155 is bad
2156 is bad
2159 is bad
2160 is bad
2162 is bad
2164 is bad
2166 is bad
2167 is bad
2168 is bad
2169 is bad
2170 is bad
2171 is bad
2173 is bad
2174 is bad
2175 is bad
2176 is bad
2177 is bad
2178 is bad
2181 is bad
2182 is bad
2183 is bad
2185 is bad
2186 is bad
2187 is bad
2188 is bad
2191 is bad
2192 is bad
2194 is bad
2196 is bad
2197 is bad
2198 is bad
2200 is bad
2202 is bad
2203 is bad
2204 is bad
2205 is bad
2206 is bad
2207 is bad
2208 is bad
2209 is bad
2211 is bad
2213 is bad
2214 is bad
2216 is bad
2218 is bad
2219 is bad
2221 is bad
2222 is bad
2223 is bad
2224 is bad
2225 is bad
2226 is bad
2228 is bad
2230 is bad
2231 is bad
2232 is bad
2233 is bad
2235 is bad
2237 is bad
2239 is bad
2240 is bad
2242 is bad
2243 is bad
2245 is bad
2246 is bad
2247 is bad
2248 is bad
2250 is bad
2251 is bad
2252 is bad
2253 is bad
2254 is bad
2256 is bad
2257 is bad
2259 is bad
2260 is bad
2261 is bad
2263 is bad
2266 is bad
2267 is bad
2268 is bad
2269 is bad
2270 is bad
2272 is bad
2273 is bad
2275 is bad
2276 is bad
2277 is bad
2278 is bad
2279 is bad
2280 is bad
2281 is bad
2282 is bad
2283 is bad
2284 is bad
2285 is bad
2286 is bad
2287 is bad
2289 is bad
2290 is bad
2291 is bad
2292 is bad
2294 is bad
2295 is bad
2296 is bad
2298 is bad
2299 is bad
2301 is bad
2303 is bad
2304 is bad
2305 is bad
2306 is bad
2308 is bad
2310 is bad
2311 is bad
2312 is bad
2313 is bad
2314 is bad
2316 is bad
2318 is bad
2319 is bad
2320 is bad
2321 is bad
2322 is bad
2323 is bad
2325 is bad
2326 is bad
2327 is bad
2328 is bad
2329 is bad
2331 is bad
2332 is bad
2333 is bad
2334 is bad
2335 is bad
2336 is bad
2337 is bad
2338 is bad
2339 is bad
2340 is bad
2341 is bad
2343 is bad
2344 is bad
2345 is bad
2346 is bad
2347 is bad
2348 is bad
2349 is bad
2350 is bad
2351 is bad
2352 is bad
2353 is bad
2354 is bad
2355 is bad
2356 is bad
2357 is bad
2358 is bad
2359 is bad
2360 is bad
2362 is bad
2363 is bad
2365 is bad
2366 is bad
2367 is bad
2368 is bad
2369 is bad
2370 is bad
2371 is bad
2372 is bad
2373 is bad
2374 is bad
2375 is bad
2376 is bad
2377 is bad
2378 is bad
2379 is bad
2380 is bad
2382 is bad
2383 is bad
2384 is bad
2385 is bad
2386 is bad
2388 is bad
2389 is bad
2390 is bad
2391 is bad
2392 is bad
2393 is bad
2394 is bad
2396 is bad
2397 is bad
2398 is bad
2399 is bad
2400 is bad
2401 is bad
2402 is bad
2403 is bad
2404 is bad
2405 is bad
2406 is bad
2407 is bad
2408 is bad
2409 is bad
2410 is bad
2411 is bad
2412 is bad
2413 is bad
2414 is bad
2417 is bad
2418 is bad
2419 is bad
2420 is bad
2421 is bad
2422 is bad
2423 is bad
2424 is bad
2425 is bad
2426 is bad
2427 is bad
2428 is bad
2429 is bad
2430 is bad
2433 is bad
2434 is bad
2436 is bad
2437 is bad
2438 is bad
2440 is bad
2441 is bad
2442 is bad
2445 is bad
2446 is bad
2447 is bad
2448 is bad
2450 is bad
2451 is bad
2452 is bad
2453 is bad
2454 is bad
2455 is bad
2456 is bad
2457 is bad
2458 is bad
2460 is bad
2461 is bad
2462 is bad
2463 is bad
2464 is bad
2465 is bad
2466 is bad
2467 is bad
2468 is bad
2469 is bad
2470 is bad
2471 is bad
2472 is bad
2473 is bad
2474 is bad
2475 is bad
2476 is bad
2478 is bad
2480 is bad
2481 is bad
2482 is bad
2483 is bad
2485 is bad
2486 is bad
2487 is bad
2488 is bad
2489 is bad
2495 is bad
2496 is bad
2497 is bad
2499 is bad
2500 is bad
2501 is bad
2502 is bad
2504 is bad
2505 is bad
2507 is bad
2508 is bad
2509 is bad
2510 is bad
2511 is bad
2512 is bad
2513 is bad
2514 is bad
2515 is bad
2516 is bad
2517 is bad
2521 is bad
2522 is bad
2523 is bad
2524 is bad
2526 is bad
2527 is bad
2529 is bad
2531 is bad
2533 is bad
2534 is bad
2535 is bad
2536 is bad
2537 is bad
2541 is bad
2543 is bad
2546 is bad
2547 is bad
2549 is bad
2550 is bad
2553 is bad
2556 is bad
2557 is bad
2558 is bad
2559 is bad
2562 is bad
2564 is bad
2565 is bad
2567 is bad
2569 is bad
2570 is bad
2572 is bad
2573 is bad
2575 is bad
2576 is bad
2577 is bad
2578 is bad
2579 is bad
2580 is bad
2582 is bad
2583 is bad
2584 is bad
2585 is bad
2586 is bad
2587 is bad
2588 is bad
2589 is bad
2592 is bad
2594 is bad
2595 is bad
2596 is bad
2598 is bad
2600 is bad
2601 is bad
2602 is bad
2603 is bad
2604 is bad
2606 is bad
2607 is bad
2608 is bad
2610 is bad
2611 is bad
2612 is bad
2614 is bad
2616 is bad
2617 is bad
2618 is bad
2619 is bad
2622 is bad
2623 is bad
2624 is bad
2625 is bad
2626 is bad
2627 is bad
2629 is bad
2630 is bad
2631 is bad
2632 is bad
2633 is bad
2634 is bad
2635 is bad
2636 is bad
2638 is bad
2639 is bad
2640 is bad
2641 is bad
2642 is bad
2643 is bad
2644 is bad
2645 is bad
2646 is bad
2648 is bad
2649 is bad
2650 is bad
2652 is bad
2653 is bad
2655 is bad
2656 is bad
2657 is bad
2658 is bad
2659 is bad
2660 is bad
2661 is bad
2662 is bad
2665 is bad
2666 is bad
2667 is bad
2668 is bad
2669 is bad
2670 is bad
2671 is bad
2672 is bad
2673 is bad
2674 is bad
2675 is bad
2676 is bad
2678 is bad
2679 is bad
2680 is bad
2681 is bad
2682 is bad
2683 is bad
2684 is bad
2685 is bad
2686 is bad
2687 is bad
2688 is bad
2689 is bad
2690 is bad
2691 is bad
2693 is bad
2694 is bad
2695 is bad
2696 is bad
2697 is bad
2699 is bad
2700 is bad
2701 is bad
2703 is bad
2704 is bad
2705 is bad
2707 is bad
2709 is bad
2710 is bad
2711 is bad
2712 is bad
2714 is bad
2716 is bad
2717 is bad
2719 is bad
2721 is bad
2722 is bad
2723 is bad
2725 is bad
2726 is bad
2727 is bad
2728 is bad
2729 is bad
2730 is bad
2731 is bad
2732 is bad
2734 is bad
2736 is bad
2737 is bad
2738 is bad
273terminate called after throwing an instance of 'helib::LogicError'
  what():  thin results not match
timeout: the monitored command dumped core
exit=134 (BASELINE pass1)
########## ORDER6 pass1 :: ORDER6 ##########
chosen idx = 3
encapHwt = 12
t for new bts is -1
new bts ? 1
new ks ? 1
thick bts ?0
repeat times = 1
force bsgs = 0
force hoist = 0
*** GTestFatboot: p=8191, r=1, bits=1320, t=0, c=3, m=45193 mvec=[43 1051], gens=[26276 32595], ords=[42 75]
Computing key-independent tables...