########## Zhao artifact, p=17 (fatboot i=0 h=24 t=2) ##########
$ZHAO_SRC/artifact-helib/patches/GN17.patch:6333: trailing whitespace.
  
$ZHAO_SRC/artifact-helib/patches/GN17.patch:6337: trailing whitespace.
  
$ZHAO_SRC/artifact-helib/patches/GN17.patch:6809: trailing whitespace.
  { 
$ZHAO_SRC/artifact-helib/patches/GN17.patch:6858: trailing whitespace.
    tab.restoreContext();    
$ZHAO_SRC/artifact-helib/patches/GN17.patch:6861: trailing whitespace.
    convert(array1, array);//将array由T转化为了vector<RX>    
Applied patch to 'CMakeLists.txt' cleanly.
Falling back to direct application...
Falling back to direct application...
Falling back to direct application...
Falling back to direct application...
Applied patch to 'include/helib/Context.h' cleanly.
Applied patch to 'include/helib/Ctxt.h' cleanly.
Applied patch to 'include/helib/DoubleCRT.h' cleanly.
Applied patch to 'include/helib/EncodedPtxt.h' cleanly.
Applied patch to 'include/helib/EncryptedArray.h' cleanly.
Applied patch to 'include/helib/PAlgebra.h' cleanly.
Applied patch to 'include/helib/PolyModRing.h' cleanly.
Applied patch to 'include/helib/keys.h' cleanly.
Applied patch to 'include/helib/matmul.h' cleanly.
Applied patch to 'include/helib/polyEval.h' cleanly.
Applied patch to 'include/helib/recryption.h' cleanly.
Applied patch to 'src/Context.cpp' cleanly.
Applied patch to 'src/Ctxt.cpp' cleanly.
Applied patch to 'src/DoubleCRT.cpp' cleanly.
Applied patch to 'src/EncryptedArray.cpp' cleanly.
Applied patch to 'src/PAlgebra.cpp' cleanly.
Applied patch to 'src/Ptxt.cpp' cleanly.
Applied patch to 'src/extractDigits.cpp' cleanly.
Applied patch to 'src/fhe_stats.cpp' cleanly.
Applied patch to 'src/keys.cpp' cleanly.
Applied patch to 'src/matmul.cpp' cleanly.
Applied patch to 'src/polyEval.cpp' cleanly.
Applied patch to 'src/recryption.cpp' cleanly.
Falling back to direct application...
warning: squelched 121 whitespace errors
warning: 126 lines add whitespace errors.
-- The C compiler identification is GNU 11.4.0
-- The CXX compiler identification is GNU 11.4.0
-- Detecting C compiler ABI info
-- Detecting C compiler ABI info - done
-- Check for working C compiler: /usr/bin/cc - skipped
-- Detecting C compile features
-- Detecting C compile features - done
-- Detecting CXX compiler ABI info
-- Detecting CXX compiler ABI info - done
-- Check for working CXX compiler: /usr/bin/c++ - skipped
-- Detecting CXX compile features
-- Detecting CXX compile features - done
-- Looking for pthread.h
-- Looking for pthread.h - found
-- Performing Test CMAKE_HAVE_LIBC_PTHREAD
-- Performing Test CMAKE_HAVE_LIBC_PTHREAD - Success
-- Found Threads: TRUE  
-- Found GMP: /usr/local/lib/libgmp.so (found suitable version "6.2.1", minimum required is "6.2.0") 
-- Found NTL: /usr/local/lib/libntl.so (found suitable version "11.5.1", minimum required is "11.4.3") 
-- Looking for NTL_THREADS
-- Looking for NTL_THREADS - found
-- Configuring done
-- Generating done
-- Build files have been written to: $ZHAO_SRC/HElib-clean/build
[  1%] Building CXX object src/CMakeFiles/helib.dir/BenesNetwork.cpp.o
[  3%] Building CXX object src/CMakeFiles/helib.dir/binaryArith.cpp.o
[  9%] Building CXX object src/CMakeFiles/helib.dir/io.cpp.o
[  9%] Building CXX object src/CMakeFiles/helib.dir/binaryCompare.cpp.o
[  7%] Building CXX object src/CMakeFiles/helib.dir/binio.cpp.o
[ 15%] Building CXX object src/CMakeFiles/helib.dir/Context.cpp.o
[ 15%] Building CXX object src/CMakeFiles/helib.dir/bluestein.cpp.o
[ 15%] Building CXX object src/CMakeFiles/helib.dir/CModulus.cpp.o
[ 17%] Building CXX object src/CMakeFiles/helib.dir/Ctxt.cpp.o
[ 19%] Building CXX object src/CMakeFiles/helib.dir/DoubleCRT.cpp.o
[ 23%] Building CXX object src/CMakeFiles/helib.dir/EncryptedArray.cpp.o
[ 23%] Building CXX object src/CMakeFiles/helib.dir/debugging.cpp.o
[ 25%] Building CXX object src/CMakeFiles/helib.dir/EaCx.cpp.o
[ 27%] Building CXX object src/CMakeFiles/helib.dir/eqtesting.cpp.o
[ 29%] Building CXX object src/CMakeFiles/helib.dir/EvalMap.cpp.o
[ 31%] Building CXX object src/CMakeFiles/helib.dir/extractDigits.cpp.o
[ 33%] Building CXX object src/CMakeFiles/helib.dir/fhe_stats.cpp.o
[ 35%] Building CXX object src/CMakeFiles/helib.dir/hypercube.cpp.o
[ 37%] Building CXX object src/CMakeFiles/helib.dir/intelExt.cpp.o
[ 39%] Building CXX object src/CMakeFiles/helib.dir/IndexSet.cpp.o
[ 41%] Building CXX object src/CMakeFiles/helib.dir/intraSlot.cpp.o
[ 43%] Building CXX object src/CMakeFiles/helib.dir/JsonWrapper.cpp.o
[ 45%] Building CXX object src/CMakeFiles/helib.dir/keys.cpp.o
[ 47%] Building CXX object src/CMakeFiles/helib.dir/keySwitching.cpp.o
[ 50%] Building CXX object src/CMakeFiles/helib.dir/log.cpp.o
[ 50%] Building CXX object src/CMakeFiles/helib.dir/matching.cpp.o
[ 52%] Building CXX object src/CMakeFiles/helib.dir/matmul.cpp.o
[ 54%] Building CXX object src/CMakeFiles/helib.dir/norms.cpp.o
[ 58%] Building CXX object src/CMakeFiles/helib.dir/NumbTh.cpp.o
[ 58%] Building CXX object src/CMakeFiles/helib.dir/OptimizePermutations.cpp.o
[ 60%] Building CXX object src/CMakeFiles/helib.dir/PAlgebra.cpp.o
[ 62%] Building CXX object src/CMakeFiles/helib.dir/PermNetwork.cpp.o
[ 64%] Building CXX object src/CMakeFiles/helib.dir/permutations.cpp.o
[ 66%] Building CXX object src/CMakeFiles/helib.dir/PGFFT.cpp.o
[ 68%] Building CXX object src/CMakeFiles/helib.dir/polyEval.cpp.o
[ 70%] Building CXX object src/CMakeFiles/helib.dir/PolyMod.cpp.o
$ZHAO_SRC/HElib-clean/src/extractDigits.cpp:22:43: note: ‘#pragma message: 编译了 extractDigits.cpp’
   22 | #pragma message("编译了 extractDigits.cpp")
      |                                           ^
[ 72%] Building CXX object src/CMakeFiles/helib.dir/PolyModRing.cpp.o
[ 74%] Building CXX object src/CMakeFiles/helib.dir/powerful.cpp.o
[ 76%] Building CXX object src/CMakeFiles/helib.dir/primeChain.cpp.o
[ 78%] Building CXX object src/CMakeFiles/helib.dir/Ptxt.cpp.o
$ZHAO_SRC/HElib-clean/src/polyEval.cpp:25:38: note: ‘#pragma message: 编译了 polyEval.cpp’
   25 | #pragma message("编译了 polyEval.cpp")
      |                                      ^
[ 80%] Building CXX object src/CMakeFiles/helib.dir/randomMatrices.cpp.o
[ 82%] Building CXX object src/CMakeFiles/helib.dir/recryption.cpp.o
[ 84%] Building CXX object src/CMakeFiles/helib.dir/replicate.cpp.o
[ 86%] Building CXX object src/CMakeFiles/helib.dir/sample.cpp.o
[ 88%] Building CXX object src/CMakeFiles/helib.dir/tableLookup.cpp.o
[ 90%] Building CXX object src/CMakeFiles/helib.dir/timing.cpp.o
[ 92%] Building CXX object src/CMakeFiles/helib.dir/zzX.cpp.o
[ 94%] Building CXX object src/CMakeFiles/helib.dir/version.cpp.o
[ 96%] Linking CXX static library ../lib/libhelib.a
[ 96%] Built target helib
[ 98%] Building CXX object CMakeFiles/fatboot.dir/tools/fatboot.cpp.o
[100%] Linking CXX executable fatboot
Copying data/params17 next to fatboot
[100%] Built target fatboot
binary: ./fatboot
---- run ----
chosen idx = 0
encapHwt = 24
t for new bts is 2
new bts ? 1
new ks ? 1
thick bts ?1
repeat times = 1
*** GTestFatboot: p=17, r=4, bits=1070, t=0, c=3, m=38309 mvec=[29 1321], gens=[26421 23781], ords=[28 55]
Computing key-independent tables...
t = 2
bound on I = 22.725450
log2(aux) = 8.174926
log2(beta) = 30.657032
log2(qks) >= 41.528174, final log2(qks) = 41.528174
log2(R) >= 28.837626, final log2(R) = 28.838264
INFO: total bits = 1461.91, security level = 80.065enew = 6
zz_p modulus = 24137569
degs of the lift poly and its null poly are 17 / 47
liftPoly as ZZX = [0 153 0 255 0 17 0 34 0 153 0 136 0 238 0 85 0 86]
null_polys[0] as ZZX = [0 2839714 1753941 4583829 9926861 8902356 3913370 4913000 17728597 5934904 5966058 19907476 20393153 4873696 4465922 13776052 9895705 14783217 163306 16890894 1677975 19195091 11696837 9216788 1854250 18030710 2096560 17731017 12546278 3699489 23687713 1847288 12227162 12194066 52072 5502560 3395076 17337977 17661975 5748210 877989 15790382 14483573 20575644 19252742 21243812 9438647 24132656 22121586 0 6316680 0 12536284 0 3313693 0 8233357 0 8840019 0 21928093 0 17831116 0 5176888 0 618206 0 16128263 0 424329 0 23926364 0 21684468 0 19264860 0 23503946 0 12467720 0 22666733 0 4610679 0 4833817 0 9352025 0 11825139 0 24128921 0 1]
null_polys[1] as ZZX = [0 835210 1174207 574532 491130 30344 1174887 1389517 1418837 10105 680 10 1419687 1419852 0 1]
degs of the ext polys and their null polys are 81 / 94, 65 / 15
null_poly_p as ZZX = [0 835210 1174207 574532 491130 30344 1174887 1389517 1418837 10105 680 10 1419687 1419852 0 1]
reducing the ext poly for No.1 row
extractPolys[0] as ZZX = [0 9938999 0 22555583 0 2440622 0 19745857 0 137003 0 3705796 0 9676485 0 17971295 0 19285005 0 22751814 0 22317940 0 22156984 0 5557827 0 8001883 0 8277980 0 6090743 0 20211861 0 10559771 0 13790961 0 21793150 0 11839429 0 1911072 0 22339003 0 905505 0 10301932 0 19954549 0 10858138 0 14859122 0 1733898 0 16710694 0 22913144 0 1603644 0 8054260 0 20658587 0 16989528 0 15889254 0 6317166 0 7929667 0 16096671 0 21046850 0 15146847]
extractPolys[1] as ZZX = [0 83521 0 1401650 0 145746 0 1124798 0 571704 0 126797 0 805356]
security=80.065
# small primes = 6
# ctxt primes = 18
# bits in ctxt primes = 1078
# special primes = 7
# bits in special primes = 384
scale=10
 done in 562.359 seconds
  e=0, e'=0, t=24
  m = 38309, p = 17, phi(m) = 36960
  ord(p) = 24
  normBnd = 1.61955
  polyNormBnd = 4.13664
  factors = [29 1321]
  generator 26421 has order (== Z_m^*) of 28
  generator 23781 has order (== Z_m^*) of 55
r = 4
nslots = 1540
hwt = 120
ctxtPrimes = [6,7,8,9,10,11,12,13,14,15,16,17,18,19,20,21,22,23]
specialPrimes = [28,29,30,31,32,33,34]
number of bits = 1462

security level = 80.065
Generating keys, computing key-dependent tables...Sparse boot key hwt = 24
 done in 21.9908 seconds
recrypting
WARNING: KS-noise-ratio = 1.04678 > 1
[Linear1 stats] automorph=23 keySwitch=23 mult=0 add=1372 time=33536ms
extractDigitsThin 
0
numExtract=2
Using NormpolyEval
Using polyEvalNew
k=4
x2k = 644.501
x2kPow2 = 609.342
extractDigitsThin 
1
numExtract=2
Using NormpolyEval
Using polyEvalNew
k=4
x2k = 642.276
x2kPow2 = 607.106
extractDigitsThin 
2
numExtract=2
Using NormpolyEval
Using polyEvalNew
k=4
x2k = 644.689
x2kPow2 = 609.57
extractDigitsThin 
3
numExtract=2
Using NormpolyEval
Using polyEvalNew
k=4
x2k = 642.489
x2kPow2 = 607.368
extractDigitsThin 
4
numExtract=2
Using NormpolyEval
Using polyEvalNew
k=4
x2k = 644.544
x2kPow2 = 609.277
extractDigitsThin 
5
numExtract=2
Using NormpolyEval
Using polyEvalNew
k=4
x2k = 642.376
x2kPow2 = 607.322
extractDigitsThin 
6
numExtract=2
Using NormpolyEval
Using polyEvalNew
k=4
x2k = 642.414
x2kPow2 = 607.29
extractDigitsThin 
7
numExtract=2
Using NormpolyEval
Using polyEvalNew
k=4
x2k = 642.462
x2kPow2 = 607.434
extractDigitsThin 
8
numExtract=2
Using NormpolyEval
Using polyEvalNew
k=4
x2k = 642.545
x2kPow2 = 607.515
extractDigitsThin 
9
numExtract=2
Using NormpolyEval
Using polyEvalNew
k=4
x2k = 642.442
x2kPow2 = 607.263
extractDigitsThin 
10
numExtract=2
Using NormpolyEval
Using polyEvalNew
k=4
x2k = 644.409
x2kPow2 = 609.253
extractDigitsThin 
11
numExtract=2
Using NormpolyEval
Using polyEvalNew
k=4
x2k = 644.46
x2kPow2 = 609.366
extractDigitsThin 
12
numExtract=2
Using NormpolyEval
Using polyEvalNew
k=4
x2k = 644.442
x2kPow2 = 609.326
extractDigitsThin 
13
numExtract=2
Using NormpolyEval
Using polyEvalNew
k=4
x2k = 642.06
x2kPow2 = 606.865
extractDigitsThin 
14
numExtract=2
Using NormpolyEval
Using polyEvalNew
k=4
x2k = 642.587
x2kPow2 = 607.512
extractDigitsThin 
15
numExtract=2
Using NormpolyEval
Using polyEvalNew
k=4
x2k = 644.485
x2kPow2 = 609.379
extractDigitsThin 
16
numExtract=2
Using NormpolyEval
Using polyEvalNew
k=4
x2k = 644.432
x2kPow2 = 609.261
extractDigitsThin 
17
numExtract=2
Using NormpolyEval
Using polyEvalNew
k=4
x2k = 644.386
x2kPow2 = 609.325
extractDigitsThin 
18
numExtract=2
Using NormpolyEval
Using polyEvalNew
k=4
x2k = 644.643
x2kPow2 = 609.53
extractDigitsThin 
19
numExtract=2
Using NormpolyEval
Using polyEvalNew
k=4
x2k = 642.416
x2kPow2 = 607.266
extractDigitsThin 
20
numExtract=2
Using NormpolyEval
Using polyEvalNew
k=4
x2k = 642.623
x2kPow2 = 607.521
extractDigitsThin 
21
numExtract=2
Using NormpolyEval
Using polyEvalNew
k=4
x2k = 644.658
x2kPow2 = 609.651
extractDigitsThin 
22
numExtract=2
Using NormpolyEval
Using polyEvalNew
k=4
x2k = 644.561
x2kPow2 = 609.471
extractDigitsThin 
23
numExtract=2
Using NormpolyEval
Using polyEvalNew
k=4
x2k = 642.592
x2kPow2 = 607.496
time for linear1 = 51.430156, linear2 = 35.785201, extract = 549.098994, total = 637.537388
bits for linear1 = 111.396385, linear2 = 129.469836, extract = 339.836947, min cap = 10.871142, after cap = 446.482631, after prod = 1019.010874
cap / time = 0.683272

### summary over 1 test
time for linear1 = 51.430156, linear2 = 35.785201, extract = 549.098994, total = 637.537388
bits for linear1 = 111.396385, linear2 = 129.469836, extract = 339.836947, min cap = 10.871142, after cap = 446.482631, after prod = 1019.010874
cap / time = 0.683272


### bts finished, everything ok ###

  AAA_LinearTransform1: 33.5361 / 1 = 33.5361   [$ZHAO_SRC/HElib-clean/src/recryption.cpp:1280]
  AAA_LinearTransform2: 32.2586 / 1 = 32.2586   [$ZHAO_SRC/HElib-clean/src/recryption.cpp:1331]
  AAA_embeddingLargest: 5.30632 / 2548 = 0.00208254   [$ZHAO_SRC/HElib-clean/src/norms.cpp:250]
  AAA_embeddingLargest_x2: 3.36497 / 1599 = 0.00210442   [$ZHAO_SRC/HElib-clean/src/norms.cpp:423]
  AAA_extractDigitsPacked: 570.512 / 1 = 570.512   [$ZHAO_SRC/HElib-clean/src/recryption.cpp:1309]
  AAA_modDownEnbeddings: 4.16059 / 1575 = 0.00264164   [$ZHAO_SRC/HElib-clean/src/Ctxt.cpp:514]
  AAA_preProcess: 1.20581 / 1 = 1.20581   [$ZHAO_SRC/HElib-clean/src/recryption.cpp:938]
  BasicAutomorphPrecon: 21.6035 / 42 = 0.514368   [$ZHAO_SRC/HElib-clean/src/matmul.cpp:70]
  BluesteinFFT: 310.572 / 121536 = 0.00255539   [$ZHAO_SRC/HElib-clean/src/bluestein.cpp:141]
  CRT_reconstruct: 1.56984 / 23 = 0.0682538   [$ZHAO_SRC/HElib-clean/src/PAlgebra.cpp:1018]
  CompMod: 0.015174 / 23 = 0.000659739   [$ZHAO_SRC/HElib-clean/src/PAlgebra.cpp:981]
  Decrypt: 0.442161 / 1 = 0.442161   [$ZHAO_SRC/HElib-clean/src/keys.cpp:1350]
  DoubleCRT: 179.218 / 3825 = 0.0468545   [$ZHAO_SRC/HElib-clean/src/DoubleCRT.cpp:718]
  FFT: 229.342 / 85293 = 0.00268887   [$ZHAO_SRC/HElib-clean/src/CModulus.cpp:479]
  FFT: 281.657 / 85293 = 0.00330223   [$ZHAO_SRC/HElib-clean/src/CModulus.cpp:448]
  FFT: 281.701 / 5722 = 0.0492313   [$ZHAO_SRC/HElib-clean/src/DoubleCRT.cpp:70]
  FFT_aux: 229.284 / 85293 = 0.0026882   [$ZHAO_SRC/HElib-clean/src/CModulus.cpp:360]
  FFT_remainder: 52.2756 / 85293 = 0.000612895   [$ZHAO_SRC/HElib-clean/src/CModulus.cpp:455]
  KS_loop: 31.5277 / 2427 = 0.0129904   [$ZHAO_SRC/HElib-clean/src/Ctxt.cpp:227]
  KS_loop_1: 3.54179 / 2427 = 0.00145933   [$ZHAO_SRC/HElib-clean/src/Ctxt.cpp:235]
  KS_loop_2: 3.72284 / 2427 = 0.00153393   [$ZHAO_SRC/HElib-clean/src/Ctxt.cpp:239]
  KS_loop_3: 3.85568 / 2427 = 0.00158866   [$ZHAO_SRC/HElib-clean/src/Ctxt.cpp:244]
  KS_loop_4: 2.26178 / 2427 = 0.000931922   [$ZHAO_SRC/HElib-clean/src/Ctxt.cpp:248]
  NORM_VAL: 7.44566 / 1920 = 0.00387795   [$ZHAO_SRC/HElib-clean/src/DoubleCRT.cpp:541]
  addCtxt: 12.7975 / 4088 = 0.0031305   [$ZHAO_SRC/HElib-clean/src/Ctxt.cpp:1468]
  addPart: 8.82726 / 6218 = 0.00141963   [$ZHAO_SRC/HElib-clean/src/Ctxt.cpp:914]
  addPrimes: 168.079 / 1921 = 0.0874953   [$ZHAO_SRC/HElib-clean/src/DoubleCRT.cpp:625]
  addPrimes_5: 177.483 / 1920 = 0.0924393   [$ZHAO_SRC/HElib-clean/src/DoubleCRT.cpp:518]
  automorph: 0.483444 / 141 = 0.00342868   [$ZHAO_SRC/HElib-clean/src/Ctxt.cpp:2502]
  automorph: 13.2651 / 228 = 0.0581803   [$ZHAO_SRC/HElib-clean/src/matmul.cpp:118]
  breakIntoDigits: 178.348 / 688 = 0.259226   [$ZHAO_SRC/HElib-clean/src/DoubleCRT.cpp:481]
  do_mul: 19.9309 / 13751 = 0.00144942   [$ZHAO_SRC/HElib-clean/src/DoubleCRT.cpp:280]
  embedInSlots: 1.5858 / 23 = 0.0689478   [$ZHAO_SRC/HElib-clean/src/PAlgebra.cpp:951]
  extractDigitsPacked: 570.512 / 1 = 570.512   [$ZHAO_SRC/HElib-clean/src/recryption.cpp:1464]
  extractDigitsThin: 549.09 / 24 = 22.8788   [$ZHAO_SRC/HElib-clean/src/recryption.cpp:1811]
  frobeniusAutomorph: 8.4885 / 24 = 0.353687   [$ZHAO_SRC/HElib-clean/src/Ctxt.cpp:2591]
  iFFT: 168.261 / 36243 = 0.00464257   [$ZHAO_SRC/HElib-clean/src/CModulus.cpp:488]
  iFFT_division: 68.8372 / 36243 = 0.00189932   [$ZHAO_SRC/HElib-clean/src/CModulus.cpp:570]
  keySwitchPart: 187.526 / 647 = 0.289839   [$ZHAO_SRC/HElib-clean/src/Ctxt.cpp:845]
  modDownToSet: 366.603 / 1624 = 0.22574   [$ZHAO_SRC/HElib-clean/src/Ctxt.cpp:417]
  mul_BlockMatMul1DExec: 60.9366 / 2 = 30.4683   [$ZHAO_SRC/HElib-clean/src/matmul.cpp:1749]
  mul_MatMul1DExec: 4.85811 / 2 = 2.42906   [$ZHAO_SRC/HElib-clean/src/matmul.cpp:1025]
  multByConstant: 6.4272 / 96 = 0.06695   [$ZHAO_SRC/HElib-clean/src/Ctxt.cpp:1922]
  multByConstant: 10.6254 / 3368 = 0.00315482   [$ZHAO_SRC/HElib-clean/src/Ctxt.cpp:1896]
  multLowLvl: 230.268 / 528 = 0.436113   [$ZHAO_SRC/HElib-clean/src/Ctxt.cpp:1743]
  multiplyBy: 363.483 / 408 = 0.890889   [$ZHAO_SRC/HElib-clean/src/Ctxt.cpp:1820]
  multiplyBy2: 46.8283 / 24 = 1.95118   [$ZHAO_SRC/HElib-clean/src/Ctxt.cpp:1840]
  privateAssign: 4.77237 / 3080 = 0.00154947   [$ZHAO_SRC/HElib-clean/src/Ctxt.cpp:337]
  randomize: 15.705 / 2427 = 0.00647094   [$ZHAO_SRC/HElib-clean/src/DoubleCRT.cpp:1318]
  randomize_stream: 8.80571 / 9239618 = 9.53038e-07   [$ZHAO_SRC/HElib-clean/src/DoubleCRT.cpp:1348]
  reCrypt: 637.531 / 1 = 637.531   [$ZHAO_SRC/HElib-clean/src/recryption.cpp:874]
  reLinearize: 322.927 / 766 = 0.421576   [$ZHAO_SRC/HElib-clean/src/Ctxt.cpp:744]
  repack: 3.52608 / 1 = 3.52608   [$ZHAO_SRC/HElib-clean/src/recryption.cpp:1564]
  smartAutomorph: 68.994 / 141 = 0.489319   [$ZHAO_SRC/HElib-clean/src/Ctxt.cpp:2527]
  toPoly: 221.801 / 5578 = 0.0397634   [$ZHAO_SRC/HElib-clean/src/DoubleCRT.cpp:985]
  toPoly_CRT: 37.8695 / 5578 = 0.00678909   [$ZHAO_SRC/HElib-clean/src/DoubleCRT.cpp:1052]
  toPoly_FFT: 181.023 / 5578 = 0.032453   [$ZHAO_SRC/HElib-clean/src/DoubleCRT.cpp:1030]
  unpack: 17.8933 / 1 = 17.8933   [$ZHAO_SRC/HElib-clean/src/recryption.cpp:1469]
  unpack1: 1.2538 / 1 = 1.2538   [$ZHAO_SRC/HElib-clean/src/recryption.cpp:1482]
  unpack2: 13.6348 / 1 = 13.6348   [$ZHAO_SRC/HElib-clean/src/recryption.cpp:1493]
  unpack3: 2.78123 / 1 = 2.78123   [$ZHAO_SRC/HElib-clean/src/recryption.cpp:1508]
  rusage.ru_maxrss=24397792
||||| stats |||||
KS-noise-ratio ave=0.00161792 max=1.04678
KS-noise-ratio-hoist ave=8.45228e-12 max=3.54996e-10
break-into-digits-ratio ave=0.321132 max=0.433063
excess-ctxtPrimes ave=7.87958 max=7.87958
excess-specialPrimes ave=4.00729 max=4.00729
mod-switch-added-noise ave=0.322368 max=0.435781
ptxt_rat_sk ave=0.176608 max=0.34258
raw-mod-switch-noise ave=0.306464 max=0.306464
window1-nchoices ave=3.4 max=7
window1-out ave=0 max=0
window2-nchoices ave=4.20343 max=8
window2-out ave=0 max=0
||||| stats |||||
KS-noise-ratio ave=0.00161792 max=1.04678
KS-noise-ratio-hoist ave=8.45228e-12 max=3.54996e-10
break-into-digits-ratio ave=0.321132 max=0.433063
excess-ctxtPrimes ave=7.87958 max=7.87958
excess-specialPrimes ave=4.00729 max=4.00729
mod-switch-added-noise ave=0.322368 max=0.435781
ptxt_rat_sk ave=0.176608 max=0.34258
raw-mod-switch-noise ave=0.306464 max=0.306464
window1-nchoices ave=3.4 max=7
window1-out ave=0 max=0
window2-nchoices ave=4.20343 max=8
window2-out ave=0 max=0
exit=0 for p=17
########## Zhao artifact, p=127 (fatboot i=1 h=22 t=1) ##########
$ZHAO_SRC/artifact-helib/patches/GN127.patch:46436: trailing whitespace.
  
$ZHAO_SRC/artifact-helib/patches/GN127.patch:46440: trailing whitespace.
  
$ZHAO_SRC/artifact-helib/patches/GN127.patch:46912: trailing whitespace.
  { 
$ZHAO_SRC/artifact-helib/patches/GN127.patch:46961: trailing whitespace.
    tab.restoreContext();    
$ZHAO_SRC/artifact-helib/patches/GN127.patch:46964: trailing whitespace.
    convert(array1, array);//将array由T转化为了vector<RX>    
Applied patch to 'CMakeLists.txt' cleanly.
Falling back to direct application...
Falling back to direct application...
Falling back to direct application...
Falling back to direct application...
Falling back to direct application...
Falling back to direct application...
Falling back to direct application...
Falling back to direct application...
Falling back to direct application...
Falling back to direct application...
Falling back to direct application...
Falling back to direct application...
Falling back to direct application...
Falling back to direct application...
Falling back to direct application...
Falling back to direct application...
Falling back to direct application...
Falling back to direct application...
Falling back to direct application...
Applied patch to 'examples/BGV_packed_arithmetic/BGV_packed_arithmetic.cpp' cleanly.
Applied patch to 'include/helib/Context.h' cleanly.
Applied patch to 'include/helib/Ctxt.h' cleanly.
Applied patch to 'include/helib/DoubleCRT.h' cleanly.
Applied patch to 'include/helib/EncodedPtxt.h' cleanly.
Applied patch to 'include/helib/EncryptedArray.h' cleanly.
Applied patch to 'include/helib/PAlgebra.h' cleanly.
Applied patch to 'include/helib/PolyModRing.h' cleanly.
Applied patch to 'include/helib/keys.h' cleanly.
Applied patch to 'include/helib/matmul.h' cleanly.
Applied patch to 'include/helib/polyEval.h' cleanly.
Applied patch to 'include/helib/recryption.h' cleanly.
Applied patch to 'misc/params1a.cpp' cleanly.
Applied patch to 'src/Context.cpp' cleanly.
Applied patch to 'src/Ctxt.cpp' cleanly.
Applied patch to 'src/DoubleCRT.cpp' cleanly.
Applied patch to 'src/EncryptedArray.cpp' cleanly.
Applied patch to 'src/PAlgebra.cpp' cleanly.
Applied patch to 'src/Ptxt.cpp' cleanly.
Applied patch to 'src/extractDigits.cpp' cleanly.
Applied patch to 'src/fhe_stats.cpp' cleanly.
Applied patch to 'src/keys.cpp' cleanly.
Applied patch to 'src/matmul.cpp' cleanly.
Applied patch to 'src/polyEval.cpp' cleanly.
Applied patch to 'src/recryption.cpp' cleanly.
Applied patch to 'tests/GTestBootstrapping.cpp' cleanly.
Applied patch to 'tests/GTestThinboot.cpp' cleanly.
Falling back to direct application...
warning: squelched 125 whitespace errors
warning: 130 lines add whitespace errors.
-- The C compiler identification is GNU 11.4.0
-- The CXX compiler identification is GNU 11.4.0
-- Detecting C compiler ABI info
-- Detecting C compiler ABI info - done
-- Check for working C compiler: /usr/bin/cc - skipped
-- Detecting C compile features
-- Detecting C compile features - done
-- Detecting CXX compiler ABI info
-- Detecting CXX compiler ABI info - done
-- Check for working CXX compiler: /usr/bin/c++ - skipped
-- Detecting CXX compile features
-- Detecting CXX compile features - done
-- Looking for pthread.h
-- Looking for pthread.h - found
-- Performing Test CMAKE_HAVE_LIBC_PTHREAD
-- Performing Test CMAKE_HAVE_LIBC_PTHREAD - Success
-- Found Threads: TRUE  
-- Found GMP: /usr/local/lib/libgmp.so (found suitable version "6.2.1", minimum required is "6.2.0") 
-- Found NTL: /usr/local/lib/libntl.so (found suitable version "11.5.1", minimum required is "11.4.3") 
-- Looking for NTL_THREADS
-- Looking for NTL_THREADS - found
-- Configuring done
-- Generating done
-- Build files have been written to: $ZHAO_SRC/HElib-clean/build
[  1%] Building CXX object src/CMakeFiles/helib.dir/bluestein.cpp.o
[  3%] Building CXX object src/CMakeFiles/helib.dir/BenesNetwork.cpp.o
[  5%] Building CXX object src/CMakeFiles/helib.dir/binaryArith.cpp.o
[  7%] Building CXX object src/CMakeFiles/helib.dir/binaryCompare.cpp.o
[  9%] Building CXX object src/CMakeFiles/helib.dir/io.cpp.o
[ 11%] Building CXX object src/CMakeFiles/helib.dir/binio.cpp.o
[ 13%] Building CXX object src/CMakeFiles/helib.dir/Context.cpp.o
[ 17%] Building CXX object src/CMakeFiles/helib.dir/Ctxt.cpp.o
[ 17%] Building CXX object src/CMakeFiles/helib.dir/CModulus.cpp.o
[ 21%] Building CXX object src/CMakeFiles/helib.dir/debugging.cpp.o
[ 21%] Building CXX object src/CMakeFiles/helib.dir/DoubleCRT.cpp.o
[ 23%] Building CXX object src/CMakeFiles/helib.dir/EaCx.cpp.o
[ 25%] Building CXX object src/CMakeFiles/helib.dir/EncryptedArray.cpp.o
[ 27%] Building CXX object src/CMakeFiles/helib.dir/EvalMap.cpp.o
[ 29%] Building CXX object src/CMakeFiles/helib.dir/eqtesting.cpp.o
[ 33%] Building CXX object src/CMakeFiles/helib.dir/norms.cpp.o
[ 31%] Building CXX object src/CMakeFiles/helib.dir/hypercube.cpp.o
[ 35%] Building CXX object src/CMakeFiles/helib.dir/fhe_stats.cpp.o
[ 37%] Building CXX object src/CMakeFiles/helib.dir/extractDigits.cpp.o
[ 39%] Building CXX object src/CMakeFiles/helib.dir/IndexSet.cpp.o
[ 43%] Building CXX object src/CMakeFiles/helib.dir/intraSlot.cpp.o
[ 45%] Building CXX object src/CMakeFiles/helib.dir/JsonWrapper.cpp.o
[ 43%] Building CXX object src/CMakeFiles/helib.dir/intelExt.cpp.o
[ 47%] Building CXX object src/CMakeFiles/helib.dir/keys.cpp.o
[ 49%] Building CXX object src/CMakeFiles/helib.dir/log.cpp.o
[ 50%] Building CXX object src/CMakeFiles/helib.dir/keySwitching.cpp.o
[ 54%] Building CXX object src/CMakeFiles/helib.dir/matmul.cpp.o
[ 54%] Building CXX object src/CMakeFiles/helib.dir/matching.cpp.o
[ 56%] Building CXX object src/CMakeFiles/helib.dir/NumbTh.cpp.o
[ 58%] Building CXX object src/CMakeFiles/helib.dir/OptimizePermutations.cpp.o
[ 60%] Building CXX object src/CMakeFiles/helib.dir/PAlgebra.cpp.o
[ 62%] Building CXX object src/CMakeFiles/helib.dir/PermNetwork.cpp.o
[ 64%] Building CXX object src/CMakeFiles/helib.dir/permutations.cpp.o
[ 66%] Building CXX object src/CMakeFiles/helib.dir/PGFFT.cpp.o
[ 68%] Building CXX object src/CMakeFiles/helib.dir/polyEval.cpp.o
[ 70%] Building CXX object src/CMakeFiles/helib.dir/PolyMod.cpp.o
$ZHAO_SRC/HElib-clean/src/extractDigits.cpp:22:43: note: ‘#pragma message: 编译了 extractDigits.cpp’
   22 | #pragma message("编译了 extractDigits.cpp")
      |                                           ^
[ 72%] Building CXX object src/CMakeFiles/helib.dir/PolyModRing.cpp.o
[ 74%] Building CXX object src/CMakeFiles/helib.dir/powerful.cpp.o
[ 76%] Building CXX object src/CMakeFiles/helib.dir/primeChain.cpp.o
[ 78%] Building CXX object src/CMakeFiles/helib.dir/Ptxt.cpp.o
$ZHAO_SRC/HElib-clean/src/polyEval.cpp:25:38: note: ‘#pragma message: 编译了 polyEval.cpp’
   25 | #pragma message("编译了 polyEval.cpp")
      |                                      ^
[ 80%] Building CXX object src/CMakeFiles/helib.dir/randomMatrices.cpp.o
[ 82%] Building CXX object src/CMakeFiles/helib.dir/recryption.cpp.o
[ 84%] Building CXX object src/CMakeFiles/helib.dir/replicate.cpp.o
[ 86%] Building CXX object src/CMakeFiles/helib.dir/sample.cpp.o
[ 88%] Building CXX object src/CMakeFiles/helib.dir/tableLookup.cpp.o
[ 90%] Building CXX object src/CMakeFiles/helib.dir/timing.cpp.o
[ 92%] Building CXX object src/CMakeFiles/helib.dir/zzX.cpp.o
[ 94%] Building CXX object src/CMakeFiles/helib.dir/version.cpp.o
[ 96%] Linking CXX static library ../lib/libhelib.a
[ 96%] Built target helib
[ 98%] Building CXX object CMakeFiles/fatboot.dir/tools/fatboot.cpp.o
[100%] Linking CXX executable fatboot
Copying data/params127 next to fatboot
[100%] Built target fatboot
binary: ./fatboot
---- run ----
chosen idx = 1
encapHwt = 22
t for new bts is 1
new bts ? 1
new ks ? 1
thick bts ?1
repeat times = 1
*** GTestFatboot: p=127, r=2, bits=1630, t=0, c=3, m=56647 mvec=[37 1531], gens=[12249 49026], ords=[36 34]
Computing key-independent tables...
t = 1
bound on I = 21.862359
log2(aux) = 6.988685
log2(beta) = 28.598452
log2(qks) >= 38.283758, final log2(qks) = 38.283759
log2(R) >= 28.321206, final log2(R) = 28.322555
INFO: total bits = 2252.54, security level = 77.9363enew = 3
zz_p modulus = 2048383
degs of poly for the first row and its null poly are 253 / 135
security=77.9363
# small primes = 6
# ctxt primes = 28
# bits in ctxt primes = 1649
# special primes = 11
# bits in special primes = 603
scale=10
 done in 1176.02 seconds
  e=0, e'=0, t=22
  m = 56647, p = 127, phi(m) = 55080
  ord(p) = 45
  normBnd = 1.62016
  polyNormBnd = 4.48997
  factors = [37 1531]
  generator 12249 has order (== Z_m^*) of 36
  generator 49026 has order (== Z_m^*) of 34
r = 2
nslots = 1224
hwt = 120
ctxtPrimes = [6,7,8,9,10,11,12,13,14,15,16,17,18,19,20,21,22,23,24,25,26,27,28,29,30,31,32,33]
specialPrimes = [38,39,40,41,42,43,44,45,46,47,48]
number of bits = 2253

security level = 77.9363
Generating keys, computing key-dependent tables...Sparse boot key hwt = 22
 done in 80.878 seconds
recrypting
WARNING: KS-noise-ratio = 1.02098 > 1
[Linear1 stats] automorph=33 keySwitch=33 mult=0 add=1600 time=86211ms
extractDigitsThin 
0
正在执行nBts,call_index =0
extractDigitsThin 
1
正在执行nBts,call_index =1
extractDigitsThin 
2
正在执行nBts,call_index =2
extractDigitsThin 
3
正在执行nBts,call_index =3
extractDigitsThin 
4
正在执行nBts,call_index =4
extractDigitsThin 
5
正在执行nBts,call_index =5
extractDigitsThin 
6
正在执行nBts,call_index =6
extractDigitsThin 
7
正在执行nBts,call_index =7
extractDigitsThin 
8
正在执行nBts,call_index =8
extractDigitsThin 
9
正在执行nBts,call_index =9
extractDigitsThin 
10
正在执行nBts,call_index =10
extractDigitsThin 
11
正在执行nBts,call_index =11
extractDigitsThin 
12
正在执行nBts,call_index =12
extractDigitsThin 
13
正在执行nBts,call_index =13
extractDigitsThin 
14
正在执行nBts,call_index =14
extractDigitsThin 
15
正在执行nBts,call_index =15
extractDigitsThin 
16
正在执行nBts,call_index =16
extractDigitsThin 
17
正在执行nBts,call_index =17
extractDigitsThin 
18
正在执行nBts,call_index =18
extractDigitsThin 
19
正在执行nBts,call_index =19
extractDigitsThin 
20
正在执行nBts,call_index =20
extractDigitsThin 
21
正在执行nBts,call_index =21
extractDigitsThin 
22
正在执行nBts,call_index =22
extractDigitsThin 
23
正在执行nBts,call_index =23
extractDigitsThin 
24
正在执行nBts,call_index =24
extractDigitsThin 
25
正在执行nBts,call_index =25
extractDigitsThin 
26
正在执行nBts,call_index =26
extractDigitsThin 
27
正在执行nBts,call_index =27
extractDigitsThin 
28
正在执行nBts,call_index =28
extractDigitsThin 
29
正在执行nBts,call_index =29
extractDigitsThin 
30
正在执行nBts,call_index =30
extractDigitsThin 
31
正在执行nBts,call_index =31
extractDigitsThin 
32
正在执行nBts,call_index =32
extractDigitsThin 
33
正在执行nBts,call_index =33
extractDigitsThin 
34
正在执行nBts,call_index =34
extractDigitsThin 
35
正在执行nBts,call_index =35
extractDigitsThin 
36
正在执行nBts,call_index =36
extractDigitsThin 
37
正在执行nBts,call_index =37
extractDigitsThin 
38
正在执行nBts,call_index =38
extractDigitsThin 
39
正在执行nBts,call_index =39
extractDigitsThin 
40
正在执行nBts,call_index =40
extractDigitsThin 
41
正在执行nBts,call_index =41
extractDigitsThin 
42
正在执行nBts,call_index =42
extractDigitsThin 
43
正在执行nBts,call_index =43
extractDigitsThin 
44
正在执行nBts,call_index =44
time for linear1 = 175.279830, linear2 = 98.179659, extract = 1072.897773, total = 1348.858530
bits for linear1 = 102.523575, linear2 = 114.016449, extract = 328.019729, min cap = 9.685307, after cap = 1056.513623, after prod = 1594.084692
cap / time = 0.776085

### summary over 1 test
time for linear1 = 175.279830, linear2 = 98.179659, extract = 1072.897773, total = 1348.858530
bits for linear1 = 102.523575, linear2 = 114.016449, extract = 328.019729, min cap = 9.685307, after cap = 1056.513623, after prod = 1594.084692
cap / time = 0.776085


### bts finished, everything ok ###

  AAA_LinearTransform1: 86.2101 / 1 = 86.2101   [$ZHAO_SRC/HElib-clean/src/recryption.cpp:1272]
  AAA_LinearTransform2: 85.0911 / 1 = 85.0911   [$ZHAO_SRC/HElib-clean/src/recryption.cpp:1323]
  AAA_embeddingLargest: 7.25488 / 2600 = 0.00279034   [$ZHAO_SRC/HElib-clean/src/norms.cpp:250]
  AAA_embeddingLargest_x2: 4.07231 / 1446 = 0.00281626   [$ZHAO_SRC/HElib-clean/src/norms.cpp:423]
  AAA_extractDigitsPacked: 1175.06 / 1 = 1175.06   [$ZHAO_SRC/HElib-clean/src/recryption.cpp:1301]
  AAA_modDownEnbeddings: 4.71012 / 1321 = 0.00356557   [$ZHAO_SRC/HElib-clean/src/Ctxt.cpp:514]
  AAA_preProcess: 2.44928 / 1 = 2.44928   [$ZHAO_SRC/HElib-clean/src/recryption.cpp:930]
  BasicAutomorphPrecon: 149.787 / 139 = 1.07761   [$ZHAO_SRC/HElib-clean/src/matmul.cpp:70]
  BluesteinFFT: 674.004 / 184131 = 0.00366046   [$ZHAO_SRC/HElib-clean/src/bluestein.cpp:141]
  CRT_reconstruct: 4.69018 / 44 = 0.106595   [$ZHAO_SRC/HElib-clean/src/PAlgebra.cpp:1018]
  CompMod: 0.032437 / 44 = 0.000737205   [$ZHAO_SRC/HElib-clean/src/PAlgebra.cpp:981]
  Decrypt: 0.780655 / 1 = 0.780655   [$ZHAO_SRC/HElib-clean/src/keys.cpp:1350]
  DoubleCRT: 399.82 / 3391 = 0.117906   [$ZHAO_SRC/HElib-clean/src/DoubleCRT.cpp:718]
  FFT: 544.273 / 141070 = 0.00385818   [$ZHAO_SRC/HElib-clean/src/CModulus.cpp:479]
  FFT: 676.226 / 141070 = 0.00479355   [$ZHAO_SRC/HElib-clean/src/CModulus.cpp:448]
  FFT: 676.298 / 5492 = 0.123142   [$ZHAO_SRC/HElib-clean/src/DoubleCRT.cpp:70]
  FFT_aux: 544.174 / 141070 = 0.00385748   [$ZHAO_SRC/HElib-clean/src/CModulus.cpp:360]
  FFT_remainder: 131.87 / 141070 = 0.000934786   [$ZHAO_SRC/HElib-clean/src/CModulus.cpp:455]
  KS_loop: 93.2907 / 2970 = 0.031411   [$ZHAO_SRC/HElib-clean/src/Ctxt.cpp:227]
  KS_loop_1: 10.9286 / 2970 = 0.00367968   [$ZHAO_SRC/HElib-clean/src/Ctxt.cpp:235]
  KS_loop_2: 11.9742 / 2970 = 0.00403173   [$ZHAO_SRC/HElib-clean/src/Ctxt.cpp:239]
  KS_loop_3: 11.44 / 2970 = 0.00385186   [$ZHAO_SRC/HElib-clean/src/Ctxt.cpp:244]
  KS_loop_4: 7.64587 / 2970 = 0.00257437   [$ZHAO_SRC/HElib-clean/src/Ctxt.cpp:248]
  NORM_VAL: 12.8731 / 2100 = 0.00613006   [$ZHAO_SRC/HElib-clean/src/DoubleCRT.cpp:541]
  addCtxt: 29.2418 / 5450 = 0.00536547   [$ZHAO_SRC/HElib-clean/src/Ctxt.cpp:1468]
  addPart: 26.0085 / 7159 = 0.00363298   [$ZHAO_SRC/HElib-clean/src/Ctxt.cpp:914]
  addPrimes: 423.596 / 2101 = 0.201616   [$ZHAO_SRC/HElib-clean/src/DoubleCRT.cpp:625]
  addPrimes_5: 441.539 / 2100 = 0.210257   [$ZHAO_SRC/HElib-clean/src/DoubleCRT.cpp:518]
  automorph: 1.56994 / 155 = 0.0101286   [$ZHAO_SRC/HElib-clean/src/Ctxt.cpp:2502]
  automorph: 58.8646 / 432 = 0.136261   [$ZHAO_SRC/HElib-clean/src/matmul.cpp:118]
  breakIntoDigits: 444.453 / 700 = 0.634932   [$ZHAO_SRC/HElib-clean/src/DoubleCRT.cpp:481]
  do_mul: 64.1071 / 18325 = 0.00349834   [$ZHAO_SRC/HElib-clean/src/DoubleCRT.cpp:280]
  embedInSlots: 4.72381 / 44 = 0.107359   [$ZHAO_SRC/HElib-clean/src/PAlgebra.cpp:951]
  extractDigitsPacked: 1175.06 / 1 = 1175.06   [$ZHAO_SRC/HElib-clean/src/recryption.cpp:1456]
  extractDigitsThin: 1072.88 / 45 = 23.8418   [$ZHAO_SRC/HElib-clean/src/recryption.cpp:1803]
  frobeniusAutomorph: 37.2317 / 45 = 0.827372   [$ZHAO_SRC/HElib-clean/src/Ctxt.cpp:2591]
  iFFT: 253.067 / 43061 = 0.00587695   [$ZHAO_SRC/HElib-clean/src/CModulus.cpp:488]
  iFFT_division: 87.2102 / 43061 = 0.00202527   [$ZHAO_SRC/HElib-clean/src/CModulus.cpp:570]
  keySwitchPart: 407.997 / 562 = 0.725974   [$ZHAO_SRC/HElib-clean/src/Ctxt.cpp:845]
  modDownToSet: 632.658 / 1377 = 0.459446   [$ZHAO_SRC/HElib-clean/src/Ctxt.cpp:417]
  mul_BlockMatMul1DExec: 156.94 / 2 = 78.4702   [$ZHAO_SRC/HElib-clean/src/matmul.cpp:1749]
  mul_MatMul1DExec: 14.3607 / 2 = 7.18036   [$ZHAO_SRC/HElib-clean/src/matmul.cpp:1025]
  multByConstant: 12.9939 / 90 = 0.144377   [$ZHAO_SRC/HElib-clean/src/Ctxt.cpp:1922]
  multByConstant: 37.2818 / 5247 = 0.00710536   [$ZHAO_SRC/HElib-clean/src/Ctxt.cpp:1896]
  multLowLvl: 379.624 / 405 = 0.937343   [$ZHAO_SRC/HElib-clean/src/Ctxt.cpp:1743]
  multiplyBy: 273.503 / 135 = 2.02595   [$ZHAO_SRC/HElib-clean/src/Ctxt.cpp:1820]
  multiplyBy2: 534.082 / 135 = 3.95617   [$ZHAO_SRC/HElib-clean/src/Ctxt.cpp:1840]
  privateAssign: 13.1832 / 3333 = 0.00395536   [$ZHAO_SRC/HElib-clean/src/Ctxt.cpp:337]
  randomize: 44.1468 / 2970 = 0.0148642   [$ZHAO_SRC/HElib-clean/src/DoubleCRT.cpp:1318]
  randomize_stream: 24.7475 / 26075716 = 9.49064e-07   [$ZHAO_SRC/HElib-clean/src/DoubleCRT.cpp:1348]
  reCrypt: 1348.85 / 1 = 1348.85   [$ZHAO_SRC/HElib-clean/src/recryption.cpp:866]
  reLinearize: 605.398 / 661 = 0.915882   [$ZHAO_SRC/HElib-clean/src/Ctxt.cpp:744]
  repack: 13.0877 / 1 = 13.0877   [$ZHAO_SRC/HElib-clean/src/recryption.cpp:1556]
  smartAutomorph: 178.387 / 155 = 1.15088   [$ZHAO_SRC/HElib-clean/src/Ctxt.cpp:2527]
  toPoly: 352.804 / 5266 = 0.0669966   [$ZHAO_SRC/HElib-clean/src/DoubleCRT.cpp:985]
  toPoly_CRT: 67.9969 / 5266 = 0.0129124   [$ZHAO_SRC/HElib-clean/src/DoubleCRT.cpp:1052]
  toPoly_FFT: 279.368 / 5266 = 0.0530512   [$ZHAO_SRC/HElib-clean/src/DoubleCRT.cpp:1030]
  unpack: 89.0672 / 1 = 89.0672   [$ZHAO_SRC/HElib-clean/src/recryption.cpp:1461]
  unpack1: 5.15042 / 1 = 5.15042   [$ZHAO_SRC/HElib-clean/src/recryption.cpp:1474]
  unpack2: 58.5965 / 1 = 58.5965   [$ZHAO_SRC/HElib-clean/src/recryption.cpp:1485]
  unpack3: 24.8461 / 1 = 24.8461   [$ZHAO_SRC/HElib-clean/src/recryption.cpp:1500]
  rusage.ru_maxrss=65595204
||||| stats |||||
KS-noise-ratio ave=0.00181683 max=1.02098
KS-noise-ratio-hoist ave=9.60315e-08 max=4.64746e-07
break-into-digits-ratio ave=0.328306 max=0.421846
excess-ctxtPrimes ave=19.0792 max=19.0792
excess-specialPrimes ave=3.02247 max=3.02247
mod-switch-added-noise ave=0.327783 max=0.41017
ptxt_rat_sk ave=0.148787 max=0.294006
raw-mod-switch-noise ave=0.318379 max=0.318379
window1-nchoices ave=5 max=5
window1-out ave=0 max=0
window2-nchoices ave=3.82778 max=6
window2-out ave=0 max=0
||||| stats |||||
KS-noise-ratio ave=0.00181683 max=1.02098
KS-noise-ratio-hoist ave=9.60315e-08 max=4.64746e-07
break-into-digits-ratio ave=0.328306 max=0.421846
excess-ctxtPrimes ave=19.0792 max=19.0792
excess-specialPrimes ave=3.02247 max=3.02247
mod-switch-added-noise ave=0.327783 max=0.41017
ptxt_rat_sk ave=0.148787 max=0.294006
raw-mod-switch-noise ave=0.318379 max=0.318379
window1-nchoices ave=5 max=5
window1-out ave=0 max=0
window2-nchoices ave=3.82778 max=6
window2-out ave=0 max=0
exit=0 for p=127
########## Zhao artifact, p=257 (fatboot i=2 h=22 t=1) ##########
$ZHAO_SRC/artifact-helib/patches/GN257.patch:42746: trailing whitespace.
  
$ZHAO_SRC/artifact-helib/patches/GN257.patch:42750: trailing whitespace.
  
$ZHAO_SRC/artifact-helib/patches/GN257.patch:43222: trailing whitespace.
  { 
$ZHAO_SRC/artifact-helib/patches/GN257.patch:43271: trailing whitespace.
    tab.restoreContext();    
$ZHAO_SRC/artifact-helib/patches/GN257.patch:43274: trailing whitespace.
    convert(array1, array);//将array由T转化为了vector<RX>    
Applied patch to 'CMakeLists.txt' cleanly.
Falling back to direct application...
Falling back to direct application...
Falling back to direct application...
Falling back to direct application...
Falling back to direct application...
Falling back to direct application...
Falling back to direct application...
Falling back to direct application...
Falling back to direct application...
Falling back to direct application...
Falling back to direct application...
Falling back to direct application...
Falling back to direct application...
Falling back to direct application...
Falling back to direct application...
Falling back to direct application...
Applied patch to 'examples/BGV_packed_arithmetic/BGV_packed_arithmetic.cpp' cleanly.
Applied patch to 'include/helib/Context.h' cleanly.
Applied patch to 'include/helib/Ctxt.h' cleanly.
Applied patch to 'include/helib/DoubleCRT.h' cleanly.
Applied patch to 'include/helib/EncodedPtxt.h' cleanly.
Applied patch to 'include/helib/EncryptedArray.h' cleanly.
Applied patch to 'include/helib/PAlgebra.h' cleanly.
Applied patch to 'include/helib/PolyModRing.h' cleanly.
Applied patch to 'include/helib/keys.h' cleanly.
Applied patch to 'include/helib/matmul.h' cleanly.
Applied patch to 'include/helib/polyEval.h' cleanly.
Applied patch to 'include/helib/recryption.h' cleanly.
Applied patch to 'misc/params1a.cpp' cleanly.
Applied patch to 'src/Context.cpp' cleanly.
Applied patch to 'src/Ctxt.cpp' cleanly.
Applied patch to 'src/DoubleCRT.cpp' cleanly.
Applied patch to 'src/EncryptedArray.cpp' cleanly.
Applied patch to 'src/PAlgebra.cpp' cleanly.
Applied patch to 'src/Ptxt.cpp' cleanly.
Applied patch to 'src/extractDigits.cpp' cleanly.
Applied patch to 'src/fhe_stats.cpp' cleanly.
Applied patch to 'src/keys.cpp' cleanly.
Applied patch to 'src/matmul.cpp' cleanly.
Applied patch to 'src/polyEval.cpp' cleanly.
Applied patch to 'src/recryption.cpp' cleanly.
Applied patch to 'tests/GTestBootstrapping.cpp' cleanly.
Applied patch to 'tests/GTestThinboot.cpp' cleanly.
Falling back to direct application...
warning: squelched 121 whitespace errors
warning: 126 lines add whitespace errors.
-- The C compiler identification is GNU 11.4.0
-- The CXX compiler identification is GNU 11.4.0
-- Detecting C compiler ABI info
-- Detecting C compiler ABI info - done
-- Check for working C compiler: /usr/bin/cc - skipped
-- Detecting C compile features
-- Detecting C compile features - done
-- Detecting CXX compiler ABI info
-- Detecting CXX compiler ABI info - done
-- Check for working CXX compiler: /usr/bin/c++ - skipped
-- Detecting CXX compile features
-- Detecting CXX compile features - done
-- Looking for pthread.h
-- Looking for pthread.h - found
-- Performing Test CMAKE_HAVE_LIBC_PTHREAD
-- Performing Test CMAKE_HAVE_LIBC_PTHREAD - Success
-- Found Threads: TRUE  
-- Found GMP: /usr/local/lib/libgmp.so (found suitable version "6.2.1", minimum required is "6.2.0") 
-- Found NTL: /usr/local/lib/libntl.so (found suitable version "11.5.1", minimum required is "11.4.3") 
-- Looking for NTL_THREADS
-- Looking for NTL_THREADS - found
-- Configuring done
-- Generating done
-- Build files have been written to: $ZHAO_SRC/HElib-clean/build
[  1%] Building CXX object src/CMakeFiles/helib.dir/BenesNetwork.cpp.o
[  3%] Building CXX object src/CMakeFiles/helib.dir/binaryArith.cpp.o
[  5%] Building CXX object src/CMakeFiles/helib.dir/binio.cpp.o
[  7%] Building CXX object src/CMakeFiles/helib.dir/bluestein.cpp.o
[  9%] Building CXX object src/CMakeFiles/helib.dir/binaryCompare.cpp.o
[ 11%] Building CXX object src/CMakeFiles/helib.dir/io.cpp.o
[ 15%] Building CXX object src/CMakeFiles/helib.dir/debugging.cpp.o
[ 17%] Building CXX object src/CMakeFiles/helib.dir/CModulus.cpp.o
[ 17%] Building CXX object src/CMakeFiles/helib.dir/Ctxt.cpp.o
[ 19%] Building CXX object src/CMakeFiles/helib.dir/Context.cpp.o
[ 21%] Building CXX object src/CMakeFiles/helib.dir/EaCx.cpp.o
[ 23%] Building CXX object src/CMakeFiles/helib.dir/DoubleCRT.cpp.o
[ 25%] Building CXX object src/CMakeFiles/helib.dir/EvalMap.cpp.o
[ 27%] Building CXX object src/CMakeFiles/helib.dir/EncryptedArray.cpp.o
[ 29%] Building CXX object src/CMakeFiles/helib.dir/eqtesting.cpp.o
[ 31%] Building CXX object src/CMakeFiles/helib.dir/keySwitching.cpp.o
[ 33%] Building CXX object src/CMakeFiles/helib.dir/extractDigits.cpp.o
[ 35%] Building CXX object src/CMakeFiles/helib.dir/fhe_stats.cpp.o
[ 37%] Building CXX object src/CMakeFiles/helib.dir/IndexSet.cpp.o
[ 39%] Building CXX object src/CMakeFiles/helib.dir/intraSlot.cpp.o
[ 41%] Building CXX object src/CMakeFiles/helib.dir/intelExt.cpp.o
[ 43%] Building CXX object src/CMakeFiles/helib.dir/hypercube.cpp.o
[ 47%] Building CXX object src/CMakeFiles/helib.dir/JsonWrapper.cpp.o
[ 47%] Building CXX object src/CMakeFiles/helib.dir/keys.cpp.o
[ 50%] Building CXX object src/CMakeFiles/helib.dir/log.cpp.o
[ 50%] Building CXX object src/CMakeFiles/helib.dir/matching.cpp.o
[ 52%] Building CXX object src/CMakeFiles/helib.dir/matmul.cpp.o
[ 54%] Building CXX object src/CMakeFiles/helib.dir/NumbTh.cpp.o
[ 56%] Building CXX object src/CMakeFiles/helib.dir/norms.cpp.o
[ 60%] Building CXX object src/CMakeFiles/helib.dir/PermNetwork.cpp.o
[ 60%] Building CXX object src/CMakeFiles/helib.dir/OptimizePermutations.cpp.o
[ 62%] Building CXX object src/CMakeFiles/helib.dir/PAlgebra.cpp.o
[ 64%] Building CXX object src/CMakeFiles/helib.dir/permutations.cpp.o
[ 66%] Building CXX object src/CMakeFiles/helib.dir/PGFFT.cpp.o
[ 68%] Building CXX object src/CMakeFiles/helib.dir/polyEval.cpp.o
[ 70%] Building CXX object src/CMakeFiles/helib.dir/PolyMod.cpp.o
$ZHAO_SRC/HElib-clean/src/extractDigits.cpp:22:43: note: ‘#pragma message: 编译了 extractDigits.cpp’
   22 | #pragma message("编译了 extractDigits.cpp")
      |                                           ^
[ 72%] Building CXX object src/CMakeFiles/helib.dir/PolyModRing.cpp.o
[ 74%] Building CXX object src/CMakeFiles/helib.dir/powerful.cpp.o
[ 76%] Building CXX object src/CMakeFiles/helib.dir/primeChain.cpp.o
$ZHAO_SRC/HElib-clean/src/polyEval.cpp:25:38: note: ‘#pragma message: 编译了 polyEval.cpp’
   25 | #pragma message("编译了 polyEval.cpp")
      |                                      ^
[ 78%] Building CXX object src/CMakeFiles/helib.dir/Ptxt.cpp.o
[ 80%] Building CXX object src/CMakeFiles/helib.dir/randomMatrices.cpp.o
[ 82%] Building CXX object src/CMakeFiles/helib.dir/recryption.cpp.o
[ 84%] Building CXX object src/CMakeFiles/helib.dir/replicate.cpp.o
[ 86%] Building CXX object src/CMakeFiles/helib.dir/sample.cpp.o
[ 88%] Building CXX object src/CMakeFiles/helib.dir/tableLookup.cpp.o
[ 90%] Building CXX object src/CMakeFiles/helib.dir/timing.cpp.o
[ 92%] Building CXX object src/CMakeFiles/helib.dir/zzX.cpp.o
[ 94%] Building CXX object src/CMakeFiles/helib.dir/version.cpp.o
[ 96%] Linking CXX static library ../lib/libhelib.a
[ 96%] Built target helib
[ 98%] Building CXX object CMakeFiles/fatboot.dir/tools/fatboot.cpp.o
[100%] Linking CXX executable fatboot
Copying data/params257 next to fatboot
[100%] Built target fatboot
binary: ./fatboot
---- run ----
chosen idx = 2
encapHwt = 22
t for new bts is 1
new bts ? 1
new ks ? 1
thick bts ?1
repeat times = 1
*** GTestFatboot: p=257, r=2, bits=1610, t=0, c=3, m=55427 mvec=[43 1289], gens=[52850 2581], ords=[42 -46]
Computing key-independent tables...
t = 1
bound on I = 21.902406
log2(aux) = 8.005625
log2(beta) = 30.618169
log2(qks) >= 41.320645, final log2(qks) = 41.320645
log2(R) >= 29.302058, final log2(R) = 29.306401
INFO: total bits = 2175.94, security level = 78.9296enew = 3
zz_p modulus = 16974593
degs of poly for the first row and its null poly are 513 / 135
security=78.9296
# small primes = 6
# ctxt primes = 27
# bits in ctxt primes = 1617
# special primes = 10
# bits in special primes = 559
scale=10
 done in 1456.82 seconds
  e=0, e'=0, t=22
  m = 55427, p = 257, phi(m) = 54096
  ord(p) = 28
  normBnd = 1.62042
  polyNormBnd = 3.71886
  factors = [43 1289]
  generator 52850 has order (== Z_m^*) of 42
  generator 2581 has order (!!= Z_m^*) of 46
r = 2
nslots = 1932
hwt = 120
ctxtPrimes = [6,7,8,9,10,11,12,13,14,15,16,17,18,19,20,21,22,23,24,25,26,27,28,29,30,31,32]
specialPrimes = [37,38,39,40,41,42,43,44,45,46]
number of bits = 2176

security level = 78.9296
Generating keys, computing key-dependent tables...Sparse boot key hwt = 22
 done in 80.6459 seconds
recrypting
[Linear1 stats] automorph=55 keySwitch=55 mult=0 add=2647 time=153393ms
extractDigitsThin 
0
正在执行nBts,call_index =0
extractDigitsThin 
1
正在执行nBts,call_index =1
extractDigitsThin 
2
正在执行nBts,call_index =2
extractDigitsThin 
3
正在执行nBts,call_index =3
extractDigitsThin 
4
正在执行nBts,call_index =4
extractDigitsThin 
5
正在执行nBts,call_index =5
extractDigitsThin 
6
正在执行nBts,call_index =6
extractDigitsThin 
7
正在执行nBts,call_index =7
extractDigitsThin 
8
正在执行nBts,call_index =8
extractDigitsThin 
9
正在执行nBts,call_index =9
extractDigitsThin 
10
正在执行nBts,call_index =10
extractDigitsThin 
11
正在执行nBts,call_index =11
extractDigitsThin 
12
正在执行nBts,call_index =12
extractDigitsThin 
13
正在执行nBts,call_index =13
extractDigitsThin 
14
正在执行nBts,call_index =14
extractDigitsThin 
15
正在执行nBts,call_index =15
extractDigitsThin 
16
正在执行nBts,call_index =16
extractDigitsThin 
17
正在执行nBts,call_index =17
extractDigitsThin 
18
正在执行nBts,call_index =18
extractDigitsThin 
19
正在执行nBts,call_index =19
extractDigitsThin 
20
正在执行nBts,call_index =20
extractDigitsThin 
21
正在执行nBts,call_index =21
extractDigitsThin 
22
正在执行nBts,call_index =22
extractDigitsThin 
23
正在执行nBts,call_index =23
extractDigitsThin 
24
正在执行nBts,call_index =24
extractDigitsThin 
25
正在执行nBts,call_index =25
extractDigitsThin 
26
正在执行nBts,call_index =26
extractDigitsThin 
27
正在执行nBts,call_index =27
time for linear1 = 199.750753, linear2 = 147.034679, extract = 689.310448, total = 1038.507299
bits for linear1 = 110.852633, linear2 = 129.891912, extract = 352.757948, min cap = 10.702476, after cap = 972.202848, after prod = 1557.699716
cap / time = 0.925848

### summary over 1 test
time for linear1 = 199.750753, linear2 = 147.034679, extract = 689.310448, total = 1038.507299
bits for linear1 = 110.852633, linear2 = 129.891912, extract = 352.757948, min cap = 10.702476, after cap = 972.202848, after prod = 1557.699716
cap / time = 0.925848


### bts finished, everything ok ###

  AAA_LinearTransform1: 153.392 / 1 = 153.392   [$ZHAO_SRC/HElib-clean/src/recryption.cpp:1280]
  AAA_LinearTransform2: 139.603 / 1 = 139.603   [$ZHAO_SRC/HElib-clean/src/recryption.cpp:1331]
  AAA_embeddingLargest: 5.94418 / 2167 = 0.00274305   [$ZHAO_SRC/HElib-clean/src/norms.cpp:250]
  AAA_embeddingLargest_x2: 2.95212 / 1067 = 0.00276675   [$ZHAO_SRC/HElib-clean/src/norms.cpp:423]
  AAA_extractDigitsPacked: 743.093 / 1 = 743.093   [$ZHAO_SRC/HElib-clean/src/recryption.cpp:1309]
  AAA_modDownEnbeddings: 3.54102 / 1039 = 0.0034081   [$ZHAO_SRC/HElib-clean/src/Ctxt.cpp:514]
  AAA_preProcess: 2.37345 / 1 = 2.37345   [$ZHAO_SRC/HElib-clean/src/recryption.cpp:938]
  BasicAutomorphPrecon: 60.7464 / 60 = 1.01244   [$ZHAO_SRC/HElib-clean/src/matmul.cpp:70]
  BluesteinFFT: 473.735 / 134169 = 0.00353088   [$ZHAO_SRC/HElib-clean/src/bluestein.cpp:141]
  CRT_reconstruct: 2.69237 / 27 = 0.0997176   [$ZHAO_SRC/HElib-clean/src/PAlgebra.cpp:1018]
  CompMod: 0.036724 / 27 = 0.00136015   [$ZHAO_SRC/HElib-clean/src/PAlgebra.cpp:981]
  Decrypt: 0.731303 / 1 = 0.731303   [$ZHAO_SRC/HElib-clean/src/keys.cpp:1350]
  DoubleCRT: 280.998 / 2698 = 0.10415   [$ZHAO_SRC/HElib-clean/src/DoubleCRT.cpp:718]
  FFT: 381.162 / 102166 = 0.00373081   [$ZHAO_SRC/HElib-clean/src/CModulus.cpp:479]
  FFT: 474.255 / 102166 = 0.00464201   [$ZHAO_SRC/HElib-clean/src/CModulus.cpp:448]
  FFT: 474.299 / 4189 = 0.113225   [$ZHAO_SRC/HElib-clean/src/DoubleCRT.cpp:70]
  FFT_aux: 381.082 / 102166 = 0.00373002   [$ZHAO_SRC/HElib-clean/src/CModulus.cpp:360]
  FFT_remainder: 93.0443 / 102166 = 0.000910717   [$ZHAO_SRC/HElib-clean/src/CModulus.cpp:455]
  KS_loop: 68.9119 / 2277 = 0.0302643   [$ZHAO_SRC/HElib-clean/src/Ctxt.cpp:227]
  KS_loop_1: 7.86061 / 2277 = 0.00345218   [$ZHAO_SRC/HElib-clean/src/Ctxt.cpp:235]
  KS_loop_2: 10.1764 / 2277 = 0.0044692   [$ZHAO_SRC/HElib-clean/src/Ctxt.cpp:239]
  KS_loop_3: 8.37361 / 2277 = 0.00367747   [$ZHAO_SRC/HElib-clean/src/Ctxt.cpp:244]
  KS_loop_4: 5.35998 / 2277 = 0.00235397   [$ZHAO_SRC/HElib-clean/src/Ctxt.cpp:248]
  NORM_VAL: 9.67025 / 1602 = 0.00603636   [$ZHAO_SRC/HElib-clean/src/DoubleCRT.cpp:541]
  addCtxt: 31.6693 / 6246 = 0.00507033   [$ZHAO_SRC/HElib-clean/src/Ctxt.cpp:1468]
  addPart: 20.8699 / 5653 = 0.00369182   [$ZHAO_SRC/HElib-clean/src/Ctxt.cpp:914]
  addPrimes: 298.425 / 1603 = 0.186166   [$ZHAO_SRC/HElib-clean/src/DoubleCRT.cpp:625]
  addPrimes_5: 311.96 / 1602 = 0.194732   [$ZHAO_SRC/HElib-clean/src/DoubleCRT.cpp:518]
  automorph: 1.73714 / 193 = 0.00900072   [$ZHAO_SRC/HElib-clean/src/Ctxt.cpp:2502]
  automorph: 37.924 / 288 = 0.131681   [$ZHAO_SRC/HElib-clean/src/matmul.cpp:118]
  breakIntoDigits: 313.98 / 534 = 0.587977   [$ZHAO_SRC/HElib-clean/src/DoubleCRT.cpp:481]
  do_mul: 107.578 / 17995 = 0.00597824   [$ZHAO_SRC/HElib-clean/src/DoubleCRT.cpp:280]
  embedInSlots: 2.73021 / 27 = 0.101119   [$ZHAO_SRC/HElib-clean/src/PAlgebra.cpp:951]
  extractDigitsPacked: 743.093 / 1 = 743.093   [$ZHAO_SRC/HElib-clean/src/recryption.cpp:1464]
  extractDigitsThin: 689.298 / 28 = 24.6178   [$ZHAO_SRC/HElib-clean/src/recryption.cpp:1811]
  frobeniusAutomorph: 21.678 / 28 = 0.774213   [$ZHAO_SRC/HElib-clean/src/Ctxt.cpp:2591]
  iFFT: 180.916 / 32003 = 0.0056531   [$ZHAO_SRC/HElib-clean/src/CModulus.cpp:488]
  iFFT_division: 62.2839 / 32003 = 0.00194619   [$ZHAO_SRC/HElib-clean/src/CModulus.cpp:570]
  keySwitchPart: 320.251 / 475 = 0.674212   [$ZHAO_SRC/HElib-clean/src/Ctxt.cpp:845]
  modDownToSet: 446.519 / 1068 = 0.418089   [$ZHAO_SRC/HElib-clean/src/Ctxt.cpp:417]
  mul_BlockMatMul1DExec: 276.932 / 2 = 138.466   [$ZHAO_SRC/HElib-clean/src/matmul.cpp:1749]
  mul_MatMul1DExec: 16.0621 / 2 = 8.03106   [$ZHAO_SRC/HElib-clean/src/matmul.cpp:1025]
  multByConstant: 11.5858 / 168 = 0.0689631   [$ZHAO_SRC/HElib-clean/src/Ctxt.cpp:1922]
  multByConstant: 88.7386 / 6132 = 0.0144714   [$ZHAO_SRC/HElib-clean/src/Ctxt.cpp:1896]
  multLowLvl: 243.253 / 280 = 0.86876   [$ZHAO_SRC/HElib-clean/src/Ctxt.cpp:1743]
  multiplyBy: 435.318 / 224 = 1.94338   [$ZHAO_SRC/HElib-clean/src/Ctxt.cpp:1820]
  multiplyBy2: 102.496 / 28 = 3.66058   [$ZHAO_SRC/HElib-clean/src/Ctxt.cpp:1840]
  privateAssign: 8.07787 / 1942 = 0.00415956   [$ZHAO_SRC/HElib-clean/src/Ctxt.cpp:337]
  randomize: 31.3897 / 2277 = 0.0137855   [$ZHAO_SRC/HElib-clean/src/DoubleCRT.cpp:1318]
  randomize_stream: 17.5533 / 18618622 = 9.42779e-07   [$ZHAO_SRC/HElib-clean/src/DoubleCRT.cpp:1348]
  reCrypt: 1038.49 / 1 = 1038.49   [$ZHAO_SRC/HElib-clean/src/recryption.cpp:874]
  reLinearize: 505.692 / 568 = 0.890302   [$ZHAO_SRC/HElib-clean/src/Ctxt.cpp:744]
  repack: 7.42984 / 1 = 7.42984   [$ZHAO_SRC/HElib-clean/src/recryption.cpp:1564]
  smartAutomorph: 212.276 / 193 = 1.09988   [$ZHAO_SRC/HElib-clean/src/Ctxt.cpp:2527]
  toPoly: 251.131 / 3992 = 0.0629087   [$ZHAO_SRC/HElib-clean/src/DoubleCRT.cpp:985]
  toPoly_CRT: 47.994 / 3992 = 0.0120225   [$ZHAO_SRC/HElib-clean/src/DoubleCRT.cpp:1052]
  toPoly_FFT: 199.078 / 3992 = 0.0498691   [$ZHAO_SRC/HElib-clean/src/DoubleCRT.cpp:1030]
  unpack: 46.3562 / 1 = 46.3562   [$ZHAO_SRC/HElib-clean/src/recryption.cpp:1469]
  unpack1: 3.04774 / 1 = 3.04774   [$ZHAO_SRC/HElib-clean/src/recryption.cpp:1482]
  unpack2: 33.8125 / 1 = 33.8125   [$ZHAO_SRC/HElib-clean/src/recryption.cpp:1493]
  unpack3: 9.05362 / 1 = 9.05362   [$ZHAO_SRC/HElib-clean/src/recryption.cpp:1508]
  rusage.ru_maxrss=95347660
||||| stats |||||
KS-noise-ratio ave=0.00196609 max=0.933384
KS-noise-ratio-hoist ave=1.43898e-10 max=8.63389e-09
break-into-digits-ratio ave=0.327922 max=0.402548
excess-ctxtPrimes ave=6.66176 max=6.66176
excess-specialPrimes ave=7.86709 max=7.86709
mod-switch-added-noise ave=0.327765 max=0.406165
ptxt_rat_sk ave=0.152592 max=0.301407
raw-mod-switch-noise ave=0.34144 max=0.34144
window1-nchoices ave=2 max=2
window1-out ave=0 max=0
window2-nchoices ave=4.1746 max=8
window2-out ave=0 max=0
||||| stats |||||
KS-noise-ratio ave=0.00196609 max=0.933384
KS-noise-ratio-hoist ave=1.43898e-10 max=8.63389e-09
break-into-digits-ratio ave=0.327922 max=0.402548
excess-ctxtPrimes ave=6.66176 max=6.66176
excess-specialPrimes ave=7.86709 max=7.86709
mod-switch-added-noise ave=0.327765 max=0.406165
ptxt_rat_sk ave=0.152592 max=0.301407
raw-mod-switch-noise ave=0.34144 max=0.34144
window1-nchoices ave=2 max=2
window1-out ave=0 max=0
window2-nchoices ave=4.1746 max=8
window2-out ave=0 max=0
exit=0 for p=257
ALL_DONE
