########## Zhao artifact, Case V (i=4), t=-1, thin ##########
chosen idx = 4
encapHwt = 12
t for new bts is -1
new bts ? 1
new ks ? 1
thick bts ?0
repeat times = 1
*** GTestFatboot: p=65537, r=1, bits=1500, t=0, c=3, m=50731 mvec=[97 523], gens=[48117 5239], ords=[96 29]
Computing key-independent tables...
t = -1
bound on I = 16.402088
log2(aux) = 5.129283
log2(beta) = 30.546816
log2(qks) >= 38.373355, final log2(qks) = 38.373361
log2(R) >= 28.191770, final log2(R) = 28.192822
INFO: total bits = 2017.44, security level = 78.8964enew = 1
deg of poly for non-power-of-p aux is 1223
security=78.8964
# small primes = 6
# ctxt primes = 26
# bits in ctxt primes = 1505
# special primes = 9
# bits in special primes = 512
scale=10
 done in 289.085 seconds
  e=0, e'=0, t=12
  m = 50731, p = 65537, phi(m) = 50112
  ord(p) = 18
  normBnd = 1.62099
  polyNormBnd = 5.6346
  factors = [97 523]
  generator 48117 has order (== Z_m^*) of 96
  generator 5239 has order (== Z_m^*) of 29
r = 1
nslots = 2784
hwt = 120
ctxtPrimes = [6,7,8,9,10,11,12,13,14,15,16,17,18,19,20,21,22,23,24,25,26,27,28,29,30,31]
specialPrimes = [36,37,38,39,40,41,42,43,44]
number of bits = 2018

security level = 78.8964
Generating keys, computing key-dependent tables...Sparse boot key hwt = 12
 done in 61.0724 seconds
WARNING: KS-noise-ratio = 1.06321 > 1
time for linear1 = 11.706209, linear2 = 106.541336, extract = 0.000000, total = 125.765136
bits for linear1 = 55.711455, linear2 = 64.890926, extract = 0.000000, min cap = 7.826545, after cap = 1384.893335, after prod = 1457.570806
cap / time = 10.506531
0 is bad
1 is bad
2 is bad
3 is bad
4 is bad
5 is bad
6 is bad
7 is bad
8 is bad
9 is bad
11 is bad
13 is bad
14 is bad
16 is bad
17 is bad
18 is bad
21 is bad
22 is bad
23 is bad
24 is bad
25 is bad
26 is bad
27 is bad
28 is bad
29 is bad
30 is bad
31 is bad
32 is bad
33 is bad
34 is bad
35 is bad
36 is bad
37 is bad
40 is bad
41 is bad
42 is bad
43 is bad
44 is bad
45 is bad
46 is bad
47 is bad
48 is bad
50 is bad
51 is bad
54 is bad
55 is bad
56 is bad
58 is bad
59 is bad
62 is bad
63 is bad
64 is bad
65 is bad
66 is bad
67 is bad
68 is bad
69 is bad
70 is bad
71 is bad
72 is bad
73 is bad
74 is bad
75 is bad
76 is bad
77 is bad
78 is bad
80 is bad
81 is bad
83 is bad
84 is bad
85 is bad
86 is bad
88 is bad
90 is bad
91 is bad
92 is bad
93 is bad
94 is bad
95 is bad
96 is bad
97 is bad
98 is bad
99 is bad
100 is bad
101 is bad
102 is bad
103 is bad
105 is bad
106 is bad
107 is bad
108 is bad
109 is bad
110 is bad
111 is bad
112 is bad
113 is bad
115 is bad
116 is bad
117 is bad
118 is bad
119 is bad
120 is bad
121 is bad
122 is bad
123 is bad
125 is bad
126 is bad
127 is bad
128 is bad
130 is bad
131 is bad
132 is bad
134 is bad
135 is bad
136 is bad
137 is bad
138 is bad
139 is bad
140 is bad
141 is bad
142 is bad
144 is bad
145 is bad
146 is bad
148 is bad
149 is bad
150 is bad
151 is bad
152 is bad
153 is bad
154 is bad
155 is bad
156 is bad
159 is bad
160 is bad
161 is bad
162 is bad
163 is bad
164 is bad
165 is bad
167 is bad
168 is bad
171 is bad
172 is bad
173 is bad
174 is bad
175 is bad
176 is bad
179 is bad
180 is bad
182 is bad
183 is bad
184 is bad
185 is bad
186 is bad
187 is bad
188 is bad
189 is bad
190 is bad
192 is bad
194 is bad
195 is bad
196 is bad
198 is bad
200 is bad
201 is bad
202 is bad
204 is bad
207 is bad
208 is bad
209 is bad
210 is bad
211 is bad
212 is bad
213 is bad
214 is bad
215 is bad
216 is bad
217 is bad
218 is bad
219 is bad
221 is bad
223 is bad
225 is bad
226 is bad
227 is bad
228 is bad
229 is bad
230 is bad
231 is bad
232 is bad
233 is bad
234 is bad
236 is bad
237 is bad
238 is bad
239 is bad
240 is bad
241 is bad
242 is bad
243 is bad
244 is bad
246 is bad
247 is bad
248 is bad
249 is bad
250 is bad
251 is bad
254 is bad
255 is bad
256 is bad
257 is bad
258 is bad
259 is bad
260 is bad
263 is bad
264 is bad
266 is bad
267 is bad
268 is bad
270 is bad
271 is bad
272 is bad
273 is bad
275 is bad
276 is bad
277 is bad
278 is bad
280 is bad
281 is bad
282 is bad
283 is bad
284 is bad
285 is bad
286 is bad
287 is bad
288 is bad
289 is bad
290 is bad
292 is bad
293 is bad
294 is bad
295 is bad
296 is bad
297 is bad
302 is bad
303 is bad
305 is bad
306 is bad
308 is bad
309 is bad
310 is bad
311 is bad
312 is bad
313 is bad
314 is bad
315 is bad
316 is bad
317 is bad
321 is bad
322 is bad
323 is bad
324 is bad
325 is bad
326 is bad
327 is bad
329 is bad
330 is bad
332 is bad
334 is bad
335 is bad
336 is bad
337 is bad
338 is bad
339 is bad
340 is bad
341 is bad
342 is bad
343 is bad
344 is bad
345 is bad
347 is bad
349 is bad
350 is bad
351 is bad
352 is bad
353 is bad
354 is bad
355 is bad
356 is bad
357 is bad
359 is bad
360 is bad
362 is bad
363 is bad
365 is bad
367 is bad
368 is bad
369 is bad
370 is bad
372 is bad
373 is bad
374 is bad
375 is bad
376 is bad
377 is bad
378 is bad
379 is bad
380 is bad
383 is bad
384 is bad
385 is bad
387 is bad
390 is bad
391 is bad
392 is bad
394 is bad
395 is bad
396 is bad
397 is bad
399 is bad
400 is bad
401 is bad
402 is bad
403 is bad
405 is bad
406 is bad
407 is bad
408 is bad
410 is bad
413 is bad
415 is bad
419 is bad
420 is bad
421 is bad
422 is bad
425 is bad
426 is bad
428 is bad
429 is bad
430 is bad
431 is bad
432 is bad
433 is bad
434 is bad
435 is bad
436 is bad
437 is bad
438 is bad
439 is bad
440 is bad
441 is bad
442 is bad
443 is bad
445 is bad
446 is bad
449 is bad
450 is bad
451 is bad
452 is bad
453 is bad
454 is bad
455 is bad
456 is bad
457 is bad
458 is bad
459 is bad
461 is bad
462 is bad
463 is bad
464 is bad
465 is bad
466 is bad
467 is bad
468 is bad
469 is bad
470 is bad
471 is bad
473 is bad
474 is bad
475 is bad
476 is bad
477 is bad
479 is bad
482 is bad
484 is bad
485 is bad
486 is bad
487 is bad
488 is bad
490 is bad
491 is bad
495 is bad
496 is bad
497 is bad
498 is bad
499 is bad
500 is bad
502 is bad
503 is bad
504 is bad
505 is bad
506 is bad
507 is bad
508 is bad
510 is bad
511 is bad
512 is bad
514 is bad
515 is bad
517 is bad
518 is bad
519 is bad
520 is bad
522 is bad
523 is bad
524 is bad
525 is bad
526 is bad
527 is bad
528 is bad
529 is bad
530 is bad
532 is bad
533 is bad
534 is bad
535 is bad
536 is bad
537 is bad
538 is bad
540 is bad
541 is bad
543 is bad
544 is bad
545 is bad
547 is bad
548 is bad
549 is bad
550 is bad
551 is bad
553 is bad
554 is bad
555 is bad
556 is bad
557 is bad
559 is bad
560 is bad
562 is bad
563 is bad
564 is bad
565 is bad
566 is bad
567 is bad
568 is bad
569 is bad
570 is bad
571 is bad
572 is bad
573 is bad
575 is bad
576 is bad
577 is bad
578 is bad
580 is bad
581 is bad
582 is bad
583 is bad
584 is bad
585 is bad
586 is bad
587 is bad
588 is bad
589 is bad
590 is bad
591 is bad
592 is bad
593 is bad
594 is bad
595 is bad
597 is bad
598 is bad
599 is bad
600 is bad
601 is bad
602 is bad
603 is bad
605 is bad
606 is bad
607 is bad
608 is bad
609 is bad
610 is bad
611 is bad
612 is bad
613 is bad
614 is bad
617 is bad
618 is bad
619 is bad
622 is bad
624 is bad
625 is bad
626 is bad
627 is bad
628 is bad
630 is bad
631 is bad
633 is bad
635 is bad
636 is bad
637 is bad
638 is bad
640 is bad
641 is bad
642 is bad
644 is bad
645 is bad
647 is bad
648 is bad
649 is bad
650 is bad
651 is bad
653 is bad
654 is bad
655 is bad
657 is bad
658 is bad
659 is bad
660 is bad
661 is bad
662 is bad
665 is bad
666 is bad
667 is bad
668 is bad
669 is bad
670 is bad
672 is bad
674 is bad
675 is bad
676 is bad
677 is bad
678 is bad
679 is bad
680 is bad
682 is bad
683 is bad
685 is bad
686 is bad
687 is bad
688 is bad
689 is bad
690 is bad
691 is bad
692 is bad
693 is bad
694 is bad
697 is bad
698 is bad
699 is bad
700 is bad
702 is bad
703 is bad
704 is bad
705 is bad
706 is bad
707 is bad
708 is bad
709 is bad
710 is bad
711 is bad
712 is bad
713 is bad
714 is bad
715 is bad
718 is bad
719 is bad
720 is bad
721 is bad
722 is bad
724 is bad
725 is bad
726 is bad
727 is bad
728 is bad
729 is bad
730 is bad
732 is bad
733 is bad
735 is bad
739 is bad
742 is bad
744 is bad
745 is bad
746 is bad
747 is bad
748 is bad
749 is bad
750 is bad
751 is bad
752 is bad
753 is bad
754 is bad
759 is bad
760 is bad
761 is bad
762 is bad
763 is bad
765 is bad
766 is bad
768 is bad
769 is bad
770 is bad
771 is bad
772 is bad
773 is bad
774 is bad
775 is bad
776 is bad
777 is bad
778 is bad
779 is bad
780 is bad
781 is bad
782 is bad
783 is bad
784 is bad
786 is bad
787 is bad
789 is bad
790 is bad
791 is bad
792 is bad
793 is bad
794 is bad
795 is bad
796 is bad
797 is bad
798 is bad
799 is bad
800 is bad
802 is bad
803 is bad
805 is bad
806 is bad
808 is bad
809 is bad
810 is bad
811 is bad
812 is bad
813 is bad
814 is bad
815 is bad
816 is bad
817 is bad
818 is bad
823 is bad
824 is bad
825 is bad
826 is bad
827 is bad
829 is bad
830 is bad
831 is bad
832 is bad
833 is bad
834 is bad
835 is bad
836 is bad
837 is bad
839 is bad
840 is bad
842 is bad
844 is bad
845 is bad
847 is bad
848 is bad
849 is bad
850 is bad
851 is bad
852 is bad
853 is bad
854 is bad
855 is bad
856 is bad
857 is bad
858 is bad
860 is bad
861 is bad
863 is bad
864 is bad
865 is bad
866 is bad
867 is bad
869 is bad
870 is bad
871 is bad
872 is bad
873 is bad
874 is bad
875 is bad
876 is bad
877 is bad
879 is bad
880 is bad
881 is bad
884 is bad
885 is bad
886 is bad
887 is bad
888 is bad
889 is bad
891 is bad
892 is bad
893 is bad
894 is bad
895 is bad
897 is bad
899 is bad
900 is bad
901 is bad
902 is bad
904 is bad
906 is bad
909 is bad
912 is bad
913 is bad
914 is bad
915 is bad
916 is bad
917 is bad
919 is bad
920 is bad
921 is bad
922 is bad
923 is bad
924 is bad
925 is bad
926 is bad
927 is bad
928 is bad
929 is bad
930 is bad
931 is bad
933 is bad
934 is bad
936 is bad
937 is bad
940 is bad
941 is bad
942 is bad
943 is bad
945 is bad
946 is bad
948 is bad
949 is bad
950 is bad
951 is bad
952 is bad
953 is bad
955 is bad
956 is bad
957 is bad
958 is bad
959 is bad
960 is bad
961 is bad
962 is bad
963 is bad
964 is bad
967 is bad
968 is bad
969 is bad
971 is bad
972 is bad
973 is bad
975 is bad
976 is bad
977 is bad
978 is bad
979 is bad
980 is bad
981 is bad
982 is bad
983 is bad
986 is bad
987 is bad
988 is bad
990 is bad
991 is bad
992 is bad
993 is bad
994 is bad
995 is bad
996 is bad
997 is bad
998 is bad
999 is bad
1000 is bad
1001 is bad
1002 is bad
1004 is bad
1005 is bad
1007 is bad
1008 is bad
1009 is bad
1010 is bad
1011 is bad
1012 is bad
1013 is bad
1014 is bad
1015 is bad
1016 is bad
1017 is bad
1018 is bad
1019 is bad
1020 is bad
1023 is bad
1025 is bad
1026 is bad
1027 is bad
1028 is bad
1029 is bad
1030 is bad
1032 is bad
1033 is bad
1034 is bad
1036 is bad
1037 is bad
1039 is bad
1040 is bad
1041 is bad
1042 is bad
1043 is bad
1044 is bad
1045 is bad
1046 is bad
1047 is bad
1048 is bad
1049 is bad
1050 is bad
1052 is bad
1053 is bad
1054 is bad
1055 is bad
1056 is bad
1057 is bad
1058 is bad
1059 is bad
1060 is bad
1061 is bad
1062 is bad
1063 is bad
1064 is bad
1065 is bad
1067 is bad
1068 is bad
1069 is bad
1070 is bad
1071 is bad
1072 is bad
1073 is bad
1074 is bad
1075 is bad
1077 is bad
1078 is bad
1080 is bad
1081 is bad
1083 is bad
1084 is bad
1086 is bad
1087 is bad
1088 is bad
1089 is bad
1090 is bad
1093 is bad
1094 is bad
1095 is bad
1096 is bad
1097 is bad
1098 is bad
1099 is bad
1100 is bad
1101 is bad
1102 is bad
1104 is bad
1105 is bad
1106 is bad
1109 is bad
1110 is bad
1112 is bad
1115 is bad
1116 is bad
1117 is bad
1118 is bad
1122 is bad
1123 is bad
1124 is bad
1125 is bad
1127 is bad
1128 is bad
1129 is bad
1131 is bad
1133 is bad
1134 is bad
1135 is bad
1136 is bad
1137 is bad
1139 is bad
1140 is bad
1141 is bad
1143 is bad
1144 is bad
1145 is bad
1146 is bad
1148 is bad
1149 is bad
1150 is bad
1152 is bad
1153 is bad
1154 is bad
1155 is bad
1156 is bad
1158 is bad
1161 is bad
1162 is bad
1163 is bad
1164 is bad
1165 is bad
1166 is bad
1168 is bad
1169 is bad
1171 is bad
1172 is bad
1173 is bad
1174 is bad
1175 is bad
1176 is bad
1177 is bad
1178 is bad
1179 is bad
1180 is bad
1181 is bad
1182 is bad
1183 is bad
1184 is bad
1185 is bad
1186 is bad
1187 is bad
1188 is bad
1189 is bad
1190 is bad
1195 is bad
1196 is bad
1197 is bad
1198 is bad
1199 is bad
1200 is bad
1201 is bad
1202 is bad
1203 is bad
1204 is bad
1205 is bad
1206 is bad
1207 is bad
1208 is bad
1211 is bad
1212 is bad
1215 is bad
1217 is bad
1219 is bad
1220 is bad
1222 is bad
1224 is bad
1226 is bad
1227 is bad
1228 is bad
1229 is bad
1230 is bad
1231 is bad
1232 is bad
1233 is bad
1234 is bad
1236 is bad
1237 is bad
1240 is bad
1241 is bad
1243 is bad
1244 is bad
1245 is bad
1247 is bad
1248 is bad
1249 is bad
1250 is bad
1251 is bad
1252 is bad
1253 is bad
1254 is bad
1256 is bad
1257 is bad
1258 is bad
1259 is bad
1261 is bad
1262 is bad
1263 is bad
1264 is bad
1268 is bad
1269 is bad
1270 is bad
1271 is bad
1272 is bad
1273 is bad
1274 is bad
1275 is bad
1277 is bad
1278 is bad
1280 is bad
1281 is bad
1282 is bad
1283 is bad
1284 is bad
1285 is bad
1286 is bad
1287 is bad
1288 is bad
1289 is bad
1290 is bad
1291 is bad
1292 is bad
1293 is bad
1295 is bad
1296 is bad
1297 is bad
1298 is bad
1299 is bad
1300 is bad
1302 is bad
1303 is bad
1304 is bad
1306 is bad
1307 is bad
1309 is bad
1311 is bad
1313 is bad
1314 is bad
1315 is bad
1316 is bad
1317 is bad
1320 is bad
1321 is bad
1322 is bad
1323 is bad
1324 is bad
1325 is bad
1326 is bad
1327 is bad
1328 is bad
1331 is bad
1332 is bad
1334 is bad
1335 is bad
1336 is bad
1339 is bad
1342 is bad
1344 is bad
1345 is bad
1346 is bad
1348 is bad
1351 is bad
1352 is bad
1354 is bad
1355 is bad
1356 is bad
1358 is bad
1360 is bad
1361 is bad
1363 is bad
1364 is bad
1365 is bad
1371 is bad
1372 is bad
1373 is bad
1374 is bad
1381 is bad
1382 is bad
1383 is bad
1384 is bad
1385 is bad
1387 is bad
1391 is bad
1392 is bad
1393 is bad
1396 is bad
1397 is bad
1398 is bad
1399 is bad
1400 is bad
1402 is bad
1403 is bad
1404 is bad
1405 is bad
1406 is bad
1407 is bad
1408 is bad
1409 is bad
1410 is bad
1411 is bad
1413 is bad
1414 is bad
1415 is bad
1417 is bad
1418 is bad
1419 is bad
1420 is bad
1421 is bad
1422 is bad
1423 is bad
1424 is bad
1425 is bad
1426 is bad
1428 is bad
1431 is bad
1432 is bad
1433 is bad
1434 is bad
1435 is bad
1436 is bad
1437 is bad
1439 is bad
1440 is bad
1441 is bad
1442 is bad
1443 is bad
1444 is bad
1447 is bad
1449 is bad
1450 is bad
1451 is bad
1454 is bad
1455 is bad
1456 is bad
1457 is bad
1458 is bad
1460 is bad
1461 is bad
1462 is bad
1463 is bad
1464 is bad
1465 is bad
1466 is bad
1467 is bad
1468 is bad
1469 is bad
1470 is bad
1471 is bad
1472 is bad
1473 is bad
1476 is bad
1478 is bad
1479 is bad
1480 is bad
1481 is bad
1482 is bad
1483 is bad
1484 is bad
1487 is bad
1489 is bad
1490 is bad
1491 is bad
1492 is bad
1493 is bad
1494 is bad
1495 is bad
1496 is bad
1497 is bad
1498 is bad
1500 is bad
1501 is bad
1504 is bad
1506 is bad
1509 is bad
1510 is bad
1512 is bad
1513 is bad
1515 is bad
1516 is bad
1518 is bad
1519 is bad
1520 is bad
1521 is bad
1522 is bad
1523 is bad
1524 is bad
1525 is bad
1526 is bad
1527 is bad
1530 is bad
1531 is bad
1534 is bad
1535 is bad
1537 is bad
1538 is bad
1540 is bad
1541 is bad
1542 is bad
1543 is bad
1544 is bad
1545 is bad
1546 is bad
1547 is bad
1548 is bad
1549 is bad
1550 is bad
1551 is bad
1552 is bad
1553 is bad
1554 is bad
1555 is bad
1556 is bad
1557 is bad
1559 is bad
1560 is bad
1562 is bad
1563 is bad
1567 is bad
1568 is bad
1569 is bad
1570 is bad
1571 is bad
1572 is bad
1573 is bad
1574 is bad
1575 is bad
1576 is bad
1577 is bad
1578 is bad
1579 is bad
1580 is bad
1581 is bad
1582 is bad
1583 is bad
1585 is bad
1586 is bad
1587 is bad
1588 is bad
1589 is bad
1590 is bad
1591 is bad
1592 is bad
1593 is bad
1594 is bad
1595 is bad
1596 is bad
1597 is bad
1598 is bad
1599 is bad
1600 is bad
1601 is bad
1602 is bad
1603 is bad
1604 is bad
1605 is bad
1606 is bad
1607 is bad
1608 is bad
1609 is bad
1610 is bad
1611 is bad
1612 is bad
1613 is bad
1614 is bad
1615 is bad
1616 is bad
1617 is bad
1618 is bad
1619 is bad
1620 is bad
1621 is bad
1622 is bad
1623 is bad
1624 is bad
1625 is bad
1626 is bad
1627 is bad
1628 is bad
1629 is bad
1631 is bad
1632 is bad
1634 is bad
1635 is bad
1637 is bad
1639 is bad
1640 is bad
1643 is bad
1644 is bad
1645 is bad
1646 is bad
1647 is bad
1648 is bad
1649 is bad
1650 is bad
1651 is bad
1652 is bad
1653 is bad
1654 is bad
1655 is bad
1657 is bad
1659 is bad
1660 is bad
1662 is bad
1663 is bad
1665 is bad
1666 is bad
1667 is bad
1668 is bad
1669 is bad
1670 is bad
1671 is bad
1672 is bad
1673 is bad
1675 is bad
1676 is bad
1679 is bad
1680 is bad
1681 is bad
1682 is bad
1684 is bad
1685 is bad
1686 is bad
1687 is bad
1688 is bad
1689 is bad
1690 is bad
1691 is bad
1692 is bad
1693 is bad
1694 is bad
1696 is bad
1698 is bad
1699 is bad
1700 is bad
1701 is bad
1702 is bad
1703 is bad
1704 is bad
1705 is bad
1706 is bad
1707 is bad
1708 is bad
1709 is bad
1710 is bad
1711 is bad
1712 is bad
1713 is bad
1714 is bad
1718 is bad
1719 is bad
1720 is bad
1721 is bad
1722 is bad
1723 is bad
1725 is bad
1726 is bad
1727 is bad
1728 is bad
1729 is bad
1730 is bad
1732 is bad
1733 is bad
1735 is bad
1737 is bad
1738 is bad
1739 is bad
1740 is bad
1741 is bad
1742 is bad
1743 is bad
1744 is bad
1745 is bad
1747 is bad
1748 is bad
1749 is bad
1750 is bad
1752 is bad
1753 is bad
1755 is bad
1756 is bad
1757 is bad
1758 is bad
1759 is bad
1760 is bad
1761 is bad
1762 is bad
1763 is bad
1764 is bad
1765 is bad
1766 is bad
1768 is bad
1769 is bad
1770 is bad
1771 is bad
1772 is bad
1773 is bad
1774 is bad
1775 is bad
1776 is bad
1779 is bad
1780 is bad
1781 is bad
1783 is bad
1784 is bad
1785 is bad
1789 is bad
1791 is bad
1793 is bad
1795 is bad
1797 is bad
1799 is bad
1800 is bad
1801 is bad
1802 is bad
1803 is bad
1804 is bad
1805 is bad
1806 is bad
1807 is bad
1808 is bad
1809 is bad
1810 is bad
1811 is bad
1812 is bad
1813 is bad
1814 is bad
1815 is bad
1816 is bad
1818 is bad
1819 is bad
1820 is bad
1821 is bad
1824 is bad
1826 is bad
1827 is bad
1828 is bad
1830 is bad
1831 is bad
1832 is bad
1834 is bad
1835 is bad
1836 is bad
1837 is bad
1838 is bad
1839 is bad
1840 is bad
1841 is bad
1842 is bad
1843 is bad
1844 is bad
1845 is bad
1847 is bad
1848 is bad
1849 is bad
1850 is bad
1851 is bad
1853 is bad
1854 is bad
1855 is bad
1856 is bad
1857 is bad
1858 is bad
1859 is bad
1860 is bad
1863 is bad
1864 is bad
1865 is bad
1866 is bad
1867 is bad
1868 is bad
1869 is bad
1870 is bad
1871 is bad
1872 is bad
1873 is bad
1874 is bad
1875 is bad
1876 is bad
1877 is bad
1879 is bad
1880 is bad
1881 is bad
1882 is bad
1883 is bad
1884 is bad
1885 is bad
1886 is bad
1888 is bad
1889 is bad
1890 is bad
1891 is bad
1892 is bad
1893 is bad
1894 is bad
1895 is bad
1896 is bad
1897 is bad
1898 is bad
1899 is bad
1900 is bad
1901 is bad
1903 is bad
1904 is bad
1905 is bad
1907 is bad
1908 is bad
1909 is bad
1910 is bad
1911 is bad
1913 is bad
1914 is bad
1915 is bad
1916 is bad
1918 is bad
1919 is bad
1920 is bad
1921 is bad
1924 is bad
1925 is bad
1926 is bad
1928 is bad
1929 is bad
1930 is bad
1931 is bad
1932 is bad
1933 is bad
1934 is bad
1935 is bad
1936 is bad
1937 is bad
1938 is bad
1940 is bad
1941 is bad
1942 is bad
1943 is bad
1945 is bad
1946 is bad
1948 is bad
1950 is bad
1951 is bad
1952 is bad
1953 is bad
1955 is bad
1956 is bad
1957 is bad
1958 is bad
1959 is bad
1960 is bad
1961 is bad
1962 is bad
1963 is bad
1964 is bad
1965 is bad
1966 is bad
1967 is bad
1970 is bad
1971 is bad
1973 is bad
1974 is bad
1975 is bad
1976 is bad
1978 is bad
1979 is bad
1981 is bad
1985 is bad
1986 is bad
1987 is bad
1989 is bad
1991 is bad
1992 is bad
1993 is bad
1994 is bad
1995 is bad
1997 is bad
1998 is bad
2001 is bad
2002 is bad
2003 is bad
2004 is bad
2005 is bad
2006 is bad
2008 is bad
2009 is bad
2010 is bad
2011 is bad
2012 is bad
2013 is bad
2014 is bad
2015 is bad
2016 is bad
2017 is bad
2018 is bad
2019 is bad
2020 is bad
2021 is bad
2022 is bad
2023 is bad
2024 is bad
2025 is bad
2026 is bad
2028 is bad
2029 is bad
2031 is bad
2033 is bad
2035 is bad
2037 is bad
2041 is bad
2044 is bad
2045 is bad
2046 is bad
2047 is bad
2048 is bad
2051 is bad
2052 is bad
2053 is bad
2054 is bad
2055 is bad
2056 is bad
2057 is bad
2058 is bad
2059 is bad
2060 is bad
2061 is bad
2062 is bad
2063 is bad
2064 is bad
2065 is bad
2066 is bad
2069 is bad
2070 is bad
2071 is bad
2072 is bad
2073 is bad
2074 is bad
2077 is bad
2078 is bad
2079 is bad
2080 is bad
2081 is bad
2082 is bad
2083 is bad
2084 is bad
2085 is bad
2086 is bad
2087 is bad
2088 is bad
2089 is bad
2090 is bad
2091 is bad
2092 is bad
2093 is bad
2094 is bad
2095 is bad
2096 is bad
2097 is bad
2098 is bad
2100 is bad
2101 is bad
2104 is bad
2106 is bad
2107 is bad
2108 is bad
2109 is bad
2110 is bad
2111 is bad
2112 is bad
2113 is bad
2114 is bad
2115 is bad
2116 is bad
2117 is bad
2118 is bad
2119 is bad
2120 is bad
2121 is bad
2122 is bad
2123 is bad
2124 is bad
2125 is bad
2126 is bad
2127 is bad
2128 is bad
2129 is bad
2130 is bad
2131 is bad
2132 is bad
2133 is bad
2134 is bad
2135 is bad
2136 is bad
2137 is bad
2138 is bad
2139 is bad
2140 is bad
2141 is bad
2142 is bad
2143 is bad
2144 is bad
2145 is bad
2146 is bad
2147 is bad
2150 is bad
2151 is bad
2152 is bad
2153 is bad
2155 is bad
2156 is bad
2160 is bad
2161 is bad
2162 is bad
2163 is bad
2164 is bad
2166 is bad
2167 is bad
2168 is bad
2169 is bad
2170 is bad
2172 is bad
2175 is bad
2176 is bad
2178 is bad
2179 is bad
2180 is bad
2181 is bad
2182 is bad
2183 is bad
2184 is bad
2185 is bad
2186 is bad
2189 is bad
2190 is bad
2191 is bad
2192 is bad
2193 is bad
2194 is bad
2196 is bad
2197 is bad
2201 is bad
2202 is bad
2204 is bad
2205 is bad
2207 is bad
2208 is bad
2210 is bad
2211 is bad
2212 is bad
2213 is bad
2214 is bad
2215 is bad
2217 is bad
2218 is bad
2219 is bad
2220 is bad
2221 is bad
2222 is bad
2223 is bad
2224 is bad
2225 is bad
2226 is bad
2227 is bad
2229 is bad
2230 is bad
2232 is bad
2233 is bad
2234 is bad
2235 is bad
2236 is bad
2237 is bad
2238 is bad
2239 is bad
2241 is bad
2242 is bad
2243 is bad
2246 is bad
2248 is bad
2249 is bad
2250 is bad
2251 is bad
2252 is bad
2253 is bad
2254 is bad
2255 is bad
2256 is bad
2257 is bad
2259 is bad
2261 is bad
2262 is bad
2263 is bad
2264 is bad
2265 is bad
2266 is bad
2268 is bad
2269 is bad
2272 is bad
2273 is bad
2274 is bad
2275 is bad
2276 is bad
2277 is bad
2278 is bad
2279 is bad
2281 is bad
2282 is bad
2283 is bad
2284 is bad
2285 is bad
2286 is bad
2287 is bad
2288 is bad
2289 is bad
2291 is bad
2292 is bad
2293 is bad
2294 is bad
2295 is bad
2296 is bad
2297 is bad
2298 is bad
2299 is bad
2300 is bad
2301 is bad
2302 is bad
2303 is bad
2304 is bad
2305 is bad
2306 is bad
2307 is bad
2309 is bad
2310 is bad
2311 is bad
2312 is bad
2313 is bad
2314 is bad
2315 is bad
2316 is bad
2317 is bad
2318 is bad
2319 is bad
2320 is bad
2321 is bad
2322 is bad
2323 is bad
2324 is bad
2325 is bad
2326 is bad
2327 is bad
2328 is bad
2330 is bad
2331 is bad
2332 is bad
2335 is bad
2336 is bad
2337 is bad
2338 is bad
2339 is bad
2340 is bad
2341 is bad
2342 is bad
2343 is bad
2344 is bad
2346 is bad
2347 is bad
2349 is bad
2351 is bad
2352 is bad
2353 is bad
2355 is bad
2356 is bad
2357 is bad
2361 is bad
2362 is bad
2363 is bad
2364 is bad
2367 is bad
2369 is bad
2370 is bad
2371 is bad
2372 is bad
2373 is bad
2374 is bad
2375 is bad
2376 is bad
2378 is bad
2380 is bad
2381 is bad
2383 is bad
2386 is bad
2387 is bad
2389 is bad
2391 is bad
2392 is bad
2393 is bad
2396 is bad
2397 is bad
2398 is bad
2399 is bad
2400 is bad
2401 is bad
2402 is bad
2404 is bad
2405 is bad
2406 is bad
2407 is bad
2408 is bad
2410 is bad
2411 is bad
2413 is bad
2414 is bad
2415 is bad
2416 is bad
2418 is bad
2419 is bad
2420 is bad
2421 is bad
2422 is bad
2423 is bad
2424 is bad
2425 is bad
2427 is bad
2428 is bad
2429 is bad
2430 is bad
2431 is bad
2432 is bad
2433 is bad
2434 is bad
2435 is bad
2437 is bad
2441 is bad
2442 is bad
2443 is bad
2444 is bad
2445 is bad
2446 is bad
2447 is bad
2450 is bad
2451 is bad
2452 is bad
2456 is bad
2457 is bad
2458 is bad
2460 is bad
2461 is bad
2462 is bad
2465 is bad
2466 is bad
2467 is bad
2468 is bad
2469 is bad
2470 is bad
2472 is bad
2473 is bad
2476 is bad
2478 is bad
2480 is bad
2481 is bad
2482 is bad
2483 is bad
2484 is bad
2486 is bad
2487 is bad
2488 is bad
2489 is bad
2490 is bad
2492 is bad
2493 is bad
2494 is bad
2495 is bad
2496 is bad
2497 is bad
2498 is bad
2499 is bad
2501 is bad
2502 is bad
2503 is bad
2504 is bad
2505 is bad
2506 is bad
2507 is bad
2508 is bad
2509 is bad
2510 is bad
2511 is bad
2513 is bad
2514 is bad
2515 is bad
2517 is bad
2518 is bad
2519 is bad
2520 is bad
2521 is bad
2522 is bad
2523 is bad
2525 is bad
2527 is bad
2529 is bad
2531 is bad
2532 is bad
2533 is bad
2534 is bad
2535 is bad
2536 is bad
2537 is bad
2538 is bad
2539 is bad
2540 is bad
2541 is bad
2542 is bad
2543 is bad
2544 is bad
2545 is bad
2547 is bad
2548 is bad
2549 is bad
2550 is bad
2551 is bad
2552 is bad
2553 is bad
2554 is bad
2555 is bad
2557 is bad
2558 is bad
2560 is bad
2561 is bad
2563 is bad
2565 is bad
2566 is bad
2567 is bad
2569 is bad
2572 is bad
2573 is bad
2574 is bad
2575 is bad
2576 is bad
2578 is bad
2579 is bad
2582 is bad
2583 is bad
2584 is bad
2585 is bad
2586 is bad
2587 is bad
2588 is bad
2589 is bad
2590 is bad
2591 is bad
2592 is bad
2595 is bad
2596 is bad
2597 is bad
2598 is bad
2599 is bad
2600 is bad
2601 is bad
2602 is bad
2603 is bad
2604 is bad
2606 is bad
2607 is bad
2608 is bad
2610 is bad
2611 is bad
2612 is bad
2614 is bad
2616 is bad
2617 is bad
2619 is bad
2620 is bad
2621 is bad
2623 is bad
2625 is bad
2626 is bad
2627 is bad
2629 is bad
2631 is bad
2632 is bad
2633 is bad
2634 is bad
2635 is bad
2636 is bad
2638 is bad
2640 is bad
2641 is bad
2643 is bad
2644 is bad
2645 is bad
2646 is bad
2647 is bad
2648 is bad
2650 is bad
2651 is bad
2652 is bad
2653 is bad
2654 is bad
terminate called after throwing an instance of 'helib::LogicError'
  what():  thin results not match
timeout: the monitored command dumped core
exit=134
