########## SET 14 p=2971 m=49589 d=4 :: BASELINE :: aux=55 :: pass2 :: 2026-09-14 23:39:11 ##########
chosen idx = 14
encapHwt = 12
t for new bts is -1
new bts ? 1
new ks ? 1
thick bts ?0
repeat times = 1
force bsgs = 0
force hoist = 0
*** GTestFatboot: p=2971, r=1, bits=1320, t=0, c=3, m=49589 mvec=[17 2917], gens=[20420 26878], ords=[16 729]
Computing key-independent tables...using HELIB_EXPLICIT_AUX=55

t = -1
bound on I = 16.019619
log2(aux) = 5.781360
log2(beta) = 26.027332
log2(qks) >= 34.501971, final log2(qks) = 34.502003
log2(R) >= 26.868340, final log2(R) = 26.886599
INFO: total bits = 1794.4, security level = 81.7334deg of poly for non-power-of-p aux is 1223
security=81.7334
# small primes = 6
# ctxt primes = 23
# bits in ctxt primes = 1331
# special primes = 8
# bits in special primes = 463
scale=10
 done in 434.851 seconds
  e=0, e'=0, t=12
  m = 49589, p = 2971, phi(m) = 46656
  ord(p) = 4
  normBnd = 1.61652
  polyNormBnd = 3.60677
  factors = [17 2917]
  generator 20420 has order (== Z_m^*) of 16
  generator 26878 has order (== Z_m^*) of 729
r = 1
nslots = 11664
hwt = 120
ctxtPrimes = [6,7,8,9,10,11,12,13,14,15,16,17,18,19,20,21,22,23,24,25,26,27,28]
specialPrimes = [33,34,35,36,37,38,39,40]
number of bits = 1795

security level = 81.7334
Generating keys, Keys generated. Now genRecryptData...
computing key-dependent tables...Sparse boot key hwt = 12
genRecryptData done. recryptKeyID=1
lcAksBsgs=0 lcAksDelayed=0
Post-key setup done.
 done in 42.1636 seconds
Encrypt succeeded.
WARNING: KS-noise-ratio = 4.49897 > 1
WARNING: KS-noise-ratio = 23.7731 > 1
WARNING: KS-noise-ratio = 9.37123 > 1
WARNING: KS-noise-ratio = 23.761 > 1
time for linear1 = 10.145454, linear2 = 93.751858, extract = 148.789090, total = 254.787812
bits for linear1 = 52.971119, linear2 = 54.054653, extract = 299.168469, min cap = 8.474671, after cap = 933.955241, after prod = 1287.178363
cap / time = 3.424455

### summary over 1 test
time for linear1 = 10.145454, linear2 = 93.751858, extract = 148.789090, total = 254.787812
bits for linear1 = 52.971119, linear2 = 54.054653, extract = 299.168469, min cap = 8.474671, after cap = 933.955241, after prod = 1287.178363
cap / time = 3.424455


### bts finished, everything ok ###

  AAA_bootKeySwitch: 49.0328 / 1 = 49.0328   [$ARTIFACT/ours/_build_case1/HElib-patched/src/recryption.cpp:1968]
  AAA_coeffToSlot: 46.4168 / 1 = 46.4168   [$ARTIFACT/ours/_build_case1/HElib-patched/src/recryption.cpp:2396]
  AAA_embeddingLargest: 1.07658 / 426 = 0.00252718   [$ARTIFACT/ours/_build_case1/HElib-patched/src/norms.cpp:250]
  AAA_embeddingLargest_x2: 0.734122 / 287 = 0.00255792   [$ARTIFACT/ours/_build_case1/HElib-patched/src/norms.cpp:423]
  AAA_extractDigitsThin: 148.787 / 1 = 148.787   [$ARTIFACT/ours/_build_case1/HElib-patched/src/recryption.cpp:2449]
  AAA_modDownEnbeddings: 0.846724 / 287 = 0.00295026   [$ARTIFACT/ours/_build_case1/HElib-patched/src/Ctxt.cpp:506]
  AAA_slotToCoeff: 10.1453 / 1 = 10.1453   [$ARTIFACT/ours/_build_case1/HElib-patched/src/recryption.cpp:1954]
  BasicAutomorphPrecon: 4.058 / 8 = 0.50725   [$ARTIFACT/ours/_build_case1/HElib-patched/src/matmul.cpp:69]
  BluesteinFFT: 103.597 / 28597 = 0.00362264   [$ARTIFACT/ours/_build_case1/HElib-patched/src/bluestein.cpp:141]
  Decrypt: 0.564831 / 1 = 0.564831   [$ARTIFACT/ours/_build_case1/HElib-patched/src/keys.cpp:1350]
  DoubleCRT: 57.7706 / 632 = 0.0914092   [$ARTIFACT/ours/_build_case1/HElib-patched/src/DoubleCRT.cpp:718]
  FFT: 75.9726 / 20111 = 0.00377767   [$ARTIFACT/ours/_build_case1/HElib-patched/src/CModulus.cpp:479]
  FFT: 93.9649 / 1000 = 0.0939649   [$ARTIFACT/ours/_build_case1/HElib-patched/src/DoubleCRT.cpp:70]
  FFT: 93.9544 / 20111 = 0.00467179   [$ARTIFACT/ours/_build_case1/HElib-patched/src/CModulus.cpp:448]
  FFT_aux: 75.957 / 20111 = 0.00377689   [$ARTIFACT/ours/_build_case1/HElib-patched/src/CModulus.cpp:360]
  FFT_remainder: 17.9703 / 20111 = 0.000893557   [$ARTIFACT/ours/_build_case1/HElib-patched/src/CModulus.cpp:455]
  KS_loop: 17.2026 / 655 = 0.0262636   [$ARTIFACT/ours/_build_case1/HElib-patched/src/Ctxt.cpp:219]
  KS_loop_1: 2.89485 / 655 = 0.00441962   [$ARTIFACT/ours/_build_case1/HElib-patched/src/Ctxt.cpp:227]
  KS_loop_2: 2.2987 / 655 = 0.00350947   [$ARTIFACT/ours/_build_case1/HElib-patched/src/Ctxt.cpp:231]
  KS_loop_3: 2.90037 / 655 = 0.00442804   [$ARTIFACT/ours/_build_case1/HElib-patched/src/Ctxt.cpp:236]
  KS_loop_4: 0.981527 / 655 = 0.00149851   [$ARTIFACT/ours/_build_case1/HElib-patched/src/Ctxt.cpp:240]
  NORM_VAL: 1.98207 / 367 = 0.00540074   [$ARTIFACT/ours/_build_case1/HElib-patched/src/DoubleCRT.cpp:541]
  addCtxt: 23.7347 / 3546 = 0.00669337   [$ARTIFACT/ours/_build_case1/HElib-patched/src/Ctxt.cpp:1458]
  addPart: 5.15876 / 1630 = 0.00316489   [$ARTIFACT/ours/_build_case1/HElib-patched/src/Ctxt.cpp:905]
  addPrimes: 57.7315 / 368 = 0.156879   [$ARTIFACT/ours/_build_case1/HElib-patched/src/DoubleCRT.cpp:625]
  addPrimes_5: 60.5407 / 367 = 0.164961   [$ARTIFACT/ours/_build_case1/HElib-patched/src/DoubleCRT.cpp:518]
  automorph: 13.276 / 135 = 0.0983406   [$ARTIFACT/ours/_build_case1/HElib-patched/src/matmul.cpp:117]
  automorph: 0.29346 / 78 = 0.00376231   [$ARTIFACT/ours/_build_case1/HElib-patched/src/Ctxt.cpp:2489]
  breakIntoDigits: 60.8673 / 141 = 0.431683   [$ARTIFACT/ours/_build_case1/HElib-patched/src/DoubleCRT.cpp:481]
  decode: 16.0868 / 1 = 16.0868   [$ARTIFACT/ours/_build_case1/HElib-patched/src/EncryptedArray.cpp:375]
  do_mul: 18.085 / 6083 = 0.00297304   [$ARTIFACT/ours/_build_case1/HElib-patched/src/DoubleCRT.cpp:280]
  extractDigitsThin: 148.787 / 1 = 148.787   [$ARTIFACT/ours/_build_case1/HElib-patched/src/recryption.cpp:1597]
  iFFT: 51.0371 / 8486 = 0.00601427   [$ARTIFACT/ours/_build_case1/HElib-patched/src/CModulus.cpp:488]
  iFFT_division: 18.3658 / 8486 = 0.00216425   [$ARTIFACT/ours/_build_case1/HElib-patched/src/CModulus.cpp:570]
  keySwitchPart: 67.5032 / 134 = 0.503755   [$ARTIFACT/ours/_build_case1/HElib-patched/src/Ctxt.cpp:836]
  modDownToSet: 112.747 / 367 = 0.307213   [$ARTIFACT/ours/_build_case1/HElib-patched/src/Ctxt.cpp:409]
  mul_MatMul1DExec: 101.232 / 6 = 16.872   [$ARTIFACT/ours/_build_case1/HElib-patched/src/matmul.cpp:975]
  multByConstant: 11.3992 / 2236 = 0.00509804   [$ARTIFACT/ours/_build_case1/HElib-patched/src/Ctxt.cpp:1884]
  multByConstant: 0.112312 / 1 = 0.112312   [$ARTIFACT/ours/_build_case1/HElib-patched/src/Ctxt.cpp:1910]
  multLowLvl: 63.2251 / 75 = 0.843001   [$ARTIFACT/ours/_build_case1/HElib-patched/src/Ctxt.cpp:1733]
  multiplyBy: 55.9172 / 32 = 1.74741   [$ARTIFACT/ours/_build_case1/HElib-patched/src/Ctxt.cpp:1809]
  privateAssign: 4.49222 / 997 = 0.00450574   [$ARTIFACT/ours/_build_case1/HElib-patched/src/Ctxt.cpp:329]
  randomize: 6.94838 / 655 = 0.0106082   [$ARTIFACT/ours/_build_case1/HElib-patched/src/DoubleCRT.cpp:1318]
  randomize_stream: 3.89028 / 4006241 = 9.71056e-07   [$ARTIFACT/ours/_build_case1/HElib-patched/src/DoubleCRT.cpp:1348]
  reLinearize: 97.5255 / 252 = 0.387006   [$ARTIFACT/ours/_build_case1/HElib-patched/src/Ctxt.cpp:736]
  smartAutomorph: 36.2969 / 78 = 0.465345   [$ARTIFACT/ours/_build_case1/HElib-patched/src/Ctxt.cpp:2514]
  thinReCrypt: 254.795 / 1 = 254.795   [$ARTIFACT/ours/_build_case1/HElib-patched/src/recryption.cpp:1872]
  toPoly: 66.96 / 999 = 0.0670271   [$ARTIFACT/ours/_build_case1/HElib-patched/src/DoubleCRT.cpp:985]
  toPoly_CRT: 11.0536 / 999 = 0.0110647   [$ARTIFACT/ours/_build_case1/HElib-patched/src/DoubleCRT.cpp:1052]
  toPoly_FFT: 55.1671 / 999 = 0.0552223   [$ARTIFACT/ours/_build_case1/HElib-patched/src/DoubleCRT.cpp:1030]
  rusage.ru_maxrss=30228860
||||| stats |||||
KS-noise-ratio ave=0.465243 max=23.7731
KS-noise-ratio-hoist ave=2183.8 max=17470.3
break-into-digits-ratio ave=0.323646 max=0.415299
excess-ctxtPrimes ave=11.1674 max=11.1674
excess-specialPrimes ave=7.20471 max=7.20471
mod-switch-added-noise ave=0.326591 max=0.383
ptxt_rat_sk ave=0.00166858 max=0.00166858
ptxt_rat_sk ave=0.337668 max=0.337668
raw-mod-switch-noise ave=0.318658 max=0.318658
window1-nchoices ave=4.8 max=7
window1-out ave=0 max=0
window2-nchoices ave=3.57143 max=7
window2-out ave=0 max=0
||||| stats |||||
KS-noise-ratio ave=0.465243 max=23.7731
KS-noise-ratio-hoist ave=2183.8 max=17470.3
break-into-digits-ratio ave=0.323646 max=0.415299
excess-ctxtPrimes ave=11.1674 max=11.1674
excess-specialPrimes ave=7.20471 max=7.20471
mod-switch-added-noise ave=0.326591 max=0.383
ptxt_rat_sk ave=0.00166858 max=0.00166858
ptxt_rat_sk ave=0.337668 max=0.337668
raw-mod-switch-noise ave=0.318658 max=0.318658
window1-nchoices ave=4.8 max=7
window1-out ave=0 max=0
window2-nchoices ave=3.57143 max=7
window2-out ave=0 max=0
WALL=755.75 s MAXRSS=30228860 kB
exit=0 (BASELINE pass2)
########## SET 14 p=2971 m=49589 d=4 :: ORDER6 :: aux=55 :: pass2 :: 2026-09-14 23:51:47 ##########
chosen idx = 14
encapHwt = 12
t for new bts is -1
new bts ? 1
new ks ? 1
thick bts ?0
repeat times = 1
force bsgs = 0
force hoist = 0
*** GTestFatboot: p=2971, r=1, bits=1320, t=0, c=3, m=49589 mvec=[17 2917], gens=[20420 26878], ords=[16 729]
Computing key-independent tables...using HELIB_EXPLICIT_AUX=55

t = -1
bound on I = 16.019619
log2(aux) = 5.781360
log2(beta) = 26.027332
log2(qks) >= 34.501971, final log2(qks) = 34.502003
log2(R) >= 26.868340, final log2(R) = 26.886599
INFO: total bits = 1794.4, security level = 81.7334HELIB_ORDER6: A=55 aux=55 |closure|=1837 (inflation 1.49959) deg(P)=1835 |folded|=306
deg of poly for non-power-of-p aux is 1835
security=81.7334
# small primes = 6
# ctxt primes = 23
# bits in ctxt primes = 1331
# special primes = 8
# bits in special primes = 463
scale=10
 done in 434.675 seconds
  e=0, e'=0, t=12
  m = 49589, p = 2971, phi(m) = 46656
  ord(p) = 4
  normBnd = 1.61652
  polyNormBnd = 3.60677
  factors = [17 2917]
  generator 20420 has order (== Z_m^*) of 16
  generator 26878 has order (== Z_m^*) of 729
r = 1
nslots = 11664
hwt = 120
ctxtPrimes = [6,7,8,9,10,11,12,13,14,15,16,17,18,19,20,21,22,23,24,25,26,27,28]
specialPrimes = [33,34,35,36,37,38,39,40]
number of bits = 1795

security level = 81.7334
Generating keys, Keys generated. Now genRecryptData...
computing key-dependent tables...Sparse boot key hwt = 12
genRecryptData done. recryptKeyID=1
lcAksBsgs=0 lcAksDelayed=0
Post-key setup done.
 done in 41.8032 seconds
Encrypt succeeded.
WARNING: KS-noise-ratio = 1.19933 > 1
WARNING: KS-noise-ratio = 9.32307 > 1
WARNING: KS-noise-ratio = 30.085 > 1
WARNING: KS-noise-ratio = 23.4714 > 1
HELIB_AUX_ORDER4_EVAL enabled: order=6, deg(P)=1835, terms(P)=307, deg(Q)=305, terms(Q)=306
time for linear1 = 10.137137, linear2 = 93.965529, extract = 79.037152, total = 185.250055
bits for linear1 = 52.971993, linear2 = 54.049698, extract = 356.219630, min cap = 8.474671, after cap = 876.855343, after prod = 1287.124672
cap / time = 4.401665

### summary over 1 test
time for linear1 = 10.137137, linear2 = 93.965529, extract = 79.037152, total = 185.250055
bits for linear1 = 52.971993, linear2 = 54.049698, extract = 356.219630, min cap = 8.474671, after cap = 876.855343, after prod = 1287.124672
cap / time = 4.401665


### bts finished, everything ok ###

  AAA_bootKeySwitch: 49.2962 / 1 = 49.2962   [$ARTIFACT/ours/_build_case1/HElib-patched/src/recryption.cpp:1968]
  AAA_coeffToSlot: 46.3705 / 1 = 46.3705   [$ARTIFACT/ours/_build_case1/HElib-patched/src/recryption.cpp:2396]
  AAA_embeddingLargest: 0.838107 / 340 = 0.00246502   [$ARTIFACT/ours/_build_case1/HElib-patched/src/norms.cpp:250]
  AAA_embeddingLargest_x2: 0.538479 / 202 = 0.00266574   [$ARTIFACT/ours/_build_case1/HElib-patched/src/norms.cpp:423]
  AAA_extractDigitsThin: 79.0361 / 1 = 79.0361   [$ARTIFACT/ours/_build_case1/HElib-patched/src/recryption.cpp:2449]
  AAA_modDownEnbeddings: 0.604667 / 202 = 0.0029934   [$ARTIFACT/ours/_build_case1/HElib-patched/src/Ctxt.cpp:506]
  AAA_slotToCoeff: 10.137 / 1 = 10.137   [$ARTIFACT/ours/_build_case1/HElib-patched/src/recryption.cpp:1954]
  BasicAutomorphPrecon: 4.06853 / 8 = 0.508566   [$ARTIFACT/ours/_build_case1/HElib-patched/src/matmul.cpp:69]
  BluesteinFFT: 73.044 / 20310 = 0.00359645   [$ARTIFACT/ours/_build_case1/HElib-patched/src/bluestein.cpp:141]
  Decrypt: 0.584672 / 1 = 0.584672   [$ARTIFACT/ours/_build_case1/HElib-patched/src/keys.cpp:1350]
  DoubleCRT: 37.7138 / 440 = 0.0857132   [$ARTIFACT/ours/_build_case1/HElib-patched/src/DoubleCRT.cpp:718]
  FFT: 54.1267 / 14418 = 0.00375411   [$ARTIFACT/ours/_build_case1/HElib-patched/src/CModulus.cpp:479]
  FFT: 66.8372 / 744 = 0.089835   [$ARTIFACT/ours/_build_case1/HElib-patched/src/DoubleCRT.cpp:70]
  FFT: 66.8298 / 14418 = 0.00463517   [$ARTIFACT/ours/_build_case1/HElib-patched/src/CModulus.cpp:448]
  FFT_aux: 54.1174 / 14418 = 0.00375346   [$ARTIFACT/ours/_build_case1/HElib-patched/src/CModulus.cpp:360]
  FFT_remainder: 12.6963 / 14418 = 0.000880585   [$ARTIFACT/ours/_build_case1/HElib-patched/src/CModulus.cpp:455]
  KS_loop: 15.552 / 591 = 0.0263147   [$ARTIFACT/ours/_build_case1/HElib-patched/src/Ctxt.cpp:219]
  KS_loop_1: 2.56422 / 591 = 0.00433878   [$ARTIFACT/ours/_build_case1/HElib-patched/src/Ctxt.cpp:227]
  KS_loop_2: 2.19624 / 591 = 0.00371615   [$ARTIFACT/ours/_build_case1/HElib-patched/src/Ctxt.cpp:231]
  KS_loop_3: 2.58625 / 591 = 0.00437606   [$ARTIFACT/ours/_build_case1/HElib-patched/src/Ctxt.cpp:236]
  KS_loop_4: 0.862496 / 591 = 0.00145938   [$ARTIFACT/ours/_build_case1/HElib-patched/src/Ctxt.cpp:240]
  NORM_VAL: 1.60041 / 303 = 0.00528189   [$ARTIFACT/ours/_build_case1/HElib-patched/src/DoubleCRT.cpp:541]
  addConstant: 0.216809 / 22 = 0.00985495   [$ARTIFACT/ours/_build_case1/HElib-patched/src/Ctxt.cpp:2197]
  addCtxt: 12.6553 / 2629 = 0.00481374   [$ARTIFACT/ours/_build_case1/HElib-patched/src/Ctxt.cpp:1458]
  addPart: 4.63035 / 1482 = 0.00312439   [$ARTIFACT/ours/_build_case1/HElib-patched/src/Ctxt.cpp:905]
  addPrimes: 46.5892 / 304 = 0.153254   [$ARTIFACT/ours/_build_case1/HElib-patched/src/DoubleCRT.cpp:625]
  addPrimes_5: 48.8542 / 303 = 0.161235   [$ARTIFACT/ours/_build_case1/HElib-patched/src/DoubleCRT.cpp:518]
  automorph: 13.3068 / 135 = 0.0985693   [$ARTIFACT/ours/_build_case1/HElib-patched/src/matmul.cpp:117]
  automorph: 0.288173 / 78 = 0.00369453   [$ARTIFACT/ours/_build_case1/HElib-patched/src/Ctxt.cpp:2489]
  breakIntoDigits: 49.1179 / 120 = 0.409316   [$ARTIFACT/ours/_build_case1/HElib-patched/src/DoubleCRT.cpp:481]
  decode: 16.0368 / 1 = 16.0368   [$ARTIFACT/ours/_build_case1/HElib-patched/src/EncryptedArray.cpp:375]
  do_mul: 17.1225 / 5827 = 0.00293848   [$ARTIFACT/ours/_build_case1/HElib-patched/src/DoubleCRT.cpp:280]
  extractDigitsThin: 79.036 / 1 = 79.036   [$ARTIFACT/ours/_build_case1/HElib-patched/src/recryption.cpp:1597]
  iFFT: 35.0731 / 5892 = 0.00595266   [$ARTIFACT/ours/_build_case1/HElib-patched/src/CModulus.cpp:488]
  iFFT_division: 12.6361 / 5892 = 0.00214462   [$ARTIFACT/ours/_build_case1/HElib-patched/src/CModulus.cpp:570]
  keySwitchPart: 53.8418 / 113 = 0.476476   [$ARTIFACT/ours/_build_case1/HElib-patched/src/Ctxt.cpp:836]
  modDownToSet: 73.015 / 283 = 0.258003   [$ARTIFACT/ours/_build_case1/HElib-patched/src/Ctxt.cpp:409]
  mul_MatMul1DExec: 101.443 / 6 = 16.9071   [$ARTIFACT/ours/_build_case1/HElib-patched/src/matmul.cpp:975]
  multByConstant: 11.476 / 2236 = 0.00513236   [$ARTIFACT/ours/_build_case1/HElib-patched/src/Ctxt.cpp:1884]
  multByConstant: 0.114619 / 1 = 0.114619   [$ARTIFACT/ours/_build_case1/HElib-patched/src/Ctxt.cpp:1910]
  multLowLvl: 34.0424 / 43 = 0.791683   [$ARTIFACT/ours/_build_case1/HElib-patched/src/Ctxt.cpp:1733]
  multiplyBy: 36.5357 / 22 = 1.66072   [$ARTIFACT/ours/_build_case1/HElib-patched/src/Ctxt.cpp:1809]
  privateAssign: 2.55293 / 585 = 0.00436398   [$ARTIFACT/ours/_build_case1/HElib-patched/src/Ctxt.cpp:329]
  randomize: 6.32102 / 591 = 0.0106955   [$ARTIFACT/ours/_build_case1/HElib-patched/src/DoubleCRT.cpp:1318]
  randomize_stream: 3.56352 / 3613213 = 9.86248e-07   [$ARTIFACT/ours/_build_case1/HElib-patched/src/DoubleCRT.cpp:1348]
  reLinearize: 70.6149 / 225 = 0.313844   [$ARTIFACT/ours/_build_case1/HElib-patched/src/Ctxt.cpp:736]
  smartAutomorph: 36.2341 / 78 = 0.46454   [$ARTIFACT/ours/_build_case1/HElib-patched/src/Ctxt.cpp:2514]
  thinReCrypt: 185.259 / 1 = 185.259   [$ARTIFACT/ours/_build_case1/HElib-patched/src/recryption.cpp:1872]
  toPoly: 46.3229 / 743 = 0.0623458   [$ARTIFACT/ours/_build_case1/HElib-patched/src/DoubleCRT.cpp:985]
  toPoly_CRT: 7.82821 / 743 = 0.010536   [$ARTIFACT/ours/_build_case1/HElib-patched/src/DoubleCRT.cpp:1052]
  toPoly_FFT: 37.9838 / 743 = 0.0511222   [$ARTIFACT/ours/_build_case1/HElib-patched/src/DoubleCRT.cpp:1030]
  rusage.ru_maxrss=29992284
||||| stats |||||
KS-noise-ratio ave=0.567076 max=30.085
KS-noise-ratio-hoist ave=2631.07 max=21048.5
break-into-digits-ratio ave=0.321959 max=0.399144
excess-ctxtPrimes ave=11.1674 max=11.1674
excess-specialPrimes ave=7.20471 max=7.20471
mod-switch-added-noise ave=0.324326 max=0.382199
ptxt_rat_sk ave=0.00186746 max=0.00186746
ptxt_rat_sk ave=0.352428 max=0.352428
raw-mod-switch-noise ave=0.308429 max=0.308429
window1-nchoices ave=4.75 max=7
window1-out ave=0 max=0
window2-nchoices ave=4.23077 max=8
window2-out ave=0 max=0
||||| stats |||||
KS-noise-ratio ave=0.567076 max=30.085
KS-noise-ratio-hoist ave=2631.07 max=21048.5
break-into-digits-ratio ave=0.321959 max=0.399144
excess-ctxtPrimes ave=11.1674 max=11.1674
excess-specialPrimes ave=7.20471 max=7.20471
mod-switch-added-noise ave=0.324326 max=0.382199
ptxt_rat_sk ave=0.00186746 max=0.00186746
ptxt_rat_sk ave=0.352428 max=0.352428
raw-mod-switch-noise ave=0.308429 max=0.308429
window1-nchoices ave=4.75 max=7
window1-out ave=0 max=0
window2-nchoices ave=4.23077 max=8
window2-out ave=0 max=0
WALL=685.60 s MAXRSS=29992284 kB
exit=0 (ORDER6 pass2)
########## SET 14 p=2971 m=49589 d=4 :: ORDER6_COMPOSED :: aux=55 :: pass2 :: 2026-09-15 00:03:12 ##########
chosen idx = 14
encapHwt = 12
t for new bts is -1
new bts ? 1
new ks ? 1
thick bts ?0
repeat times = 1
force bsgs = 0
force hoist = 0
*** GTestFatboot: p=2971, r=1, bits=1320, t=0, c=3, m=49589 mvec=[17 2917], gens=[20420 26878], ords=[16 729]
Computing key-independent tables...using HELIB_EXPLICIT_AUX=55

t = -1
bound on I = 16.019619
log2(aux) = 5.781360
log2(beta) = 26.027332
log2(qks) >= 34.501971, final log2(qks) = 34.502003
log2(R) >= 26.868340, final log2(R) = 26.886599
INFO: total bits = 1794.4, security level = 81.7334HELIB_ORDER6: A=55 aux=55 |closure|=1837 (inflation 1.49959) deg(P)=1835 |folded|=306
HELIB_COMPOSED_EVAL: order=6 d=4 |folded support|=306 degQ=305 padded to n'=308
HELIB_COMPOSED_EVAL: norm form c=838 degC=77 (search 33.8276s)
deg of poly for non-power-of-p aux is 1835
security=81.7334
# small primes = 6
# ctxt primes = 23
# bits in ctxt primes = 1331
# special primes = 8
# bits in special primes = 463
scale=10
 done in 469.33 seconds
  e=0, e'=0, t=12
  m = 49589, p = 2971, phi(m) = 46656
  ord(p) = 4
  normBnd = 1.61652
  polyNormBnd = 3.60677
  factors = [17 2917]
  generator 20420 has order (== Z_m^*) of 16
  generator 26878 has order (== Z_m^*) of 729
r = 1
nslots = 11664
hwt = 120
ctxtPrimes = [6,7,8,9,10,11,12,13,14,15,16,17,18,19,20,21,22,23,24,25,26,27,28]
specialPrimes = [33,34,35,36,37,38,39,40]
number of bits = 1795

security level = 81.7334
Generating keys, Keys generated. Now genRecryptData...
computing key-dependent tables...Sparse boot key hwt = 12
genRecryptData done. recryptKeyID=1
lcAksBsgs=0 lcAksDelayed=0
Post-key setup done.
 done in 42.0743 seconds
Encrypt succeeded.
WARNING: KS-noise-ratio = 1.03441 > 1
WARNING: KS-noise-ratio = 10.0971 > 1
WARNING: KS-noise-ratio = 10.0815 > 1
HELIB_COMPOSED_EVAL active: order=6 degC=77 d=4
time for linear1 = 10.163633, linear2 = 93.546947, extract = 51.196322, total = 157.015076
bits for linear1 = 52.970692, linear2 = 54.054776, extract = 475.302163, min cap = 8.474671, after cap = 757.867417, after prod = 1287.224356
cap / time = 4.435383

### summary over 1 test
time for linear1 = 10.163633, linear2 = 93.546947, extract = 51.196322, total = 157.015076
bits for linear1 = 52.970692, linear2 = 54.054776, extract = 475.302163, min cap = 8.474671, after cap = 757.867417, after prod = 1287.224356
cap / time = 4.435383


### bts finished, everything ok ###

  AAA_bootKeySwitch: 49.0194 / 1 = 49.0194   [$ARTIFACT/ours/_build_case1/HElib-patched/src/recryption.cpp:1968]
  AAA_coeffToSlot: 46.2265 / 1 = 46.2265   [$ARTIFACT/ours/_build_case1/HElib-patched/src/recryption.cpp:2396]
  AAA_embeddingLargest: 0.941616 / 378 = 0.00249105   [$ARTIFACT/ours/_build_case1/HElib-patched/src/norms.cpp:250]
  AAA_embeddingLargest_x2: 0.406404 / 154 = 0.00263899   [$ARTIFACT/ours/_build_case1/HElib-patched/src/norms.cpp:423]
  AAA_extractDigitsThin: 51.1956 / 1 = 51.1956   [$ARTIFACT/ours/_build_case1/HElib-patched/src/recryption.cpp:2449]
  AAA_modDownEnbeddings: 0.452991 / 154 = 0.0029415   [$ARTIFACT/ours/_build_case1/HElib-patched/src/Ctxt.cpp:506]
  AAA_slotToCoeff: 10.1635 / 1 = 10.1635   [$ARTIFACT/ours/_build_case1/HElib-patched/src/recryption.cpp:1954]
  BasicAutomorphPrecon: 4.08186 / 8 = 0.510233   [$ARTIFACT/ours/_build_case1/HElib-patched/src/matmul.cpp:69]
  BluesteinFFT: 64.7797 / 18133 = 0.00357248   [$ARTIFACT/ours/_build_case1/HElib-patched/src/bluestein.cpp:141]
  Decrypt: 0.633399 / 1 = 0.633399   [$ARTIFACT/ours/_build_case1/HElib-patched/src/keys.cpp:1350]
  DoubleCRT: 34.9866 / 412 = 0.0849189   [$ARTIFACT/ours/_build_case1/HElib-patched/src/DoubleCRT.cpp:718]
  FFT: 50.8015 / 13641 = 0.00372417   [$ARTIFACT/ours/_build_case1/HElib-patched/src/CModulus.cpp:479]
  FFT: 60.809 / 685 = 0.0887722   [$ARTIFACT/ours/_build_case1/HElib-patched/src/DoubleCRT.cpp:70]
  FFT: 60.8022 / 13641 = 0.00445731   [$ARTIFACT/ours/_build_case1/HElib-patched/src/CModulus.cpp:448]
  FFT_aux: 50.7922 / 13641 = 0.0037235   [$ARTIFACT/ours/_build_case1/HElib-patched/src/CModulus.cpp:360]
  FFT_remainder: 9.99364 / 13641 = 0.000732618   [$ARTIFACT/ours/_build_case1/HElib-patched/src/CModulus.cpp:455]
  KS_loop: 14.7648 / 561 = 0.0263187   [$ARTIFACT/ours/_build_case1/HElib-patched/src/Ctxt.cpp:219]
  KS_loop_1: 2.40446 / 561 = 0.00428602   [$ARTIFACT/ours/_build_case1/HElib-patched/src/Ctxt.cpp:227]
  KS_loop_2: 2.18898 / 561 = 0.00390192   [$ARTIFACT/ours/_build_case1/HElib-patched/src/Ctxt.cpp:231]
  KS_loop_3: 2.45708 / 561 = 0.00437982   [$ARTIFACT/ours/_build_case1/HElib-patched/src/Ctxt.cpp:236]
  KS_loop_4: 0.833628 / 561 = 0.00148597   [$ARTIFACT/ours/_build_case1/HElib-patched/src/Ctxt.cpp:240]
  NORM_VAL: 1.45639 / 273 = 0.00533477   [$ARTIFACT/ours/_build_case1/HElib-patched/src/DoubleCRT.cpp:541]
  addCtxt: 5.77375 / 2401 = 0.00240473   [$ARTIFACT/ours/_build_case1/HElib-patched/src/Ctxt.cpp:1458]
  addPart: 4.4727 / 1391 = 0.00321545   [$ARTIFACT/ours/_build_case1/HElib-patched/src/Ctxt.cpp:905]
  addPrimes: 41.593 / 274 = 0.151799   [$ARTIFACT/ours/_build_case1/HElib-patched/src/DoubleCRT.cpp:625]
  addPrimes_5: 43.6659 / 273 = 0.159948   [$ARTIFACT/ours/_build_case1/HElib-patched/src/DoubleCRT.cpp:518]
  automorph: 13.3341 / 135 = 0.0987708   [$ARTIFACT/ours/_build_case1/HElib-patched/src/matmul.cpp:117]
  automorph: 0.302494 / 80 = 0.00378117   [$ARTIFACT/ours/_build_case1/HElib-patched/src/Ctxt.cpp:2489]
  breakIntoDigits: 43.8922 / 112 = 0.391895   [$ARTIFACT/ours/_build_case1/HElib-patched/src/DoubleCRT.cpp:481]
  decode: 16.0625 / 1 = 16.0625   [$ARTIFACT/ours/_build_case1/HElib-patched/src/EncryptedArray.cpp:375]
  do_mul: 17.0928 / 5825 = 0.00293438   [$ARTIFACT/ours/_build_case1/HElib-patched/src/DoubleCRT.cpp:280]
  extractDigitsThin: 51.1956 / 1 = 51.1956   [$ARTIFACT/ours/_build_case1/HElib-patched/src/recryption.cpp:1597]
  frobeniusAutomorph: 1.63799 / 2 = 0.818997   [$ARTIFACT/ours/_build_case1/HElib-patched/src/Ctxt.cpp:2578]
  iFFT: 26.6974 / 4492 = 0.00594333   [$ARTIFACT/ours/_build_case1/HElib-patched/src/CModulus.cpp:488]
  iFFT_division: 9.62762 / 4492 = 0.00214328   [$ARTIFACT/ours/_build_case1/HElib-patched/src/CModulus.cpp:570]
  keySwitchPart: 47.7236 / 105 = 0.454511   [$ARTIFACT/ours/_build_case1/HElib-patched/src/Ctxt.cpp:836]
  modDownToSet: 51.0764 / 235 = 0.217347   [$ARTIFACT/ours/_build_case1/HElib-patched/src/Ctxt.cpp:409]
  mul_MatMul1DExec: 101.07 / 6 = 16.845   [$ARTIFACT/ours/_build_case1/HElib-patched/src/matmul.cpp:975]
  multByConstant: 11.9723 / 2305 = 0.00519404   [$ARTIFACT/ours/_build_case1/HElib-patched/src/Ctxt.cpp:1884]
  multByConstant: 8.53628 / 70 = 0.121947   [$ARTIFACT/ours/_build_case1/HElib-patched/src/Ctxt.cpp:1910]
  multLowLvl: 17.2077 / 23 = 0.748162   [$ARTIFACT/ours/_build_case1/HElib-patched/src/Ctxt.cpp:1733]
  multiplyBy: 37.1176 / 23 = 1.61381   [$ARTIFACT/ours/_build_case1/HElib-patched/src/Ctxt.cpp:1809]
  privateAssign: 1.13111 / 388 = 0.00291524   [$ARTIFACT/ours/_build_case1/HElib-patched/src/Ctxt.cpp:329]
  randomize: 5.97621 / 561 = 0.0106528   [$ARTIFACT/ours/_build_case1/HElib-patched/src/DoubleCRT.cpp:1318]
  randomize_stream: 3.35011 / 3428840 = 9.77037e-07   [$ARTIFACT/ours/_build_case1/HElib-patched/src/DoubleCRT.cpp:1348]
  reLinearize: 57.9687 / 224 = 0.258789   [$ARTIFACT/ours/_build_case1/HElib-patched/src/Ctxt.cpp:736]
  smartAutomorph: 37.8592 / 80 = 0.47324   [$ARTIFACT/ours/_build_case1/HElib-patched/src/Ctxt.cpp:2514]
  thinReCrypt: 157.026 / 1 = 157.026   [$ARTIFACT/ours/_build_case1/HElib-patched/src/recryption.cpp:1872]
  toPoly: 35.4199 / 607 = 0.0583524   [$ARTIFACT/ours/_build_case1/HElib-patched/src/DoubleCRT.cpp:985]
  toPoly_CRT: 6.07643 / 607 = 0.0100106   [$ARTIFACT/ours/_build_case1/HElib-patched/src/DoubleCRT.cpp:1052]
  toPoly_FFT: 28.919 / 607 = 0.0476424   [$ARTIFACT/ours/_build_case1/HElib-patched/src/DoubleCRT.cpp:1030]
  rusage.ru_maxrss=29885492
||||| stats |||||
KS-noise-ratio ave=0.203344 max=10.0971
KS-noise-ratio-hoist ave=2480.1 max=19840.8
break-into-digits-ratio ave=0.322697 max=0.392397
excess-ctxtPrimes ave=11.1674 max=11.1674
excess-specialPrimes ave=7.20471 max=7.20471
mod-switch-added-noise ave=0.325078 max=0.39222
ptxt_rat_sk ave=0.00179652 max=0.00179652
ptxt_rat_sk ave=0.321893 max=0.321893
raw-mod-switch-noise ave=0.308936 max=0.308936
window1-nchoices ave=6.25 max=9
window1-out ave=0 max=0
window2-nchoices ave=5.31579 max=9
window2-out ave=0 max=0
||||| stats |||||
KS-noise-ratio ave=0.203344 max=10.0971
KS-noise-ratio-hoist ave=2480.1 max=19840.8
break-into-digits-ratio ave=0.322697 max=0.392397
excess-ctxtPrimes ave=11.1674 max=11.1674
excess-specialPrimes ave=7.20471 max=7.20471
mod-switch-added-noise ave=0.325078 max=0.39222
ptxt_rat_sk ave=0.00179652 max=0.00179652
ptxt_rat_sk ave=0.321893 max=0.321893
raw-mod-switch-noise ave=0.308936 max=0.308936
window1-nchoices ave=6.25 max=9
window1-out ave=0 max=0
window2-nchoices ave=5.31579 max=9
window2-out ave=0 max=0
WALL=692.29 s MAXRSS=29885492 kB
exit=0 (ORDER6_COMPOSED pass2)
########## SET 14 p=2971 m=49589 d=4 :: NORMONLY :: aux=55 :: pass2 :: 2026-09-15 00:14:45 ##########
chosen idx = 14
encapHwt = 12
t for new bts is -1
new bts ? 1
new ks ? 1
thick bts ?0
repeat times = 1
force bsgs = 0
force hoist = 0
*** GTestFatboot: p=2971, r=1, bits=1320, t=0, c=3, m=49589 mvec=[17 2917], gens=[20420 26878], ords=[16 729]
Computing key-independent tables...using HELIB_EXPLICIT_AUX=55

t = -1
bound on I = 16.019619
log2(aux) = 5.781360
log2(beta) = 26.027332
log2(qks) >= 34.501971, final log2(qks) = 34.502003
log2(R) >= 26.868340, final log2(R) = 26.886599
INFO: total bits = 1794.4, security level = 81.7334HELIB_NORMONLY: order=1, norm map on the unfiltered P_A, deg(P)=1223
HELIB_COMPOSED_EVAL: order=1 d=4 |folded support|=1224 degQ=1223 padded to n'=1224
HELIB_COMPOSED_EVAL: no norm form found; staying on P-S
deg of poly for non-power-of-p aux is 1223
security=81.7334
# small primes = 6
# ctxt primes = 23
# bits in ctxt primes = 1331
# special primes = 8
# bits in special primes = 463
scale=10
 done in 1224.09 seconds
  e=0, e'=0, t=12
  m = 49589, p = 2971, phi(m) = 46656
  ord(p) = 4
  normBnd = 1.61652
  polyNormBnd = 3.60677
  factors = [17 2917]
  generator 20420 has order (== Z_m^*) of 16
  generator 26878 has order (== Z_m^*) of 729
r = 1
nslots = 11664
hwt = 120
ctxtPrimes = [6,7,8,9,10,11,12,13,14,15,16,17,18,19,20,21,22,23,24,25,26,27,28]
specialPrimes = [33,34,35,36,37,38,39,40]
number of bits = 1795

security level = 81.7334
Generating keys, Keys generated. Now genRecryptData...
computing key-dependent tables...Sparse boot key hwt = 12
genRecryptData done. recryptKeyID=1
lcAksBsgs=0 lcAksDelayed=0
Post-key setup done.
 done in 41.892 seconds
Encrypt succeeded.
WARNING: KS-noise-ratio = 1.01166 > 1
WARNING: KS-noise-ratio = 5.4938 > 1
WARNING: KS-noise-ratio = 28.5845 > 1
WARNING: KS-noise-ratio = 9.57455 > 1
WARNING: KS-noise-ratio = 25.5832 > 1
HELIB_AUX_ORDER4_EVAL enabled: order=1, deg(P)=1223, terms(P)=612, deg(Q)=1223, terms(Q)=612
time for linear1 = 10.141333, linear2 = 94.151973, extract = 149.209951, total = 255.623039
bits for linear1 = 52.943630, linear2 = 54.050589, extract = 301.163937, min cap = 8.474671, after cap = 931.922905, after prod = 1287.137431
cap / time = 3.405423

### summary over 1 test
time for linear1 = 10.141333, linear2 = 94.151973, extract = 149.209951, total = 255.623039
bits for linear1 = 52.943630, linear2 = 54.050589, extract = 301.163937, min cap = 8.474671, after cap = 931.922905, after prod = 1287.137431
cap / time = 3.405423


### bts finished, everything ok ###

  AAA_bootKeySwitch: 49.2191 / 1 = 49.2191   [$ARTIFACT/ours/_build_case1/HElib-patched/src/recryption.cpp:1968]
  AAA_coeffToSlot: 46.6442 / 1 = 46.6442   [$ARTIFACT/ours/_build_case1/HElib-patched/src/recryption.cpp:2396]
  AAA_embeddingLargest: 1.10996 / 426 = 0.00260553   [$ARTIFACT/ours/_build_case1/HElib-patched/src/norms.cpp:250]
  AAA_embeddingLargest_x2: 0.747589 / 287 = 0.00260484   [$ARTIFACT/ours/_build_case1/HElib-patched/src/norms.cpp:423]
  AAA_extractDigitsThin: 149.208 / 1 = 149.208   [$ARTIFACT/ours/_build_case1/HElib-patched/src/recryption.cpp:2449]
  AAA_modDownEnbeddings: 0.862187 / 287 = 0.00300414   [$ARTIFACT/ours/_build_case1/HElib-patched/src/Ctxt.cpp:506]
  AAA_slotToCoeff: 10.1412 / 1 = 10.1412   [$ARTIFACT/ours/_build_case1/HElib-patched/src/recryption.cpp:1954]
  BasicAutomorphPrecon: 4.07459 / 8 = 0.509324   [$ARTIFACT/ours/_build_case1/HElib-patched/src/matmul.cpp:69]
  BluesteinFFT: 103.856 / 28616 = 0.00362931   [$ARTIFACT/ours/_build_case1/HElib-patched/src/bluestein.cpp:141]
  Decrypt: 0.566087 / 1 = 0.566087   [$ARTIFACT/ours/_build_case1/HElib-patched/src/keys.cpp:1350]
  DoubleCRT: 57.9108 / 632 = 0.091631   [$ARTIFACT/ours/_build_case1/HElib-patched/src/DoubleCRT.cpp:718]
  FFT: 76.1208 / 20111 = 0.00378503   [$ARTIFACT/ours/_build_case1/HElib-patched/src/CModulus.cpp:479]
  FFT: 94.0664 / 1000 = 0.0940664   [$ARTIFACT/ours/_build_case1/HElib-patched/src/DoubleCRT.cpp:70]
  FFT: 94.0558 / 20111 = 0.00467684   [$ARTIFACT/ours/_build_case1/HElib-patched/src/CModulus.cpp:448]
  FFT_aux: 76.1053 / 20111 = 0.00378426   [$ARTIFACT/ours/_build_case1/HElib-patched/src/CModulus.cpp:360]
  FFT_remainder: 17.9239 / 20111 = 0.000891249   [$ARTIFACT/ours/_build_case1/HElib-patched/src/CModulus.cpp:455]
  KS_loop: 17.2473 / 655 = 0.0263318   [$ARTIFACT/ours/_build_case1/HElib-patched/src/Ctxt.cpp:219]
  KS_loop_1: 2.88236 / 655 = 0.00440055   [$ARTIFACT/ours/_build_case1/HElib-patched/src/Ctxt.cpp:227]
  KS_loop_2: 2.33402 / 655 = 0.00356339   [$ARTIFACT/ours/_build_case1/HElib-patched/src/Ctxt.cpp:231]
  KS_loop_3: 2.90475 / 655 = 0.00443474   [$ARTIFACT/ours/_build_case1/HElib-patched/src/Ctxt.cpp:236]
  KS_loop_4: 1.01667 / 655 = 0.00155218   [$ARTIFACT/ours/_build_case1/HElib-patched/src/Ctxt.cpp:240]
  NORM_VAL: 2.008 / 367 = 0.00547139   [$ARTIFACT/ours/_build_case1/HElib-patched/src/DoubleCRT.cpp:541]
  addCtxt: 23.8617 / 3546 = 0.0067292   [$ARTIFACT/ours/_build_case1/HElib-patched/src/Ctxt.cpp:1458]
  addPart: 5.2361 / 1630 = 0.00321233   [$ARTIFACT/ours/_build_case1/HElib-patched/src/Ctxt.cpp:905]
  addPrimes: 57.8603 / 368 = 0.157229   [$ARTIFACT/ours/_build_case1/HElib-patched/src/DoubleCRT.cpp:625]
  addPrimes_5: 60.6954 / 367 = 0.165383   [$ARTIFACT/ours/_build_case1/HElib-patched/src/DoubleCRT.cpp:518]
  automorph: 13.3154 / 135 = 0.0986328   [$ARTIFACT/ours/_build_case1/HElib-patched/src/matmul.cpp:117]
  automorph: 0.304889 / 78 = 0.00390883   [$ARTIFACT/ours/_build_case1/HElib-patched/src/Ctxt.cpp:2489]
  breakIntoDigits: 61.0268 / 141 = 0.432814   [$ARTIFACT/ours/_build_case1/HElib-patched/src/DoubleCRT.cpp:481]
  decode: 16.0559 / 1 = 16.0559   [$ARTIFACT/ours/_build_case1/HElib-patched/src/EncryptedArray.cpp:375]
  do_mul: 18.1554 / 6083 = 0.00298462   [$ARTIFACT/ours/_build_case1/HElib-patched/src/DoubleCRT.cpp:280]
  extractDigitsThin: 149.208 / 1 = 149.208   [$ARTIFACT/ours/_build_case1/HElib-patched/src/recryption.cpp:1597]
  iFFT: 51.1199 / 8505 = 0.00601057   [$ARTIFACT/ours/_build_case1/HElib-patched/src/CModulus.cpp:488]
  iFFT_division: 18.3699 / 8505 = 0.00215989   [$ARTIFACT/ours/_build_case1/HElib-patched/src/CModulus.cpp:570]
  keySwitchPart: 67.6742 / 134 = 0.505031   [$ARTIFACT/ours/_build_case1/HElib-patched/src/Ctxt.cpp:836]
  modDownToSet: 112.822 / 367 = 0.307416   [$ARTIFACT/ours/_build_case1/HElib-patched/src/Ctxt.cpp:409]
  mul_MatMul1DExec: 101.631 / 6 = 16.9385   [$ARTIFACT/ours/_build_case1/HElib-patched/src/matmul.cpp:975]
  multByConstant: 11.4787 / 2236 = 0.00513358   [$ARTIFACT/ours/_build_case1/HElib-patched/src/Ctxt.cpp:1884]
  multByConstant: 0.110872 / 1 = 0.110872   [$ARTIFACT/ours/_build_case1/HElib-patched/src/Ctxt.cpp:1910]
  multLowLvl: 63.2929 / 75 = 0.843906   [$ARTIFACT/ours/_build_case1/HElib-patched/src/Ctxt.cpp:1733]
  multiplyBy: 55.9395 / 32 = 1.74811   [$ARTIFACT/ours/_build_case1/HElib-patched/src/Ctxt.cpp:1809]
  privateAssign: 4.47169 / 998 = 0.00448065   [$ARTIFACT/ours/_build_case1/HElib-patched/src/Ctxt.cpp:329]
  randomize: 6.91954 / 655 = 0.0105642   [$ARTIFACT/ours/_build_case1/HElib-patched/src/DoubleCRT.cpp:1318]
  randomize_stream: 3.88431 / 4006264 = 9.69559e-07   [$ARTIFACT/ours/_build_case1/HElib-patched/src/DoubleCRT.cpp:1348]
  reLinearize: 97.8408 / 252 = 0.388257   [$ARTIFACT/ours/_build_case1/HElib-patched/src/Ctxt.cpp:736]
  smartAutomorph: 36.3661 / 78 = 0.466232   [$ARTIFACT/ours/_build_case1/HElib-patched/src/Ctxt.cpp:2514]
  thinReCrypt: 255.631 / 1 = 255.631   [$ARTIFACT/ours/_build_case1/HElib-patched/src/recryption.cpp:1872]
  toPoly: 67.0526 / 999 = 0.0671197   [$ARTIFACT/ours/_build_case1/HElib-patched/src/DoubleCRT.cpp:985]
  toPoly_CRT: 11.0003 / 999 = 0.0110113   [$ARTIFACT/ours/_build_case1/HElib-patched/src/DoubleCRT.cpp:1052]
  toPoly_FFT: 55.3308 / 999 = 0.0553862   [$ARTIFACT/ours/_build_case1/HElib-patched/src/DoubleCRT.cpp:1030]
  rusage.ru_maxrss=30262956
||||| stats |||||
KS-noise-ratio ave=0.524237 max=28.5845
KS-noise-ratio-hoist ave=2507.63 max=20061
break-into-digits-ratio ave=0.323102 max=0.406164
excess-ctxtPrimes ave=11.1674 max=11.1674
excess-specialPrimes ave=7.20471 max=7.20471
mod-switch-added-noise ave=0.3251 max=0.415434
ptxt_rat_sk ave=0.00185136 max=0.00185136
ptxt_rat_sk ave=0.314032 max=0.314032
raw-mod-switch-noise ave=0.324973 max=0.324973
window1-nchoices ave=4.6 max=7
window1-out ave=0 max=0
window2-nchoices ave=3.52857 max=7
window2-out ave=0 max=0
||||| stats |||||
KS-noise-ratio ave=0.524237 max=28.5845
KS-noise-ratio-hoist ave=2507.63 max=20061
break-into-digits-ratio ave=0.323102 max=0.406164
excess-ctxtPrimes ave=11.1674 max=11.1674
excess-specialPrimes ave=7.20471 max=7.20471
mod-switch-added-noise ave=0.3251 max=0.415434
ptxt_rat_sk ave=0.00185136 max=0.00185136
ptxt_rat_sk ave=0.314032 max=0.314032
raw-mod-switch-noise ave=0.324973 max=0.324973
window1-nchoices ave=4.6 max=7
window1-out ave=0 max=0
window2-nchoices ave=3.52857 max=7
window2-out ave=0 max=0
WALL=1545.47 s MAXRSS=30262956 kB
exit=0 (NORMONLY pass2)
SET_DONE 14
