########## SET 16 p=13807 m=43837 d=7 :: BASELINE :: aux=118 :: pass2 :: 2026-09-15 00:40:30 ##########
chosen idx = 16
encapHwt = 12
t for new bts is -1
new bts ? 1
new ks ? 1
thick bts ?0
repeat times = 1
force bsgs = 0
force hoist = 0
*** GTestFatboot: p=13807, r=1, bits=1320, t=0, c=3, m=43837 mvec=[59 743], gens=[20062 5311], ords=[58 106]
Computing key-independent tables...using HELIB_EXPLICIT_AUX=118

t = -1
bound on I = 16.353148
log2(aux) = 6.882643
log2(beta) = 28.180161
log2(qks) >= 37.759879, final log2(qks) = 37.759882
log2(R) >= 27.776280, final log2(R) = 27.780709
INFO: total bits = 1786.54, security level = 77.1191deg of poly for non-power-of-p aux is 1223
security=77.1191
# small primes = 6
# ctxt primes = 23
# bits in ctxt primes = 1331
# special primes = 8
# bits in special primes = 455
scale=10
 done in 197.828 seconds
  e=0, e'=0, t=12
  m = 43837, p = 13807, phi(m) = 43036
  ord(p) = 7
  normBnd = 1.62075
  polyNormBnd = 4.89365
  factors = [59 743]
  generator 20062 has order (== Z_m^*) of 58
  generator 5311 has order (== Z_m^*) of 106
r = 1
nslots = 6148
hwt = 120
ctxtPrimes = [6,7,8,9,10,11,12,13,14,15,16,17,18,19,20,21,22,23,24,25,26,27,28]
specialPrimes = [33,34,35,36,37,38,39,40]
number of bits = 1787

security level = 77.1191
Generating keys, Keys generated. Now genRecryptData...
computing key-dependent tables...Sparse boot key hwt = 12
genRecryptData done. recryptKeyID=1
lcAksBsgs=0 lcAksDelayed=0
Post-key setup done.
 done in 21.647 seconds
Encrypt succeeded.
WARNING: KS-noise-ratio = 497.952 > 1
WARNING: KS-noise-ratio = 1.12654 > 1
WARNING: KS-noise-ratio = 520.778 > 1
WARNING: KS-noise-ratio = 1.26128 > 1
WARNING: KS-noise-ratio = 1.27943 > 1
WARNING: KS-noise-ratio = 1.2217 > 1
WARNING: KS-noise-ratio = 1.10548 > 1
time for linear1 = 5.179067, linear2 = 45.703034, extract = 130.868476, total = 183.670419
bits for linear1 = 47.468989, linear2 = 51.534629, extract = 327.720743, min cap = 9.579721, after cap = 905.127272, after prod = 1284.382644
cap / time = 4.617393

### summary over 1 test
time for linear1 = 5.179067, linear2 = 45.703034, extract = 130.868476, total = 183.670419
bits for linear1 = 47.468989, linear2 = 51.534629, extract = 327.720743, min cap = 9.579721, after cap = 905.127272, after prod = 1284.382644
cap / time = 4.617393


### bts finished, everything ok ###

  AAA_bootKeySwitch: 25.1176 / 1 = 25.1176   [$ARTIFACT/ours/_build_case1/HElib-patched/src/recryption.cpp:1968]
  AAA_coeffToSlot: 22.1326 / 1 = 22.1326   [$ARTIFACT/ours/_build_case1/HElib-patched/src/recryption.cpp:2396]
  AAA_embeddingLargest: 0.863673 / 356 = 0.00242605   [$ARTIFACT/ours/_build_case1/HElib-patched/src/norms.cpp:250]
  AAA_embeddingLargest_x2: 0.599902 / 260 = 0.00230732   [$ARTIFACT/ours/_build_case1/HElib-patched/src/norms.cpp:423]
  AAA_extractDigitsThin: 130.867 / 1 = 130.867   [$ARTIFACT/ours/_build_case1/HElib-patched/src/recryption.cpp:2449]
  AAA_modDownEnbeddings: 0.700483 / 260 = 0.00269417   [$ARTIFACT/ours/_build_case1/HElib-patched/src/Ctxt.cpp:506]
  AAA_slotToCoeff: 5.179 / 1 = 5.179   [$ARTIFACT/ours/_build_case1/HElib-patched/src/recryption.cpp:1954]
  BasicAutomorphPrecon: 3.66155 / 8 = 0.457693   [$ARTIFACT/ours/_build_case1/HElib-patched/src/matmul.cpp:69]
  BluesteinFFT: 77.6472 / 24858 = 0.00312363   [$ARTIFACT/ours/_build_case1/HElib-patched/src/bluestein.cpp:141]
  Decrypt: 0.535812 / 1 = 0.535812   [$ARTIFACT/ours/_build_case1/HElib-patched/src/keys.cpp:1350]
  DoubleCRT: 46.2289 / 578 = 0.0799807   [$ARTIFACT/ours/_build_case1/HElib-patched/src/DoubleCRT.cpp:718]
  FFT: 57.6742 / 17569 = 0.00328272   [$ARTIFACT/ours/_build_case1/HElib-patched/src/CModulus.cpp:479]
  FFT: 72.5685 / 875 = 0.0829354   [$ARTIFACT/ours/_build_case1/HElib-patched/src/DoubleCRT.cpp:70]
  FFT: 72.5576 / 17569 = 0.00412986   [$ARTIFACT/ours/_build_case1/HElib-patched/src/CModulus.cpp:448]
  FFT_aux: 57.6604 / 17569 = 0.00328194   [$ARTIFACT/ours/_build_case1/HElib-patched/src/CModulus.cpp:360]
  FFT_remainder: 14.8735 / 17569 = 0.000846574   [$ARTIFACT/ours/_build_case1/HElib-patched/src/CModulus.cpp:455]
  KS_loop: 10.4749 / 435 = 0.0240802   [$ARTIFACT/ours/_build_case1/HElib-patched/src/Ctxt.cpp:219]
  KS_loop_1: 1.7826 / 435 = 0.00409792   [$ARTIFACT/ours/_build_case1/HElib-patched/src/Ctxt.cpp:227]
  KS_loop_2: 1.21232 / 435 = 0.00278693   [$ARTIFACT/ours/_build_case1/HElib-patched/src/Ctxt.cpp:231]
  KS_loop_3: 1.80619 / 435 = 0.00415216   [$ARTIFACT/ours/_build_case1/HElib-patched/src/Ctxt.cpp:236]
  KS_loop_4: 0.62896 / 435 = 0.00144589   [$ARTIFACT/ours/_build_case1/HElib-patched/src/Ctxt.cpp:240]
  NORM_VAL: 1.53232 / 297 = 0.00515932   [$ARTIFACT/ours/_build_case1/HElib-patched/src/DoubleCRT.cpp:541]
  addCtxt: 20.142 / 1782 = 0.0113031   [$ARTIFACT/ours/_build_case1/HElib-patched/src/Ctxt.cpp:1458]
  addPart: 3.10568 / 1094 = 0.00283883   [$ARTIFACT/ours/_build_case1/HElib-patched/src/Ctxt.cpp:905]
  addPrimes: 42.2659 / 298 = 0.141832   [$ARTIFACT/ours/_build_case1/HElib-patched/src/DoubleCRT.cpp:625]
  addPrimes_5: 44.4191 / 297 = 0.149559   [$ARTIFACT/ours/_build_case1/HElib-patched/src/DoubleCRT.cpp:518]
  automorph: 6.13134 / 69 = 0.0888601   [$ARTIFACT/ours/_build_case1/HElib-patched/src/matmul.cpp:117]
  automorph: 0.164709 / 48 = 0.00343144   [$ARTIFACT/ours/_build_case1/HElib-patched/src/Ctxt.cpp:2489]
  breakIntoDigits: 44.681 / 111 = 0.402532   [$ARTIFACT/ours/_build_case1/HElib-patched/src/DoubleCRT.cpp:481]
  decode: 13.9647 / 1 = 13.9647   [$ARTIFACT/ours/_build_case1/HElib-patched/src/EncryptedArray.cpp:375]
  do_mul: 6.76581 / 2157 = 0.00313668   [$ARTIFACT/ours/_build_case1/HElib-patched/src/DoubleCRT.cpp:280]
  extractDigitsThin: 130.867 / 1 = 130.867   [$ARTIFACT/ours/_build_case1/HElib-patched/src/recryption.cpp:1597]
  iFFT: 37.8571 / 7289 = 0.00519373   [$ARTIFACT/ours/_build_case1/HElib-patched/src/CModulus.cpp:488]
  iFFT_division: 13.9642 / 7289 = 0.00191578   [$ARTIFACT/ours/_build_case1/HElib-patched/src/CModulus.cpp:570]
  keySwitchPart: 49.1136 / 104 = 0.472246   [$ARTIFACT/ours/_build_case1/HElib-patched/src/Ctxt.cpp:836]
  modDownToSet: 89.3629 / 310 = 0.288267   [$ARTIFACT/ours/_build_case1/HElib-patched/src/Ctxt.cpp:409]
  mul_MatMul1DExec: 47.7706 / 6 = 7.96176   [$ARTIFACT/ours/_build_case1/HElib-patched/src/matmul.cpp:975]
  multByConstant: 2.35542 / 493 = 0.00477772   [$ARTIFACT/ours/_build_case1/HElib-patched/src/Ctxt.cpp:1884]
  multByConstant: 0.095017 / 1 = 0.095017   [$ARTIFACT/ours/_build_case1/HElib-patched/src/Ctxt.cpp:1910]
  multLowLvl: 54.3952 / 75 = 0.725269   [$ARTIFACT/ours/_build_case1/HElib-patched/src/Ctxt.cpp:1733]
  multiplyBy: 49.2802 / 32 = 1.54001   [$ARTIFACT/ours/_build_case1/HElib-patched/src/Ctxt.cpp:1809]
  privateAssign: 4.3009 / 940 = 0.00457542   [$ARTIFACT/ours/_build_case1/HElib-patched/src/Ctxt.cpp:329]
  randomize: 4.2603 / 435 = 0.0097938   [$ARTIFACT/ours/_build_case1/HElib-patched/src/DoubleCRT.cpp:1318]
  randomize_stream: 2.39381 / 2441984 = 9.80272e-07   [$ARTIFACT/ours/_build_case1/HElib-patched/src/DoubleCRT.cpp:1348]
  reLinearize: 73.8018 / 198 = 0.372736   [$ARTIFACT/ours/_build_case1/HElib-patched/src/Ctxt.cpp:736]
  smartAutomorph: 20.4613 / 48 = 0.426278   [$ARTIFACT/ours/_build_case1/HElib-patched/src/Ctxt.cpp:2514]
  thinReCrypt: 183.679 / 1 = 183.679   [$ARTIFACT/ours/_build_case1/HElib-patched/src/recryption.cpp:1872]
  toPoly: 51.2222 / 875 = 0.0585397   [$ARTIFACT/ours/_build_case1/HElib-patched/src/DoubleCRT.cpp:985]
  toPoly_CRT: 8.67751 / 875 = 0.00991716   [$ARTIFACT/ours/_build_case1/HElib-patched/src/DoubleCRT.cpp:1052]
  toPoly_FFT: 41.9738 / 875 = 0.0479701   [$ARTIFACT/ours/_build_case1/HElib-patched/src/DoubleCRT.cpp:1030]
  rusage.ru_maxrss=10700960
||||| stats |||||
KS-noise-ratio ave=9.9064 max=520.778
KS-noise-ratio-hoist ave=563736 max=4.50988e+06
break-into-digits-ratio ave=0.322847 max=0.393807
excess-ctxtPrimes ave=11.4019 max=11.4019
excess-specialPrimes ave=1.60893 max=1.60893
mod-switch-added-noise ave=0.322771 max=0.3943
ptxt_rat_sk ave=0.00273883 max=0.00273883
ptxt_rat_sk ave=0.30308 max=0.30308
raw-mod-switch-noise ave=0.318779 max=0.318779
window1-nchoices ave=3 max=4
window1-out ave=0 max=0
window2-nchoices ave=3.68571 max=7
window2-out ave=0 max=0
||||| stats |||||
KS-noise-ratio ave=9.9064 max=520.778
KS-noise-ratio-hoist ave=563736 max=4.50988e+06
break-into-digits-ratio ave=0.322847 max=0.393807
excess-ctxtPrimes ave=11.4019 max=11.4019
excess-specialPrimes ave=1.60893 max=1.60893
mod-switch-added-noise ave=0.322771 max=0.3943
ptxt_rat_sk ave=0.00273883 max=0.00273883
ptxt_rat_sk ave=0.30308 max=0.30308
raw-mod-switch-noise ave=0.318779 max=0.318779
window1-nchoices ave=3 max=4
window1-out ave=0 max=0
window2-nchoices ave=3.68571 max=7
window2-out ave=0 max=0
WALL=419.97 s MAXRSS=10700960 kB
exit=0 (BASELINE pass2)
########## SET 16 p=13807 m=43837 d=7 :: ORDER6 :: aux=118 :: pass2 :: 2026-09-15 00:47:30 ##########
chosen idx = 16
encapHwt = 12
t for new bts is -1
new bts ? 1
new ks ? 1
thick bts ?0
repeat times = 1
force bsgs = 0
force hoist = 0
*** GTestFatboot: p=13807, r=1, bits=1320, t=0, c=3, m=43837 mvec=[59 743], gens=[20062 5311], ords=[58 106]
Computing key-independent tables...using HELIB_EXPLICIT_AUX=118

t = -1
bound on I = 16.353148
log2(aux) = 6.882643
log2(beta) = 28.180161
log2(qks) >= 37.759879, final log2(qks) = 37.759882
log2(R) >= 27.776280, final log2(R) = 27.780709
INFO: total bits = 1786.54, security level = 77.1191HELIB_ORDER6: A=118 aux=118 |closure|=1837 (inflation 1.49959) deg(P)=1835 |folded|=306
deg of poly for non-power-of-p aux is 1835
security=77.1191
# small primes = 6
# ctxt primes = 23
# bits in ctxt primes = 1331
# special primes = 8
# bits in special primes = 455
scale=10
 done in 190.366 seconds
  e=0, e'=0, t=12
  m = 43837, p = 13807, phi(m) = 43036
  ord(p) = 7
  normBnd = 1.62075
  polyNormBnd = 4.89365
  factors = [59 743]
  generator 20062 has order (== Z_m^*) of 58
  generator 5311 has order (== Z_m^*) of 106
r = 1
nslots = 6148
hwt = 120
ctxtPrimes = [6,7,8,9,10,11,12,13,14,15,16,17,18,19,20,21,22,23,24,25,26,27,28]
specialPrimes = [33,34,35,36,37,38,39,40]
number of bits = 1787

security level = 77.1191
Generating keys, Keys generated. Now genRecryptData...
computing key-dependent tables...Sparse boot key hwt = 12
genRecryptData done. recryptKeyID=1
lcAksBsgs=0 lcAksDelayed=0
Post-key setup done.
 done in 22.8327 seconds
Encrypt succeeded.
WARNING: KS-noise-ratio = 523.725 > 1
WARNING: KS-noise-ratio = 1.25845 > 1
WARNING: KS-noise-ratio = 1.04927 > 1
HELIB_AUX_ORDER4_EVAL enabled: order=6, deg(P)=1835, terms(P)=307, deg(Q)=305, terms(Q)=306
time for linear1 = 5.459731, linear2 = 48.165625, extract = 74.684644, total = 130.326915
bits for linear1 = 47.483095, linear2 = 51.498816, extract = 385.346563, min cap = 9.579721, after cap = 847.575219, after prod = 1284.420599
cap / time = 6.065611

### summary over 1 test
time for linear1 = 5.459731, linear2 = 48.165625, extract = 74.684644, total = 130.326915
bits for linear1 = 47.483095, linear2 = 51.498816, extract = 385.346563, min cap = 9.579721, after cap = 847.575219, after prod = 1284.420599
cap / time = 6.065611


### bts finished, everything ok ###

  AAA_bootKeySwitch: 25.903 / 1 = 25.903   [$ARTIFACT/ours/_build_case1/HElib-patched/src/recryption.cpp:1968]
  AAA_coeffToSlot: 23.8883 / 1 = 23.8883   [$ARTIFACT/ours/_build_case1/HElib-patched/src/recryption.cpp:2396]
  AAA_embeddingLargest: 0.672938 / 271 = 0.00248317   [$ARTIFACT/ours/_build_case1/HElib-patched/src/norms.cpp:250]
  AAA_embeddingLargest_x2: 0.427234 / 176 = 0.00242747   [$ARTIFACT/ours/_build_case1/HElib-patched/src/norms.cpp:423]
  AAA_extractDigitsThin: 74.6835 / 1 = 74.6835   [$ARTIFACT/ours/_build_case1/HElib-patched/src/recryption.cpp:2449]
  AAA_modDownEnbeddings: 0.490881 / 176 = 0.0027891   [$ARTIFACT/ours/_build_case1/HElib-patched/src/Ctxt.cpp:506]
  AAA_slotToCoeff: 5.45965 / 1 = 5.45965   [$ARTIFACT/ours/_build_case1/HElib-patched/src/recryption.cpp:1954]
  BasicAutomorphPrecon: 3.92814 / 8 = 0.491018   [$ARTIFACT/ours/_build_case1/HElib-patched/src/matmul.cpp:69]
  BluesteinFFT: 54.2541 / 16993 = 0.00319273   [$ARTIFACT/ours/_build_case1/HElib-patched/src/bluestein.cpp:141]
  Decrypt: 0.558717 / 1 = 0.558717   [$ARTIFACT/ours/_build_case1/HElib-patched/src/keys.cpp:1350]
  DoubleCRT: 30.843 / 389 = 0.0792878   [$ARTIFACT/ours/_build_case1/HElib-patched/src/DoubleCRT.cpp:718]
  FFT: 40.3012 / 12027 = 0.0033509   [$ARTIFACT/ours/_build_case1/HElib-patched/src/CModulus.cpp:479]
  FFT: 51.9994 / 623 = 0.0834662   [$ARTIFACT/ours/_build_case1/HElib-patched/src/DoubleCRT.cpp:70]
  FFT: 51.9856 / 12027 = 0.00432241   [$ARTIFACT/ours/_build_case1/HElib-patched/src/CModulus.cpp:448]
  FFT_aux: 40.2866 / 12027 = 0.00334968   [$ARTIFACT/ours/_build_case1/HElib-patched/src/CModulus.cpp:360]
  FFT_remainder: 11.6738 / 12027 = 0.000970631   [$ARTIFACT/ours/_build_case1/HElib-patched/src/CModulus.cpp:455]
  KS_loop: 9.19565 / 371 = 0.0247861   [$ARTIFACT/ours/_build_case1/HElib-patched/src/Ctxt.cpp:219]
  KS_loop_1: 1.52328 / 371 = 0.00410587   [$ARTIFACT/ours/_build_case1/HElib-patched/src/Ctxt.cpp:227]
  KS_loop_2: 1.26179 / 371 = 0.00340105   [$ARTIFACT/ours/_build_case1/HElib-patched/src/Ctxt.cpp:231]
  KS_loop_3: 1.52782 / 371 = 0.00411811   [$ARTIFACT/ours/_build_case1/HElib-patched/src/Ctxt.cpp:236]
  KS_loop_4: 0.578892 / 371 = 0.00156036   [$ARTIFACT/ours/_build_case1/HElib-patched/src/Ctxt.cpp:240]
  NORM_VAL: 1.23945 / 233 = 0.00531952   [$ARTIFACT/ours/_build_case1/HElib-patched/src/DoubleCRT.cpp:541]
  addConstant: 0.214306 / 22 = 0.00974118   [$ARTIFACT/ours/_build_case1/HElib-patched/src/Ctxt.cpp:2197]
  addCtxt: 10.0891 / 865 = 0.0116637   [$ARTIFACT/ours/_build_case1/HElib-patched/src/Ctxt.cpp:1458]
  addPart: 2.92056 / 946 = 0.00308727   [$ARTIFACT/ours/_build_case1/HElib-patched/src/Ctxt.cpp:905]
  addPrimes: 34.2726 / 234 = 0.146464   [$ARTIFACT/ours/_build_case1/HElib-patched/src/DoubleCRT.cpp:625]
  addPrimes_5: 36.0499 / 233 = 0.15472   [$ARTIFACT/ours/_build_case1/HElib-patched/src/DoubleCRT.cpp:518]
  automorph: 6.30497 / 69 = 0.0913764   [$ARTIFACT/ours/_build_case1/HElib-patched/src/matmul.cpp:117]
  automorph: 0.166475 / 48 = 0.00346823   [$ARTIFACT/ours/_build_case1/HElib-patched/src/Ctxt.cpp:2489]
  breakIntoDigits: 36.3005 / 90 = 0.403339   [$ARTIFACT/ours/_build_case1/HElib-patched/src/DoubleCRT.cpp:481]
  decode: 14.1129 / 1 = 14.1129   [$ARTIFACT/ours/_build_case1/HElib-patched/src/EncryptedArray.cpp:375]
  do_mul: 5.9034 / 1901 = 0.00310542   [$ARTIFACT/ours/_build_case1/HElib-patched/src/DoubleCRT.cpp:280]
  extractDigitsThin: 74.6834 / 1 = 74.6834   [$ARTIFACT/ours/_build_case1/HElib-patched/src/recryption.cpp:1597]
  iFFT: 26.5072 / 4966 = 0.00533774   [$ARTIFACT/ours/_build_case1/HElib-patched/src/CModulus.cpp:488]
  iFFT_division: 9.76115 / 4966 = 0.0019656   [$ARTIFACT/ours/_build_case1/HElib-patched/src/CModulus.cpp:570]
  keySwitchPart: 38.962 / 83 = 0.469422   [$ARTIFACT/ours/_build_case1/HElib-patched/src/Ctxt.cpp:836]
  modDownToSet: 60.375 / 226 = 0.267146   [$ARTIFACT/ours/_build_case1/HElib-patched/src/Ctxt.cpp:409]
  mul_MatMul1DExec: 50.2957 / 6 = 8.38262   [$ARTIFACT/ours/_build_case1/HElib-patched/src/matmul.cpp:975]
  multByConstant: 2.38017 / 493 = 0.00482793   [$ARTIFACT/ours/_build_case1/HElib-patched/src/Ctxt.cpp:1884]
  multByConstant: 0.099935 / 1 = 0.099935   [$ARTIFACT/ours/_build_case1/HElib-patched/src/Ctxt.cpp:1910]
  multLowLvl: 31.6627 / 43 = 0.736342   [$ARTIFACT/ours/_build_case1/HElib-patched/src/Ctxt.cpp:1733]
  multiplyBy: 35.4476 / 22 = 1.61126   [$ARTIFACT/ours/_build_case1/HElib-patched/src/Ctxt.cpp:1809]
  privateAssign: 2.62818 / 528 = 0.00497761   [$ARTIFACT/ours/_build_case1/HElib-patched/src/Ctxt.cpp:329]
  randomize: 3.61007 / 371 = 0.00973066   [$ARTIFACT/ours/_build_case1/HElib-patched/src/DoubleCRT.cpp:1318]
  randomize_stream: 2.02512 / 2080014 = 9.73608e-07   [$ARTIFACT/ours/_build_case1/HElib-patched/src/DoubleCRT.cpp:1348]
  reLinearize: 54.0942 / 171 = 0.31634   [$ARTIFACT/ours/_build_case1/HElib-patched/src/Ctxt.cpp:736]
  smartAutomorph: 21.5725 / 48 = 0.449427   [$ARTIFACT/ours/_build_case1/HElib-patched/src/Ctxt.cpp:2514]
  thinReCrypt: 130.336 / 1 = 130.336   [$ARTIFACT/ours/_build_case1/HElib-patched/src/recryption.cpp:1872]
  toPoly: 37.1519 / 622 = 0.0597297   [$ARTIFACT/ours/_build_case1/HElib-patched/src/DoubleCRT.cpp:985]
  toPoly_CRT: 6.50821 / 622 = 0.0104634   [$ARTIFACT/ours/_build_case1/HElib-patched/src/DoubleCRT.cpp:1052]
  toPoly_FFT: 30.1817 / 622 = 0.0485237   [$ARTIFACT/ours/_build_case1/HElib-patched/src/DoubleCRT.cpp:1030]
  rusage.ru_maxrss=10486816
||||| stats |||||
KS-noise-ratio ave=6.38626 max=523.725
KS-noise-ratio-hoist ave=499490 max=3.99592e+06
break-into-digits-ratio ave=0.318175 max=0.383138
excess-ctxtPrimes ave=11.4019 max=11.4019
excess-specialPrimes ave=1.60893 max=1.60893
mod-switch-added-noise ave=0.325715 max=0.40545
ptxt_rat_sk ave=0.00283216 max=0.00283216
ptxt_rat_sk ave=0.338839 max=0.338839
raw-mod-switch-noise ave=0.33346 max=0.33346
window1-nchoices ave=4 max=4
window1-out ave=0 max=0
window2-nchoices ave=3.82051 max=8
window2-out ave=0 max=0
||||| stats |||||
KS-noise-ratio ave=6.38626 max=523.725
KS-noise-ratio-hoist ave=499490 max=3.99592e+06
break-into-digits-ratio ave=0.318175 max=0.383138
excess-ctxtPrimes ave=11.4019 max=11.4019
excess-specialPrimes ave=1.60893 max=1.60893
mod-switch-added-noise ave=0.325715 max=0.40545
ptxt_rat_sk ave=0.00283216 max=0.00283216
ptxt_rat_sk ave=0.338839 max=0.338839
raw-mod-switch-noise ave=0.33346 max=0.33346
window1-nchoices ave=4 max=4
window1-out ave=0 max=0
window2-nchoices ave=3.82051 max=8
window2-out ave=0 max=0
WALL=360.52 s MAXRSS=10486816 kB
exit=0 (ORDER6 pass2)
########## SET 16 p=13807 m=43837 d=7 :: ORDER6_COMPOSED :: aux=118 :: pass2 :: 2026-09-15 00:53:31 ##########
chosen idx = 16
encapHwt = 12
t for new bts is -1
new bts ? 1
new ks ? 1
thick bts ?0
repeat times = 1
force bsgs = 0
force hoist = 0
*** GTestFatboot: p=13807, r=1, bits=1320, t=0, c=3, m=43837 mvec=[59 743], gens=[20062 5311], ords=[58 106]
Computing key-independent tables...using HELIB_EXPLICIT_AUX=118

t = -1
bound on I = 16.353148
log2(aux) = 6.882643
log2(beta) = 28.180161
log2(qks) >= 37.759879, final log2(qks) = 37.759882
log2(R) >= 27.776280, final log2(R) = 27.780709
INFO: total bits = 1786.54, security level = 77.1191HELIB_ORDER6: A=118 aux=118 |closure|=1837 (inflation 1.49959) deg(P)=1835 |folded|=306
HELIB_COMPOSED_EVAL: order=6 d=7 |folded support|=306 degQ=305 padded to n'=308
HELIB_COMPOSED_EVAL: norm form c=1019 degC=44 (search 37.2607s)
deg of poly for non-power-of-p aux is 1835
security=77.1191
# small primes = 6
# ctxt primes = 23
# bits in ctxt primes = 1331
# special primes = 8
# bits in special primes = 455
scale=10
 done in 226.631 seconds
  e=0, e'=0, t=12
  m = 43837, p = 13807, phi(m) = 43036
  ord(p) = 7
  normBnd = 1.62075
  polyNormBnd = 4.89365
  factors = [59 743]
  generator 20062 has order (== Z_m^*) of 58
  generator 5311 has order (== Z_m^*) of 106
r = 1
nslots = 6148
hwt = 120
ctxtPrimes = [6,7,8,9,10,11,12,13,14,15,16,17,18,19,20,21,22,23,24,25,26,27,28]
specialPrimes = [33,34,35,36,37,38,39,40]
number of bits = 1787

security level = 77.1191
Generating keys, Keys generated. Now genRecryptData...
computing key-dependent tables...Sparse boot key hwt = 12
genRecryptData done. recryptKeyID=1
lcAksBsgs=0 lcAksDelayed=0
Post-key setup done.
 done in 22.7914 seconds
Encrypt succeeded.
WARNING: KS-noise-ratio = 519.329 > 1
WARNING: KS-noise-ratio = 1.08529 > 1
WARNING: KS-noise-ratio = 1.10584 > 1
HELIB_COMPOSED_EVAL active: order=6 degC=44 d=7
time for linear1 = 5.449073, linear2 = 46.515993, extract = 39.910193, total = 93.888586
bits for linear1 = 47.476234, linear2 = 51.546824, extract = 504.158886, min cap = 9.579721, after cap = 728.711408, after prod = 1284.417118
cap / time = 7.153750

### summary over 1 test
time for linear1 = 5.449073, linear2 = 46.515993, extract = 39.910193, total = 93.888586
bits for linear1 = 47.476234, linear2 = 51.546824, extract = 504.158886, min cap = 9.579721, after cap = 728.711408, after prod = 1284.417118
cap / time = 7.153750


### bts finished, everything ok ###

  AAA_bootKeySwitch: 25.432 / 1 = 25.432   [$ARTIFACT/ours/_build_case1/HElib-patched/src/recryption.cpp:1968]
  AAA_coeffToSlot: 22.7068 / 1 = 22.7068   [$ARTIFACT/ours/_build_case1/HElib-patched/src/recryption.cpp:2396]
  AAA_embeddingLargest: 0.628475 / 269 = 0.00233634   [$ARTIFACT/ours/_build_case1/HElib-patched/src/norms.cpp:250]
  AAA_embeddingLargest_x2: 0.280761 / 120 = 0.00233967   [$ARTIFACT/ours/_build_case1/HElib-patched/src/norms.cpp:423]
  AAA_extractDigitsThin: 39.9096 / 1 = 39.9096   [$ARTIFACT/ours/_build_case1/HElib-patched/src/recryption.cpp:2449]
  AAA_modDownEnbeddings: 0.312578 / 120 = 0.00260482   [$ARTIFACT/ours/_build_case1/HElib-patched/src/Ctxt.cpp:506]
  AAA_slotToCoeff: 5.449 / 1 = 5.449   [$ARTIFACT/ours/_build_case1/HElib-patched/src/recryption.cpp:1954]
  BasicAutomorphPrecon: 3.8359 / 8 = 0.479487   [$ARTIFACT/ours/_build_case1/HElib-patched/src/matmul.cpp:69]
  BluesteinFFT: 42.335 / 13512 = 0.00313314   [$ARTIFACT/ours/_build_case1/HElib-patched/src/bluestein.cpp:141]
  Decrypt: 0.593169 / 1 = 0.593169   [$ARTIFACT/ours/_build_case1/HElib-patched/src/keys.cpp:1350]
  DoubleCRT: 23.2894 / 305 = 0.0763585   [$ARTIFACT/ours/_build_case1/HElib-patched/src/DoubleCRT.cpp:718]
  FFT: 32.7826 / 9985 = 0.00328318   [$ARTIFACT/ours/_build_case1/HElib-patched/src/CModulus.cpp:479]
  FFT: 40.833 / 508 = 0.0803799   [$ARTIFACT/ours/_build_case1/HElib-patched/src/DoubleCRT.cpp:70]
  FFT: 40.8246 / 9985 = 0.00408859   [$ARTIFACT/ours/_build_case1/HElib-patched/src/CModulus.cpp:448]
  FFT_aux: 32.7741 / 9985 = 0.00328233   [$ARTIFACT/ours/_build_case1/HElib-patched/src/CModulus.cpp:360]
  FFT_remainder: 8.03472 / 9985 = 0.000804679   [$ARTIFACT/ours/_build_case1/HElib-patched/src/CModulus.cpp:455]
  KS_loop: 8.35264 / 341 = 0.0244945   [$ARTIFACT/ours/_build_case1/HElib-patched/src/Ctxt.cpp:219]
  KS_loop_1: 1.37788 / 341 = 0.00404069   [$ARTIFACT/ours/_build_case1/HElib-patched/src/Ctxt.cpp:227]
  KS_loop_2: 1.16728 / 341 = 0.00342309   [$ARTIFACT/ours/_build_case1/HElib-patched/src/Ctxt.cpp:231]
  KS_loop_3: 1.38381 / 341 = 0.0040581   [$ARTIFACT/ours/_build_case1/HElib-patched/src/Ctxt.cpp:236]
  KS_loop_4: 0.496948 / 341 = 0.00145733   [$ARTIFACT/ours/_build_case1/HElib-patched/src/Ctxt.cpp:240]
  NORM_VAL: 1.01098 / 203 = 0.00498018   [$ARTIFACT/ours/_build_case1/HElib-patched/src/DoubleCRT.cpp:541]
  addCtxt: 2.25985 / 604 = 0.00374147   [$ARTIFACT/ours/_build_case1/HElib-patched/src/Ctxt.cpp:1458]
  addPart: 2.52113 / 851 = 0.00296255   [$ARTIFACT/ours/_build_case1/HElib-patched/src/Ctxt.cpp:905]
  addPrimes: 28.6244 / 204 = 0.140316   [$ARTIFACT/ours/_build_case1/HElib-patched/src/DoubleCRT.cpp:625]
  addPrimes_5: 30.0749 / 203 = 0.148152   [$ARTIFACT/ours/_build_case1/HElib-patched/src/DoubleCRT.cpp:518]
  automorph: 6.22537 / 69 = 0.0902227   [$ARTIFACT/ours/_build_case1/HElib-patched/src/matmul.cpp:117]
  automorph: 0.185127 / 52 = 0.00356013   [$ARTIFACT/ours/_build_case1/HElib-patched/src/Ctxt.cpp:2489]
  breakIntoDigits: 30.2686 / 82 = 0.36913   [$ARTIFACT/ours/_build_case1/HElib-patched/src/DoubleCRT.cpp:481]
  decode: 14.0007 / 1 = 14.0007   [$ARTIFACT/ours/_build_case1/HElib-patched/src/EncryptedArray.cpp:375]
  do_mul: 5.62393 / 1829 = 0.00307487   [$ARTIFACT/ours/_build_case1/HElib-patched/src/DoubleCRT.cpp:280]
  extractDigitsThin: 39.9096 / 1 = 39.9096   [$ARTIFACT/ours/_build_case1/HElib-patched/src/recryption.cpp:1597]
  frobeniusAutomorph: 3.43538 / 4 = 0.858844   [$ARTIFACT/ours/_build_case1/HElib-patched/src/Ctxt.cpp:2578]
  iFFT: 18.5025 / 3527 = 0.00524595   [$ARTIFACT/ours/_build_case1/HElib-patched/src/CModulus.cpp:488]
  iFFT_division: 6.83848 / 3527 = 0.00193889   [$ARTIFACT/ours/_build_case1/HElib-patched/src/CModulus.cpp:570]
  keySwitchPart: 32.0746 / 75 = 0.427661   [$ARTIFACT/ours/_build_case1/HElib-patched/src/Ctxt.cpp:836]
  modDownToSet: 37.305 / 175 = 0.213172   [$ARTIFACT/ours/_build_case1/HElib-patched/src/Ctxt.cpp:409]
  mul_MatMul1DExec: 48.7346 / 6 = 8.12244   [$ARTIFACT/ours/_build_case1/HElib-patched/src/matmul.cpp:975]
  multByConstant: 2.63793 / 531 = 0.00496785   [$ARTIFACT/ours/_build_case1/HElib-patched/src/Ctxt.cpp:1884]
  multByConstant: 4.11044 / 39 = 0.105396   [$ARTIFACT/ours/_build_case1/HElib-patched/src/Ctxt.cpp:1910]
  multLowLvl: 14.4456 / 21 = 0.687885   [$ARTIFACT/ours/_build_case1/HElib-patched/src/Ctxt.cpp:1733]
  multiplyBy: 29.8376 / 21 = 1.42084   [$ARTIFACT/ours/_build_case1/HElib-patched/src/Ctxt.cpp:1809]
  privateAssign: 0.788663 / 263 = 0.00299872   [$ARTIFACT/ours/_build_case1/HElib-patched/src/Ctxt.cpp:329]
  randomize: 3.35476 / 341 = 0.00983799   [$ARTIFACT/ours/_build_case1/HElib-patched/src/DoubleCRT.cpp:1318]
  randomize_stream: 1.86715 / 1910372 = 9.77373e-07   [$ARTIFACT/ours/_build_case1/HElib-patched/src/DoubleCRT.cpp:1348]
  reLinearize: 39.8822 / 168 = 0.237394   [$ARTIFACT/ours/_build_case1/HElib-patched/src/Ctxt.cpp:736]
  smartAutomorph: 24.1928 / 52 = 0.465245   [$ARTIFACT/ours/_build_case1/HElib-patched/src/Ctxt.cpp:2514]
  thinReCrypt: 93.8986 / 1 = 93.8986   [$ARTIFACT/ours/_build_case1/HElib-patched/src/recryption.cpp:1872]
  toPoly: 25.7479 / 463 = 0.055611   [$ARTIFACT/ours/_build_case1/HElib-patched/src/DoubleCRT.cpp:985]
  toPoly_CRT: 4.56706 / 463 = 0.00986406   [$ARTIFACT/ours/_build_case1/HElib-patched/src/DoubleCRT.cpp:1052]
  toPoly_FFT: 20.8833 / 463 = 0.0451043   [$ARTIFACT/ours/_build_case1/HElib-patched/src/DoubleCRT.cpp:1030]
  rusage.ru_maxrss=10191232
||||| stats |||||
KS-noise-ratio ave=6.98791 max=519.329
KS-noise-ratio-hoist ave=515608 max=4.12486e+06
break-into-digits-ratio ave=0.321041 max=0.399359
excess-ctxtPrimes ave=11.4019 max=11.4019
excess-specialPrimes ave=1.60893 max=1.60893
mod-switch-added-noise ave=0.324301 max=0.370549
ptxt_rat_sk ave=0.00263339 max=0.00263339
ptxt_rat_sk ave=0.370025 max=0.370025
raw-mod-switch-noise ave=0.326144 max=0.326144
window1-nchoices ave=2.33333 max=3
window1-out ave=0 max=0
window2-nchoices ave=4.05556 max=6
window2-out ave=0 max=0
||||| stats |||||
KS-noise-ratio ave=6.98791 max=519.329
KS-noise-ratio-hoist ave=515608 max=4.12486e+06
break-into-digits-ratio ave=0.321041 max=0.399359
excess-ctxtPrimes ave=11.4019 max=11.4019
excess-specialPrimes ave=1.60893 max=1.60893
mod-switch-added-noise ave=0.324301 max=0.370549
ptxt_rat_sk ave=0.00263339 max=0.00263339
ptxt_rat_sk ave=0.370025 max=0.370025
raw-mod-switch-noise ave=0.326144 max=0.326144
window1-nchoices ave=2.33333 max=3
window1-out ave=0 max=0
window2-nchoices ave=4.05556 max=6
window2-out ave=0 max=0
WALL=360.06 s MAXRSS=10191232 kB
exit=0 (ORDER6_COMPOSED pass2)
########## SET 16 p=13807 m=43837 d=7 :: NORMONLY :: aux=118 :: pass2 :: 2026-09-15 00:59:31 ##########
chosen idx = 16
encapHwt = 12
t for new bts is -1
new bts ? 1
new ks ? 1
thick bts ?0
repeat times = 1
force bsgs = 0
force hoist = 0
*** GTestFatboot: p=13807, r=1, bits=1320, t=0, c=3, m=43837 mvec=[59 743], gens=[20062 5311], ords=[58 106]
Computing key-independent tables...########## SET 16 p=13807 m=43837 d=7 :: BASELINE :: aux=118 :: pass2 :: h=12 :: 2026-09-15 04:30:45 ##########
chosen idx = 16
encapHwt = 12
t for new bts is -1
new bts ? 1
new ks ? 1
thick bts ?0
repeat times = 1
force bsgs = 0
force hoist = 0
*** GTestFatboot: p=13807, r=1, bits=1320, t=0, c=3, m=43837 mvec=[59 743], gens=[20062 5311], ords=[58 106]
Computing key-independent tables...using HELIB_EXPLICIT_AUX=118

t = -1
bound on I = 16.353148
log2(aux) = 6.882643
log2(beta) = 28.180161
log2(qks) >= 37.759879, final log2(qks) = 37.759882
log2(R) >= 27.776280, final log2(R) = 27.780709
INFO: total bits = 1786.54, security level = 77.1191deg of poly for non-power-of-p aux is 1223
security=77.1191
# small primes = 6
# ctxt primes = 23
# bits in ctxt primes = 1331
# special primes = 8
# bits in special primes = 455
scale=10
 done in 207.37 seconds
  e=0, e'=0, t=12
  m = 43837, p = 13807, phi(m) = 43036
  ord(p) = 7
  normBnd = 1.62075
  polyNormBnd = 4.89365
  factors = [59 743]
  generator 20062 has order (== Z_m^*) of 58
  generator 5311 has order (== Z_m^*) of 106
r = 1
nslots = 6148
hwt = 120
ctxtPrimes = [6,7,8,9,10,11,12,13,14,15,16,17,18,19,20,21,22,23,24,25,26,27,28]
specialPrimes = [33,34,35,36,37,38,39,40]
number of bits = 1787

security level = 77.1191
Generating keys, Keys generated. Now genRecryptData...
computing key-dependent tables...Sparse boot key hwt = 12
genRecryptData done. recryptKeyID=1
lcAksBsgs=0 lcAksDelayed=0
Post-key setup done.
 done in 23.2318 seconds
Encrypt succeeded.
WARNING: KS-noise-ratio = 1.04405 > 1
WARNING: KS-noise-ratio = 413.232 > 1
WARNING: KS-noise-ratio = 1.26111 > 1
WARNING: KS-noise-ratio = 1.01896 > 1
WARNING: KS-noise-ratio = 500.142 > 1
WARNING: KS-noise-ratio = 1.27076 > 1
WARNING: KS-noise-ratio = 1.29807 > 1
WARNING: KS-noise-ratio = 1.41852 > 1
WARNING: KS-noise-ratio = 1.20906 > 1
WARNING: KS-noise-ratio = 1.21122 > 1
WARNING: KS-noise-ratio = 1.02533 > 1
time for linear1 = 5.509045, linear2 = 47.409496, extract = 130.981093, total = 185.942785
bits for linear1 = 47.562039, linear2 = 51.480242, extract = 327.750289, min cap = 9.579721, after cap = 905.127694, after prod = 1284.358225
cap / time = 4.560467

### summary over 1 test
time for linear1 = 5.509045, linear2 = 47.409496, extract = 130.981093, total = 185.942785
bits for linear1 = 47.562039, linear2 = 51.480242, extract = 327.750289, min cap = 9.579721, after cap = 905.127694, after prod = 1284.358225
cap / time = 4.560467


### bts finished, everything ok ###

  AAA_bootKeySwitch: 26.0724 / 1 = 26.0724   [$ARTIFACT/ours/_build_case1/HElib-patched/src/recryption.cpp:1968]
  AAA_coeffToSlot: 22.9797 / 1 = 22.9797   [$ARTIFACT/ours/_build_case1/HElib-patched/src/recryption.cpp:2396]
  AAA_embeddingLargest: 0.868954 / 356 = 0.00244088   [$ARTIFACT/ours/_build_case1/HElib-patched/src/norms.cpp:250]
  AAA_embeddingLargest_x2: 0.604078 / 260 = 0.00232338   [$ARTIFACT/ours/_build_case1/HElib-patched/src/norms.cpp:423]
  AAA_extractDigitsThin: 130.979 / 1 = 130.979   [$ARTIFACT/ours/_build_case1/HElib-patched/src/recryption.cpp:2449]
  AAA_modDownEnbeddings: 0.703581 / 260 = 0.00270608   [$ARTIFACT/ours/_build_case1/HElib-patched/src/Ctxt.cpp:506]
  AAA_slotToCoeff: 5.50898 / 1 = 5.50898   [$ARTIFACT/ours/_build_case1/HElib-patched/src/recryption.cpp:1954]
  BasicAutomorphPrecon: 3.89501 / 8 = 0.486876   [$ARTIFACT/ours/_build_case1/HElib-patched/src/matmul.cpp:69]
  BluesteinFFT: 78.481 / 24868 = 0.0031559   [$ARTIFACT/ours/_build_case1/HElib-patched/src/bluestein.cpp:141]
  Decrypt: 0.533071 / 1 = 0.533071   [$ARTIFACT/ours/_build_case1/HElib-patched/src/keys.cpp:1350]
  DoubleCRT: 46.5181 / 578 = 0.0804811   [$ARTIFACT/ours/_build_case1/HElib-patched/src/DoubleCRT.cpp:718]
  FFT: 58.2983 / 17569 = 0.00331825   [$ARTIFACT/ours/_build_case1/HElib-patched/src/CModulus.cpp:479]
  FFT: 73.2415 / 875 = 0.0837045   [$ARTIFACT/ours/_build_case1/HElib-patched/src/DoubleCRT.cpp:70]
  FFT: 73.2298 / 17569 = 0.00416813   [$ARTIFACT/ours/_build_case1/HElib-patched/src/CModulus.cpp:448]
  FFT_aux: 58.2852 / 17569 = 0.0033175   [$ARTIFACT/ours/_build_case1/HElib-patched/src/CModulus.cpp:360]
  FFT_remainder: 14.9204 / 17569 = 0.000849246   [$ARTIFACT/ours/_build_case1/HElib-patched/src/CModulus.cpp:455]
  KS_loop: 10.7259 / 435 = 0.0246571   [$ARTIFACT/ours/_build_case1/HElib-patched/src/Ctxt.cpp:219]
  KS_loop_1: 1.82752 / 435 = 0.00420119   [$ARTIFACT/ours/_build_case1/HElib-patched/src/Ctxt.cpp:227]
  KS_loop_2: 1.26666 / 435 = 0.00291186   [$ARTIFACT/ours/_build_case1/HElib-patched/src/Ctxt.cpp:231]
  KS_loop_3: 1.83503 / 435 = 0.00421845   [$ARTIFACT/ours/_build_case1/HElib-patched/src/Ctxt.cpp:236]
  KS_loop_4: 0.647814 / 435 = 0.00148923   [$ARTIFACT/ours/_build_case1/HElib-patched/src/Ctxt.cpp:240]
  NORM_VAL: 1.54794 / 297 = 0.00521192   [$ARTIFACT/ours/_build_case1/HElib-patched/src/DoubleCRT.cpp:541]
  addCtxt: 19.9882 / 1782 = 0.0112167   [$ARTIFACT/ours/_build_case1/HElib-patched/src/Ctxt.cpp:1458]
  addPart: 3.21688 / 1094 = 0.00294047   [$ARTIFACT/ours/_build_case1/HElib-patched/src/Ctxt.cpp:905]
  addPrimes: 43.1337 / 298 = 0.144744   [$ARTIFACT/ours/_build_case1/HElib-patched/src/DoubleCRT.cpp:625]
  addPrimes_5: 45.3305 / 297 = 0.152628   [$ARTIFACT/ours/_build_case1/HElib-patched/src/DoubleCRT.cpp:518]
  automorph: 6.3533 / 69 = 0.0920768   [$ARTIFACT/ours/_build_case1/HElib-patched/src/matmul.cpp:117]
  automorph: 0.167516 / 48 = 0.00348992   [$ARTIFACT/ours/_build_case1/HElib-patched/src/Ctxt.cpp:2489]
  breakIntoDigits: 45.6017 / 111 = 0.410826   [$ARTIFACT/ours/_build_case1/HElib-patched/src/DoubleCRT.cpp:481]
  decode: 13.9257 / 1 = 13.9257   [$ARTIFACT/ours/_build_case1/HElib-patched/src/EncryptedArray.cpp:375]
  do_mul: 6.89726 / 2157 = 0.00319762   [$ARTIFACT/ours/_build_case1/HElib-patched/src/DoubleCRT.cpp:280]
  extractDigitsThin: 130.979 / 1 = 130.979   [$ARTIFACT/ours/_build_case1/HElib-patched/src/recryption.cpp:1597]
  iFFT: 38.2761 / 7299 = 0.00524402   [$ARTIFACT/ours/_build_case1/HElib-patched/src/CModulus.cpp:488]
  iFFT_division: 14.0736 / 7299 = 0.00192815   [$ARTIFACT/ours/_build_case1/HElib-patched/src/CModulus.cpp:570]
  keySwitchPart: 50.0118 / 104 = 0.480883   [$ARTIFACT/ours/_build_case1/HElib-patched/src/Ctxt.cpp:836]
  modDownToSet: 90.3607 / 310 = 0.291486   [$ARTIFACT/ours/_build_case1/HElib-patched/src/Ctxt.cpp:409]
  mul_MatMul1DExec: 49.5756 / 6 = 8.2626   [$ARTIFACT/ours/_build_case1/HElib-patched/src/matmul.cpp:975]
  multByConstant: 2.4082 / 493 = 0.00488478   [$ARTIFACT/ours/_build_case1/HElib-patched/src/Ctxt.cpp:1884]
  multByConstant: 0.095617 / 1 = 0.095617   [$ARTIFACT/ours/_build_case1/HElib-patched/src/Ctxt.cpp:1910]
  multLowLvl: 54.4334 / 75 = 0.725778   [$ARTIFACT/ours/_build_case1/HElib-patched/src/Ctxt.cpp:1733]
  multiplyBy: 51.1966 / 32 = 1.59989   [$ARTIFACT/ours/_build_case1/HElib-patched/src/Ctxt.cpp:1809]
  privateAssign: 4.25134 / 940 = 0.0045227   [$ARTIFACT/ours/_build_case1/HElib-patched/src/Ctxt.cpp:329]
  randomize: 4.3272 / 435 = 0.00994759   [$ARTIFACT/ours/_build_case1/HElib-patched/src/DoubleCRT.cpp:1318]
  randomize_stream: 2.43245 / 2441821 = 9.96162e-07   [$ARTIFACT/ours/_build_case1/HElib-patched/src/DoubleCRT.cpp:1348]
  reLinearize: 74.8871 / 198 = 0.378218   [$ARTIFACT/ours/_build_case1/HElib-patched/src/Ctxt.cpp:736]
  smartAutomorph: 21.1564 / 48 = 0.440759   [$ARTIFACT/ours/_build_case1/HElib-patched/src/Ctxt.cpp:2514]
  thinReCrypt: 185.951 / 1 = 185.951   [$ARTIFACT/ours/_build_case1/HElib-patched/src/recryption.cpp:1872]
  toPoly: 52.2213 / 875 = 0.0596815   [$ARTIFACT/ours/_build_case1/HElib-patched/src/DoubleCRT.cpp:985]
  toPoly_CRT: 8.94441 / 875 = 0.0102222   [$ARTIFACT/ours/_build_case1/HElib-patched/src/DoubleCRT.cpp:1052]
  toPoly_FFT: 42.6558 / 875 = 0.0487494   [$ARTIFACT/ours/_build_case1/HElib-patched/src/DoubleCRT.cpp:1030]
  rusage.ru_maxrss=10700188
||||| stats |||||
KS-noise-ratio ave=8.9041 max=500.142
KS-noise-ratio-hoist ave=504673 max=4.03738e+06
break-into-digits-ratio ave=0.322278 max=0.398874
excess-ctxtPrimes ave=11.4019 max=11.4019
excess-specialPrimes ave=1.60893 max=1.60893
mod-switch-added-noise ave=0.330259 max=0.41562
ptxt_rat_sk ave=0.00285322 max=0.00285322
ptxt_rat_sk ave=0.327592 max=0.327592
raw-mod-switch-noise ave=0.313809 max=0.313809
window1-nchoices ave=2.8 max=4
window1-out ave=0 max=0
window2-nchoices ave=3.74286 max=8
window2-out ave=0 max=0
||||| stats |||||
KS-noise-ratio ave=8.9041 max=500.142
KS-noise-ratio-hoist ave=504673 max=4.03738e+06
break-into-digits-ratio ave=0.322278 max=0.398874
excess-ctxtPrimes ave=11.4019 max=11.4019
excess-specialPrimes ave=1.60893 max=1.60893
mod-switch-added-noise ave=0.330259 max=0.41562
ptxt_rat_sk ave=0.00285322 max=0.00285322
ptxt_rat_sk ave=0.327592 max=0.327592
raw-mod-switch-noise ave=0.313809 max=0.313809
window1-nchoices ave=2.8 max=4
window1-out ave=0 max=0
window2-nchoices ave=3.74286 max=8
window2-out ave=0 max=0
WALL=433.30 s MAXRSS=10700188 kB
exit=0 (BASELINE pass2)
########## SET 16 p=13807 m=43837 d=7 :: ORDER6 :: aux=118 :: pass2 :: h=12 :: 2026-09-15 04:37:58 ##########
chosen idx = 16
encapHwt = 12
t for new bts is -1
new bts ? 1
new ks ? 1
thick bts ?0
repeat times = 1
force bsgs = 0
force hoist = 0
*** GTestFatboot: p=13807, r=1, bits=1320, t=0, c=3, m=43837 mvec=[59 743], gens=[20062 5311], ords=[58 106]
Computing key-independent tables...using HELIB_EXPLICIT_AUX=118

t = -1
bound on I = 16.353148
log2(aux) = 6.882643
log2(beta) = 28.180161
log2(qks) >= 37.759879, final log2(qks) = 37.759882
log2(R) >= 27.776280, final log2(R) = 27.780709
INFO: total bits = 1786.54, security level = 77.1191HELIB_ORDER6: A=118 aux=118 |closure|=1837 (inflation 1.49959) deg(P)=1835 |folded|=306
deg of poly for non-power-of-p aux is 1835
security=77.1191
# small primes = 6
# ctxt primes = 23
# bits in ctxt primes = 1331
# special primes = 8
# bits in special primes = 455
scale=10
 done in 186.896 seconds
  e=0, e'=0, t=12
  m = 43837, p = 13807, phi(m) = 43036
  ord(p) = 7
  normBnd = 1.62075
  polyNormBnd = 4.89365
  factors = [59 743]
  generator 20062 has order (== Z_m^*) of 58
  generator 5311 has order (== Z_m^*) of 106
r = 1
nslots = 6148
hwt = 120
ctxtPrimes = [6,7,8,9,10,11,12,13,14,15,16,17,18,19,20,21,22,23,24,25,26,27,28]
specialPrimes = [33,34,35,36,37,38,39,40]
number of bits = 1787

security level = 77.1191
Generating keys, Keys generated. Now genRecryptData...
computing key-dependent tables...Sparse boot key hwt = 12
genRecryptData done. recryptKeyID=1
lcAksBsgs=0 lcAksDelayed=0
Post-key setup done.
 done in 22.0626 seconds
Encrypt succeeded.
WARNING: KS-noise-ratio = 1.04786 > 1
WARNING: KS-noise-ratio = 554.608 > 1
WARNING: KS-noise-ratio = 1.17582 > 1
WARNING: KS-noise-ratio = 1.17205 > 1
WARNING: KS-noise-ratio = 1.04559 > 1
HELIB_AUX_ORDER4_EVAL enabled: order=6, deg(P)=1835, terms(P)=307, deg(Q)=305, terms(Q)=306
time for linear1 = 5.207187, linear2 = 45.301793, extract = 70.498643, total = 122.942917
bits for linear1 = 47.442520, linear2 = 51.439041, extract = 385.188628, min cap = 9.579721, after cap = 847.684457, after prod = 1284.312125
cap / time = 6.431133

### summary over 1 test
time for linear1 = 5.207187, linear2 = 45.301793, extract = 70.498643, total = 122.942917
bits for linear1 = 47.442520, linear2 = 51.439041, extract = 385.188628, min cap = 9.579721, after cap = 847.684457, after prod = 1284.312125
cap / time = 6.431133


### bts finished, everything ok ###

  AAA_bootKeySwitch: 24.4113 / 1 = 24.4113   [$ARTIFACT/ours/_build_case1/HElib-patched/src/recryption.cpp:1968]
  AAA_coeffToSlot: 22.446 / 1 = 22.446   [$ARTIFACT/ours/_build_case1/HElib-patched/src/recryption.cpp:2396]
  AAA_embeddingLargest: 0.633799 / 271 = 0.00233874   [$ARTIFACT/ours/_build_case1/HElib-patched/src/norms.cpp:250]
  AAA_embeddingLargest_x2: 0.39873 / 176 = 0.00226551   [$ARTIFACT/ours/_build_case1/HElib-patched/src/norms.cpp:423]
  AAA_extractDigitsThin: 70.4977 / 1 = 70.4977   [$ARTIFACT/ours/_build_case1/HElib-patched/src/recryption.cpp:2449]
  AAA_modDownEnbeddings: 0.462265 / 176 = 0.00262651   [$ARTIFACT/ours/_build_case1/HElib-patched/src/Ctxt.cpp:506]
  AAA_slotToCoeff: 5.20712 / 1 = 5.20712   [$ARTIFACT/ours/_build_case1/HElib-patched/src/recryption.cpp:1954]
  BasicAutomorphPrecon: 3.66595 / 8 = 0.458244   [$ARTIFACT/ours/_build_case1/HElib-patched/src/matmul.cpp:69]
  BluesteinFFT: 52.5794 / 17003 = 0.00309236   [$ARTIFACT/ours/_build_case1/HElib-patched/src/bluestein.cpp:141]
  Decrypt: 0.575369 / 1 = 0.575369   [$ARTIFACT/ours/_build_case1/HElib-patched/src/keys.cpp:1350]
  DoubleCRT: 29.0246 / 389 = 0.0746134   [$ARTIFACT/ours/_build_case1/HElib-patched/src/DoubleCRT.cpp:718]
  FFT: 39.073 / 12027 = 0.00324877   [$ARTIFACT/ours/_build_case1/HElib-patched/src/CModulus.cpp:479]
  FFT: 48.8517 / 623 = 0.0784136   [$ARTIFACT/ours/_build_case1/HElib-patched/src/DoubleCRT.cpp:70]
  FFT: 48.8432 / 12027 = 0.00406113   [$ARTIFACT/ours/_build_case1/HElib-patched/src/CModulus.cpp:448]
  FFT_aux: 39.0649 / 12027 = 0.0032481   [$ARTIFACT/ours/_build_case1/HElib-patched/src/CModulus.cpp:360]
  FFT_remainder: 9.76224 / 12027 = 0.000811693   [$ARTIFACT/ours/_build_case1/HElib-patched/src/CModulus.cpp:455]
  KS_loop: 8.88279 / 371 = 0.0239428   [$ARTIFACT/ours/_build_case1/HElib-patched/src/Ctxt.cpp:219]
  KS_loop_1: 1.48538 / 371 = 0.00400373   [$ARTIFACT/ours/_build_case1/HElib-patched/src/Ctxt.cpp:227]
  KS_loop_2: 1.13489 / 371 = 0.003059   [$ARTIFACT/ours/_build_case1/HElib-patched/src/Ctxt.cpp:231]
  KS_loop_3: 1.5013 / 371 = 0.00404663   [$ARTIFACT/ours/_build_case1/HElib-patched/src/Ctxt.cpp:236]
  KS_loop_4: 0.526235 / 371 = 0.00141842   [$ARTIFACT/ours/_build_case1/HElib-patched/src/Ctxt.cpp:240]
  NORM_VAL: 1.15256 / 233 = 0.00494663   [$ARTIFACT/ours/_build_case1/HElib-patched/src/DoubleCRT.cpp:541]
  addConstant: 0.200089 / 22 = 0.00909495   [$ARTIFACT/ours/_build_case1/HElib-patched/src/Ctxt.cpp:2197]
  addCtxt: 9.57588 / 865 = 0.0110704   [$ARTIFACT/ours/_build_case1/HElib-patched/src/Ctxt.cpp:1458]
  addPart: 2.66362 / 946 = 0.00281567   [$ARTIFACT/ours/_build_case1/HElib-patched/src/Ctxt.cpp:905]
  addPrimes: 32.0765 / 234 = 0.137079   [$ARTIFACT/ours/_build_case1/HElib-patched/src/DoubleCRT.cpp:625]
  addPrimes_5: 33.7196 / 233 = 0.144719   [$ARTIFACT/ours/_build_case1/HElib-patched/src/DoubleCRT.cpp:518]
  automorph: 6.07998 / 69 = 0.0881156   [$ARTIFACT/ours/_build_case1/HElib-patched/src/matmul.cpp:117]
  automorph: 0.159798 / 48 = 0.00332913   [$ARTIFACT/ours/_build_case1/HElib-patched/src/Ctxt.cpp:2489]
  breakIntoDigits: 33.9168 / 90 = 0.376854   [$ARTIFACT/ours/_build_case1/HElib-patched/src/DoubleCRT.cpp:481]
  decode: 13.9241 / 1 = 13.9241   [$ARTIFACT/ours/_build_case1/HElib-patched/src/EncryptedArray.cpp:375]
  do_mul: 5.74056 / 1901 = 0.00301976   [$ARTIFACT/ours/_build_case1/HElib-patched/src/DoubleCRT.cpp:280]
  extractDigitsThin: 70.4977 / 1 = 70.4977   [$ARTIFACT/ours/_build_case1/HElib-patched/src/recryption.cpp:1597]
  iFFT: 25.5854 / 4976 = 0.00514176   [$ARTIFACT/ours/_build_case1/HElib-patched/src/CModulus.cpp:488]
  iFFT_division: 9.41942 / 4976 = 0.00189297   [$ARTIFACT/ours/_build_case1/HElib-patched/src/CModulus.cpp:570]
  keySwitchPart: 36.6 / 83 = 0.440964   [$ARTIFACT/ours/_build_case1/HElib-patched/src/Ctxt.cpp:836]
  modDownToSet: 56.8829 / 226 = 0.251694   [$ARTIFACT/ours/_build_case1/HElib-patched/src/Ctxt.cpp:409]
  mul_MatMul1DExec: 47.3721 / 6 = 7.89534   [$ARTIFACT/ours/_build_case1/HElib-patched/src/matmul.cpp:975]
  multByConstant: 2.30459 / 493 = 0.00467463   [$ARTIFACT/ours/_build_case1/HElib-patched/src/Ctxt.cpp:1884]
  multByConstant: 0.095003 / 1 = 0.095003   [$ARTIFACT/ours/_build_case1/HElib-patched/src/Ctxt.cpp:1910]
  multLowLvl: 29.7712 / 43 = 0.692354   [$ARTIFACT/ours/_build_case1/HElib-patched/src/Ctxt.cpp:1733]
  multiplyBy: 33.3441 / 22 = 1.51564   [$ARTIFACT/ours/_build_case1/HElib-patched/src/Ctxt.cpp:1809]
  privateAssign: 2.42091 / 528 = 0.00458505   [$ARTIFACT/ours/_build_case1/HElib-patched/src/Ctxt.cpp:329]
  randomize: 3.60311 / 371 = 0.00971189   [$ARTIFACT/ours/_build_case1/HElib-patched/src/DoubleCRT.cpp:1318]
  randomize_stream: 2.01778 / 2080109 = 9.70038e-07   [$ARTIFACT/ours/_build_case1/HElib-patched/src/DoubleCRT.cpp:1348]
  reLinearize: 50.9376 / 171 = 0.297881   [$ARTIFACT/ours/_build_case1/HElib-patched/src/Ctxt.cpp:736]
  smartAutomorph: 20.2927 / 48 = 0.422766   [$ARTIFACT/ours/_build_case1/HElib-patched/src/Ctxt.cpp:2514]
  thinReCrypt: 122.952 / 1 = 122.952   [$ARTIFACT/ours/_build_case1/HElib-patched/src/recryption.cpp:1872]
  toPoly: 35.0612 / 622 = 0.0563684   [$ARTIFACT/ours/_build_case1/HElib-patched/src/DoubleCRT.cpp:985]
  toPoly_CRT: 6.09175 / 622 = 0.00979381   [$ARTIFACT/ours/_build_case1/HElib-patched/src/DoubleCRT.cpp:1052]
  toPoly_FFT: 28.577 / 622 = 0.0459437   [$ARTIFACT/ours/_build_case1/HElib-patched/src/DoubleCRT.cpp:1030]
  rusage.ru_maxrss=10487076
||||| stats |||||
KS-noise-ratio ave=6.76807 max=554.608
KS-noise-ratio-hoist ave=573066 max=4.58452e+06
break-into-digits-ratio ave=0.320133 max=0.409405
excess-ctxtPrimes ave=11.4019 max=11.4019
excess-specialPrimes ave=1.60893 max=1.60893
mod-switch-added-noise ave=0.323109 max=0.391955
ptxt_rat_sk ave=0.00257771 max=0.00257771
ptxt_rat_sk ave=0.330745 max=0.330745
raw-mod-switch-noise ave=0.313858 max=0.313858
window1-nchoices ave=3 max=4
window1-out ave=0 max=0
window2-nchoices ave=3.76923 max=8
window2-out ave=0 max=0
||||| stats |||||
KS-noise-ratio ave=6.76807 max=554.608
KS-noise-ratio-hoist ave=573066 max=4.58452e+06
break-into-digits-ratio ave=0.320133 max=0.409405
excess-ctxtPrimes ave=11.4019 max=11.4019
excess-specialPrimes ave=1.60893 max=1.60893
mod-switch-added-noise ave=0.323109 max=0.391955
ptxt_rat_sk ave=0.00257771 max=0.00257771
ptxt_rat_sk ave=0.330745 max=0.330745
raw-mod-switch-noise ave=0.313858 max=0.313858
window1-nchoices ave=3 max=4
window1-out ave=0 max=0
window2-nchoices ave=3.76923 max=8
window2-out ave=0 max=0
WALL=348.71 s MAXRSS=10487076 kB
exit=0 (ORDER6 pass2)
########## SET 16 p=13807 m=43837 d=7 :: ORDER6_COMPOSED :: aux=118 :: pass2 :: h=12 :: 2026-09-15 04:43:47 ##########
chosen idx = 16
encapHwt = 12
t for new bts is -1
new bts ? 1
new ks ? 1
thick bts ?0
repeat times = 1
force bsgs = 0
force hoist = 0
*** GTestFatboot: p=13807, r=1, bits=1320, t=0, c=3, m=43837 mvec=[59 743], gens=[20062 5311], ords=[58 106]
Computing key-independent tables...using HELIB_EXPLICIT_AUX=118

t = -1
bound on I = 16.353148
log2(aux) = 6.882643
log2(beta) = 28.180161
log2(qks) >= 37.759879, final log2(qks) = 37.759882
log2(R) >= 27.776280, final log2(R) = 27.780709
INFO: total bits = 1786.54, security level = 77.1191HELIB_ORDER6: A=118 aux=118 |closure|=1837 (inflation 1.49959) deg(P)=1835 |folded|=306
HELIB_COMPOSED_EVAL: order=6 d=7 |folded support|=306 degQ=305 padded to n'=308
HELIB_COMPOSED_EVAL: norm form c=1019 degC=44 (search 36.8254s)
deg of poly for non-power-of-p aux is 1835
security=77.1191
# small primes = 6
# ctxt primes = 23
# bits in ctxt primes = 1331
# special primes = 8
# bits in special primes = 455
scale=10
 done in 224.359 seconds
  e=0, e'=0, t=12
  m = 43837, p = 13807, phi(m) = 43036
  ord(p) = 7
  normBnd = 1.62075
  polyNormBnd = 4.89365
  factors = [59 743]
  generator 20062 has order (== Z_m^*) of 58
  generator 5311 has order (== Z_m^*) of 106
r = 1
nslots = 6148
hwt = 120
ctxtPrimes = [6,7,8,9,10,11,12,13,14,15,16,17,18,19,20,21,22,23,24,25,26,27,28]
specialPrimes = [33,34,35,36,37,38,39,40]
number of bits = 1787

security level = 77.1191
Generating keys, Keys generated. Now genRecryptData...
computing key-dependent tables...Sparse boot key hwt = 12
genRecryptData done. recryptKeyID=1
lcAksBsgs=0 lcAksDelayed=0
Post-key setup done.
 done in 22.1336 seconds
Encrypt succeeded.
WARNING: KS-noise-ratio = 1.11034 > 1
WARNING: KS-noise-ratio = 595.158 > 1
WARNING: KS-noise-ratio = 1.1041 > 1
WARNING: KS-noise-ratio = 1.14242 > 1
HELIB_COMPOSED_EVAL active: order=6 degC=44 d=7
time for linear1 = 5.261198, linear2 = 45.706454, extract = 39.076658, total = 92.007464
bits for linear1 = 47.493825, linear2 = 51.539488, extract = 504.045267, min cap = 9.579721, after cap = 728.711695, after prod = 1284.296450
cap / time = 7.299822

### summary over 1 test
time for linear1 = 5.261198, linear2 = 45.706454, extract = 39.076658, total = 92.007464
bits for linear1 = 47.493825, linear2 = 51.539488, extract = 504.045267, min cap = 9.579721, after cap = 728.711695, after prod = 1284.296450
cap / time = 7.299822


### bts finished, everything ok ###

  AAA_bootKeySwitch: 24.7842 / 1 = 24.7842   [$ARTIFACT/ours/_build_case1/HElib-patched/src/recryption.cpp:1968]
  AAA_coeffToSlot: 22.5033 / 1 = 22.5033   [$ARTIFACT/ours/_build_case1/HElib-patched/src/recryption.cpp:2396]
  AAA_embeddingLargest: 0.620701 / 269 = 0.00230744   [$ARTIFACT/ours/_build_case1/HElib-patched/src/norms.cpp:250]
  AAA_embeddingLargest_x2: 0.27514 / 120 = 0.00229283   [$ARTIFACT/ours/_build_case1/HElib-patched/src/norms.cpp:423]
  AAA_extractDigitsThin: 39.076 / 1 = 39.076   [$ARTIFACT/ours/_build_case1/HElib-patched/src/recryption.cpp:2449]
  AAA_modDownEnbeddings: 0.304616 / 120 = 0.00253847   [$ARTIFACT/ours/_build_case1/HElib-patched/src/Ctxt.cpp:506]
  AAA_slotToCoeff: 5.26111 / 1 = 5.26111   [$ARTIFACT/ours/_build_case1/HElib-patched/src/recryption.cpp:1954]
  BasicAutomorphPrecon: 3.70958 / 8 = 0.463698   [$ARTIFACT/ours/_build_case1/HElib-patched/src/matmul.cpp:69]
  BluesteinFFT: 42.0746 / 13512 = 0.00311387   [$ARTIFACT/ours/_build_case1/HElib-patched/src/bluestein.cpp:141]
  Decrypt: 0.584045 / 1 = 0.584045   [$ARTIFACT/ours/_build_case1/HElib-patched/src/keys.cpp:1350]
  DoubleCRT: 22.8456 / 305 = 0.0749038   [$ARTIFACT/ours/_build_case1/HElib-patched/src/DoubleCRT.cpp:718]
  FFT: 32.6654 / 9985 = 0.00327145   [$ARTIFACT/ours/_build_case1/HElib-patched/src/CModulus.cpp:479]
  FFT: 40.0335 / 508 = 0.0788061   [$ARTIFACT/ours/_build_case1/HElib-patched/src/DoubleCRT.cpp:70]
  FFT: 40.0276 / 9985 = 0.00400877   [$ARTIFACT/ours/_build_case1/HElib-patched/src/CModulus.cpp:448]
  FFT_aux: 32.6578 / 9985 = 0.00327068   [$ARTIFACT/ours/_build_case1/HElib-patched/src/CModulus.cpp:360]
  FFT_remainder: 7.35592 / 9985 = 0.000736697   [$ARTIFACT/ours/_build_case1/HElib-patched/src/CModulus.cpp:455]
  KS_loop: 8.25082 / 341 = 0.0241959   [$ARTIFACT/ours/_build_case1/HElib-patched/src/Ctxt.cpp:219]
  KS_loop_1: 1.36594 / 341 = 0.0040057   [$ARTIFACT/ours/_build_case1/HElib-patched/src/Ctxt.cpp:227]
  KS_loop_2: 1.13362 / 341 = 0.0033244   [$ARTIFACT/ours/_build_case1/HElib-patched/src/Ctxt.cpp:231]
  KS_loop_3: 1.37357 / 341 = 0.00402805   [$ARTIFACT/ours/_build_case1/HElib-patched/src/Ctxt.cpp:236]
  KS_loop_4: 0.513068 / 341 = 0.0015046   [$ARTIFACT/ours/_build_case1/HElib-patched/src/Ctxt.cpp:240]
  NORM_VAL: 1.00246 / 203 = 0.00493821   [$ARTIFACT/ours/_build_case1/HElib-patched/src/DoubleCRT.cpp:541]
  addCtxt: 2.19477 / 604 = 0.00363373   [$ARTIFACT/ours/_build_case1/HElib-patched/src/Ctxt.cpp:1458]
  addPart: 2.48013 / 851 = 0.00291437   [$ARTIFACT/ours/_build_case1/HElib-patched/src/Ctxt.cpp:905]
  addPrimes: 28.0168 / 204 = 0.137337   [$ARTIFACT/ours/_build_case1/HElib-patched/src/DoubleCRT.cpp:625]
  addPrimes_5: 29.4503 / 203 = 0.145076   [$ARTIFACT/ours/_build_case1/HElib-patched/src/DoubleCRT.cpp:518]
  automorph: 6.13171 / 69 = 0.0888653   [$ARTIFACT/ours/_build_case1/HElib-patched/src/matmul.cpp:117]
  automorph: 0.185209 / 52 = 0.00356171   [$ARTIFACT/ours/_build_case1/HElib-patched/src/Ctxt.cpp:2489]
  breakIntoDigits: 29.6246 / 82 = 0.361276   [$ARTIFACT/ours/_build_case1/HElib-patched/src/DoubleCRT.cpp:481]
  decode: 13.9864 / 1 = 13.9864   [$ARTIFACT/ours/_build_case1/HElib-patched/src/EncryptedArray.cpp:375]
  do_mul: 5.56718 / 1829 = 0.00304384   [$ARTIFACT/ours/_build_case1/HElib-patched/src/DoubleCRT.cpp:280]
  extractDigitsThin: 39.076 / 1 = 39.076   [$ARTIFACT/ours/_build_case1/HElib-patched/src/recryption.cpp:1597]
  frobeniusAutomorph: 3.327 / 4 = 0.83175   [$ARTIFACT/ours/_build_case1/HElib-patched/src/Ctxt.cpp:2578]
  iFFT: 18.2374 / 3527 = 0.0051708   [$ARTIFACT/ours/_build_case1/HElib-patched/src/CModulus.cpp:488]
  iFFT_division: 6.69073 / 3527 = 0.001897   [$ARTIFACT/ours/_build_case1/HElib-patched/src/CModulus.cpp:570]
  keySwitchPart: 31.5089 / 75 = 0.420119   [$ARTIFACT/ours/_build_case1/HElib-patched/src/Ctxt.cpp:836]
  modDownToSet: 36.425 / 175 = 0.208143   [$ARTIFACT/ours/_build_case1/HElib-patched/src/Ctxt.cpp:409]
  mul_MatMul1DExec: 47.8043 / 6 = 7.96739   [$ARTIFACT/ours/_build_case1/HElib-patched/src/matmul.cpp:975]
  multByConstant: 2.60781 / 531 = 0.00491114   [$ARTIFACT/ours/_build_case1/HElib-patched/src/Ctxt.cpp:1884]
  multByConstant: 4.07905 / 39 = 0.104591   [$ARTIFACT/ours/_build_case1/HElib-patched/src/Ctxt.cpp:1910]
  multLowLvl: 14.1234 / 21 = 0.672545   [$ARTIFACT/ours/_build_case1/HElib-patched/src/Ctxt.cpp:1733]
  multiplyBy: 29.1935 / 21 = 1.39017   [$ARTIFACT/ours/_build_case1/HElib-patched/src/Ctxt.cpp:1809]
  privateAssign: 0.757665 / 263 = 0.00288086   [$ARTIFACT/ours/_build_case1/HElib-patched/src/Ctxt.cpp:329]
  randomize: 3.31035 / 341 = 0.00970777   [$ARTIFACT/ours/_build_case1/HElib-patched/src/DoubleCRT.cpp:1318]
  randomize_stream: 1.8652 / 1910316 = 9.76385e-07   [$ARTIFACT/ours/_build_case1/HElib-patched/src/DoubleCRT.cpp:1348]
  reLinearize: 39.1049 / 168 = 0.232767   [$ARTIFACT/ours/_build_case1/HElib-patched/src/Ctxt.cpp:736]
  smartAutomorph: 23.7423 / 52 = 0.456583   [$ARTIFACT/ours/_build_case1/HElib-patched/src/Ctxt.cpp:2514]
  thinReCrypt: 92.0164 / 1 = 92.0164   [$ARTIFACT/ours/_build_case1/HElib-patched/src/recryption.cpp:1872]
  toPoly: 25.1834 / 463 = 0.0543918   [$ARTIFACT/ours/_build_case1/HElib-patched/src/DoubleCRT.cpp:985]
  toPoly_CRT: 4.49275 / 463 = 0.00970356   [$ARTIFACT/ours/_build_case1/HElib-patched/src/DoubleCRT.cpp:1052]
  toPoly_FFT: 20.3671 / 463 = 0.0439893   [$ARTIFACT/ours/_build_case1/HElib-patched/src/DoubleCRT.cpp:1030]
  rusage.ru_maxrss=10188668
||||| stats |||||
KS-noise-ratio ave=8.00191 max=595.158
KS-noise-ratio-hoist ave=506742 max=4.05393e+06
break-into-digits-ratio ave=0.319682 max=0.386758
excess-ctxtPrimes ave=11.4019 max=11.4019
excess-specialPrimes ave=1.60893 max=1.60893
mod-switch-added-noise ave=0.323849 max=0.446362
ptxt_rat_sk ave=0.0025865 max=0.0025865
ptxt_rat_sk ave=0.337151 max=0.337151
raw-mod-switch-noise ave=0.316599 max=0.316599
window1-nchoices ave=2.33333 max=3
window1-out ave=0 max=0
window2-nchoices ave=4.22222 max=6
window2-out ave=0 max=0
||||| stats |||||
KS-noise-ratio ave=8.00191 max=595.158
KS-noise-ratio-hoist ave=506742 max=4.05393e+06
break-into-digits-ratio ave=0.319682 max=0.386758
excess-ctxtPrimes ave=11.4019 max=11.4019
excess-specialPrimes ave=1.60893 max=1.60893
mod-switch-added-noise ave=0.323849 max=0.446362
ptxt_rat_sk ave=0.0025865 max=0.0025865
ptxt_rat_sk ave=0.337151 max=0.337151
raw-mod-switch-noise ave=0.316599 max=0.316599
window1-nchoices ave=2.33333 max=3
window1-out ave=0 max=0
window2-nchoices ave=4.22222 max=6
window2-out ave=0 max=0
WALL=355.29 s MAXRSS=10188668 kB
exit=0 (ORDER6_COMPOSED pass2)
########## SET 16 p=13807 m=43837 d=7 :: NORMONLY :: aux=118 :: pass2 :: h=12 :: 2026-09-15 04:49:42 ##########
chosen idx = 16
encapHwt = 12
t for new bts is -1
new bts ? 1
new ks ? 1
thick bts ?0
repeat times = 1
force bsgs = 0
force hoist = 0
*** GTestFatboot: p=13807, r=1, bits=1320, t=0, c=3, m=43837 mvec=[59 743], gens=[20062 5311], ords=[58 106]
Computing key-independent tables...using HELIB_EXPLICIT_AUX=118

t = -1
bound on I = 16.353148
log2(aux) = 6.882643
log2(beta) = 28.180161
log2(qks) >= 37.759879, final log2(qks) = 37.759882
log2(R) >= 27.776280, final log2(R) = 27.780709
INFO: total bits = 1786.54, security level = 77.1191HELIB_NORMONLY: order=1, norm map on the unfiltered P_A, deg(P)=1223
HELIB_COMPOSED_EVAL: order=1 d=7 |folded support|=1224 degQ=1223 padded to n'=1225
HELIB_COMPOSED_EVAL: no norm form found; staying on P-S
deg of poly for non-power-of-p aux is 1223
security=77.1191
# small primes = 6
# ctxt primes = 23
# bits in ctxt primes = 1331
# special primes = 8
# bits in special primes = 455
scale=10
 done in 3446.96 seconds
  e=0, e'=0, t=12
  m = 43837, p = 13807, phi(m) = 43036
  ord(p) = 7
  normBnd = 1.62075
  polyNormBnd = 4.89365
  factors = [59 743]
  generator 20062 has order (== Z_m^*) of 58
  generator 5311 has order (== Z_m^*) of 106
r = 1
nslots = 6148
hwt = 120
ctxtPrimes = [6,7,8,9,10,11,12,13,14,15,16,17,18,19,20,21,22,23,24,25,26,27,28]
specialPrimes = [33,34,35,36,37,38,39,40]
number of bits = 1787

security level = 77.1191
Generating keys, Keys generated. Now genRecryptData...
computing key-dependent tables...Sparse boot key hwt = 12
genRecryptData done. recryptKeyID=1
lcAksBsgs=0 lcAksDelayed=0
Post-key setup done.
 done in 21.7852 seconds
Encrypt succeeded.
WARNING: KS-noise-ratio = 453.148 > 1
WARNING: KS-noise-ratio = 1.38165 > 1
WARNING: KS-noise-ratio = 1.09939 > 1
WARNING: KS-noise-ratio = 599.007 > 1
WARNING: KS-noise-ratio = 1.29097 > 1
WARNING: KS-noise-ratio = 1.31197 > 1
WARNING: KS-noise-ratio = 1.26552 > 1
WARNING: KS-noise-ratio = 1.26498 > 1
WARNING: KS-noise-ratio = 1.18836 > 1
WARNING: KS-noise-ratio = 1.15494 > 1
HELIB_AUX_ORDER4_EVAL enabled: order=1, deg(P)=1223, terms(P)=612, deg(Q)=1223, terms(Q)=612
time for linear1 = 5.279450, linear2 = 45.248662, extract = 130.091032, total = 182.581973
bits for linear1 = 47.479137, linear2 = 51.419731, extract = 327.565580, min cap = 9.579721, after cap = 905.274270, after prod = 1284.259582
cap / time = 4.645669

### summary over 1 test
time for linear1 = 5.279450, linear2 = 45.248662, extract = 130.091032, total = 182.581973
bits for linear1 = 47.479137, linear2 = 51.419731, extract = 327.565580, min cap = 9.579721, after cap = 905.274270, after prod = 1284.259582
cap / time = 4.645669


### bts finished, everything ok ###

  AAA_bootKeySwitch: 24.902 / 1 = 24.902   [$ARTIFACT/ours/_build_case1/HElib-patched/src/recryption.cpp:1968]
  AAA_coeffToSlot: 21.8857 / 1 = 21.8857   [$ARTIFACT/ours/_build_case1/HElib-patched/src/recryption.cpp:2396]
  AAA_embeddingLargest: 0.863337 / 356 = 0.0024251   [$ARTIFACT/ours/_build_case1/HElib-patched/src/norms.cpp:250]
  AAA_embeddingLargest_x2: 0.599811 / 260 = 0.00230697   [$ARTIFACT/ours/_build_case1/HElib-patched/src/norms.cpp:423]
  AAA_extractDigitsThin: 130.089 / 1 = 130.089   [$ARTIFACT/ours/_build_case1/HElib-patched/src/recryption.cpp:2449]
  AAA_modDownEnbeddings: 0.700509 / 260 = 0.00269427   [$ARTIFACT/ours/_build_case1/HElib-patched/src/Ctxt.cpp:506]
  AAA_slotToCoeff: 5.27939 / 1 = 5.27939   [$ARTIFACT/ours/_build_case1/HElib-patched/src/recryption.cpp:1954]
  BasicAutomorphPrecon: 3.63587 / 8 = 0.454484   [$ARTIFACT/ours/_build_case1/HElib-patched/src/matmul.cpp:69]
  BluesteinFFT: 77.889 / 24875 = 0.00313122   [$ARTIFACT/ours/_build_case1/HElib-patched/src/bluestein.cpp:141]
  Decrypt: 0.621472 / 1 = 0.621472   [$ARTIFACT/ours/_build_case1/HElib-patched/src/keys.cpp:1350]
  DoubleCRT: 45.8379 / 578 = 0.0793044   [$ARTIFACT/ours/_build_case1/HElib-patched/src/DoubleCRT.cpp:718]
  FFT: 57.7766 / 17569 = 0.00328855   [$ARTIFACT/ours/_build_case1/HElib-patched/src/CModulus.cpp:479]
  FFT: 71.9014 / 875 = 0.082173   [$ARTIFACT/ours/_build_case1/HElib-patched/src/DoubleCRT.cpp:70]
  FFT: 71.8925 / 17569 = 0.00409201   [$ARTIFACT/ours/_build_case1/HElib-patched/src/CModulus.cpp:448]
  FFT_aux: 57.7639 / 17569 = 0.00328783   [$ARTIFACT/ours/_build_case1/HElib-patched/src/CModulus.cpp:360]
  FFT_remainder: 14.1047 / 17569 = 0.000802816   [$ARTIFACT/ours/_build_case1/HElib-patched/src/CModulus.cpp:455]
  KS_loop: 10.3532 / 435 = 0.0238006   [$ARTIFACT/ours/_build_case1/HElib-patched/src/Ctxt.cpp:219]
  KS_loop_1: 1.76334 / 435 = 0.00405366   [$ARTIFACT/ours/_build_case1/HElib-patched/src/Ctxt.cpp:227]
  KS_loop_2: 1.17958 / 435 = 0.00271168   [$ARTIFACT/ours/_build_case1/HElib-patched/src/Ctxt.cpp:231]
  KS_loop_3: 1.80697 / 435 = 0.00415397   [$ARTIFACT/ours/_build_case1/HElib-patched/src/Ctxt.cpp:236]
  KS_loop_4: 0.613071 / 435 = 0.00140936   [$ARTIFACT/ours/_build_case1/HElib-patched/src/Ctxt.cpp:240]
  NORM_VAL: 1.53034 / 297 = 0.00515266   [$ARTIFACT/ours/_build_case1/HElib-patched/src/DoubleCRT.cpp:541]
  addCtxt: 19.6247 / 1782 = 0.0110127   [$ARTIFACT/ours/_build_case1/HElib-patched/src/Ctxt.cpp:1458]
  addPart: 3.04079 / 1094 = 0.00277952   [$ARTIFACT/ours/_build_case1/HElib-patched/src/Ctxt.cpp:905]
  addPrimes: 41.769 / 298 = 0.140164   [$ARTIFACT/ours/_build_case1/HElib-patched/src/DoubleCRT.cpp:625]
  addPrimes_5: 43.9016 / 297 = 0.147817   [$ARTIFACT/ours/_build_case1/HElib-patched/src/DoubleCRT.cpp:518]
  automorph: 6.0217 / 69 = 0.087271   [$ARTIFACT/ours/_build_case1/HElib-patched/src/matmul.cpp:117]
  automorph: 0.161627 / 48 = 0.00336723   [$ARTIFACT/ours/_build_case1/HElib-patched/src/Ctxt.cpp:2489]
  breakIntoDigits: 44.1384 / 111 = 0.397643   [$ARTIFACT/ours/_build_case1/HElib-patched/src/DoubleCRT.cpp:481]
  decode: 16.0116 / 1 = 16.0116   [$ARTIFACT/ours/_build_case1/HElib-patched/src/EncryptedArray.cpp:375]
  do_mul: 7.76413 / 2157 = 0.00359951   [$ARTIFACT/ours/_build_case1/HElib-patched/src/DoubleCRT.cpp:280]
  extractDigitsThin: 130.089 / 1 = 130.089   [$ARTIFACT/ours/_build_case1/HElib-patched/src/recryption.cpp:1597]
  iFFT: 38.065 / 7306 = 0.0052101   [$ARTIFACT/ours/_build_case1/HElib-patched/src/CModulus.cpp:488]
  iFFT_division: 14.0387 / 7306 = 0.00192153   [$ARTIFACT/ours/_build_case1/HElib-patched/src/CModulus.cpp:570]
  keySwitchPart: 48.5445 / 104 = 0.466774   [$ARTIFACT/ours/_build_case1/HElib-patched/src/Ctxt.cpp:836]
  modDownToSet: 88.7509 / 310 = 0.286293   [$ARTIFACT/ours/_build_case1/HElib-patched/src/Ctxt.cpp:409]
  mul_MatMul1DExec: 47.4163 / 6 = 7.90271   [$ARTIFACT/ours/_build_case1/HElib-patched/src/matmul.cpp:975]
  multByConstant: 3.35629 / 493 = 0.00680789   [$ARTIFACT/ours/_build_case1/HElib-patched/src/Ctxt.cpp:1884]
  multByConstant: 0.094576 / 1 = 0.094576   [$ARTIFACT/ours/_build_case1/HElib-patched/src/Ctxt.cpp:1910]
  multLowLvl: 54.1244 / 75 = 0.721659   [$ARTIFACT/ours/_build_case1/HElib-patched/src/Ctxt.cpp:1733]
  multiplyBy: 49.1885 / 32 = 1.53714   [$ARTIFACT/ours/_build_case1/HElib-patched/src/Ctxt.cpp:1809]
  privateAssign: 3.97541 / 941 = 0.00422467   [$ARTIFACT/ours/_build_case1/HElib-patched/src/Ctxt.cpp:329]
  randomize: 4.25379 / 435 = 0.00977883   [$ARTIFACT/ours/_build_case1/HElib-patched/src/DoubleCRT.cpp:1318]
  randomize_stream: 2.38939 / 2441590 = 9.78621e-07   [$ARTIFACT/ours/_build_case1/HElib-patched/src/DoubleCRT.cpp:1348]
  reLinearize: 73.2652 / 198 = 0.370026   [$ARTIFACT/ours/_build_case1/HElib-patched/src/Ctxt.cpp:736]
  smartAutomorph: 19.8865 / 48 = 0.414302   [$ARTIFACT/ours/_build_case1/HElib-patched/src/Ctxt.cpp:2514]
  thinReCrypt: 182.591 / 1 = 182.591   [$ARTIFACT/ours/_build_case1/HElib-patched/src/recryption.cpp:1872]
  toPoly: 50.8262 / 875 = 0.0580871   [$ARTIFACT/ours/_build_case1/HElib-patched/src/DoubleCRT.cpp:985]
  toPoly_CRT: 8.70671 / 875 = 0.00995053   [$ARTIFACT/ours/_build_case1/HElib-patched/src/DoubleCRT.cpp:1052]
  toPoly_FFT: 41.5547 / 875 = 0.0474911   [$ARTIFACT/ours/_build_case1/HElib-patched/src/DoubleCRT.cpp:1030]
  rusage.ru_maxrss=10734236
||||| stats |||||
KS-noise-ratio ave=10.2389 max=599.007
KS-noise-ratio-hoist ave=506327 max=4.05061e+06
break-into-digits-ratio ave=0.319041 max=0.415336
excess-ctxtPrimes ave=11.4019 max=11.4019
excess-specialPrimes ave=1.60893 max=1.60893
mod-switch-added-noise ave=0.322487 max=0.386954
ptxt_rat_sk ave=0.00264207 max=0.00264207
ptxt_rat_sk ave=0.327834 max=0.327834
raw-mod-switch-noise ave=0.339886 max=0.339886
window1-nchoices ave=3 max=4
window1-out ave=0 max=0
window2-nchoices ave=3.84286 max=10
window2-out ave=0 max=0
||||| stats |||||
KS-noise-ratio ave=10.2389 max=599.007
KS-noise-ratio-hoist ave=506327 max=4.05061e+06
break-into-digits-ratio ave=0.319041 max=0.415336
excess-ctxtPrimes ave=11.4019 max=11.4019
excess-specialPrimes ave=1.60893 max=1.60893
mod-switch-added-noise ave=0.322487 max=0.386954
ptxt_rat_sk ave=0.00264207 max=0.00264207
ptxt_rat_sk ave=0.327834 max=0.327834
raw-mod-switch-noise ave=0.339886 max=0.339886
window1-nchoices ave=3 max=4
window1-out ave=0 max=0
window2-nchoices ave=3.84286 max=10
window2-out ave=0 max=0
WALL=3670.66 s MAXRSS=10734236 kB
exit=0 (NORMONLY pass2)
SET_DONE 16
