########## SET 18 p=37831 m=37637 d=4 :: BASELINE :: aux=195 :: pass1 :: 2026-09-14 12:56:03 ##########
chosen idx = 18
encapHwt = 12
t for new bts is -1
new bts ? 1
new ks ? 1
thick bts ?0
repeat times = 1
force bsgs = 0
force hoist = 0
*** GTestFatboot: p=37831, r=1, bits=1320, t=0, c=3, m=37637 mvec=[617 61], gens=[32087 22830], ords=[616 15]
Computing key-independent tables...using HELIB_EXPLICIT_AUX=195

t = -1
bound on I = 16.355446
log2(aux) = 7.607330
log2(beta) = 29.514462
log2(qks) >= 39.818924, final log2(qks) = 39.818928
log2(R) >= 28.242345, final log2(R) = 28.243575
INFO: total bits = 1786.22, security level = 68.9196deg of poly for non-power-of-p aux is 1223
security=68.9196
# small primes = 6
# ctxt primes = 23
# bits in ctxt primes = 1331
# special primes = 8
# bits in special primes = 455
scale=10
 done in 500.579 seconds
  e=0, e'=0, t=12
  m = 37637, p = 37831, phi(m) = 36960
  ord(p) = 4
  normBnd = 1.62078
  polyNormBnd = 4.94505
  factors = [61 617]
  generator 32087 has order (== Z_m^*) of 616
  generator 22830 has order (== Z_m^*) of 15
r = 1
nslots = 9240
hwt = 120
ctxtPrimes = [6,7,8,9,10,11,12,13,14,15,16,17,18,19,20,21,22,23,24,25,26,27,28]
specialPrimes = [33,34,35,36,37,38,39,40]
number of bits = 1787

security level = 68.9196
Generating keys, Keys generated. Now genRecryptData...
computing key-dependent tables...Sparse boot key hwt = 12
genRecryptData done. recryptKeyID=1
lcAksBsgs=0 lcAksDelayed=0
Post-key setup done.
 done in 47.2801 seconds
Encrypt succeeded.
WARNING: KS-noise-ratio = 1.04231 > 1
time for linear1 = 11.942583, linear2 = 106.633449, extract = 182.704793, total = 303.929496
bits for linear1 = 54.026353, linear2 = 57.844721, extract = 334.319851, min cap = 10.304466, after cap = 890.050705, after prod = 1282.215277
cap / time = 2.716814

### summary over 1 test
time for linear1 = 11.942583, linear2 = 106.633449, extract = 182.704793, total = 303.929496
bits for linear1 = 54.026353, linear2 = 57.844721, extract = 334.319851, min cap = 10.304466, after cap = 890.050705, after prod = 1282.215277
cap / time = 2.716814


### bts finished, everything ok ###

  AAA_bootKeySwitch: 55.7597 / 1 = 55.7597   [$ARTIFACT/ours/_build_case1/HElib-patched/src/recryption.cpp:1968]
  AAA_coeffToSlot: 52.9671 / 1 = 52.9671   [$ARTIFACT/ours/_build_case1/HElib-patched/src/recryption.cpp:2396]
  AAA_embeddingLargest: 1.33581 / 411 = 0.00325014   [$ARTIFACT/ours/_build_case1/HElib-patched/src/norms.cpp:250]
  AAA_embeddingLargest_x2: 0.889448 / 280 = 0.0031766   [$ARTIFACT/ours/_build_case1/HElib-patched/src/norms.cpp:423]
  AAA_extractDigitsThin: 182.702 / 1 = 182.702   [$ARTIFACT/ours/_build_case1/HElib-patched/src/recryption.cpp:2449]
  AAA_modDownEnbeddings: 1.0358 / 280 = 0.00369929   [$ARTIFACT/ours/_build_case1/HElib-patched/src/Ctxt.cpp:506]
  AAA_slotToCoeff: 11.9424 / 1 = 11.9424   [$ARTIFACT/ours/_build_case1/HElib-patched/src/recryption.cpp:1954]
  BasicAutomorphPrecon: 5.09311 / 8 = 0.636639   [$ARTIFACT/ours/_build_case1/HElib-patched/src/matmul.cpp:69]
  BluesteinFFT: 118.397 / 27591 = 0.00429116   [$ARTIFACT/ours/_build_case1/HElib-patched/src/bluestein.cpp:141]
  Decrypt: 0.765248 / 1 = 0.765248   [$ARTIFACT/ours/_build_case1/HElib-patched/src/keys.cpp:1350]
  DoubleCRT: 68.6893 / 617 = 0.111328   [$ARTIFACT/ours/_build_case1/HElib-patched/src/DoubleCRT.cpp:718]
  FFT: 111.86 / 19399 = 0.00576626   [$ARTIFACT/ours/_build_case1/HElib-patched/src/CModulus.cpp:448]
  FFT: 111.896 / 971 = 0.115238   [$ARTIFACT/ours/_build_case1/HElib-patched/src/DoubleCRT.cpp:70]
  FFT: 87.4078 / 19399 = 0.00450579   [$ARTIFACT/ours/_build_case1/HElib-patched/src/CModulus.cpp:479]
  FFT_aux: 87.3495 / 19399 = 0.00450278   [$ARTIFACT/ours/_build_case1/HElib-patched/src/CModulus.cpp:360]
  FFT_remainder: 24.4145 / 19399 = 0.00125854   [$ARTIFACT/ours/_build_case1/HElib-patched/src/CModulus.cpp:455]
  KS_loop: 20.009 / 620 = 0.0322726   [$ARTIFACT/ours/_build_case1/HElib-patched/src/Ctxt.cpp:219]
  KS_loop_1: 3.41448 / 620 = 0.00550722   [$ARTIFACT/ours/_build_case1/HElib-patched/src/Ctxt.cpp:227]
  KS_loop_2: 2.61905 / 620 = 0.00422427   [$ARTIFACT/ours/_build_case1/HElib-patched/src/Ctxt.cpp:231]
  KS_loop_3: 3.38502 / 620 = 0.0054597   [$ARTIFACT/ours/_build_case1/HElib-patched/src/Ctxt.cpp:236]
  KS_loop_4: 1.13201 / 620 = 0.00182583   [$ARTIFACT/ours/_build_case1/HElib-patched/src/Ctxt.cpp:240]
  NORM_VAL: 2.51501 / 353 = 0.00712467   [$ARTIFACT/ours/_build_case1/HElib-patched/src/DoubleCRT.cpp:541]
  addCtxt: 29.2875 / 3198 = 0.00915807   [$ARTIFACT/ours/_build_case1/HElib-patched/src/Ctxt.cpp:1458]
  addPart: 5.95082 / 1545 = 0.00385167   [$ARTIFACT/ours/_build_case1/HElib-patched/src/Ctxt.cpp:905]
  addPrimes: 70.0219 / 354 = 0.197802   [$ARTIFACT/ours/_build_case1/HElib-patched/src/DoubleCRT.cpp:625]
  addPrimes_5: 73.5523 / 353 = 0.208363   [$ARTIFACT/ours/_build_case1/HElib-patched/src/DoubleCRT.cpp:518]
  automorph: 14.8232 / 126 = 0.117645   [$ARTIFACT/ours/_build_case1/HElib-patched/src/matmul.cpp:117]
  automorph: 0.339195 / 72 = 0.00471104   [$ARTIFACT/ours/_build_case1/HElib-patched/src/Ctxt.cpp:2489]
  breakIntoDigits: 74.0401 / 135 = 0.548445   [$ARTIFACT/ours/_build_case1/HElib-patched/src/DoubleCRT.cpp:481]
  decode: 15.5573 / 1 = 15.5573   [$ARTIFACT/ours/_build_case1/HElib-patched/src/EncryptedArray.cpp:375]
  do_mul: 20.1211 / 5329 = 0.00377578   [$ARTIFACT/ours/_build_case1/HElib-patched/src/DoubleCRT.cpp:280]
  extractDigitsThin: 182.702 / 1 = 182.702   [$ARTIFACT/ours/_build_case1/HElib-patched/src/recryption.cpp:1597]
  iFFT: 61.2797 / 8192 = 0.00748043   [$ARTIFACT/ours/_build_case1/HElib-patched/src/CModulus.cpp:488]
  iFFT_division: 24.2207 / 8192 = 0.00295663   [$ARTIFACT/ours/_build_case1/HElib-patched/src/CModulus.cpp:570]
  keySwitchPart: 81.6624 / 128 = 0.637988   [$ARTIFACT/ours/_build_case1/HElib-patched/src/Ctxt.cpp:836]
  modDownToSet: 135.969 / 355 = 0.383012   [$ARTIFACT/ours/_build_case1/HElib-patched/src/Ctxt.cpp:409]
  mul_MatMul1DExec: 115.255 / 6 = 19.2092   [$ARTIFACT/ours/_build_case1/HElib-patched/src/matmul.cpp:975]
  multByConstant: 0.134797 / 1 = 0.134797   [$ARTIFACT/ours/_build_case1/HElib-patched/src/Ctxt.cpp:1910]
  multByConstant: 12.2056 / 1894 = 0.00644437   [$ARTIFACT/ours/_build_case1/HElib-patched/src/Ctxt.cpp:1884]
  multLowLvl: 77.3675 / 75 = 1.03157   [$ARTIFACT/ours/_build_case1/HElib-patched/src/Ctxt.cpp:1733]
  multiplyBy: 69.7309 / 32 = 2.17909   [$ARTIFACT/ours/_build_case1/HElib-patched/src/Ctxt.cpp:1809]
  privateAssign: 5.49668 / 985 = 0.00558039   [$ARTIFACT/ours/_build_case1/HElib-patched/src/Ctxt.cpp:329]
  randomize: 8.10855 / 620 = 0.0130783   [$ARTIFACT/ours/_build_case1/HElib-patched/src/DoubleCRT.cpp:1318]
  randomize_stream: 4.54826 / 3017730 = 1.50718e-06   [$ARTIFACT/ours/_build_case1/HElib-patched/src/DoubleCRT.cpp:1348]
  reLinearize: 117.759 / 240 = 0.490664   [$ARTIFACT/ours/_build_case1/HElib-patched/src/Ctxt.cpp:736]
  smartAutomorph: 42.2686 / 72 = 0.587063   [$ARTIFACT/ours/_build_case1/HElib-patched/src/Ctxt.cpp:2514]
  thinReCrypt: 303.942 / 1 = 303.942   [$ARTIFACT/ours/_build_case1/HElib-patched/src/recryption.cpp:1872]
  toPoly: 82.1349 / 970 = 0.0846752   [$ARTIFACT/ours/_build_case1/HElib-patched/src/DoubleCRT.cpp:985]
  toPoly_CRT: 13.3518 / 970 = 0.0137648   [$ARTIFACT/ours/_build_case1/HElib-patched/src/DoubleCRT.cpp:1052]
  toPoly_FFT: 67.9952 / 970 = 0.0700982   [$ARTIFACT/ours/_build_case1/HElib-patched/src/DoubleCRT.cpp:1030]
  rusage.ru_maxrss=20394748
||||| stats |||||
KS-noise-ratio ave=0.0188841 max=1.04231
KS-noise-ratio-hoist ave=475962 max=3.8077e+06
break-into-digits-ratio ave=0.319033 max=0.40333
excess-ctxtPrimes ave=11.11 max=11.11
excess-specialPrimes ave=3.23631 max=3.23631
mod-switch-added-noise ave=0.324142 max=0.411117
ptxt_rat_sk ave=0.00459093 max=0.00459093
ptxt_rat_sk ave=0.313335 max=0.313335
raw-mod-switch-noise ave=0.32131 max=0.32131
window1-nchoices ave=3.2 max=5
window1-out ave=0 max=0
window2-nchoices ave=3.8 max=6
window2-out ave=0 max=0
||||| stats |||||
KS-noise-ratio ave=0.0188841 max=1.04231
KS-noise-ratio-hoist ave=475962 max=3.8077e+06
break-into-digits-ratio ave=0.319033 max=0.40333
excess-ctxtPrimes ave=11.11 max=11.11
excess-specialPrimes ave=3.23631 max=3.23631
mod-switch-added-noise ave=0.324142 max=0.411117
ptxt_rat_sk ave=0.00459093 max=0.00459093
ptxt_rat_sk ave=0.313335 max=0.313335
raw-mod-switch-noise ave=0.32131 max=0.32131
window1-nchoices ave=3.2 max=5
window1-out ave=0 max=0
window2-nchoices ave=3.8 max=6
window2-out ave=0 max=0
WALL=875.52 s MAXRSS=20394748 kB
exit=0 (BASELINE pass1)
########## SET 18 p=37831 m=37637 d=4 :: ORDER6 :: aux=195 :: pass1 :: 2026-09-14 13:10:39 ##########
chosen idx = 18
encapHwt = 12
t for new bts is -1
new bts ? 1
new ks ? 1
thick bts ?0
repeat times = 1
force bsgs = 0
force hoist = 0
*** GTestFatboot: p=37831, r=1, bits=1320, t=0, c=3, m=37637 mvec=[617 61], gens=[32087 22830], ords=[616 15]
Computing key-independent tables...using HELIB_EXPLICIT_AUX=195

t = -1
bound on I = 16.355446
log2(aux) = 7.607330
log2(beta) = 29.514462
log2(qks) >= 39.818924, final log2(qks) = 39.818928
log2(R) >= 28.242345, final log2(R) = 28.243575
INFO: total bits = 1786.22, security level = 68.9196HELIB_ORDER6: A=195 aux=195 |closure|=1837 (inflation 1.49959) deg(P)=1835 |folded|=306
deg of poly for non-power-of-p aux is 1835
security=68.9196
# small primes = 6
# ctxt primes = 23
# bits in ctxt primes = 1331
# special primes = 8
# bits in special primes = 455
scale=10
 done in 618.845 seconds
  e=0, e'=0, t=12
  m = 37637, p = 37831, phi(m) = 36960
  ord(p) = 4
  normBnd = 1.62078
  polyNormBnd = 4.94505
  factors = [61 617]
  generator 32087 has order (== Z_m^*) of 616
  generator 22830 has order (== Z_m^*) of 15
r = 1
nslots = 9240
hwt = 120
ctxtPrimes = [6,7,8,9,10,11,12,13,14,15,16,17,18,19,20,21,22,23,24,25,26,27,28]
specialPrimes = [33,34,35,36,37,38,39,40]
number of bits = 1787

security level = 68.9196
Generating keys, Keys generated. Now genRecryptData...
computing key-dependent tables...Sparse boot key hwt = 12
genRecryptData done. recryptKeyID=1
lcAksBsgs=0 lcAksDelayed=0
Post-key setup done.
 done in 38.5628 seconds
Encrypt succeeded.
WARNING: KS-noise-ratio = 1.01715 > 1
HELIB_AUX_ORDER4_EVAL enabled: order=6, deg(P)=1835, terms(P)=307, deg(Q)=305, terms(Q)=306
time for linear1 = 9.671534, linear2 = 86.021869, extract = 78.255298, total = 176.137291
bits for linear1 = 54.026353, linear2 = 57.788701, extract = 392.841832, min cap = 10.304466, after cap = 831.418871, after prod = 1282.049404
cap / time = 4.355058

### summary over 1 test
time for linear1 = 9.671534, linear2 = 86.021869, extract = 78.255298, total = 176.137291
bits for linear1 = 54.026353, linear2 = 57.788701, extract = 392.841832, min cap = 10.304466, after cap = 831.418871, after prod = 1282.049404
cap / time = 4.355058


### bts finished, everything ok ###

  AAA_bootKeySwitch: 45.0187 / 1 = 45.0187   [$ARTIFACT/ours/_build_case1/HElib-patched/src/recryption.cpp:1968]
  AAA_coeffToSlot: 42.7546 / 1 = 42.7546   [$ARTIFACT/ours/_build_case1/HElib-patched/src/recryption.cpp:2396]
  AAA_embeddingLargest: 0.828873 / 323 = 0.00256617   [$ARTIFACT/ours/_build_case1/HElib-patched/src/norms.cpp:250]
  AAA_embeddingLargest_x2: 0.502778 / 193 = 0.00260507   [$ARTIFACT/ours/_build_case1/HElib-patched/src/norms.cpp:423]
  AAA_extractDigitsThin: 78.2542 / 1 = 78.2542   [$ARTIFACT/ours/_build_case1/HElib-patched/src/recryption.cpp:2449]
  AAA_modDownEnbeddings: 0.564239 / 193 = 0.00292352   [$ARTIFACT/ours/_build_case1/HElib-patched/src/Ctxt.cpp:506]
  AAA_slotToCoeff: 9.67141 / 1 = 9.67141   [$ARTIFACT/ours/_build_case1/HElib-patched/src/recryption.cpp:1954]
  BasicAutomorphPrecon: 4.16241 / 8 = 0.520301   [$ARTIFACT/ours/_build_case1/HElib-patched/src/matmul.cpp:69]
  BluesteinFFT: 67.0417 / 19284 = 0.00347655   [$ARTIFACT/ours/_build_case1/HElib-patched/src/bluestein.cpp:141]
  Decrypt: 0.6145 / 1 = 0.6145   [$ARTIFACT/ours/_build_case1/HElib-patched/src/keys.cpp:1350]
  DoubleCRT: 35.346 / 419 = 0.084358   [$ARTIFACT/ours/_build_case1/HElib-patched/src/DoubleCRT.cpp:718]
  FFT: 49.6772 / 13641 = 0.00364176   [$ARTIFACT/ours/_build_case1/HElib-patched/src/CModulus.cpp:479]
  FFT: 63.1612 / 709 = 0.0890849   [$ARTIFACT/ours/_build_case1/HElib-patched/src/DoubleCRT.cpp:70]
  FFT: 63.1436 / 13641 = 0.00462896   [$ARTIFACT/ours/_build_case1/HElib-patched/src/CModulus.cpp:448]
  FFT_aux: 49.6519 / 13641 = 0.00363991   [$ARTIFACT/ours/_build_case1/HElib-patched/src/CModulus.cpp:360]
  FFT_remainder: 13.4512 / 13641 = 0.000986084   [$ARTIFACT/ours/_build_case1/HElib-patched/src/CModulus.cpp:455]
  KS_loop: 14.3791 / 556 = 0.0258618   [$ARTIFACT/ours/_build_case1/HElib-patched/src/Ctxt.cpp:219]
  KS_loop_1: 2.41517 / 556 = 0.00434384   [$ARTIFACT/ours/_build_case1/HElib-patched/src/Ctxt.cpp:227]
  KS_loop_2: 1.96231 / 556 = 0.00352934   [$ARTIFACT/ours/_build_case1/HElib-patched/src/Ctxt.cpp:231]
  KS_loop_3: 2.40504 / 556 = 0.0043256   [$ARTIFACT/ours/_build_case1/HElib-patched/src/Ctxt.cpp:236]
  KS_loop_4: 0.798483 / 556 = 0.00143612   [$ARTIFACT/ours/_build_case1/HElib-patched/src/Ctxt.cpp:240]
  NORM_VAL: 1.58503 / 289 = 0.00548453   [$ARTIFACT/ours/_build_case1/HElib-patched/src/DoubleCRT.cpp:541]
  addConstant: 0.220092 / 22 = 0.0100042   [$ARTIFACT/ours/_build_case1/HElib-patched/src/Ctxt.cpp:2197]
  addCtxt: 12.7966 / 2281 = 0.0056101   [$ARTIFACT/ours/_build_case1/HElib-patched/src/Ctxt.cpp:1458]
  addPart: 4.20769 / 1397 = 0.00301195   [$ARTIFACT/ours/_build_case1/HElib-patched/src/Ctxt.cpp:905]
  addPrimes: 45.2026 / 290 = 0.155871   [$ARTIFACT/ours/_build_case1/HElib-patched/src/DoubleCRT.cpp:625]
  addPrimes_5: 47.418 / 289 = 0.164076   [$ARTIFACT/ours/_build_case1/HElib-patched/src/DoubleCRT.cpp:518]
  automorph: 11.8408 / 126 = 0.0939749   [$ARTIFACT/ours/_build_case1/HElib-patched/src/matmul.cpp:117]
  automorph: 0.245023 / 72 = 0.0034031   [$ARTIFACT/ours/_build_case1/HElib-patched/src/Ctxt.cpp:2489]
  breakIntoDigits: 47.7176 / 114 = 0.418575   [$ARTIFACT/ours/_build_case1/HElib-patched/src/DoubleCRT.cpp:481]
  decode: 12.7381 / 1 = 12.7381   [$ARTIFACT/ours/_build_case1/HElib-patched/src/EncryptedArray.cpp:375]
  do_mul: 15.2093 / 5073 = 0.0029981   [$ARTIFACT/ours/_build_case1/HElib-patched/src/DoubleCRT.cpp:280]
  extractDigitsThin: 78.2542 / 1 = 78.2542   [$ARTIFACT/ours/_build_case1/HElib-patched/src/recryption.cpp:1597]
  iFFT: 34.4756 / 5643 = 0.00610944   [$ARTIFACT/ours/_build_case1/HElib-patched/src/CModulus.cpp:488]
  iFFT_division: 13.7194 / 5643 = 0.00243122   [$ARTIFACT/ours/_build_case1/HElib-patched/src/CModulus.cpp:570]
  keySwitchPart: 51.9411 / 107 = 0.485431   [$ARTIFACT/ours/_build_case1/HElib-patched/src/Ctxt.cpp:836]
  modDownToSet: 70.4689 / 271 = 0.260033   [$ARTIFACT/ours/_build_case1/HElib-patched/src/Ctxt.cpp:409]
  mul_MatMul1DExec: 92.9765 / 6 = 15.4961   [$ARTIFACT/ours/_build_case1/HElib-patched/src/matmul.cpp:975]
  multByConstant: 9.88503 / 1894 = 0.00521913   [$ARTIFACT/ours/_build_case1/HElib-patched/src/Ctxt.cpp:1884]
  multByConstant: 0.110779 / 1 = 0.110779   [$ARTIFACT/ours/_build_case1/HElib-patched/src/Ctxt.cpp:1910]
  multLowLvl: 34.0367 / 43 = 0.79155   [$ARTIFACT/ours/_build_case1/HElib-patched/src/Ctxt.cpp:1733]
  multiplyBy: 35.61 / 22 = 1.61864   [$ARTIFACT/ours/_build_case1/HElib-patched/src/Ctxt.cpp:1809]
  privateAssign: 2.6138 / 573 = 0.0045616   [$ARTIFACT/ours/_build_case1/HElib-patched/src/Ctxt.cpp:329]
  randomize: 5.8795 / 556 = 0.0105746   [$ARTIFACT/ours/_build_case1/HElib-patched/src/DoubleCRT.cpp:1318]
  randomize_stream: 3.29818 / 2704805 = 1.21938e-06   [$ARTIFACT/ours/_build_case1/HElib-patched/src/DoubleCRT.cpp:1348]
  reLinearize: 67.4477 / 213 = 0.316656   [$ARTIFACT/ours/_build_case1/HElib-patched/src/Ctxt.cpp:736]
  smartAutomorph: 34.0331 / 72 = 0.472682   [$ARTIFACT/ours/_build_case1/HElib-patched/src/Ctxt.cpp:2514]
  thinReCrypt: 176.146 / 1 = 176.146   [$ARTIFACT/ours/_build_case1/HElib-patched/src/recryption.cpp:1872]
  toPoly: 46.2911 / 708 = 0.0653829   [$ARTIFACT/ours/_build_case1/HElib-patched/src/DoubleCRT.cpp:985]
  toPoly_CRT: 7.55622 / 708 = 0.0106726   [$ARTIFACT/ours/_build_case1/HElib-patched/src/DoubleCRT.cpp:1052]
  toPoly_FFT: 38.2812 / 708 = 0.0540695   [$ARTIFACT/ours/_build_case1/HElib-patched/src/DoubleCRT.cpp:1030]
  rusage.ru_maxrss=20208932
||||| stats |||||
KS-noise-ratio ave=0.0158214 max=1.01715
KS-noise-ratio-hoist ave=485349 max=3.88279e+06
break-into-digits-ratio ave=0.321096 max=0.413061
excess-ctxtPrimes ave=11.11 max=11.11
excess-specialPrimes ave=3.23631 max=3.23631
mod-switch-added-noise ave=0.323052 max=0.373357
ptxt_rat_sk ave=0.00456365 max=0.00456365
ptxt_rat_sk ave=0.312788 max=0.312788
raw-mod-switch-noise ave=0.328784 max=0.328784
window1-nchoices ave=3.75 max=5
window1-out ave=0 max=0
window2-nchoices ave=4.12821 max=6
window2-out ave=0 max=0
||||| stats |||||
KS-noise-ratio ave=0.0158214 max=1.01715
KS-noise-ratio-hoist ave=485349 max=3.88279e+06
break-into-digits-ratio ave=0.321096 max=0.413061
excess-ctxtPrimes ave=11.11 max=11.11
excess-specialPrimes ave=3.23631 max=3.23631
mod-switch-added-noise ave=0.323052 max=0.373357
ptxt_rat_sk ave=0.00456365 max=0.00456365
ptxt_rat_sk ave=0.312788 max=0.312788
raw-mod-switch-noise ave=0.328784 max=0.328784
window1-nchoices ave=3.75 max=5
window1-out ave=0 max=0
window2-nchoices ave=4.12821 max=6
window2-out ave=0 max=0
WALL=853.03 s MAXRSS=20208932 kB
exit=0 (ORDER6 pass1)
########## SET 18 p=37831 m=37637 d=4 :: ORDER6_COMPOSED :: aux=195 :: pass1 :: 2026-09-14 13:24:52 ##########
chosen idx = 18
encapHwt = 12
t for new bts is -1
new bts ? 1
new ks ? 1
thick bts ?0
repeat times = 1
force bsgs = 0
force hoist = 0
*** GTestFatboot: p=37831, r=1, bits=1320, t=0, c=3, m=37637 mvec=[617 61], gens=[32087 22830], ords=[616 15]
Computing key-independent tables...using HELIB_EXPLICIT_AUX=195

t = -1
bound on I = 16.355446
log2(aux) = 7.607330
log2(beta) = 29.514462
log2(qks) >= 39.818924, final log2(qks) = 39.818928
log2(R) >= 28.242345, final log2(R) = 28.243575
INFO: total bits = 1786.22, security level = 68.9196HELIB_ORDER6: A=195 aux=195 |closure|=1837 (inflation 1.49959) deg(P)=1835 |folded|=306
HELIB_COMPOSED_EVAL: order=6 d=4 |folded support|=306 degQ=305 padded to n'=308
HELIB_COMPOSED_EVAL: norm form c=535 degC=77 (search 32.4461s)
deg of poly for non-power-of-p aux is 1835
security=68.9196
# small primes = 6
# ctxt primes = 23
# bits in ctxt primes = 1331
# special primes = 8
# bits in special primes = 455
scale=10
 done in 512.401 seconds
  e=0, e'=0, t=12
  m = 37637, p = 37831, phi(m) = 36960
  ord(p) = 4
  normBnd = 1.62078
  polyNormBnd = 4.94505
  factors = [61 617]
  generator 32087 has order (== Z_m^*) of 616
  generator 22830 has order (== Z_m^*) of 15
r = 1
nslots = 9240
hwt = 120
ctxtPrimes = [6,7,8,9,10,11,12,13,14,15,16,17,18,19,20,21,22,23,24,25,26,27,28]
specialPrimes = [33,34,35,36,37,38,39,40]
number of bits = 1787

security level = 68.9196
Generating keys, Keys generated. Now genRecryptData...
computing key-dependent tables...Sparse boot key hwt = 12
genRecryptData done. recryptKeyID=1
lcAksBsgs=0 lcAksDelayed=0
Post-key setup done.
 done in 38.4935 seconds
Encrypt succeeded.
WARNING: KS-noise-ratio = 1.00892 > 1
HELIB_COMPOSED_EVAL active: order=6 degC=77 d=4
time for linear1 = 9.697947, linear2 = 86.338481, extract = 49.068821, total = 147.316875
bits for linear1 = 54.026353, linear2 = 57.920236, extract = 534.769497, min cap = 10.304466, after cap = 689.570426, after prod = 1282.260158
cap / time = 4.244182

### summary over 1 test
time for linear1 = 9.697947, linear2 = 86.338481, extract = 49.068821, total = 147.316875
bits for linear1 = 54.026353, linear2 = 57.920236, extract = 534.769497, min cap = 10.304466, after cap = 689.570426, after prod = 1282.260158
cap / time = 4.244182


### bts finished, everything ok ###

  AAA_bootKeySwitch: 45.1294 / 1 = 45.1294   [$ARTIFACT/ours/_build_case1/HElib-patched/src/recryption.cpp:1968]
  AAA_coeffToSlot: 42.9913 / 1 = 42.9913   [$ARTIFACT/ours/_build_case1/HElib-patched/src/recryption.cpp:2396]
  AAA_embeddingLargest: 0.881629 / 359 = 0.00245579   [$ARTIFACT/ours/_build_case1/HElib-patched/src/norms.cpp:250]
  AAA_embeddingLargest_x2: 0.377041 / 144 = 0.00261834   [$ARTIFACT/ours/_build_case1/HElib-patched/src/norms.cpp:423]
  AAA_extractDigitsThin: 49.0682 / 1 = 49.0682   [$ARTIFACT/ours/_build_case1/HElib-patched/src/recryption.cpp:2449]
  AAA_modDownEnbeddings: 0.41536 / 144 = 0.00288444   [$ARTIFACT/ours/_build_case1/HElib-patched/src/Ctxt.cpp:506]
  AAA_slotToCoeff: 9.69784 / 1 = 9.69784   [$ARTIFACT/ours/_build_case1/HElib-patched/src/recryption.cpp:1954]
  BasicAutomorphPrecon: 4.20946 / 8 = 0.526182   [$ARTIFACT/ours/_build_case1/HElib-patched/src/matmul.cpp:69]
  BluesteinFFT: 59.1719 / 17025 = 0.00347559   [$ARTIFACT/ours/_build_case1/HElib-patched/src/bluestein.cpp:141]
  Decrypt: 0.703083 / 1 = 0.703083   [$ARTIFACT/ours/_build_case1/HElib-patched/src/keys.cpp:1350]
  DoubleCRT: 32.4412 / 388 = 0.0836113   [$ARTIFACT/ours/_build_case1/HElib-patched/src/DoubleCRT.cpp:718]
  FFT: 46.3924 / 12741 = 0.00364119   [$ARTIFACT/ours/_build_case1/HElib-patched/src/CModulus.cpp:479]
  FFT: 56.9599 / 646 = 0.0881732   [$ARTIFACT/ours/_build_case1/HElib-patched/src/DoubleCRT.cpp:70]
  FFT: 56.94 / 12741 = 0.00446904   [$ARTIFACT/ours/_build_case1/HElib-patched/src/CModulus.cpp:448]
  FFT_aux: 46.3662 / 12741 = 0.00363913   [$ARTIFACT/ours/_build_case1/HElib-patched/src/CModulus.cpp:360]
  FFT_remainder: 10.5317 / 12741 = 0.0008266   [$ARTIFACT/ours/_build_case1/HElib-patched/src/CModulus.cpp:455]
  KS_loop: 13.5884 / 525 = 0.0258826   [$ARTIFACT/ours/_build_case1/HElib-patched/src/Ctxt.cpp:219]
  KS_loop_1: 2.25631 / 525 = 0.00429773   [$ARTIFACT/ours/_build_case1/HElib-patched/src/Ctxt.cpp:227]
  KS_loop_2: 1.98889 / 525 = 0.00378836   [$ARTIFACT/ours/_build_case1/HElib-patched/src/Ctxt.cpp:231]
  KS_loop_3: 2.27996 / 525 = 0.00434278   [$ARTIFACT/ours/_build_case1/HElib-patched/src/Ctxt.cpp:236]
  KS_loop_4: 0.73172 / 525 = 0.00139375   [$ARTIFACT/ours/_build_case1/HElib-patched/src/Ctxt.cpp:240]
  NORM_VAL: 1.37226 / 258 = 0.00531885   [$ARTIFACT/ours/_build_case1/HElib-patched/src/DoubleCRT.cpp:541]
  addCtxt: 5.50065 / 2053 = 0.00267932   [$ARTIFACT/ours/_build_case1/HElib-patched/src/Ctxt.cpp:1458]
  addPart: 4.02208 / 1304 = 0.00308442   [$ARTIFACT/ours/_build_case1/HElib-patched/src/Ctxt.cpp:905]
  addPrimes: 40.2608 / 259 = 0.155447   [$ARTIFACT/ours/_build_case1/HElib-patched/src/DoubleCRT.cpp:625]
  addPrimes_5: 42.1934 / 258 = 0.16354   [$ARTIFACT/ours/_build_case1/HElib-patched/src/DoubleCRT.cpp:518]
  automorph: 11.8773 / 126 = 0.094264   [$ARTIFACT/ours/_build_case1/HElib-patched/src/matmul.cpp:117]
  automorph: 0.263849 / 74 = 0.00356553   [$ARTIFACT/ours/_build_case1/HElib-patched/src/Ctxt.cpp:2489]
  breakIntoDigits: 42.4534 / 106 = 0.400504   [$ARTIFACT/ours/_build_case1/HElib-patched/src/DoubleCRT.cpp:481]
  decode: 12.5404 / 1 = 12.5404   [$ARTIFACT/ours/_build_case1/HElib-patched/src/EncryptedArray.cpp:375]
  do_mul: 15.2968 / 5069 = 0.00301772   [$ARTIFACT/ours/_build_case1/HElib-patched/src/DoubleCRT.cpp:280]
  extractDigitsThin: 49.0682 / 1 = 49.0682   [$ARTIFACT/ours/_build_case1/HElib-patched/src/recryption.cpp:1597]
  frobeniusAutomorph: 1.64956 / 2 = 0.824781   [$ARTIFACT/ours/_build_case1/HElib-patched/src/Ctxt.cpp:2578]
  iFFT: 26.1614 / 4284 = 0.00610677   [$ARTIFACT/ours/_build_case1/HElib-patched/src/CModulus.cpp:488]
  iFFT_division: 10.35 / 4284 = 0.00241597   [$ARTIFACT/ours/_build_case1/HElib-patched/src/CModulus.cpp:570]
  keySwitchPart: 45.6948 / 99 = 0.461564   [$ARTIFACT/ours/_build_case1/HElib-patched/src/Ctxt.cpp:836]
  modDownToSet: 48.6836 / 223 = 0.218312   [$ARTIFACT/ours/_build_case1/HElib-patched/src/Ctxt.cpp:409]
  mul_MatMul1DExec: 93.276 / 6 = 15.546   [$ARTIFACT/ours/_build_case1/HElib-patched/src/matmul.cpp:975]
  multByConstant: 10.5047 / 1963 = 0.00535134   [$ARTIFACT/ours/_build_case1/HElib-patched/src/Ctxt.cpp:1884]
  multByConstant: 8.09677 / 70 = 0.115668   [$ARTIFACT/ours/_build_case1/HElib-patched/src/Ctxt.cpp:1910]
  multLowLvl: 17.3259 / 23 = 0.753301   [$ARTIFACT/ours/_build_case1/HElib-patched/src/Ctxt.cpp:1733]
  multiplyBy: 35.611 / 23 = 1.5483   [$ARTIFACT/ours/_build_case1/HElib-patched/src/Ctxt.cpp:1809]
  privateAssign: 1.06291 / 376 = 0.00282688   [$ARTIFACT/ours/_build_case1/HElib-patched/src/Ctxt.cpp:329]
  randomize: 5.52728 / 525 = 0.0105281   [$ARTIFACT/ours/_build_case1/HElib-patched/src/DoubleCRT.cpp:1318]
  randomize_stream: 3.10604 / 2553192 = 1.21653e-06   [$ARTIFACT/ours/_build_case1/HElib-patched/src/DoubleCRT.cpp:1348]
  reLinearize: 54.3865 / 212 = 0.25654   [$ARTIFACT/ours/_build_case1/HElib-patched/src/Ctxt.cpp:736]
  smartAutomorph: 35.8368 / 74 = 0.484281   [$ARTIFACT/ours/_build_case1/HElib-patched/src/Ctxt.cpp:2514]
  thinReCrypt: 147.326 / 1 = 147.326   [$ARTIFACT/ours/_build_case1/HElib-patched/src/recryption.cpp:1872]
  toPoly: 35.2924 / 568 = 0.0621345   [$ARTIFACT/ours/_build_case1/HElib-patched/src/DoubleCRT.cpp:985]
  toPoly_CRT: 5.88124 / 568 = 0.0103543   [$ARTIFACT/ours/_build_case1/HElib-patched/src/DoubleCRT.cpp:1052]
  toPoly_FFT: 29.0407 / 568 = 0.0511279   [$ARTIFACT/ours/_build_case1/HElib-patched/src/DoubleCRT.cpp:1030]
  rusage.ru_maxrss=20092704
||||| stats |||||
KS-noise-ratio ave=0.0160627 max=1.00892
KS-noise-ratio-hoist ave=493879 max=3.95103e+06
break-into-digits-ratio ave=0.319443 max=0.401783
excess-ctxtPrimes ave=11.11 max=11.11
excess-specialPrimes ave=3.23631 max=3.23631
mod-switch-added-noise ave=0.320293 max=0.381925
ptxt_rat_sk ave=0.00409745 max=0.00409745
ptxt_rat_sk ave=0.335187 max=0.335187
raw-mod-switch-noise ave=0.334118 max=0.334118
window1-nchoices ave=4 max=6
window1-out ave=0 max=0
window2-nchoices ave=4.63158 max=9
window2-out ave=0 max=0
||||| stats |||||
KS-noise-ratio ave=0.0160627 max=1.00892
KS-noise-ratio-hoist ave=493879 max=3.95103e+06
break-into-digits-ratio ave=0.319443 max=0.401783
excess-ctxtPrimes ave=11.11 max=11.11
excess-specialPrimes ave=3.23631 max=3.23631
mod-switch-added-noise ave=0.320293 max=0.381925
ptxt_rat_sk ave=0.00409745 max=0.00409745
ptxt_rat_sk ave=0.335187 max=0.335187
raw-mod-switch-noise ave=0.334118 max=0.334118
window1-nchoices ave=4 max=6
window1-out ave=0 max=0
window2-nchoices ave=4.63158 max=9
window2-out ave=0 max=0
WALL=717.67 s MAXRSS=20092704 kB
exit=0 (ORDER6_COMPOSED pass1)
SET_DONE 18
########## SET 18 p=37831 m=37637 d=4 :: NORMONLY :: aux=195 :: pass1 :: h=12 :: 2026-09-15 06:52:13 ##########
chosen idx = 18
encapHwt = 12
t for new bts is -1
new bts ? 1
new ks ? 1
thick bts ?0
repeat times = 1
force bsgs = 0
force hoist = 0
*** GTestFatboot: p=37831, r=1, bits=1320, t=0, c=3, m=37637 mvec=[617 61], gens=[32087 22830], ords=[616 15]
Computing key-independent tables...Command exited with non-zero status 124
WALL=5401.08 s MAXRSS=17638880 kB
exit=124 (NORMONLY pass1)
SET_DONE 18
