########## SET 15 p=4423 m=50633 d=3 :: BASELINE :: aux=67 :: pass1 :: 2026-09-14 22:09:41 ##########
chosen idx = 15
encapHwt = 12
t for new bts is -1
new bts ? 1
new ks ? 1
thick bts ?0
repeat times = 1
force bsgs = 0
force hoist = 0
*** GTestFatboot: p=4423, r=1, bits=1320, t=0, c=3, m=50633 mvec=[11 4603], gens=[41428 13817], ords=[10 1534]
Computing key-independent tables...using HELIB_EXPLICIT_AUX=67

t = -1
bound on I = 15.753744
log2(aux) = 6.066089
log2(beta) = 26.590611
log2(qks) >= 35.344238, final log2(qks) = 35.344308
log2(R) >= 27.179141, final log2(R) = 27.190033
INFO: total bits = 1794.83, security level = 80.8639deg of poly for non-power-of-p aux is 1087
security=80.8639
# small primes = 6
# ctxt primes = 23
# bits in ctxt primes = 1331
# special primes = 8
# bits in special primes = 463
scale=10
 done in 773.332 seconds
  e=0, e'=0, t=12
  m = 50633, p = 4423, phi(m) = 46020
  ord(p) = 3
  normBnd = 1.6101
  polyNormBnd = 3.13422
  factors = [11 4603]
  generator 41428 has order (== Z_m^*) of 10
  generator 13817 has order (== Z_m^*) of 1534
r = 1
nslots = 15340
hwt = 120
ctxtPrimes = [6,7,8,9,10,11,12,13,14,15,16,17,18,19,20,21,22,23,24,25,26,27,28]
specialPrimes = [33,34,35,36,37,38,39,40]
number of bits = 1795

security level = 80.8639
Generating keys, Keys generated. Now genRecryptData...
computing key-dependent tables...Sparse boot key hwt = 12
genRecryptData done. recryptKeyID=1
lcAksBsgs=0 lcAksDelayed=0
Post-key setup done.
 done in 52.9245 seconds
Encrypt succeeded.
WARNING: KS-noise-ratio = 1.01844 > 1
time for linear1 = 16.316000, linear2 = 157.163230, extract = 139.236842, total = 314.927552
bits for linear1 = 45.536309, linear2 = 46.108390, extract = 299.274517, min cap = 8.753697, after cap = 941.152924, after prod = 1286.535830
cap / time = 2.816086

### summary over 1 test
time for linear1 = 16.316000, linear2 = 157.163230, extract = 139.236842, total = 314.927552
bits for linear1 = 45.536309, linear2 = 46.108390, extract = 299.274517, min cap = 8.753697, after cap = 941.152924, after prod = 1286.535830
cap / time = 2.816086


### bts finished, everything ok ###

  AAA_bootKeySwitch: 84.3842 / 1 = 84.3842   [$ARTIFACT/ours/_build_case1/HElib-patched/src/recryption.cpp:1968]
  AAA_coeffToSlot: 74.4942 / 1 = 74.4942   [$ARTIFACT/ours/_build_case1/HElib-patched/src/recryption.cpp:2396]
  AAA_embeddingLargest: 1.34745 / 505 = 0.00266822   [$ARTIFACT/ours/_build_case1/HElib-patched/src/norms.cpp:250]
  AAA_embeddingLargest_x2: 0.871527 / 312 = 0.00279336   [$ARTIFACT/ours/_build_case1/HElib-patched/src/norms.cpp:423]
  AAA_extractDigitsThin: 139.235 / 1 = 139.235   [$ARTIFACT/ours/_build_case1/HElib-patched/src/recryption.cpp:2449]
  AAA_modDownEnbeddings: 0.983449 / 312 = 0.00315208   [$ARTIFACT/ours/_build_case1/HElib-patched/src/Ctxt.cpp:506]
  AAA_slotToCoeff: 16.3158 / 1 = 16.3158   [$ARTIFACT/ours/_build_case1/HElib-patched/src/recryption.cpp:1954]
  BasicAutomorphPrecon: 4.1688 / 8 = 0.5211   [$ARTIFACT/ours/_build_case1/HElib-patched/src/matmul.cpp:69]
  BluesteinFFT: 114.576 / 31393 = 0.00364974   [$ARTIFACT/ours/_build_case1/HElib-patched/src/bluestein.cpp:141]
  Decrypt: 0.598374 / 1 = 0.598374   [$ARTIFACT/ours/_build_case1/HElib-patched/src/keys.cpp:1350]
  DoubleCRT: 60.6741 / 680 = 0.0892267   [$ARTIFACT/ours/_build_case1/HElib-patched/src/DoubleCRT.cpp:718]
  FFT: 85.3241 / 22475 = 0.0037964   [$ARTIFACT/ours/_build_case1/HElib-patched/src/CModulus.cpp:479]
  FFT: 105.137 / 1129 = 0.0931236   [$ARTIFACT/ours/_build_case1/HElib-patched/src/DoubleCRT.cpp:70]
  FFT: 105.124 / 22475 = 0.00467736   [$ARTIFACT/ours/_build_case1/HElib-patched/src/CModulus.cpp:448]
  FFT_aux: 85.307 / 22475 = 0.00379564   [$ARTIFACT/ours/_build_case1/HElib-patched/src/CModulus.cpp:360]
  FFT_remainder: 19.7854 / 22475 = 0.000880327   [$ARTIFACT/ours/_build_case1/HElib-patched/src/CModulus.cpp:455]
  KS_loop: 20.3876 / 779 = 0.0261716   [$ARTIFACT/ours/_build_case1/HElib-patched/src/Ctxt.cpp:219]
  KS_loop_1: 3.38837 / 779 = 0.00434964   [$ARTIFACT/ours/_build_case1/HElib-patched/src/Ctxt.cpp:227]
  KS_loop_2: 2.83188 / 779 = 0.00363528   [$ARTIFACT/ours/_build_case1/HElib-patched/src/Ctxt.cpp:231]
  KS_loop_3: 3.46078 / 779 = 0.00444259   [$ARTIFACT/ours/_build_case1/HElib-patched/src/Ctxt.cpp:236]
  KS_loop_4: 1.24225 / 779 = 0.00159468   [$ARTIFACT/ours/_build_case1/HElib-patched/src/Ctxt.cpp:240]
  NORM_VAL: 2.51476 / 448 = 0.00561331   [$ARTIFACT/ours/_build_case1/HElib-patched/src/DoubleCRT.cpp:541]
  addCtxt: 25.9507 / 5841 = 0.00444286   [$ARTIFACT/ours/_build_case1/HElib-patched/src/Ctxt.cpp:1458]
  addPart: 6.21969 / 1931 = 0.00322097   [$ARTIFACT/ours/_build_case1/HElib-patched/src/Ctxt.cpp:905]
  addPrimes: 71.9311 / 449 = 0.160203   [$ARTIFACT/ours/_build_case1/HElib-patched/src/DoubleCRT.cpp:625]
  addPrimes_5: 75.5184 / 448 = 0.168568   [$ARTIFACT/ours/_build_case1/HElib-patched/src/DoubleCRT.cpp:518]
  automorph: 14.8845 / 154 = 0.0966523   [$ARTIFACT/ours/_build_case1/HElib-patched/src/matmul.cpp:117]
  automorph: 0.429396 / 114 = 0.00376663   [$ARTIFACT/ours/_build_case1/HElib-patched/src/Ctxt.cpp:2489]
  breakIntoDigits: 75.9457 / 176 = 0.43151   [$ARTIFACT/ours/_build_case1/HElib-patched/src/DoubleCRT.cpp:481]
  decode: 17.6786 / 1 = 17.6786   [$ARTIFACT/ours/_build_case1/HElib-patched/src/EncryptedArray.cpp:375]
  do_mul: 40.9834 / 11101 = 0.00369187   [$ARTIFACT/ours/_build_case1/HElib-patched/src/DoubleCRT.cpp:280]
  extractDigitsThin: 139.235 / 1 = 139.235   [$ARTIFACT/ours/_build_case1/HElib-patched/src/recryption.cpp:1597]
  iFFT: 54.972 / 8918 = 0.00616417   [$ARTIFACT/ours/_build_case1/HElib-patched/src/CModulus.cpp:488]
  iFFT_division: 20.5763 / 8918 = 0.00230727   [$ARTIFACT/ours/_build_case1/HElib-patched/src/CModulus.cpp:570]
  keySwitchPart: 84.8075 / 169 = 0.50182   [$ARTIFACT/ours/_build_case1/HElib-patched/src/Ctxt.cpp:836]
  modDownToSet: 116.944 / 429 = 0.272597   [$ARTIFACT/ours/_build_case1/HElib-patched/src/Ctxt.cpp:409]
  mul_MatMul1DExec: 171.048 / 6 = 28.5079   [$ARTIFACT/ours/_build_case1/HElib-patched/src/matmul.cpp:975]
  multByConstant: 33.312 / 4633 = 0.00719016   [$ARTIFACT/ours/_build_case1/HElib-patched/src/Ctxt.cpp:1884]
  multByConstant: 0.107618 / 1 = 0.107618   [$ARTIFACT/ours/_build_case1/HElib-patched/src/Ctxt.cpp:1910]
  multLowLvl: 57.6407 / 69 = 0.835373   [$ARTIFACT/ours/_build_case1/HElib-patched/src/Ctxt.cpp:1733]
  multiplyBy: 64.0854 / 36 = 1.78015   [$ARTIFACT/ours/_build_case1/HElib-patched/src/Ctxt.cpp:1809]
  privateAssign: 4.80626 / 988 = 0.00486464   [$ARTIFACT/ours/_build_case1/HElib-patched/src/Ctxt.cpp:329]
  randomize: 8.07998 / 779 = 0.0103722   [$ARTIFACT/ours/_build_case1/HElib-patched/src/DoubleCRT.cpp:1318]
  randomize_stream: 4.52665 / 4658363 = 9.71726e-07   [$ARTIFACT/ours/_build_case1/HElib-patched/src/DoubleCRT.cpp:1348]
  reLinearize: 112.597 / 321 = 0.35077   [$ARTIFACT/ours/_build_case1/HElib-patched/src/Ctxt.cpp:736]
  smartAutomorph: 53.9905 / 114 = 0.473601   [$ARTIFACT/ours/_build_case1/HElib-patched/src/Ctxt.cpp:2514]
  thinReCrypt: 314.935 / 1 = 314.935   [$ARTIFACT/ours/_build_case1/HElib-patched/src/recryption.cpp:1872]
  toPoly: 73.2536 / 1128 = 0.0649411   [$ARTIFACT/ours/_build_case1/HElib-patched/src/DoubleCRT.cpp:985]
  toPoly_CRT: 11.9661 / 1128 = 0.0106083   [$ARTIFACT/ours/_build_case1/HElib-patched/src/DoubleCRT.cpp:1052]
  toPoly_FFT: 60.4041 / 1128 = 0.0535497   [$ARTIFACT/ours/_build_case1/HElib-patched/src/DoubleCRT.cpp:1030]
  rusage.ru_maxrss=51561996
||||| stats |||||
KS-noise-ratio ave=0.0060545 max=1.01844
KS-noise-ratio-hoist ave=2318.34 max=18546.7
break-into-digits-ratio ave=0.323513 max=0.417633
excess-ctxtPrimes ave=11.4042 max=11.4042
excess-specialPrimes ave=8.00195 max=8.00195
mod-switch-added-noise ave=0.324428 max=0.398187
ptxt_rat_sk ave=0.00693379 max=0.00693379
ptxt_rat_sk ave=0.381892 max=0.381892
raw-mod-switch-noise ave=0.328939 max=0.328939
window1-nchoices ave=4.6 max=5
window1-out ave=0 max=0
window2-nchoices ave=3.45312 max=7
window2-out ave=0 max=0
||||| stats |||||
KS-noise-ratio ave=0.0060545 max=1.01844
KS-noise-ratio-hoist ave=2318.34 max=18546.7
break-into-digits-ratio ave=0.323513 max=0.417633
excess-ctxtPrimes ave=11.4042 max=11.4042
excess-specialPrimes ave=8.00195 max=8.00195
mod-switch-added-noise ave=0.324428 max=0.398187
ptxt_rat_sk ave=0.00693379 max=0.00693379
ptxt_rat_sk ave=0.381892 max=0.381892
raw-mod-switch-noise ave=0.328939 max=0.328939
window1-nchoices ave=4.6 max=5
window1-out ave=0 max=0
window2-nchoices ave=3.45312 max=7
window2-out ave=0 max=0
WALL=1173.75 s MAXRSS=51561996 kB
exit=0 (BASELINE pass1)
########## SET 15 p=4423 m=50633 d=3 :: ORDER6 :: aux=67 :: pass1 :: 2026-09-14 22:29:15 ##########
chosen idx = 15
encapHwt = 12
t for new bts is -1
new bts ? 1
new ks ? 1
thick bts ?0
repeat times = 1
force bsgs = 0
force hoist = 0
*** GTestFatboot: p=4423, r=1, bits=1320, t=0, c=3, m=50633 mvec=[11 4603], gens=[41428 13817], ords=[10 1534]
Computing key-independent tables...using HELIB_EXPLICIT_AUX=67

t = -1
bound on I = 15.753744
log2(aux) = 6.066089
log2(beta) = 26.590611
log2(qks) >= 35.344238, final log2(qks) = 35.344308
log2(R) >= 27.179141, final log2(R) = 27.190033
INFO: total bits = 1794.83, security level = 80.8639HELIB_ORDER6: A=67 aux=67 |closure|=1633 (inflation 1.49954) deg(P)=1631 |folded|=272
deg of poly for non-power-of-p aux is 1631
security=80.8639
# small primes = 6
# ctxt primes = 23
# bits in ctxt primes = 1331
# special primes = 8
# bits in special primes = 463
scale=10
 done in 775.878 seconds
  e=0, e'=0, t=12
  m = 50633, p = 4423, phi(m) = 46020
  ord(p) = 3
  normBnd = 1.6101
  polyNormBnd = 3.13422
  factors = [11 4603]
  generator 41428 has order (== Z_m^*) of 10
  generator 13817 has order (== Z_m^*) of 1534
r = 1
nslots = 15340
hwt = 120
ctxtPrimes = [6,7,8,9,10,11,12,13,14,15,16,17,18,19,20,21,22,23,24,25,26,27,28]
specialPrimes = [33,34,35,36,37,38,39,40]
number of bits = 1795

security level = 80.8639
Generating keys, Keys generated. Now genRecryptData...
computing key-dependent tables...Sparse boot key hwt = 12
genRecryptData done. recryptKeyID=1
lcAksBsgs=0 lcAksDelayed=0
Post-key setup done.
 done in 53.1837 seconds
Encrypt succeeded.
WARNING: KS-noise-ratio = 1.021 > 1
HELIB_AUX_ORDER4_EVAL enabled: order=6, deg(P)=1631, terms(P)=273, deg(Q)=271, terms(Q)=272
time for linear1 = 15.972083, linear2 = 155.763483, extract = 71.342938, total = 245.301510
bits for linear1 = 45.484735, linear2 = 46.109874, extract = 354.730374, min cap = 8.753697, after cap = 885.741799, after prod = 1286.582047
cap / time = 3.389720

### summary over 1 test
time for linear1 = 15.972083, linear2 = 155.763483, extract = 71.342938, total = 245.301510
bits for linear1 = 45.484735, linear2 = 46.109874, extract = 354.730374, min cap = 8.753697, after cap = 885.741799, after prod = 1286.582047
cap / time = 3.389720


### bts finished, everything ok ###

  AAA_bootKeySwitch: 84.0162 / 1 = 84.0162   [$ARTIFACT/ours/_build_case1/HElib-patched/src/recryption.cpp:1968]
  AAA_coeffToSlot: 73.4775 / 1 = 73.4775   [$ARTIFACT/ours/_build_case1/HElib-patched/src/recryption.cpp:2396]
  AAA_embeddingLargest: 1.07285 / 415 = 0.00258519   [$ARTIFACT/ours/_build_case1/HElib-patched/src/norms.cpp:250]
  AAA_embeddingLargest_x2: 0.624618 / 231 = 0.00270397   [$ARTIFACT/ours/_build_case1/HElib-patched/src/norms.cpp:423]
  AAA_extractDigitsThin: 71.3419 / 1 = 71.3419   [$ARTIFACT/ours/_build_case1/HElib-patched/src/recryption.cpp:2449]
  AAA_modDownEnbeddings: 0.681023 / 231 = 0.00294815   [$ARTIFACT/ours/_build_case1/HElib-patched/src/Ctxt.cpp:506]
  AAA_slotToCoeff: 15.9719 / 1 = 15.9719   [$ARTIFACT/ours/_build_case1/HElib-patched/src/recryption.cpp:1954]
  BasicAutomorphPrecon: 4.11864 / 8 = 0.514829   [$ARTIFACT/ours/_build_case1/HElib-patched/src/matmul.cpp:69]
  BluesteinFFT: 86.1404 / 23712 = 0.00363278   [$ARTIFACT/ours/_build_case1/HElib-patched/src/bluestein.cpp:141]
  Decrypt: 0.662913 / 1 = 0.662913   [$ARTIFACT/ours/_build_case1/HElib-patched/src/keys.cpp:1350]
  DoubleCRT: 41.29 / 492 = 0.0839228   [$ARTIFACT/ours/_build_case1/HElib-patched/src/DoubleCRT.cpp:718]
  FFT: 63.8511 / 16924 = 0.00377281   [$ARTIFACT/ours/_build_case1/HElib-patched/src/CModulus.cpp:479]
  FFT: 78.4437 / 877 = 0.0894455   [$ARTIFACT/ours/_build_case1/HElib-patched/src/DoubleCRT.cpp:70]
  FFT: 78.4346 / 16924 = 0.00463452   [$ARTIFACT/ours/_build_case1/HElib-patched/src/CModulus.cpp:448]
  FFT_aux: 63.8389 / 16924 = 0.00377209   [$ARTIFACT/ours/_build_case1/HElib-patched/src/CModulus.cpp:360]
  FFT_remainder: 14.5737 / 16924 = 0.000861128   [$ARTIFACT/ours/_build_case1/HElib-patched/src/CModulus.cpp:455]
  KS_loop: 18.6425 / 715 = 0.0260735   [$ARTIFACT/ours/_build_case1/HElib-patched/src/Ctxt.cpp:219]
  KS_loop_1: 3.06826 / 715 = 0.00429127   [$ARTIFACT/ours/_build_case1/HElib-patched/src/Ctxt.cpp:227]
  KS_loop_2: 2.73238 / 715 = 0.0038215   [$ARTIFACT/ours/_build_case1/HElib-patched/src/Ctxt.cpp:231]
  KS_loop_3: 3.12874 / 715 = 0.00437586   [$ARTIFACT/ours/_build_case1/HElib-patched/src/Ctxt.cpp:236]
  KS_loop_4: 1.11273 / 715 = 0.00155627   [$ARTIFACT/ours/_build_case1/HElib-patched/src/Ctxt.cpp:240]
  NORM_VAL: 2.06542 / 384 = 0.0053787   [$ARTIFACT/ours/_build_case1/HElib-patched/src/DoubleCRT.cpp:541]
  addConstant: 0.174645 / 20 = 0.00873225   [$ARTIFACT/ours/_build_case1/HElib-patched/src/Ctxt.cpp:2197]
  addCtxt: 14.592 / 5026 = 0.0029033   [$ARTIFACT/ours/_build_case1/HElib-patched/src/Ctxt.cpp:1458]
  addPart: 5.61112 / 1781 = 0.00315055   [$ARTIFACT/ours/_build_case1/HElib-patched/src/Ctxt.cpp:905]
  addPrimes: 60.239 / 385 = 0.156465   [$ARTIFACT/ours/_build_case1/HElib-patched/src/DoubleCRT.cpp:625]
  addPrimes_5: 63.1491 / 384 = 0.164451   [$ARTIFACT/ours/_build_case1/HElib-patched/src/DoubleCRT.cpp:518]
  automorph: 14.9049 / 154 = 0.0967849   [$ARTIFACT/ours/_build_case1/HElib-patched/src/matmul.cpp:117]
  automorph: 0.425075 / 114 = 0.00372873   [$ARTIFACT/ours/_build_case1/HElib-patched/src/Ctxt.cpp:2489]
  breakIntoDigits: 63.4971 / 155 = 0.409659   [$ARTIFACT/ours/_build_case1/HElib-patched/src/DoubleCRT.cpp:481]
  decode: 17.7211 / 1 = 17.7211   [$ARTIFACT/ours/_build_case1/HElib-patched/src/EncryptedArray.cpp:375]
  do_mul: 38.2635 / 10861 = 0.00352301   [$ARTIFACT/ours/_build_case1/HElib-patched/src/DoubleCRT.cpp:280]
  extractDigitsThin: 71.3419 / 1 = 71.3419   [$ARTIFACT/ours/_build_case1/HElib-patched/src/recryption.cpp:1597]
  iFFT: 41.8271 / 6788 = 0.00616192   [$ARTIFACT/ours/_build_case1/HElib-patched/src/CModulus.cpp:488]
  iFFT_division: 15.7296 / 6788 = 0.00231727   [$ARTIFACT/ours/_build_case1/HElib-patched/src/CModulus.cpp:570]
  keySwitchPart: 70.4639 / 148 = 0.476107   [$ARTIFACT/ours/_build_case1/HElib-patched/src/Ctxt.cpp:836]
  modDownToSet: 80.9641 / 353 = 0.22936   [$ARTIFACT/ours/_build_case1/HElib-patched/src/Ctxt.cpp:409]
  mul_MatMul1DExec: 169.334 / 6 = 28.2223   [$ARTIFACT/ours/_build_case1/HElib-patched/src/matmul.cpp:975]
  multByConstant: 31.5806 / 4633 = 0.00681645   [$ARTIFACT/ours/_build_case1/HElib-patched/src/Ctxt.cpp:1884]
  multByConstant: 0.114569 / 1 = 0.114569   [$ARTIFACT/ours/_build_case1/HElib-patched/src/Ctxt.cpp:1910]
  multLowLvl: 31.7188 / 41 = 0.773628   [$ARTIFACT/ours/_build_case1/HElib-patched/src/Ctxt.cpp:1733]
  multiplyBy: 34.6227 / 22 = 1.57376   [$ARTIFACT/ours/_build_case1/HElib-patched/src/Ctxt.cpp:1809]
  privateAssign: 1.82926 / 600 = 0.00304876   [$ARTIFACT/ours/_build_case1/HElib-patched/src/Ctxt.cpp:329]
  randomize: 7.4253 / 715 = 0.010385   [$ARTIFACT/ours/_build_case1/HElib-patched/src/DoubleCRT.cpp:1318]
  randomize_stream: 4.14774 / 4274403 = 9.70367e-07   [$ARTIFACT/ours/_build_case1/HElib-patched/src/DoubleCRT.cpp:1348]
  reLinearize: 85.054 / 298 = 0.285416   [$ARTIFACT/ours/_build_case1/HElib-patched/src/Ctxt.cpp:736]
  smartAutomorph: 53.9745 / 114 = 0.473461   [$ARTIFACT/ours/_build_case1/HElib-patched/src/Ctxt.cpp:2514]
  thinReCrypt: 245.309 / 1 = 245.309   [$ARTIFACT/ours/_build_case1/HElib-patched/src/recryption.cpp:1872]
  toPoly: 55.3593 / 876 = 0.0631955   [$ARTIFACT/ours/_build_case1/HElib-patched/src/DoubleCRT.cpp:985]
  toPoly_CRT: 9.02086 / 876 = 0.0102978   [$ARTIFACT/ours/_build_case1/HElib-patched/src/DoubleCRT.cpp:1052]
  toPoly_FFT: 45.7488 / 876 = 0.0522246   [$ARTIFACT/ours/_build_case1/HElib-patched/src/DoubleCRT.cpp:1030]
  rusage.ru_maxrss=51302932
||||| stats |||||
KS-noise-ratio ave=0.0130108 max=1.021
KS-noise-ratio-hoist ave=2108.85 max=16870.8
break-into-digits-ratio ave=0.323198 max=0.377555
excess-ctxtPrimes ave=11.4042 max=11.4042
excess-specialPrimes ave=8.00195 max=8.00195
mod-switch-added-noise ave=0.323485 max=0.397467
ptxt_rat_sk ave=0.00744137 max=0.00744137
ptxt_rat_sk ave=0.336032 max=0.336032
raw-mod-switch-noise ave=0.36652 max=0.36652
window1-nchoices ave=4.25 max=5
window1-out ave=0 max=0
window2-nchoices ave=4.89189 max=9
window2-out ave=0 max=0
||||| stats |||||
KS-noise-ratio ave=0.0130108 max=1.021
KS-noise-ratio-hoist ave=2108.85 max=16870.8
break-into-digits-ratio ave=0.323198 max=0.377555
excess-ctxtPrimes ave=11.4042 max=11.4042
excess-specialPrimes ave=8.00195 max=8.00195
mod-switch-added-noise ave=0.323485 max=0.397467
ptxt_rat_sk ave=0.00744137 max=0.00744137
ptxt_rat_sk ave=0.336032 max=0.336032
raw-mod-switch-noise ave=0.36652 max=0.36652
window1-nchoices ave=4.25 max=5
window1-out ave=0 max=0
window2-nchoices ave=4.89189 max=9
window2-out ave=0 max=0
WALL=1106.57 s MAXRSS=51302932 kB
exit=0 (ORDER6 pass1)
########## SET 15 p=4423 m=50633 d=3 :: ORDER6_COMPOSED :: aux=67 :: pass1 :: 2026-09-14 22:47:41 ##########
chosen idx = 15
encapHwt = 12
t for new bts is -1
new bts ? 1
new ks ? 1
thick bts ?0
repeat times = 1
force bsgs = 0
force hoist = 0
*** GTestFatboot: p=4423, r=1, bits=1320, t=0, c=3, m=50633 mvec=[11 4603], gens=[41428 13817], ords=[10 1534]
Computing key-independent tables...using HELIB_EXPLICIT_AUX=67

t = -1
bound on I = 15.753744
log2(aux) = 6.066089
log2(beta) = 26.590611
log2(qks) >= 35.344238, final log2(qks) = 35.344308
log2(R) >= 27.179141, final log2(R) = 27.190033
INFO: total bits = 1794.83, security level = 80.8639HELIB_ORDER6: A=67 aux=67 |closure|=1633 (inflation 1.49954) deg(P)=1631 |folded|=272
HELIB_COMPOSED_EVAL: order=6 d=3 |folded support|=272 degQ=271 padded to n'=273
HELIB_COMPOSED_EVAL: norm form c=212 degC=91 (search 19.1316s)
deg of poly for non-power-of-p aux is 1631
security=80.8639
# small primes = 6
# ctxt primes = 23
# bits in ctxt primes = 1331
# special primes = 8
# bits in special primes = 463
scale=10
 done in 789.09 seconds
  e=0, e'=0, t=12
  m = 50633, p = 4423, phi(m) = 46020
  ord(p) = 3
  normBnd = 1.6101
  polyNormBnd = 3.13422
  factors = [11 4603]
  generator 41428 has order (== Z_m^*) of 10
  generator 13817 has order (== Z_m^*) of 1534
r = 1
nslots = 15340
hwt = 120
ctxtPrimes = [6,7,8,9,10,11,12,13,14,15,16,17,18,19,20,21,22,23,24,25,26,27,28]
specialPrimes = [33,34,35,36,37,38,39,40]
number of bits = 1795

security level = 80.8639
Generating keys, Keys generated. Now genRecryptData...
computing key-dependent tables...Sparse boot key hwt = 12
genRecryptData done. recryptKeyID=1
lcAksBsgs=0 lcAksDelayed=0
Post-key setup done.
 done in 53.115 seconds
Encrypt succeeded.
WARNING: KS-noise-ratio = 1.09416 > 1
WARNING: KS-noise-ratio = 5.28377 > 1
HELIB_COMPOSED_EVAL active: order=6 degC=91 d=3
time for linear1 = 16.232441, linear2 = 158.038785, extract = 58.965769, total = 235.462804
bits for linear1 = 45.562427, linear2 = 46.111188, extract = 514.307867, min cap = 8.753697, after cap = 726.257201, after prod = 1286.676256
cap / time = 2.853704

### summary over 1 test
time for linear1 = 16.232441, linear2 = 158.038785, extract = 58.965769, total = 235.462804
bits for linear1 = 45.562427, linear2 = 46.111188, extract = 514.307867, min cap = 8.753697, after cap = 726.257201, after prod = 1286.676256
cap / time = 2.853704


### bts finished, everything ok ###

  AAA_bootKeySwitch: 82.1457 / 1 = 82.1457   [$ARTIFACT/ours/_build_case1/HElib-patched/src/recryption.cpp:1968]
  AAA_coeffToSlot: 77.6071 / 1 = 77.6071   [$ARTIFACT/ours/_build_case1/HElib-patched/src/recryption.cpp:2396]
  AAA_embeddingLargest: 1.27095 / 485 = 0.00262052   [$ARTIFACT/ours/_build_case1/HElib-patched/src/norms.cpp:250]
  AAA_embeddingLargest_x2: 0.551175 / 199 = 0.00276972   [$ARTIFACT/ours/_build_case1/HElib-patched/src/norms.cpp:423]
  AAA_extractDigitsThin: 58.965 / 1 = 58.965   [$ARTIFACT/ours/_build_case1/HElib-patched/src/recryption.cpp:2449]
  AAA_modDownEnbeddings: 0.604537 / 199 = 0.00303787   [$ARTIFACT/ours/_build_case1/HElib-patched/src/Ctxt.cpp:506]
  AAA_slotToCoeff: 16.2322 / 1 = 16.2322   [$ARTIFACT/ours/_build_case1/HElib-patched/src/recryption.cpp:1954]
  BasicAutomorphPrecon: 4.15669 / 8 = 0.519586   [$ARTIFACT/ours/_build_case1/HElib-patched/src/matmul.cpp:69]
  BluesteinFFT: 84.9942 / 23374 = 0.00363627   [$ARTIFACT/ours/_build_case1/HElib-patched/src/bluestein.cpp:141]
  Decrypt: 0.657106 / 1 = 0.657106   [$ARTIFACT/ours/_build_case1/HElib-patched/src/keys.cpp:1350]
  DoubleCRT: 44.0641 / 519 = 0.084902   [$ARTIFACT/ours/_build_case1/HElib-patched/src/DoubleCRT.cpp:718]
  FFT: 66.0364 / 17478 = 0.00377826   [$ARTIFACT/ours/_build_case1/HElib-patched/src/CModulus.cpp:479]
  FFT: 79.2133 / 882 = 0.089811   [$ARTIFACT/ours/_build_case1/HElib-patched/src/DoubleCRT.cpp:70]
  FFT: 79.2042 / 17478 = 0.00453165   [$ARTIFACT/ours/_build_case1/HElib-patched/src/CModulus.cpp:448]
  FFT_aux: 66.025 / 17478 = 0.00377761   [$ARTIFACT/ours/_build_case1/HElib-patched/src/CModulus.cpp:360]
  FFT_remainder: 13.1589 / 17478 = 0.000752886   [$ARTIFACT/ours/_build_case1/HElib-patched/src/CModulus.cpp:455]
  KS_loop: 18.4662 / 694 = 0.0266083   [$ARTIFACT/ours/_build_case1/HElib-patched/src/Ctxt.cpp:219]
  KS_loop_1: 2.99112 / 694 = 0.00430997   [$ARTIFACT/ours/_build_case1/HElib-patched/src/Ctxt.cpp:227]
  KS_loop_2: 2.80407 / 694 = 0.00404044   [$ARTIFACT/ours/_build_case1/HElib-patched/src/Ctxt.cpp:231]
  KS_loop_3: 3.13507 / 694 = 0.0045174   [$ARTIFACT/ours/_build_case1/HElib-patched/src/Ctxt.cpp:236]
  KS_loop_4: 1.12678 / 694 = 0.00162361   [$ARTIFACT/ours/_build_case1/HElib-patched/src/Ctxt.cpp:240]
  NORM_VAL: 2.01319 / 363 = 0.00554597   [$ARTIFACT/ours/_build_case1/HElib-patched/src/DoubleCRT.cpp:541]
  addCtxt: 10.7289 / 4846 = 0.00221397   [$ARTIFACT/ours/_build_case1/HElib-patched/src/Ctxt.cpp:1458]
  addPart: 5.71574 / 1717 = 0.00332891   [$ARTIFACT/ours/_build_case1/HElib-patched/src/Ctxt.cpp:905]
  addPrimes: 57.4396 / 364 = 0.157801   [$ARTIFACT/ours/_build_case1/HElib-patched/src/DoubleCRT.cpp:625]
  addPrimes_5: 60.3345 / 363 = 0.166211   [$ARTIFACT/ours/_build_case1/HElib-patched/src/DoubleCRT.cpp:518]
  automorph: 14.8305 / 154 = 0.0963019   [$ARTIFACT/ours/_build_case1/HElib-patched/src/matmul.cpp:117]
  automorph: 0.447689 / 116 = 0.00385939   [$ARTIFACT/ours/_build_case1/HElib-patched/src/Ctxt.cpp:2489]
  breakIntoDigits: 60.693 / 150 = 0.40462   [$ARTIFACT/ours/_build_case1/HElib-patched/src/DoubleCRT.cpp:481]
  decode: 17.6151 / 1 = 17.6151   [$ARTIFACT/ours/_build_case1/HElib-patched/src/EncryptedArray.cpp:375]
  do_mul: 39.3115 / 10919 = 0.00360028   [$ARTIFACT/ours/_build_case1/HElib-patched/src/DoubleCRT.cpp:280]
  extractDigitsThin: 58.965 / 1 = 58.965   [$ARTIFACT/ours/_build_case1/HElib-patched/src/recryption.cpp:1597]
  frobeniusAutomorph: 2.09669 / 2 = 1.04835   [$ARTIFACT/ours/_build_case1/HElib-patched/src/Ctxt.cpp:2578]
  iFFT: 36.3 / 5896 = 0.00615672   [$ARTIFACT/ours/_build_case1/HElib-patched/src/CModulus.cpp:488]
  iFFT_division: 13.4813 / 5896 = 0.00228651   [$ARTIFACT/ours/_build_case1/HElib-patched/src/CModulus.cpp:570]
  keySwitchPart: 67.4454 / 143 = 0.471646   [$ARTIFACT/ours/_build_case1/HElib-patched/src/Ctxt.cpp:836]
  modDownToSet: 66.881 / 315 = 0.212321   [$ARTIFACT/ours/_build_case1/HElib-patched/src/Ctxt.cpp:409]
  mul_MatMul1DExec: 171.765 / 6 = 28.6275   [$ARTIFACT/ours/_build_case1/HElib-patched/src/matmul.cpp:975]
  multByConstant: 32.9069 / 4715 = 0.0069792   [$ARTIFACT/ours/_build_case1/HElib-patched/src/Ctxt.cpp:1884]
  multByConstant: 10.1635 / 83 = 0.122451   [$ARTIFACT/ours/_build_case1/HElib-patched/src/Ctxt.cpp:1910]
  multLowLvl: 19.4337 / 25 = 0.777348   [$ARTIFACT/ours/_build_case1/HElib-patched/src/Ctxt.cpp:1733]
  multiplyBy: 42.1008 / 25 = 1.68403   [$ARTIFACT/ours/_build_case1/HElib-patched/src/Ctxt.cpp:1809]
  privateAssign: 1.70432 / 492 = 0.00346407   [$ARTIFACT/ours/_build_case1/HElib-patched/src/Ctxt.cpp:329]
  randomize: 7.17497 / 694 = 0.0103386   [$ARTIFACT/ours/_build_case1/HElib-patched/src/DoubleCRT.cpp:1318]
  randomize_stream: 4.02375 / 4148228 = 9.69992e-07   [$ARTIFACT/ours/_build_case1/HElib-patched/src/DoubleCRT.cpp:1348]
  reLinearize: 79.6898 / 303 = 0.263003   [$ARTIFACT/ours/_build_case1/HElib-patched/src/Ctxt.cpp:736]
  smartAutomorph: 56.975 / 116 = 0.491164   [$ARTIFACT/ours/_build_case1/HElib-patched/src/Ctxt.cpp:2514]
  thinReCrypt: 235.484 / 1 = 235.484   [$ARTIFACT/ours/_build_case1/HElib-patched/src/recryption.cpp:1872]
  toPoly: 48.5066 / 790 = 0.0614007   [$ARTIFACT/ours/_build_case1/HElib-patched/src/DoubleCRT.cpp:985]
  toPoly_CRT: 8.06138 / 790 = 0.0102043   [$ARTIFACT/ours/_build_case1/HElib-patched/src/DoubleCRT.cpp:1052]
  toPoly_FFT: 39.82 / 790 = 0.0504051   [$ARTIFACT/ours/_build_case1/HElib-patched/src/DoubleCRT.cpp:1030]
  rusage.ru_maxrss=51371628
||||| stats |||||
KS-noise-ratio ave=0.0503169 max=5.28377
KS-noise-ratio-hoist ave=2232.68 max=17861.4
break-into-digits-ratio ave=0.322693 max=0.395489
excess-ctxtPrimes ave=11.4042 max=11.4042
excess-specialPrimes ave=8.00195 max=8.00195
mod-switch-added-noise ave=0.324558 max=0.379872
ptxt_rat_sk ave=0.00729002 max=0.00729002
ptxt_rat_sk ave=0.305101 max=0.305101
raw-mod-switch-noise ave=0.328574 max=0.328574
window1-nchoices ave=4.8 max=9
window1-out ave=0 max=0
window2-nchoices ave=4.1 max=9
window2-out ave=0 max=0
||||| stats |||||
KS-noise-ratio ave=0.0503169 max=5.28377
KS-noise-ratio-hoist ave=2232.68 max=17861.4
break-into-digits-ratio ave=0.322693 max=0.395489
excess-ctxtPrimes ave=11.4042 max=11.4042
excess-specialPrimes ave=8.00195 max=8.00195
mod-switch-added-noise ave=0.324558 max=0.379872
ptxt_rat_sk ave=0.00729002 max=0.00729002
ptxt_rat_sk ave=0.305101 max=0.305101
raw-mod-switch-noise ave=0.328574 max=0.328574
window1-nchoices ave=4.8 max=9
window1-out ave=0 max=0
window2-nchoices ave=4.1 max=9
window2-out ave=0 max=0
WALL=1109.71 s MAXRSS=51371628 kB
exit=0 (ORDER6_COMPOSED pass1)
########## SET 15 p=4423 m=50633 d=3 :: NORMONLY :: aux=67 :: pass1 :: 2026-09-14 23:06:11 ##########
chosen idx = 15
encapHwt = 12
t for new bts is -1
new bts ? 1
new ks ? 1
thick bts ?0
repeat times = 1
force bsgs = 0
force hoist = 0
*** GTestFatboot: p=4423, r=1, bits=1320, t=0, c=3, m=50633 mvec=[11 4603], gens=[41428 13817], ords=[10 1534]
Computing key-independent tables...using HELIB_EXPLICIT_AUX=67

t = -1
bound on I = 15.753744
log2(aux) = 6.066089
log2(beta) = 26.590611
log2(qks) >= 35.344238, final log2(qks) = 35.344308
log2(R) >= 27.179141, final log2(R) = 27.190033
INFO: total bits = 1794.83, security level = 80.8639HELIB_NORMONLY: order=1, norm map on the unfiltered P_A, deg(P)=1087
HELIB_COMPOSED_EVAL: order=1 d=3 |folded support|=1088 degQ=1087 padded to n'=1089
HELIB_COMPOSED_EVAL: no norm form found; staying on P-S
deg of poly for non-power-of-p aux is 1087
security=80.8639
# small primes = 6
# ctxt primes = 23
# bits in ctxt primes = 1331
# special primes = 8
# bits in special primes = 463
scale=10
 done in 1589.22 seconds
  e=0, e'=0, t=12
  m = 50633, p = 4423, phi(m) = 46020
  ord(p) = 3
  normBnd = 1.6101
  polyNormBnd = 3.13422
  factors = [11 4603]
  generator 41428 has order (== Z_m^*) of 10
  generator 13817 has order (== Z_m^*) of 1534
r = 1
nslots = 15340
hwt = 120
ctxtPrimes = [6,7,8,9,10,11,12,13,14,15,16,17,18,19,20,21,22,23,24,25,26,27,28]
specialPrimes = [33,34,35,36,37,38,39,40]
number of bits = 1795

security level = 80.8639
Generating keys, Keys generated. Now genRecryptData...
computing key-dependent tables...Sparse boot key hwt = 12
genRecryptData done. recryptKeyID=1
lcAksBsgs=0 lcAksDelayed=0
Post-key setup done.
 done in 51.7246 seconds
Encrypt succeeded.
HELIB_AUX_ORDER4_EVAL enabled: order=1, deg(P)=1087, terms(P)=544, deg(Q)=1087, terms(Q)=544
time for linear1 = 16.109719, linear2 = 154.462149, extract = 134.230355, total = 306.993844
bits for linear1 = 45.498572, linear2 = 46.111773, extract = 299.461028, min cap = 8.753697, after cap = 941.075747, after prod = 1286.648548
cap / time = 2.888734

### summary over 1 test
time for linear1 = 16.109719, linear2 = 154.462149, extract = 134.230355, total = 306.993844
bits for linear1 = 45.498572, linear2 = 46.111773, extract = 299.461028, min cap = 8.753697, after cap = 941.075747, after prod = 1286.648548
cap / time = 2.888734


### bts finished, everything ok ###

  AAA_bootKeySwitch: 82.3815 / 1 = 82.3815   [$ARTIFACT/ours/_build_case1/HElib-patched/src/recryption.cpp:1968]
  AAA_coeffToSlot: 73.7734 / 1 = 73.7734   [$ARTIFACT/ours/_build_case1/HElib-patched/src/recryption.cpp:2396]
  AAA_embeddingLargest: 1.29179 / 505 = 0.002558   [$ARTIFACT/ours/_build_case1/HElib-patched/src/norms.cpp:250]
  AAA_embeddingLargest_x2: 0.818913 / 312 = 0.00262472   [$ARTIFACT/ours/_build_case1/HElib-patched/src/norms.cpp:423]
  AAA_extractDigitsThin: 134.229 / 1 = 134.229   [$ARTIFACT/ours/_build_case1/HElib-patched/src/recryption.cpp:2449]
  AAA_modDownEnbeddings: 0.928829 / 312 = 0.00297702   [$ARTIFACT/ours/_build_case1/HElib-patched/src/Ctxt.cpp:506]
  AAA_slotToCoeff: 16.1095 / 1 = 16.1095   [$ARTIFACT/ours/_build_case1/HElib-patched/src/recryption.cpp:1954]
  BasicAutomorphPrecon: 4.08635 / 8 = 0.510794   [$ARTIFACT/ours/_build_case1/HElib-patched/src/matmul.cpp:69]
  BluesteinFFT: 112.615 / 31393 = 0.00358728   [$ARTIFACT/ours/_build_case1/HElib-patched/src/bluestein.cpp:141]
  Decrypt: 0.598435 / 1 = 0.598435   [$ARTIFACT/ours/_build_case1/HElib-patched/src/keys.cpp:1350]
  DoubleCRT: 59.5019 / 680 = 0.0875028   [$ARTIFACT/ours/_build_case1/HElib-patched/src/DoubleCRT.cpp:718]
  FFT: 83.9466 / 22475 = 0.00373511   [$ARTIFACT/ours/_build_case1/HElib-patched/src/CModulus.cpp:479]
  FFT: 103.16 / 1129 = 0.0913728   [$ARTIFACT/ours/_build_case1/HElib-patched/src/DoubleCRT.cpp:70]
  FFT: 103.148 / 22475 = 0.00458948   [$ARTIFACT/ours/_build_case1/HElib-patched/src/CModulus.cpp:448]
  FFT_aux: 83.931 / 22475 = 0.00373442   [$ARTIFACT/ours/_build_case1/HElib-patched/src/CModulus.cpp:360]
  FFT_remainder: 19.1889 / 22475 = 0.000853791   [$ARTIFACT/ours/_build_case1/HElib-patched/src/CModulus.cpp:455]
  KS_loop: 20.0039 / 779 = 0.0256789   [$ARTIFACT/ours/_build_case1/HElib-patched/src/Ctxt.cpp:219]
  KS_loop_1: 3.35055 / 779 = 0.00430109   [$ARTIFACT/ours/_build_case1/HElib-patched/src/Ctxt.cpp:227]
  KS_loop_2: 2.72866 / 779 = 0.00350278   [$ARTIFACT/ours/_build_case1/HElib-patched/src/Ctxt.cpp:231]
  KS_loop_3: 3.39137 / 779 = 0.00435349   [$ARTIFACT/ours/_build_case1/HElib-patched/src/Ctxt.cpp:236]
  KS_loop_4: 1.16943 / 779 = 0.00150119   [$ARTIFACT/ours/_build_case1/HElib-patched/src/Ctxt.cpp:240]
  NORM_VAL: 2.40579 / 448 = 0.00537006   [$ARTIFACT/ours/_build_case1/HElib-patched/src/DoubleCRT.cpp:541]
  addCtxt: 25.0273 / 5841 = 0.00428477   [$ARTIFACT/ours/_build_case1/HElib-patched/src/Ctxt.cpp:1458]
  addPart: 5.93676 / 1931 = 0.00307445   [$ARTIFACT/ours/_build_case1/HElib-patched/src/Ctxt.cpp:905]
  addPrimes: 70.3168 / 449 = 0.156608   [$ARTIFACT/ours/_build_case1/HElib-patched/src/DoubleCRT.cpp:625]
  addPrimes_5: 73.7118 / 448 = 0.164535   [$ARTIFACT/ours/_build_case1/HElib-patched/src/DoubleCRT.cpp:518]
  automorph: 14.6946 / 154 = 0.0954197   [$ARTIFACT/ours/_build_case1/HElib-patched/src/matmul.cpp:117]
  automorph: 0.409769 / 114 = 0.00359446   [$ARTIFACT/ours/_build_case1/HElib-patched/src/Ctxt.cpp:2489]
  breakIntoDigits: 74.1015 / 176 = 0.421032   [$ARTIFACT/ours/_build_case1/HElib-patched/src/DoubleCRT.cpp:481]
  decode: 17.6401 / 1 = 17.6401   [$ARTIFACT/ours/_build_case1/HElib-patched/src/EncryptedArray.cpp:375]
  do_mul: 40.8605 / 11101 = 0.0036808   [$ARTIFACT/ours/_build_case1/HElib-patched/src/DoubleCRT.cpp:280]
  extractDigitsThin: 134.229 / 1 = 134.229   [$ARTIFACT/ours/_build_case1/HElib-patched/src/recryption.cpp:1597]
  iFFT: 54.0044 / 8918 = 0.00605567   [$ARTIFACT/ours/_build_case1/HElib-patched/src/CModulus.cpp:488]
  iFFT_division: 20.208 / 8918 = 0.00226598   [$ARTIFACT/ours/_build_case1/HElib-patched/src/CModulus.cpp:570]
  keySwitchPart: 82.7659 / 169 = 0.489739   [$ARTIFACT/ours/_build_case1/HElib-patched/src/Ctxt.cpp:836]
  modDownToSet: 113.991 / 429 = 0.265714   [$ARTIFACT/ours/_build_case1/HElib-patched/src/Ctxt.cpp:409]
  mul_MatMul1DExec: 168.183 / 6 = 28.0305   [$ARTIFACT/ours/_build_case1/HElib-patched/src/matmul.cpp:975]
  multByConstant: 33.304 / 4633 = 0.00718844   [$ARTIFACT/ours/_build_case1/HElib-patched/src/Ctxt.cpp:1884]
  multByConstant: 0.108143 / 1 = 0.108143   [$ARTIFACT/ours/_build_case1/HElib-patched/src/Ctxt.cpp:1910]
  multLowLvl: 55.7635 / 69 = 0.808167   [$ARTIFACT/ours/_build_case1/HElib-patched/src/Ctxt.cpp:1733]
  multiplyBy: 61.7593 / 36 = 1.71554   [$ARTIFACT/ours/_build_case1/HElib-patched/src/Ctxt.cpp:1809]
  privateAssign: 4.6507 / 989 = 0.00470242   [$ARTIFACT/ours/_build_case1/HElib-patched/src/Ctxt.cpp:329]
  randomize: 8.06653 / 779 = 0.010355   [$ARTIFACT/ours/_build_case1/HElib-patched/src/DoubleCRT.cpp:1318]
  randomize_stream: 4.53453 / 4658296 = 9.73431e-07   [$ARTIFACT/ours/_build_case1/HElib-patched/src/DoubleCRT.cpp:1348]
  reLinearize: 109.807 / 321 = 0.342079   [$ARTIFACT/ours/_build_case1/HElib-patched/src/Ctxt.cpp:736]
  smartAutomorph: 53.053 / 114 = 0.465377   [$ARTIFACT/ours/_build_case1/HElib-patched/src/Ctxt.cpp:2514]
  thinReCrypt: 307.001 / 1 = 307.001   [$ARTIFACT/ours/_build_case1/HElib-patched/src/recryption.cpp:1872]
  toPoly: 71.0125 / 1128 = 0.0629543   [$ARTIFACT/ours/_build_case1/HElib-patched/src/DoubleCRT.cpp:985]
  toPoly_CRT: 11.5525 / 1128 = 0.0102416   [$ARTIFACT/ours/_build_case1/HElib-patched/src/DoubleCRT.cpp:1052]
  toPoly_FFT: 58.7381 / 1128 = 0.0520727   [$ARTIFACT/ours/_build_case1/HElib-patched/src/DoubleCRT.cpp:1030]
  rusage.ru_maxrss=51594288
||||| stats |||||
KS-noise-ratio ave=0.00572979 max=0.963344
KS-noise-ratio-hoist ave=2286.08 max=18288.6
break-into-digits-ratio ave=0.324481 max=0.402314
excess-ctxtPrimes ave=11.4042 max=11.4042
excess-specialPrimes ave=8.00195 max=8.00195
mod-switch-added-noise ave=0.323012 max=0.40627
ptxt_rat_sk ave=0.0075784 max=0.0075784
ptxt_rat_sk ave=0.34485 max=0.34485
raw-mod-switch-noise ave=0.320684 max=0.320684
window1-nchoices ave=4.4 max=5
window1-out ave=0 max=0
window2-nchoices ave=3.46875 max=8
window2-out ave=0 max=0
||||| stats |||||
KS-noise-ratio ave=0.00572979 max=0.963344
KS-noise-ratio-hoist ave=2286.08 max=18288.6
break-into-digits-ratio ave=0.324481 max=0.402314
excess-ctxtPrimes ave=11.4042 max=11.4042
excess-specialPrimes ave=8.00195 max=8.00195
mod-switch-added-noise ave=0.323012 max=0.40627
ptxt_rat_sk ave=0.0075784 max=0.0075784
ptxt_rat_sk ave=0.34485 max=0.34485
raw-mod-switch-noise ave=0.320684 max=0.320684
window1-nchoices ave=4.4 max=5
window1-out ave=0 max=0
window2-nchoices ave=3.46875 max=8
window2-out ave=0 max=0
WALL=1980.01 s MAXRSS=51594288 kB
exit=0 (NORMONLY pass1)
SET_DONE 15
