########## SET 14 p=2971 m=49589 d=4 :: BASELINE :: aux=55 :: pass1 :: 2026-09-14 08:40:56 ##########
chosen idx = 14
encapHwt = 12
t for new bts is -1
new bts ? 1
new ks ? 1
thick bts ?0
repeat times = 1
force bsgs = 0
force hoist = 0
*** GTestFatboot: p=2971, r=1, bits=1320, t=0, c=3, m=49589 mvec=[17 2917], gens=[20420 26878], ords=[16 729]
Computing key-independent tables...using HELIB_EXPLICIT_AUX=55

t = -1
bound on I = 16.019619
log2(aux) = 5.781360
log2(beta) = 26.027332
log2(qks) >= 34.501971, final log2(qks) = 34.502003
log2(R) >= 26.868340, final log2(R) = 26.886599
INFO: total bits = 1794.4, security level = 81.7334deg of poly for non-power-of-p aux is 1223
security=81.7334
# small primes = 6
# ctxt primes = 23
# bits in ctxt primes = 1331
# special primes = 8
# bits in special primes = 463
scale=10
 done in 418.043 seconds
  e=0, e'=0, t=12
  m = 49589, p = 2971, phi(m) = 46656
  ord(p) = 4
  normBnd = 1.61652
  polyNormBnd = 3.60677
  factors = [17 2917]
  generator 20420 has order (== Z_m^*) of 16
  generator 26878 has order (== Z_m^*) of 729
r = 1
nslots = 11664
hwt = 120
ctxtPrimes = [6,7,8,9,10,11,12,13,14,15,16,17,18,19,20,21,22,23,24,25,26,27,28]
specialPrimes = [33,34,35,36,37,38,39,40]
number of bits = 1795

security level = 81.7334
Generating keys, Keys generated. Now genRecryptData...
computing key-dependent tables...Sparse boot key hwt = 12
genRecryptData done. recryptKeyID=1
lcAksBsgs=0 lcAksDelayed=0
Post-key setup done.
 done in 42.1245 seconds
Encrypt succeeded.
WARNING: KS-noise-ratio = 8.14213 > 1
WARNING: KS-noise-ratio = 26.7124 > 1
WARNING: KS-noise-ratio = 12.6677 > 1
WARNING: KS-noise-ratio = 26.9165 > 1
time for linear1 = 10.466334, linear2 = 100.661233, extract = 149.421385, total = 262.731837
bits for linear1 = 52.912267, linear2 = 54.057516, extract = 299.110888, min cap = 8.474671, after cap = 934.150812, after prod = 1287.319215
cap / time = 3.321881

### summary over 1 test
time for linear1 = 10.466334, linear2 = 100.661233, extract = 149.421385, total = 262.731837
bits for linear1 = 52.912267, linear2 = 54.057516, extract = 299.110888, min cap = 8.474671, after cap = 934.150812, after prod = 1287.319215
cap / time = 3.321881


### bts finished, everything ok ###

  AAA_bootKeySwitch: 50.7339 / 1 = 50.7339   [$ARTIFACT/ours/_build_case1/HElib-patched/src/recryption.cpp:1968]
  AAA_coeffToSlot: 51.6725 / 1 = 51.6725   [$ARTIFACT/ours/_build_case1/HElib-patched/src/recryption.cpp:2396]
  AAA_embeddingLargest: 1.1181 / 426 = 0.00262465   [$ARTIFACT/ours/_build_case1/HElib-patched/src/norms.cpp:250]
  AAA_embeddingLargest_x2: 0.770438 / 287 = 0.00268445   [$ARTIFACT/ours/_build_case1/HElib-patched/src/norms.cpp:423]
  AAA_extractDigitsThin: 149.419 / 1 = 149.419   [$ARTIFACT/ours/_build_case1/HElib-patched/src/recryption.cpp:2449]
  AAA_modDownEnbeddings: 0.887352 / 287 = 0.00309182   [$ARTIFACT/ours/_build_case1/HElib-patched/src/Ctxt.cpp:506]
  AAA_slotToCoeff: 10.4662 / 1 = 10.4662   [$ARTIFACT/ours/_build_case1/HElib-patched/src/recryption.cpp:1954]
  BasicAutomorphPrecon: 4.17031 / 8 = 0.521288   [$ARTIFACT/ours/_build_case1/HElib-patched/src/matmul.cpp:69]
  BluesteinFFT: 104.899 / 28608 = 0.00366678   [$ARTIFACT/ours/_build_case1/HElib-patched/src/bluestein.cpp:141]
  Decrypt: 0.615391 / 1 = 0.615391   [$ARTIFACT/ours/_build_case1/HElib-patched/src/keys.cpp:1350]
  DoubleCRT: 58.4087 / 632 = 0.0924188   [$ARTIFACT/ours/_build_case1/HElib-patched/src/DoubleCRT.cpp:718]
  FFT: 77.0887 / 20111 = 0.00383316   [$ARTIFACT/ours/_build_case1/HElib-patched/src/CModulus.cpp:479]
  FFT: 95.0576 / 1000 = 0.0950576   [$ARTIFACT/ours/_build_case1/HElib-patched/src/DoubleCRT.cpp:70]
  FFT: 95.0463 / 20111 = 0.00472608   [$ARTIFACT/ours/_build_case1/HElib-patched/src/CModulus.cpp:448]
  FFT_aux: 77.0694 / 20111 = 0.0038322   [$ARTIFACT/ours/_build_case1/HElib-patched/src/CModulus.cpp:360]
  FFT_remainder: 17.9467 / 20111 = 0.000892381   [$ARTIFACT/ours/_build_case1/HElib-patched/src/CModulus.cpp:455]
  KS_loop: 17.5038 / 655 = 0.0267234   [$ARTIFACT/ours/_build_case1/HElib-patched/src/Ctxt.cpp:219]
  KS_loop_1: 2.8644 / 655 = 0.00437312   [$ARTIFACT/ours/_build_case1/HElib-patched/src/Ctxt.cpp:227]
  KS_loop_2: 2.38267 / 655 = 0.00363766   [$ARTIFACT/ours/_build_case1/HElib-patched/src/Ctxt.cpp:231]
  KS_loop_3: 3.14859 / 655 = 0.004807   [$ARTIFACT/ours/_build_case1/HElib-patched/src/Ctxt.cpp:236]
  KS_loop_4: 1.02023 / 655 = 0.00155761   [$ARTIFACT/ours/_build_case1/HElib-patched/src/Ctxt.cpp:240]
  NORM_VAL: 2.06269 / 367 = 0.0056204   [$ARTIFACT/ours/_build_case1/HElib-patched/src/DoubleCRT.cpp:541]
  addCtxt: 23.7308 / 3546 = 0.00669229   [$ARTIFACT/ours/_build_case1/HElib-patched/src/Ctxt.cpp:1458]
  addPart: 5.31141 / 1630 = 0.00325853   [$ARTIFACT/ours/_build_case1/HElib-patched/src/Ctxt.cpp:905]
  addPrimes: 58.6101 / 368 = 0.159267   [$ARTIFACT/ours/_build_case1/HElib-patched/src/DoubleCRT.cpp:625]
  addPrimes_5: 61.5198 / 367 = 0.167629   [$ARTIFACT/ours/_build_case1/HElib-patched/src/DoubleCRT.cpp:518]
  automorph: 13.6754 / 135 = 0.101299   [$ARTIFACT/ours/_build_case1/HElib-patched/src/matmul.cpp:117]
  automorph: 0.295819 / 78 = 0.00379255   [$ARTIFACT/ours/_build_case1/HElib-patched/src/Ctxt.cpp:2489]
  breakIntoDigits: 61.8594 / 141 = 0.438719   [$ARTIFACT/ours/_build_case1/HElib-patched/src/DoubleCRT.cpp:481]
  decode: 15.8491 / 1 = 15.8491   [$ARTIFACT/ours/_build_case1/HElib-patched/src/EncryptedArray.cpp:375]
  do_mul: 23.4425 / 6083 = 0.00385378   [$ARTIFACT/ours/_build_case1/HElib-patched/src/DoubleCRT.cpp:280]
  extractDigitsThin: 149.419 / 1 = 149.419   [$ARTIFACT/ours/_build_case1/HElib-patched/src/recryption.cpp:1597]
  iFFT: 51.4953 / 8497 = 0.00606041   [$ARTIFACT/ours/_build_case1/HElib-patched/src/CModulus.cpp:488]
  iFFT_division: 18.4035 / 8497 = 0.00216588   [$ARTIFACT/ours/_build_case1/HElib-patched/src/CModulus.cpp:570]
  keySwitchPart: 68.4005 / 134 = 0.510452   [$ARTIFACT/ours/_build_case1/HElib-patched/src/Ctxt.cpp:836]
  modDownToSet: 113.883 / 367 = 0.310308   [$ARTIFACT/ours/_build_case1/HElib-patched/src/Ctxt.cpp:409]
  mul_MatMul1DExec: 108.443 / 6 = 18.0738   [$ARTIFACT/ours/_build_case1/HElib-patched/src/matmul.cpp:975]
  multByConstant: 16.5289 / 2236 = 0.00739217   [$ARTIFACT/ours/_build_case1/HElib-patched/src/Ctxt.cpp:1884]
  multByConstant: 0.109855 / 1 = 0.109855   [$ARTIFACT/ours/_build_case1/HElib-patched/src/Ctxt.cpp:1910]
  multLowLvl: 63.4861 / 75 = 0.846481   [$ARTIFACT/ours/_build_case1/HElib-patched/src/Ctxt.cpp:1733]
  multiplyBy: 56.3737 / 32 = 1.76168   [$ARTIFACT/ours/_build_case1/HElib-patched/src/Ctxt.cpp:1809]
  privateAssign: 4.52662 / 997 = 0.00454024   [$ARTIFACT/ours/_build_case1/HElib-patched/src/Ctxt.cpp:329]
  randomize: 6.90294 / 655 = 0.0105388   [$ARTIFACT/ours/_build_case1/HElib-patched/src/DoubleCRT.cpp:1318]
  randomize_stream: 3.8527 / 4006007 = 9.61732e-07   [$ARTIFACT/ours/_build_case1/HElib-patched/src/DoubleCRT.cpp:1348]
  reLinearize: 98.6722 / 252 = 0.391556   [$ARTIFACT/ours/_build_case1/HElib-patched/src/Ctxt.cpp:736]
  smartAutomorph: 37.0367 / 78 = 0.474829   [$ARTIFACT/ours/_build_case1/HElib-patched/src/Ctxt.cpp:2514]
  thinReCrypt: 262.74 / 1 = 262.74   [$ARTIFACT/ours/_build_case1/HElib-patched/src/recryption.cpp:1872]
  toPoly: 67.7782 / 999 = 0.067846   [$ARTIFACT/ours/_build_case1/HElib-patched/src/DoubleCRT.cpp:985]
  toPoly_CRT: 11.1208 / 999 = 0.0111319   [$ARTIFACT/ours/_build_case1/HElib-patched/src/DoubleCRT.cpp:1052]
  toPoly_FFT: 55.8322 / 999 = 0.0558881   [$ARTIFACT/ours/_build_case1/HElib-patched/src/DoubleCRT.cpp:1030]
  rusage.ru_maxrss=30226328
||||| stats |||||
KS-noise-ratio ave=0.562641 max=26.9165
KS-noise-ratio-hoist ave=2571.03 max=20568.2
break-into-digits-ratio ave=0.323776 max=0.40025
excess-ctxtPrimes ave=11.1674 max=11.1674
excess-specialPrimes ave=7.20471 max=7.20471
mod-switch-added-noise ave=0.322566 max=0.380449
ptxt_rat_sk ave=0.00180899 max=0.00180899
ptxt_rat_sk ave=0.3046 max=0.3046
raw-mod-switch-noise ave=0.317366 max=0.317366
window1-nchoices ave=4.8 max=7
window1-out ave=0 max=0
window2-nchoices ave=3.58571 max=7
window2-out ave=0 max=0
||||| stats |||||
KS-noise-ratio ave=0.562641 max=26.9165
KS-noise-ratio-hoist ave=2571.03 max=20568.2
break-into-digits-ratio ave=0.323776 max=0.40025
excess-ctxtPrimes ave=11.1674 max=11.1674
excess-specialPrimes ave=7.20471 max=7.20471
mod-switch-added-noise ave=0.322566 max=0.380449
ptxt_rat_sk ave=0.00180899 max=0.00180899
ptxt_rat_sk ave=0.3046 max=0.3046
raw-mod-switch-noise ave=0.317366 max=0.317366
window1-nchoices ave=4.8 max=7
window1-out ave=0 max=0
window2-nchoices ave=3.58571 max=7
window2-out ave=0 max=0
WALL=747.42 s MAXRSS=30226328 kB
exit=0 (BASELINE pass1)
########## SET 14 p=2971 m=49589 d=4 :: ORDER6 :: aux=55 :: pass1 :: 2026-09-14 08:53:24 ##########
chosen idx = 14
encapHwt = 12
t for new bts is -1
new bts ? 1
new ks ? 1
thick bts ?0
repeat times = 1
force bsgs = 0
force hoist = 0
*** GTestFatboot: p=2971, r=1, bits=1320, t=0, c=3, m=49589 mvec=[17 2917], gens=[20420 26878], ords=[16 729]
Computing key-independent tables...using HELIB_EXPLICIT_AUX=55

t = -1
bound on I = 16.019619
log2(aux) = 5.781360
log2(beta) = 26.027332
log2(qks) >= 34.501971, final log2(qks) = 34.502003
log2(R) >= 26.868340, final log2(R) = 26.886599
INFO: total bits = 1794.4, security level = 81.7334HELIB_ORDER6: A=55 aux=55 |closure|=1837 (inflation 1.49959) deg(P)=1835 |folded|=306
deg of poly for non-power-of-p aux is 1835
security=81.7334
# small primes = 6
# ctxt primes = 23
# bits in ctxt primes = 1331
# special primes = 8
# bits in special primes = 463
scale=10
 done in 432.366 seconds
  e=0, e'=0, t=12
  m = 49589, p = 2971, phi(m) = 46656
  ord(p) = 4
  normBnd = 1.61652
  polyNormBnd = 3.60677
  factors = [17 2917]
  generator 20420 has order (== Z_m^*) of 16
  generator 26878 has order (== Z_m^*) of 729
r = 1
nslots = 11664
hwt = 120
ctxtPrimes = [6,7,8,9,10,11,12,13,14,15,16,17,18,19,20,21,22,23,24,25,26,27,28]
specialPrimes = [33,34,35,36,37,38,39,40]
number of bits = 1795

security level = 81.7334
Generating keys, Keys generated. Now genRecryptData...
computing key-dependent tables...Sparse boot key hwt = 12
genRecryptData done. recryptKeyID=1
lcAksBsgs=0 lcAksDelayed=0
Post-key setup done.
 done in 44.0343 seconds
Encrypt succeeded.
WARNING: KS-noise-ratio = 10.1484 > 1
WARNING: KS-noise-ratio = 25.4572 > 1
HELIB_AUX_ORDER4_EVAL enabled: order=6, deg(P)=1835, terms(P)=307, deg(Q)=305, terms(Q)=306
time for linear1 = 10.553799, linear2 = 97.429802, extract = 76.800993, total = 186.972111
bits for linear1 = 52.946566, linear2 = 54.055295, extract = 353.951170, min cap = 8.474671, after cap = 879.208480, after prod = 1287.214945
cap / time = 4.373846

### summary over 1 test
time for linear1 = 10.553799, linear2 = 97.429802, extract = 76.800993, total = 186.972111
bits for linear1 = 52.946566, linear2 = 54.055295, extract = 353.951170, min cap = 8.474671, after cap = 879.208480, after prod = 1287.214945
cap / time = 4.373846


### bts finished, everything ok ###

  AAA_bootKeySwitch: 49.9675 / 1 = 49.9675   [$ARTIFACT/ours/_build_case1/HElib-patched/src/recryption.cpp:1968]
  AAA_coeffToSlot: 49.2154 / 1 = 49.2154   [$ARTIFACT/ours/_build_case1/HElib-patched/src/recryption.cpp:2396]
  AAA_embeddingLargest: 0.862885 / 341 = 0.00253045   [$ARTIFACT/ours/_build_case1/HElib-patched/src/norms.cpp:250]
  AAA_embeddingLargest_x2: 0.537435 / 203 = 0.00264746   [$ARTIFACT/ours/_build_case1/HElib-patched/src/norms.cpp:423]
  AAA_extractDigitsThin: 76.8001 / 1 = 76.8001   [$ARTIFACT/ours/_build_case1/HElib-patched/src/recryption.cpp:2449]
  AAA_modDownEnbeddings: 0.60578 / 203 = 0.00298414   [$ARTIFACT/ours/_build_case1/HElib-patched/src/Ctxt.cpp:506]
  AAA_slotToCoeff: 10.5537 / 1 = 10.5537   [$ARTIFACT/ours/_build_case1/HElib-patched/src/recryption.cpp:1954]
  BasicAutomorphPrecon: 4.09147 / 8 = 0.511434   [$ARTIFACT/ours/_build_case1/HElib-patched/src/matmul.cpp:69]
  BluesteinFFT: 73.1544 / 20372 = 0.00359093   [$ARTIFACT/ours/_build_case1/HElib-patched/src/bluestein.cpp:141]
  Decrypt: 0.598852 / 1 = 0.598852   [$ARTIFACT/ours/_build_case1/HElib-patched/src/keys.cpp:1350]
  DoubleCRT: 37.5016 / 443 = 0.0846537   [$ARTIFACT/ours/_build_case1/HElib-patched/src/DoubleCRT.cpp:718]
  FFT: 54.2836 / 14475 = 0.00375016   [$ARTIFACT/ours/_build_case1/HElib-patched/src/CModulus.cpp:479]
  FFT: 66.3694 / 747 = 0.0888479   [$ARTIFACT/ours/_build_case1/HElib-patched/src/DoubleCRT.cpp:70]
  FFT: 66.3615 / 14475 = 0.00458456   [$ARTIFACT/ours/_build_case1/HElib-patched/src/CModulus.cpp:448]
  FFT_aux: 54.2724 / 14475 = 0.00374939   [$ARTIFACT/ours/_build_case1/HElib-patched/src/CModulus.cpp:360]
  FFT_remainder: 12.0689 / 14475 = 0.000833776   [$ARTIFACT/ours/_build_case1/HElib-patched/src/CModulus.cpp:455]
  KS_loop: 15.6308 / 591 = 0.026448   [$ARTIFACT/ours/_build_case1/HElib-patched/src/Ctxt.cpp:219]
  KS_loop_1: 2.51661 / 591 = 0.00425822   [$ARTIFACT/ours/_build_case1/HElib-patched/src/Ctxt.cpp:227]
  KS_loop_2: 2.17664 / 591 = 0.00368298   [$ARTIFACT/ours/_build_case1/HElib-patched/src/Ctxt.cpp:231]
  KS_loop_3: 2.91459 / 591 = 0.00493163   [$ARTIFACT/ours/_build_case1/HElib-patched/src/Ctxt.cpp:236]
  KS_loop_4: 0.852303 / 591 = 0.00144214   [$ARTIFACT/ours/_build_case1/HElib-patched/src/Ctxt.cpp:240]
  NORM_VAL: 1.6363 / 303 = 0.00540034   [$ARTIFACT/ours/_build_case1/HElib-patched/src/DoubleCRT.cpp:541]
  addConstant: 0.198856 / 22 = 0.00903891   [$ARTIFACT/ours/_build_case1/HElib-patched/src/Ctxt.cpp:2197]
  addCtxt: 11.6255 / 2629 = 0.00442202   [$ARTIFACT/ours/_build_case1/HElib-patched/src/Ctxt.cpp:1458]
  addPart: 4.57538 / 1482 = 0.0030873   [$ARTIFACT/ours/_build_case1/HElib-patched/src/Ctxt.cpp:905]
  addPrimes: 46.2104 / 304 = 0.152008   [$ARTIFACT/ours/_build_case1/HElib-patched/src/DoubleCRT.cpp:625]
  addPrimes_5: 48.5074 / 303 = 0.16009   [$ARTIFACT/ours/_build_case1/HElib-patched/src/DoubleCRT.cpp:518]
  automorph: 13.5809 / 135 = 0.1006   [$ARTIFACT/ours/_build_case1/HElib-patched/src/matmul.cpp:117]
  automorph: 0.283155 / 78 = 0.00363019   [$ARTIFACT/ours/_build_case1/HElib-patched/src/Ctxt.cpp:2489]
  breakIntoDigits: 48.7461 / 120 = 0.406217   [$ARTIFACT/ours/_build_case1/HElib-patched/src/DoubleCRT.cpp:481]
  decode: 15.2099 / 1 = 15.2099   [$ARTIFACT/ours/_build_case1/HElib-patched/src/EncryptedArray.cpp:375]
  do_mul: 21.4695 / 5827 = 0.00368449   [$ARTIFACT/ours/_build_case1/HElib-patched/src/DoubleCRT.cpp:280]
  extractDigitsThin: 76.8001 / 1 = 76.8001   [$ARTIFACT/ours/_build_case1/HElib-patched/src/recryption.cpp:1597]
  iFFT: 35.003 / 5897 = 0.00593573   [$ARTIFACT/ours/_build_case1/HElib-patched/src/CModulus.cpp:488]
  iFFT_division: 12.492 / 5897 = 0.00211837   [$ARTIFACT/ours/_build_case1/HElib-patched/src/CModulus.cpp:570]
  keySwitchPart: 53.2923 / 113 = 0.471613   [$ARTIFACT/ours/_build_case1/HElib-patched/src/Ctxt.cpp:836]
  modDownToSet: 72.4925 / 283 = 0.256157   [$ARTIFACT/ours/_build_case1/HElib-patched/src/Ctxt.cpp:409]
  mul_MatMul1DExec: 105.363 / 6 = 17.5605   [$ARTIFACT/ours/_build_case1/HElib-patched/src/matmul.cpp:975]
  multByConstant: 15.5504 / 2236 = 0.00695458   [$ARTIFACT/ours/_build_case1/HElib-patched/src/Ctxt.cpp:1884]
  multByConstant: 0.110049 / 1 = 0.110049   [$ARTIFACT/ours/_build_case1/HElib-patched/src/Ctxt.cpp:1910]
  multLowLvl: 32.9983 / 43 = 0.767403   [$ARTIFACT/ours/_build_case1/HElib-patched/src/Ctxt.cpp:1733]
  multiplyBy: 36.2489 / 22 = 1.64768   [$ARTIFACT/ours/_build_case1/HElib-patched/src/Ctxt.cpp:1809]
  privateAssign: 2.39845 / 585 = 0.00409992   [$ARTIFACT/ours/_build_case1/HElib-patched/src/Ctxt.cpp:329]
  randomize: 6.23121 / 591 = 0.0105435   [$ARTIFACT/ours/_build_case1/HElib-patched/src/DoubleCRT.cpp:1318]
  randomize_stream: 3.49821 / 3613230 = 9.68167e-07   [$ARTIFACT/ours/_build_case1/HElib-patched/src/DoubleCRT.cpp:1348]
  reLinearize: 69.9524 / 225 = 0.310899   [$ARTIFACT/ours/_build_case1/HElib-patched/src/Ctxt.cpp:736]
  smartAutomorph: 36.1054 / 78 = 0.462889   [$ARTIFACT/ours/_build_case1/HElib-patched/src/Ctxt.cpp:2514]
  thinReCrypt: 186.981 / 1 = 186.981   [$ARTIFACT/ours/_build_case1/HElib-patched/src/recryption.cpp:1872]
  toPoly: 46.0636 / 746 = 0.0617475   [$ARTIFACT/ours/_build_case1/HElib-patched/src/DoubleCRT.cpp:985]
  toPoly_CRT: 7.65122 / 746 = 0.0102563   [$ARTIFACT/ours/_build_case1/HElib-patched/src/DoubleCRT.cpp:1052]
  toPoly_FFT: 37.8412 / 746 = 0.0507254   [$ARTIFACT/ours/_build_case1/HElib-patched/src/DoubleCRT.cpp:1030]
  rusage.ru_maxrss=29990392
||||| stats |||||
KS-noise-ratio ave=0.323785 max=25.4572
KS-noise-ratio-hoist ave=2693.95 max=21551.6
break-into-digits-ratio ave=0.321144 max=0.415812
excess-ctxtPrimes ave=11.1674 max=11.1674
excess-specialPrimes ave=7.20471 max=7.20471
mod-switch-added-noise ave=0.325438 max=0.379321
ptxt_rat_sk ave=0.0018339 max=0.0018339
ptxt_rat_sk ave=0.322046 max=0.322046
raw-mod-switch-noise ave=0.310746 max=0.310746
window1-nchoices ave=5.25 max=9
window1-out ave=0 max=0
window2-nchoices ave=4.30769 max=9
window2-out ave=0 max=0
||||| stats |||||
KS-noise-ratio ave=0.323785 max=25.4572
KS-noise-ratio-hoist ave=2693.95 max=21551.6
break-into-digits-ratio ave=0.321144 max=0.415812
excess-ctxtPrimes ave=11.1674 max=11.1674
excess-specialPrimes ave=7.20471 max=7.20471
mod-switch-added-noise ave=0.325438 max=0.379321
ptxt_rat_sk ave=0.0018339 max=0.0018339
ptxt_rat_sk ave=0.322046 max=0.322046
raw-mod-switch-noise ave=0.310746 max=0.310746
window1-nchoices ave=5.25 max=9
window1-out ave=0 max=0
window2-nchoices ave=4.30769 max=9
window2-out ave=0 max=0
WALL=687.16 s MAXRSS=29990392 kB
exit=0 (ORDER6 pass1)
########## SET 14 p=2971 m=49589 d=4 :: ORDER6_COMPOSED :: aux=55 :: pass1 :: 2026-09-14 09:04:51 ##########
chosen idx = 14
encapHwt = 12
t for new bts is -1
new bts ? 1
new ks ? 1
thick bts ?0
repeat times = 1
force bsgs = 0
force hoist = 0
*** GTestFatboot: p=2971, r=1, bits=1320, t=0, c=3, m=49589 mvec=[17 2917], gens=[20420 26878], ords=[16 729]
Computing key-independent tables...using HELIB_EXPLICIT_AUX=55

t = -1
bound on I = 16.019619
log2(aux) = 5.781360
log2(beta) = 26.027332
log2(qks) >= 34.501971, final log2(qks) = 34.502003
log2(R) >= 26.868340, final log2(R) = 26.886599
INFO: total bits = 1794.4, security level = 81.7334HELIB_ORDER6: A=55 aux=55 |closure|=1837 (inflation 1.49959) deg(P)=1835 |folded|=306
HELIB_COMPOSED_EVAL: order=6 d=4 |folded support|=306 degQ=305 padded to n'=308
HELIB_COMPOSED_EVAL: norm form c=838 degC=77 (search 33.6788s)
deg of poly for non-power-of-p aux is 1835
security=81.7334
# small primes = 6
# ctxt primes = 23
# bits in ctxt primes = 1331
# special primes = 8
# bits in special primes = 463
scale=10
 done in 462.134 seconds
  e=0, e'=0, t=12
  m = 49589, p = 2971, phi(m) = 46656
  ord(p) = 4
  normBnd = 1.61652
  polyNormBnd = 3.60677
  factors = [17 2917]
  generator 20420 has order (== Z_m^*) of 16
  generator 26878 has order (== Z_m^*) of 729
r = 1
nslots = 11664
hwt = 120
ctxtPrimes = [6,7,8,9,10,11,12,13,14,15,16,17,18,19,20,21,22,23,24,25,26,27,28]
specialPrimes = [33,34,35,36,37,38,39,40]
number of bits = 1795

security level = 81.7334
Generating keys, Keys generated. Now genRecryptData...
computing key-dependent tables...Sparse boot key hwt = 12
genRecryptData done. recryptKeyID=1
lcAksBsgs=0 lcAksDelayed=0
Post-key setup done.
 done in 40.9613 seconds
Encrypt succeeded.
WARNING: KS-noise-ratio = 1.0649 > 1
WARNING: KS-noise-ratio = 9.48821 > 1
WARNING: KS-noise-ratio = 8.84935 > 1
HELIB_COMPOSED_EVAL active: order=6 degC=77 d=4
time for linear1 = 10.325774, linear2 = 99.273163, extract = 51.153652, total = 162.909036
bits for linear1 = 52.944636, linear2 = 54.055948, extract = 475.264673, min cap = 8.474671, after cap = 757.918733, after prod = 1287.239354
cap / time = 4.275389

### summary over 1 test
time for linear1 = 10.325774, linear2 = 99.273163, extract = 51.153652, total = 162.909036
bits for linear1 = 52.944636, linear2 = 54.055948, extract = 475.264673, min cap = 8.474671, after cap = 757.918733, after prod = 1287.239354
cap / time = 4.275389


### bts finished, everything ok ###

  AAA_bootKeySwitch: 50.1504 / 1 = 50.1504   [$ARTIFACT/ours/_build_case1/HElib-patched/src/recryption.cpp:1968]
  AAA_coeffToSlot: 50.8345 / 1 = 50.8345   [$ARTIFACT/ours/_build_case1/HElib-patched/src/recryption.cpp:2396]
  AAA_embeddingLargest: 0.951399 / 378 = 0.00251693   [$ARTIFACT/ours/_build_case1/HElib-patched/src/norms.cpp:250]
  AAA_embeddingLargest_x2: 0.416672 / 154 = 0.00270566   [$ARTIFACT/ours/_build_case1/HElib-patched/src/norms.cpp:423]
  AAA_extractDigitsThin: 51.153 / 1 = 51.153   [$ARTIFACT/ours/_build_case1/HElib-patched/src/recryption.cpp:2449]
  AAA_modDownEnbeddings: 0.462972 / 154 = 0.00300631   [$ARTIFACT/ours/_build_case1/HElib-patched/src/Ctxt.cpp:506]
  AAA_slotToCoeff: 10.3257 / 1 = 10.3257   [$ARTIFACT/ours/_build_case1/HElib-patched/src/recryption.cpp:1954]
  BasicAutomorphPrecon: 4.0883 / 8 = 0.511038   [$ARTIFACT/ours/_build_case1/HElib-patched/src/matmul.cpp:69]
  BluesteinFFT: 64.9696 / 18133 = 0.00358295   [$ARTIFACT/ours/_build_case1/HElib-patched/src/bluestein.cpp:141]
  Decrypt: 0.661643 / 1 = 0.661643   [$ARTIFACT/ours/_build_case1/HElib-patched/src/keys.cpp:1350]
  DoubleCRT: 35.2192 / 412 = 0.0854835   [$ARTIFACT/ours/_build_case1/HElib-patched/src/DoubleCRT.cpp:718]
  FFT: 51.062 / 13641 = 0.00374327   [$ARTIFACT/ours/_build_case1/HElib-patched/src/CModulus.cpp:479]
  FFT: 61.1308 / 685 = 0.0892421   [$ARTIFACT/ours/_build_case1/HElib-patched/src/DoubleCRT.cpp:70]
  FFT: 61.1234 / 13641 = 0.00448086   [$ARTIFACT/ours/_build_case1/HElib-patched/src/CModulus.cpp:448]
  FFT_aux: 51.0516 / 13641 = 0.00374251   [$ARTIFACT/ours/_build_case1/HElib-patched/src/CModulus.cpp:360]
  FFT_remainder: 10.0537 / 13641 = 0.000737024   [$ARTIFACT/ours/_build_case1/HElib-patched/src/CModulus.cpp:455]
  KS_loop: 15.0639 / 561 = 0.0268519   [$ARTIFACT/ours/_build_case1/HElib-patched/src/Ctxt.cpp:219]
  KS_loop_1: 2.3878 / 561 = 0.00425632   [$ARTIFACT/ours/_build_case1/HElib-patched/src/Ctxt.cpp:227]
  KS_loop_2: 2.26385 / 561 = 0.00403539   [$ARTIFACT/ours/_build_case1/HElib-patched/src/Ctxt.cpp:231]
  KS_loop_3: 2.76345 / 561 = 0.00492594   [$ARTIFACT/ours/_build_case1/HElib-patched/src/Ctxt.cpp:236]
  KS_loop_4: 0.820349 / 561 = 0.0014623   [$ARTIFACT/ours/_build_case1/HElib-patched/src/Ctxt.cpp:240]
  NORM_VAL: 1.47561 / 273 = 0.00540516   [$ARTIFACT/ours/_build_case1/HElib-patched/src/DoubleCRT.cpp:541]
  addCtxt: 5.80812 / 2401 = 0.00241904   [$ARTIFACT/ours/_build_case1/HElib-patched/src/Ctxt.cpp:1458]
  addPart: 4.54779 / 1391 = 0.00326944   [$ARTIFACT/ours/_build_case1/HElib-patched/src/Ctxt.cpp:905]
  addPrimes: 41.8807 / 274 = 0.152849   [$ARTIFACT/ours/_build_case1/HElib-patched/src/DoubleCRT.cpp:625]
  addPrimes_5: 43.9496 / 273 = 0.160987   [$ARTIFACT/ours/_build_case1/HElib-patched/src/DoubleCRT.cpp:518]
  automorph: 13.5675 / 135 = 0.1005   [$ARTIFACT/ours/_build_case1/HElib-patched/src/matmul.cpp:117]
  automorph: 0.303135 / 80 = 0.00378919   [$ARTIFACT/ours/_build_case1/HElib-patched/src/Ctxt.cpp:2489]
  breakIntoDigits: 44.1868 / 112 = 0.394525   [$ARTIFACT/ours/_build_case1/HElib-patched/src/DoubleCRT.cpp:481]
  decode: 15.8177 / 1 = 15.8177   [$ARTIFACT/ours/_build_case1/HElib-patched/src/EncryptedArray.cpp:375]
  do_mul: 22.1293 / 5825 = 0.00379902   [$ARTIFACT/ours/_build_case1/HElib-patched/src/DoubleCRT.cpp:280]
  extractDigitsThin: 51.153 / 1 = 51.153   [$ARTIFACT/ours/_build_case1/HElib-patched/src/recryption.cpp:1597]
  frobeniusAutomorph: 1.66412 / 2 = 0.832058   [$ARTIFACT/ours/_build_case1/HElib-patched/src/Ctxt.cpp:2578]
  iFFT: 26.6838 / 4492 = 0.00594029   [$ARTIFACT/ours/_build_case1/HElib-patched/src/CModulus.cpp:488]
  iFFT_division: 9.53807 / 4492 = 0.00212335   [$ARTIFACT/ours/_build_case1/HElib-patched/src/CModulus.cpp:570]
  keySwitchPart: 48.0573 / 105 = 0.457689   [$ARTIFACT/ours/_build_case1/HElib-patched/src/Ctxt.cpp:836]
  modDownToSet: 51.4906 / 235 = 0.219109   [$ARTIFACT/ours/_build_case1/HElib-patched/src/Ctxt.cpp:409]
  mul_MatMul1DExec: 106.96 / 6 = 17.8266   [$ARTIFACT/ours/_build_case1/HElib-patched/src/matmul.cpp:975]
  multByConstant: 16.72 / 2305 = 0.00725378   [$ARTIFACT/ours/_build_case1/HElib-patched/src/Ctxt.cpp:1884]
  multByConstant: 8.51344 / 70 = 0.121621   [$ARTIFACT/ours/_build_case1/HElib-patched/src/Ctxt.cpp:1910]
  multLowLvl: 17.1794 / 23 = 0.746932   [$ARTIFACT/ours/_build_case1/HElib-patched/src/Ctxt.cpp:1733]
  multiplyBy: 37.1047 / 23 = 1.61325   [$ARTIFACT/ours/_build_case1/HElib-patched/src/Ctxt.cpp:1809]
  privateAssign: 1.15587 / 388 = 0.00297905   [$ARTIFACT/ours/_build_case1/HElib-patched/src/Ctxt.cpp:329]
  randomize: 5.89891 / 561 = 0.010515   [$ARTIFACT/ours/_build_case1/HElib-patched/src/DoubleCRT.cpp:1318]
  randomize_stream: 3.31695 / 3428967 = 9.67331e-07   [$ARTIFACT/ours/_build_case1/HElib-patched/src/DoubleCRT.cpp:1348]
  reLinearize: 58.3211 / 224 = 0.260362   [$ARTIFACT/ours/_build_case1/HElib-patched/src/Ctxt.cpp:736]
  smartAutomorph: 38.1957 / 80 = 0.477446   [$ARTIFACT/ours/_build_case1/HElib-patched/src/Ctxt.cpp:2514]
  thinReCrypt: 162.921 / 1 = 162.921   [$ARTIFACT/ours/_build_case1/HElib-patched/src/recryption.cpp:1872]
  toPoly: 35.7269 / 607 = 0.0588581   [$ARTIFACT/ours/_build_case1/HElib-patched/src/DoubleCRT.cpp:985]
  toPoly_CRT: 6.10398 / 607 = 0.010056   [$ARTIFACT/ours/_build_case1/HElib-patched/src/DoubleCRT.cpp:1052]
  toPoly_FFT: 29.1288 / 607 = 0.0479881   [$ARTIFACT/ours/_build_case1/HElib-patched/src/DoubleCRT.cpp:1030]
  rusage.ru_maxrss=29882692
||||| stats |||||
KS-noise-ratio ave=0.185992 max=9.48821
KS-noise-ratio-hoist ave=2503.31 max=20026.4
break-into-digits-ratio ave=0.320642 max=0.399593
excess-ctxtPrimes ave=11.1674 max=11.1674
excess-specialPrimes ave=7.20471 max=7.20471
mod-switch-added-noise ave=0.324863 max=0.38712
ptxt_rat_sk ave=0.0018548 max=0.0018548
ptxt_rat_sk ave=0.313224 max=0.313224
raw-mod-switch-noise ave=0.317648 max=0.317648
window1-nchoices ave=6.25 max=9
window1-out ave=0 max=0
window2-nchoices ave=5.21053 max=9
window2-out ave=0 max=0
||||| stats |||||
KS-noise-ratio ave=0.185992 max=9.48821
KS-noise-ratio-hoist ave=2503.31 max=20026.4
break-into-digits-ratio ave=0.320642 max=0.399593
excess-ctxtPrimes ave=11.1674 max=11.1674
excess-specialPrimes ave=7.20471 max=7.20471
mod-switch-added-noise ave=0.324863 max=0.38712
ptxt_rat_sk ave=0.0018548 max=0.0018548
ptxt_rat_sk ave=0.313224 max=0.313224
raw-mod-switch-noise ave=0.317648 max=0.317648
window1-nchoices ave=6.25 max=9
window1-out ave=0 max=0
window2-nchoices ave=5.21053 max=9
window2-out ave=0 max=0
WALL=690.87 s MAXRSS=29882692 kB
exit=0 (ORDER6_COMPOSED pass1)
SET_DONE 14
########## SET 14 p=2971 m=49589 d=4 :: NORMONLY :: aux=55 :: pass1 :: h=12 :: 2026-09-15 05:44:34 ##########
chosen idx = 14
encapHwt = 12
t for new bts is -1
new bts ? 1
new ks ? 1
thick bts ?0
repeat times = 1
force bsgs = 0
force hoist = 0
*** GTestFatboot: p=2971, r=1, bits=1320, t=0, c=3, m=49589 mvec=[17 2917], gens=[20420 26878], ords=[16 729]
Computing key-independent tables...using HELIB_EXPLICIT_AUX=55

t = -1
bound on I = 16.019619
log2(aux) = 5.781360
log2(beta) = 26.027332
log2(qks) >= 34.501971, final log2(qks) = 34.502003
log2(R) >= 26.868340, final log2(R) = 26.886599
INFO: total bits = 1794.4, security level = 81.7334HELIB_NORMONLY: order=1, norm map on the unfiltered P_A, deg(P)=1223
HELIB_COMPOSED_EVAL: order=1 d=4 |folded support|=1224 degQ=1223 padded to n'=1224
HELIB_COMPOSED_EVAL: no norm form found; staying on P-S
deg of poly for non-power-of-p aux is 1223
security=81.7334
# small primes = 6
# ctxt primes = 23
# bits in ctxt primes = 1331
# special primes = 8
# bits in special primes = 463
scale=10
 done in 1273.2 seconds
  e=0, e'=0, t=12
  m = 49589, p = 2971, phi(m) = 46656
  ord(p) = 4
  normBnd = 1.61652
  polyNormBnd = 3.60677
  factors = [17 2917]
  generator 20420 has order (== Z_m^*) of 16
  generator 26878 has order (== Z_m^*) of 729
r = 1
nslots = 11664
hwt = 120
ctxtPrimes = [6,7,8,9,10,11,12,13,14,15,16,17,18,19,20,21,22,23,24,25,26,27,28]
specialPrimes = [33,34,35,36,37,38,39,40]
number of bits = 1795

security level = 81.7334
Generating keys, Keys generated. Now genRecryptData...
computing key-dependent tables...Sparse boot key hwt = 12
genRecryptData done. recryptKeyID=1
lcAksBsgs=0 lcAksDelayed=0
Post-key setup done.
 done in 43.151 seconds
Encrypt succeeded.
WARNING: KS-noise-ratio = 1.03971 > 1
WARNING: KS-noise-ratio = 4.58832 > 1
WARNING: KS-noise-ratio = 26.8724 > 1
WARNING: KS-noise-ratio = 9.95759 > 1
WARNING: KS-noise-ratio = 27.4501 > 1
HELIB_AUX_ORDER4_EVAL enabled: order=1, deg(P)=1223, terms(P)=612, deg(Q)=1223, terms(Q)=612
time for linear1 = 10.532262, linear2 = 103.628464, extract = 150.098760, total = 266.534929
bits for linear1 = 52.983302, linear2 = 54.058022, extract = 298.916101, min cap = 8.474671, after cap = 934.249477, after prod = 1287.223600
cap / time = 3.274586

### summary over 1 test
time for linear1 = 10.532262, linear2 = 103.628464, extract = 150.098760, total = 266.534929
bits for linear1 = 52.983302, linear2 = 54.058022, extract = 298.916101, min cap = 8.474671, after cap = 934.249477, after prod = 1287.223600
cap / time = 3.274586


### bts finished, everything ok ###

  AAA_bootKeySwitch: 54.6292 / 1 = 54.6292   [$ARTIFACT/ours/_build_case1/HElib-patched/src/recryption.cpp:1968]
  AAA_coeffToSlot: 50.7979 / 1 = 50.7979   [$ARTIFACT/ours/_build_case1/HElib-patched/src/recryption.cpp:2396]
  AAA_embeddingLargest: 1.16098 / 426 = 0.00272531   [$ARTIFACT/ours/_build_case1/HElib-patched/src/norms.cpp:250]
  AAA_embeddingLargest_x2: 0.779551 / 287 = 0.00271621   [$ARTIFACT/ours/_build_case1/HElib-patched/src/norms.cpp:423]
  AAA_extractDigitsThin: 150.097 / 1 = 150.097   [$ARTIFACT/ours/_build_case1/HElib-patched/src/recryption.cpp:2449]
  AAA_modDownEnbeddings: 0.897016 / 287 = 0.00312549   [$ARTIFACT/ours/_build_case1/HElib-patched/src/Ctxt.cpp:506]
  AAA_slotToCoeff: 10.5321 / 1 = 10.5321   [$ARTIFACT/ours/_build_case1/HElib-patched/src/recryption.cpp:1954]
  BasicAutomorphPrecon: 4.39919 / 8 = 0.549898   [$ARTIFACT/ours/_build_case1/HElib-patched/src/matmul.cpp:69]
  BluesteinFFT: 106.171 / 28604 = 0.00371176   [$ARTIFACT/ours/_build_case1/HElib-patched/src/bluestein.cpp:141]
  Decrypt: 0.629002 / 1 = 0.629002   [$ARTIFACT/ours/_build_case1/HElib-patched/src/keys.cpp:1350]
  DoubleCRT: 59.1277 / 632 = 0.0935565   [$ARTIFACT/ours/_build_case1/HElib-patched/src/DoubleCRT.cpp:718]
  FFT: 77.87 / 20111 = 0.00387201   [$ARTIFACT/ours/_build_case1/HElib-patched/src/CModulus.cpp:479]
  FFT: 96.2079 / 1000 = 0.0962079   [$ARTIFACT/ours/_build_case1/HElib-patched/src/DoubleCRT.cpp:70]
  FFT: 96.195 / 20111 = 0.0047832   [$ARTIFACT/ours/_build_case1/HElib-patched/src/CModulus.cpp:448]
  FFT_aux: 77.852 / 20111 = 0.00387112   [$ARTIFACT/ours/_build_case1/HElib-patched/src/CModulus.cpp:360]
  FFT_remainder: 18.3084 / 20111 = 0.000910367   [$ARTIFACT/ours/_build_case1/HElib-patched/src/CModulus.cpp:455]
  KS_loop: 18.094 / 655 = 0.0276245   [$ARTIFACT/ours/_build_case1/HElib-patched/src/Ctxt.cpp:219]
  KS_loop_1: 2.98966 / 655 = 0.00456437   [$ARTIFACT/ours/_build_case1/HElib-patched/src/Ctxt.cpp:227]
  KS_loop_2: 2.4756 / 655 = 0.00377954   [$ARTIFACT/ours/_build_case1/HElib-patched/src/Ctxt.cpp:231]
  KS_loop_3: 3.05752 / 655 = 0.00466796   [$ARTIFACT/ours/_build_case1/HElib-patched/src/Ctxt.cpp:236]
  KS_loop_4: 1.04339 / 655 = 0.00159296   [$ARTIFACT/ours/_build_case1/HElib-patched/src/Ctxt.cpp:240]
  NORM_VAL: 2.09116 / 367 = 0.00569798   [$ARTIFACT/ours/_build_case1/HElib-patched/src/DoubleCRT.cpp:541]
  addCtxt: 24.0803 / 3546 = 0.00679085   [$ARTIFACT/ours/_build_case1/HElib-patched/src/Ctxt.cpp:1458]
  addPart: 5.48641 / 1630 = 0.0033659   [$ARTIFACT/ours/_build_case1/HElib-patched/src/Ctxt.cpp:905]
  addPrimes: 59.3057 / 368 = 0.161157   [$ARTIFACT/ours/_build_case1/HElib-patched/src/DoubleCRT.cpp:625]
  addPrimes_5: 62.2598 / 367 = 0.169645   [$ARTIFACT/ours/_build_case1/HElib-patched/src/DoubleCRT.cpp:518]
  automorph: 14.3386 / 135 = 0.106212   [$ARTIFACT/ours/_build_case1/HElib-patched/src/matmul.cpp:117]
  automorph: 0.321005 / 78 = 0.00411545   [$ARTIFACT/ours/_build_case1/HElib-patched/src/Ctxt.cpp:2489]
  breakIntoDigits: 62.6041 / 141 = 0.444001   [$ARTIFACT/ours/_build_case1/HElib-patched/src/DoubleCRT.cpp:481]
  decode: 16.1053 / 1 = 16.1053   [$ARTIFACT/ours/_build_case1/HElib-patched/src/EncryptedArray.cpp:375]
  do_mul: 23.0327 / 6083 = 0.00378641   [$ARTIFACT/ours/_build_case1/HElib-patched/src/DoubleCRT.cpp:280]
  extractDigitsThin: 150.097 / 1 = 150.097   [$ARTIFACT/ours/_build_case1/HElib-patched/src/recryption.cpp:1597]
  iFFT: 52.3892 / 8493 = 0.00616852   [$ARTIFACT/ours/_build_case1/HElib-patched/src/CModulus.cpp:488]
  iFFT_division: 18.9293 / 8493 = 0.00222881   [$ARTIFACT/ours/_build_case1/HElib-patched/src/CModulus.cpp:570]
  keySwitchPart: 69.1793 / 134 = 0.516263   [$ARTIFACT/ours/_build_case1/HElib-patched/src/Ctxt.cpp:836]
  modDownToSet: 115.359 / 367 = 0.314328   [$ARTIFACT/ours/_build_case1/HElib-patched/src/Ctxt.cpp:409]
  mul_MatMul1DExec: 111.367 / 6 = 18.5611   [$ARTIFACT/ours/_build_case1/HElib-patched/src/matmul.cpp:975]
  multByConstant: 16.0798 / 2236 = 0.00719132   [$ARTIFACT/ours/_build_case1/HElib-patched/src/Ctxt.cpp:1884]
  multByConstant: 0.127541 / 1 = 0.127541   [$ARTIFACT/ours/_build_case1/HElib-patched/src/Ctxt.cpp:1910]
  multLowLvl: 63.7035 / 75 = 0.84938   [$ARTIFACT/ours/_build_case1/HElib-patched/src/Ctxt.cpp:1733]
  multiplyBy: 56.747 / 32 = 1.77334   [$ARTIFACT/ours/_build_case1/HElib-patched/src/Ctxt.cpp:1809]
  privateAssign: 4.53599 / 998 = 0.00454509   [$ARTIFACT/ours/_build_case1/HElib-patched/src/Ctxt.cpp:329]
  randomize: 7.27358 / 655 = 0.0111047   [$ARTIFACT/ours/_build_case1/HElib-patched/src/DoubleCRT.cpp:1318]
  randomize_stream: 4.09723 / 4006931 = 1.02254e-06   [$ARTIFACT/ours/_build_case1/HElib-patched/src/DoubleCRT.cpp:1348]
  reLinearize: 99.5597 / 252 = 0.395078   [$ARTIFACT/ours/_build_case1/HElib-patched/src/Ctxt.cpp:736]
  smartAutomorph: 37.72 / 78 = 0.483589   [$ARTIFACT/ours/_build_case1/HElib-patched/src/Ctxt.cpp:2514]
  thinReCrypt: 266.543 / 1 = 266.543   [$ARTIFACT/ours/_build_case1/HElib-patched/src/recryption.cpp:1872]
  toPoly: 68.6866 / 999 = 0.0687553   [$ARTIFACT/ours/_build_case1/HElib-patched/src/DoubleCRT.cpp:985]
  toPoly_CRT: 11.199 / 999 = 0.0112102   [$ARTIFACT/ours/_build_case1/HElib-patched/src/DoubleCRT.cpp:1052]
  toPoly_FFT: 56.8034 / 999 = 0.0568602   [$ARTIFACT/ours/_build_case1/HElib-patched/src/DoubleCRT.cpp:1030]
  rusage.ru_maxrss=30257276
||||| stats |||||
KS-noise-ratio ave=0.521703 max=27.4501
KS-noise-ratio-hoist ave=2402.68 max=19221.4
break-into-digits-ratio ave=0.324617 max=0.429288
excess-ctxtPrimes ave=11.1674 max=11.1674
excess-specialPrimes ave=7.20471 max=7.20471
mod-switch-added-noise ave=0.328652 max=0.39399
ptxt_rat_sk ave=0.00186544 max=0.00186544
ptxt_rat_sk ave=0.350726 max=0.350726
raw-mod-switch-noise ave=0.324093 max=0.324093
window1-nchoices ave=5.4 max=8
window1-out ave=0 max=0
window2-nchoices ave=3.55714 max=7
window2-out ave=0 max=0
||||| stats |||||
KS-noise-ratio ave=0.521703 max=27.4501
KS-noise-ratio-hoist ave=2402.68 max=19221.4
break-into-digits-ratio ave=0.324617 max=0.429288
excess-ctxtPrimes ave=11.1674 max=11.1674
excess-specialPrimes ave=7.20471 max=7.20471
mod-switch-added-noise ave=0.328652 max=0.39399
ptxt_rat_sk ave=0.00186544 max=0.00186544
ptxt_rat_sk ave=0.350726 max=0.350726
raw-mod-switch-noise ave=0.324093 max=0.324093
window1-nchoices ave=5.4 max=8
window1-out ave=0 max=0
window2-nchoices ave=3.55714 max=7
window2-out ave=0 max=0
WALL=1607.23 s MAXRSS=30257276 kB
exit=0 (NORMONLY pass1)
SET_DONE 14
