########## SET 16 p=13807 m=43837 d=7 :: BASELINE :: aux=118 :: pass1 :: 2026-09-14 11:00:03 ##########
chosen idx = 16
encapHwt = 12
t for new bts is -1
new bts ? 1
new ks ? 1
thick bts ?0
repeat times = 1
force bsgs = 0
force hoist = 0
*** GTestFatboot: p=13807, r=1, bits=1320, t=0, c=3, m=43837 mvec=[59 743], gens=[20062 5311], ords=[58 106]
Computing key-independent tables...using HELIB_EXPLICIT_AUX=118

t = -1
bound on I = 16.353148
log2(aux) = 6.882643
log2(beta) = 28.180161
log2(qks) >= 37.759879, final log2(qks) = 37.759882
log2(R) >= 27.776280, final log2(R) = 27.780709
INFO: total bits = 1786.54, security level = 77.1191deg of poly for non-power-of-p aux is 1223
security=77.1191
# small primes = 6
# ctxt primes = 23
# bits in ctxt primes = 1331
# special primes = 8
# bits in special primes = 455
scale=10
 done in 314.003 seconds
  e=0, e'=0, t=12
  m = 43837, p = 13807, phi(m) = 43036
  ord(p) = 7
  normBnd = 1.62075
  polyNormBnd = 4.89365
  factors = [59 743]
  generator 20062 has order (== Z_m^*) of 58
  generator 5311 has order (== Z_m^*) of 106
r = 1
nslots = 6148
hwt = 120
ctxtPrimes = [6,7,8,9,10,11,12,13,14,15,16,17,18,19,20,21,22,23,24,25,26,27,28]
specialPrimes = [33,34,35,36,37,38,39,40]
number of bits = 1787

security level = 77.1191
Generating keys, Keys generated. Now genRecryptData...
computing key-dependent tables...Sparse boot key hwt = 12
genRecryptData done. recryptKeyID=1
lcAksBsgs=0 lcAksDelayed=0
Post-key setup done.
 done in 40.951 seconds
Encrypt succeeded.
WARNING: KS-noise-ratio = 1.00244 > 1
WARNING: KS-noise-ratio = 381.906 > 1
WARNING: KS-noise-ratio = 1.24636 > 1
WARNING: KS-noise-ratio = 547.677 > 1
WARNING: KS-noise-ratio = 1.17977 > 1
WARNING: KS-noise-ratio = 1.20585 > 1
WARNING: KS-noise-ratio = 1.30944 > 1
WARNING: KS-noise-ratio = 1.3208 > 1
WARNING: KS-noise-ratio = 1.12987 > 1
WARNING: KS-noise-ratio = 1.01857 > 1
time for linear1 = 12.362341, linear2 = 105.856718, extract = 227.693012, total = 350.392904
bits for linear1 = 47.422999, linear2 = 51.432577, extract = 327.932676, min cap = 9.579721, after cap = 904.982573, after prod = 1284.347825
cap / time = 2.420083

### summary over 1 test
time for linear1 = 12.362341, linear2 = 105.856718, extract = 227.693012, total = 350.392904
bits for linear1 = 47.422999, linear2 = 51.432577, extract = 327.932676, min cap = 9.579721, after cap = 904.982573, after prod = 1284.347825
cap / time = 2.420083


### bts finished, everything ok ###

  AAA_bootKeySwitch: 57.2616 / 1 = 57.2616   [$ARTIFACT/ours/_build_case1/HElib-patched/src/recryption.cpp:1968]
  AAA_coeffToSlot: 52.2413 / 1 = 52.2413   [$ARTIFACT/ours/_build_case1/HElib-patched/src/recryption.cpp:2396]
  AAA_embeddingLargest: 1.70963 / 356 = 0.00480233   [$ARTIFACT/ours/_build_case1/HElib-patched/src/norms.cpp:250]
  AAA_embeddingLargest_x2: 1.10445 / 260 = 0.00424789   [$ARTIFACT/ours/_build_case1/HElib-patched/src/norms.cpp:423]
  AAA_extractDigitsThin: 227.689 / 1 = 227.689   [$ARTIFACT/ours/_build_case1/HElib-patched/src/recryption.cpp:2449]
  AAA_modDownEnbeddings: 1.29957 / 260 = 0.00499833   [$ARTIFACT/ours/_build_case1/HElib-patched/src/Ctxt.cpp:506]
  AAA_slotToCoeff: 12.3622 / 1 = 12.3622   [$ARTIFACT/ours/_build_case1/HElib-patched/src/recryption.cpp:1954]
  BasicAutomorphPrecon: 9.5967 / 8 = 1.19959   [$ARTIFACT/ours/_build_case1/HElib-patched/src/matmul.cpp:69]
  BluesteinFFT: 151.382 / 24855 = 0.00609059   [$ARTIFACT/ours/_build_case1/HElib-patched/src/bluestein.cpp:141]
  Decrypt: 0.813757 / 1 = 0.813757   [$ARTIFACT/ours/_build_case1/HElib-patched/src/keys.cpp:1350]
  DoubleCRT: 89.4185 / 578 = 0.154703   [$ARTIFACT/ours/_build_case1/HElib-patched/src/DoubleCRT.cpp:718]
  FFT: 114.455 / 17569 = 0.00651463   [$ARTIFACT/ours/_build_case1/HElib-patched/src/CModulus.cpp:479]
  FFT: 145.886 / 875 = 0.166727   [$ARTIFACT/ours/_build_case1/HElib-patched/src/DoubleCRT.cpp:70]
  FFT: 145.852 / 17569 = 0.00830166   [$ARTIFACT/ours/_build_case1/HElib-patched/src/CModulus.cpp:448]
  FFT_aux: 114.397 / 17569 = 0.00651131   [$ARTIFACT/ours/_build_case1/HElib-patched/src/CModulus.cpp:360]
  FFT_remainder: 31.359 / 17569 = 0.00178491   [$ARTIFACT/ours/_build_case1/HElib-patched/src/CModulus.cpp:455]
  KS_loop: 19.4893 / 435 = 0.0448031   [$ARTIFACT/ours/_build_case1/HElib-patched/src/Ctxt.cpp:219]
  KS_loop_1: 3.34372 / 435 = 0.00768672   [$ARTIFACT/ours/_build_case1/HElib-patched/src/Ctxt.cpp:227]
  KS_loop_2: 2.18119 / 435 = 0.00501422   [$ARTIFACT/ours/_build_case1/HElib-patched/src/Ctxt.cpp:231]
  KS_loop_3: 3.35018 / 435 = 0.00770157   [$ARTIFACT/ours/_build_case1/HElib-patched/src/Ctxt.cpp:236]
  KS_loop_4: 1.05773 / 435 = 0.00243157   [$ARTIFACT/ours/_build_case1/HElib-patched/src/Ctxt.cpp:240]
  NORM_VAL: 3.28732 / 297 = 0.0110684   [$ARTIFACT/ours/_build_case1/HElib-patched/src/DoubleCRT.cpp:541]
  addCtxt: 31.1251 / 1782 = 0.0174664   [$ARTIFACT/ours/_build_case1/HElib-patched/src/Ctxt.cpp:1458]
  addPart: 5.37601 / 1094 = 0.00491409   [$ARTIFACT/ours/_build_case1/HElib-patched/src/Ctxt.cpp:905]
  addPrimes: 90.3821 / 298 = 0.303296   [$ARTIFACT/ours/_build_case1/HElib-patched/src/DoubleCRT.cpp:625]
  addPrimes_5: 94.921 / 297 = 0.319599   [$ARTIFACT/ours/_build_case1/HElib-patched/src/DoubleCRT.cpp:518]
  automorph: 12.4835 / 69 = 0.180921   [$ARTIFACT/ours/_build_case1/HElib-patched/src/matmul.cpp:117]
  automorph: 0.527268 / 48 = 0.0109847   [$ARTIFACT/ours/_build_case1/HElib-patched/src/Ctxt.cpp:2489]
  breakIntoDigits: 95.4402 / 111 = 0.859822   [$ARTIFACT/ours/_build_case1/HElib-patched/src/DoubleCRT.cpp:481]
  decode: 21.0443 / 1 = 21.0443   [$ARTIFACT/ours/_build_case1/HElib-patched/src/EncryptedArray.cpp:375]
  do_mul: 12.7543 / 2157 = 0.00591298   [$ARTIFACT/ours/_build_case1/HElib-patched/src/DoubleCRT.cpp:280]
  extractDigitsThin: 227.689 / 1 = 227.689   [$ARTIFACT/ours/_build_case1/HElib-patched/src/recryption.cpp:1597]
  iFFT: 72.0918 / 7286 = 0.00989457   [$ARTIFACT/ours/_build_case1/HElib-patched/src/CModulus.cpp:488]
  iFFT_division: 26.4805 / 7286 = 0.00363444   [$ARTIFACT/ours/_build_case1/HElib-patched/src/CModulus.cpp:570]
  keySwitchPart: 101.07 / 104 = 0.971827   [$ARTIFACT/ours/_build_case1/HElib-patched/src/Ctxt.cpp:836]
  modDownToSet: 170.525 / 310 = 0.550082   [$ARTIFACT/ours/_build_case1/HElib-patched/src/Ctxt.cpp:409]
  mul_MatMul1DExec: 110.867 / 6 = 18.4778   [$ARTIFACT/ours/_build_case1/HElib-patched/src/matmul.cpp:975]
  multByConstant: 4.66269 / 493 = 0.00945779   [$ARTIFACT/ours/_build_case1/HElib-patched/src/Ctxt.cpp:1884]
  multByConstant: 0.217568 / 1 = 0.217568   [$ARTIFACT/ours/_build_case1/HElib-patched/src/Ctxt.cpp:1910]
  multLowLvl: 95.3468 / 75 = 1.27129   [$ARTIFACT/ours/_build_case1/HElib-patched/src/Ctxt.cpp:1733]
  multiplyBy: 102.327 / 32 = 3.19771   [$ARTIFACT/ours/_build_case1/HElib-patched/src/Ctxt.cpp:1809]
  privateAssign: 6.58005 / 940 = 0.00700006   [$ARTIFACT/ours/_build_case1/HElib-patched/src/Ctxt.cpp:329]
  randomize: 8.29639 / 435 = 0.0190722   [$ARTIFACT/ours/_build_case1/HElib-patched/src/DoubleCRT.cpp:1318]
  randomize_stream: 4.21689 / 2441865 = 1.72691e-06   [$ARTIFACT/ours/_build_case1/HElib-patched/src/DoubleCRT.cpp:1348]
  reLinearize: 145.482 / 198 = 0.73476   [$ARTIFACT/ours/_build_case1/HElib-patched/src/Ctxt.cpp:736]
  smartAutomorph: 48.355 / 48 = 1.0074   [$ARTIFACT/ours/_build_case1/HElib-patched/src/Ctxt.cpp:2514]
  thinReCrypt: 350.402 / 1 = 350.402   [$ARTIFACT/ours/_build_case1/HElib-patched/src/recryption.cpp:1872]
  toPoly: 99.0807 / 875 = 0.113235   [$ARTIFACT/ours/_build_case1/HElib-patched/src/DoubleCRT.cpp:985]
  toPoly_CRT: 18.9992 / 875 = 0.0217134   [$ARTIFACT/ours/_build_case1/HElib-patched/src/DoubleCRT.cpp:1052]
  toPoly_FFT: 79.0355 / 875 = 0.0903263   [$ARTIFACT/ours/_build_case1/HElib-patched/src/DoubleCRT.cpp:1030]
  rusage.ru_maxrss=10700600
||||| stats |||||
KS-noise-ratio ave=9.05464 max=547.677
KS-noise-ratio-hoist ave=559497 max=4.47597e+06
break-into-digits-ratio ave=0.32069 max=0.402655
excess-ctxtPrimes ave=11.4019 max=11.4019
excess-specialPrimes ave=1.60893 max=1.60893
mod-switch-added-noise ave=0.320991 max=0.397598
ptxt_rat_sk ave=0.00267076 max=0.00267076
ptxt_rat_sk ave=0.325274 max=0.325274
raw-mod-switch-noise ave=0.316731 max=0.316731
window1-nchoices ave=3.2 max=4
window1-out ave=0 max=0
window2-nchoices ave=3.72857 max=6
window2-out ave=0 max=0
||||| stats |||||
KS-noise-ratio ave=9.05464 max=547.677
KS-noise-ratio-hoist ave=559497 max=4.47597e+06
break-into-digits-ratio ave=0.32069 max=0.402655
excess-ctxtPrimes ave=11.4019 max=11.4019
excess-specialPrimes ave=1.60893 max=1.60893
mod-switch-added-noise ave=0.320991 max=0.397598
ptxt_rat_sk ave=0.00267076 max=0.00267076
ptxt_rat_sk ave=0.325274 max=0.325274
raw-mod-switch-noise ave=0.316731 max=0.316731
window1-nchoices ave=3.2 max=4
window1-out ave=0 max=0
window2-nchoices ave=3.72857 max=6
window2-out ave=0 max=0
WALL=730.89 s MAXRSS=10700600 kB
exit=0 (BASELINE pass1)
########## SET 16 p=13807 m=43837 d=7 :: ORDER6 :: aux=118 :: pass1 :: 2026-09-14 11:12:14 ##########
chosen idx = 16
encapHwt = 12
t for new bts is -1
new bts ? 1
new ks ? 1
thick bts ?0
repeat times = 1
force bsgs = 0
force hoist = 0
*** GTestFatboot: p=13807, r=1, bits=1320, t=0, c=3, m=43837 mvec=[59 743], gens=[20062 5311], ords=[58 106]
Computing key-independent tables...using HELIB_EXPLICIT_AUX=118

t = -1
bound on I = 16.353148
log2(aux) = 6.882643
log2(beta) = 28.180161
log2(qks) >= 37.759879, final log2(qks) = 37.759882
log2(R) >= 27.776280, final log2(R) = 27.780709
INFO: total bits = 1786.54, security level = 77.1191HELIB_ORDER6: A=118 aux=118 |closure|=1837 (inflation 1.49959) deg(P)=1835 |folded|=306
deg of poly for non-power-of-p aux is 1835
security=77.1191
# small primes = 6
# ctxt primes = 23
# bits in ctxt primes = 1331
# special primes = 8
# bits in special primes = 455
scale=10
 done in 337.932 seconds
  e=0, e'=0, t=12
  m = 43837, p = 13807, phi(m) = 43036
  ord(p) = 7
  normBnd = 1.62075
  polyNormBnd = 4.89365
  factors = [59 743]
  generator 20062 has order (== Z_m^*) of 58
  generator 5311 has order (== Z_m^*) of 106
r = 1
nslots = 6148
hwt = 120
ctxtPrimes = [6,7,8,9,10,11,12,13,14,15,16,17,18,19,20,21,22,23,24,25,26,27,28]
specialPrimes = [33,34,35,36,37,38,39,40]
number of bits = 1787

security level = 77.1191
Generating keys, Keys generated. Now genRecryptData...
computing key-dependent tables...Sparse boot key hwt = 12
genRecryptData done. recryptKeyID=1
lcAksBsgs=0 lcAksDelayed=0
Post-key setup done.
 done in 51.351 seconds
Encrypt succeeded.
WARNING: KS-noise-ratio = 1.03934 > 1
WARNING: KS-noise-ratio = 513.283 > 1
HELIB_AUX_ORDER4_EVAL enabled: order=6, deg(P)=1835, terms(P)=307, deg(Q)=305, terms(Q)=306
time for linear1 = 9.739098, linear2 = 104.971431, extract = 161.317464, total = 279.181272
bits for linear1 = 47.442492, linear2 = 51.679483, extract = 382.986826, min cap = 9.579721, after cap = 849.872306, after prod = 1284.538615
cap / time = 2.839911

### summary over 1 test
time for linear1 = 9.739098, linear2 = 104.971431, extract = 161.317464, total = 279.181272
bits for linear1 = 47.442492, linear2 = 51.679483, extract = 382.986826, min cap = 9.579721, after cap = 849.872306, after prod = 1284.538615
cap / time = 2.839911


### bts finished, everything ok ###

  AAA_bootKeySwitch: 54.6122 / 1 = 54.6122   [$ARTIFACT/ours/_build_case1/HElib-patched/src/recryption.cpp:1968]
  AAA_coeffToSlot: 52.6561 / 1 = 52.6561   [$ARTIFACT/ours/_build_case1/HElib-patched/src/recryption.cpp:2396]
  AAA_embeddingLargest: 1.45612 / 271 = 0.00537315   [$ARTIFACT/ours/_build_case1/HElib-patched/src/norms.cpp:250]
  AAA_embeddingLargest_x2: 0.884819 / 176 = 0.00502738   [$ARTIFACT/ours/_build_case1/HElib-patched/src/norms.cpp:423]
  AAA_extractDigitsThin: 161.315 / 1 = 161.315   [$ARTIFACT/ours/_build_case1/HElib-patched/src/recryption.cpp:2449]
  AAA_modDownEnbeddings: 1.04449 / 176 = 0.00593458   [$ARTIFACT/ours/_build_case1/HElib-patched/src/Ctxt.cpp:506]
  AAA_slotToCoeff: 9.73894 / 1 = 9.73894   [$ARTIFACT/ours/_build_case1/HElib-patched/src/recryption.cpp:1954]
  BasicAutomorphPrecon: 9.41396 / 8 = 1.17674   [$ARTIFACT/ours/_build_case1/HElib-patched/src/matmul.cpp:69]
  BluesteinFFT: 124.937 / 17004 = 0.0073475   [$ARTIFACT/ours/_build_case1/HElib-patched/src/bluestein.cpp:141]
  Decrypt: 1.40839 / 1 = 1.40839   [$ARTIFACT/ours/_build_case1/HElib-patched/src/keys.cpp:1350]
  DoubleCRT: 69.7881 / 389 = 0.179404   [$ARTIFACT/ours/_build_case1/HElib-patched/src/DoubleCRT.cpp:718]
  FFT: 94.5404 / 12027 = 0.00786068   [$ARTIFACT/ours/_build_case1/HElib-patched/src/CModulus.cpp:479]
  FFT: 119.243 / 623 = 0.191402   [$ARTIFACT/ours/_build_case1/HElib-patched/src/DoubleCRT.cpp:70]
  FFT: 119.222 / 12027 = 0.00991282   [$ARTIFACT/ours/_build_case1/HElib-patched/src/CModulus.cpp:448]
  FFT_aux: 94.4964 / 12027 = 0.00785702   [$ARTIFACT/ours/_build_case1/HElib-patched/src/CModulus.cpp:360]
  FFT_remainder: 24.6549 / 12027 = 0.00204996   [$ARTIFACT/ours/_build_case1/HElib-patched/src/CModulus.cpp:455]
  KS_loop: 17.3038 / 371 = 0.0466409   [$ARTIFACT/ours/_build_case1/HElib-patched/src/Ctxt.cpp:219]
  KS_loop_1: 3.0023 / 371 = 0.00809244   [$ARTIFACT/ours/_build_case1/HElib-patched/src/Ctxt.cpp:227]
  KS_loop_2: 2.01156 / 371 = 0.005422   [$ARTIFACT/ours/_build_case1/HElib-patched/src/Ctxt.cpp:231]
  KS_loop_3: 2.94612 / 371 = 0.00794102   [$ARTIFACT/ours/_build_case1/HElib-patched/src/Ctxt.cpp:236]
  KS_loop_4: 0.930837 / 371 = 0.00250899   [$ARTIFACT/ours/_build_case1/HElib-patched/src/Ctxt.cpp:240]
  NORM_VAL: 2.8311 / 233 = 0.0121507   [$ARTIFACT/ours/_build_case1/HElib-patched/src/DoubleCRT.cpp:541]
  addConstant: 0.371465 / 22 = 0.0168848   [$ARTIFACT/ours/_build_case1/HElib-patched/src/Ctxt.cpp:2197]
  addCtxt: 17.6094 / 865 = 0.0203576   [$ARTIFACT/ours/_build_case1/HElib-patched/src/Ctxt.cpp:1458]
  addPart: 4.71213 / 946 = 0.00498111   [$ARTIFACT/ours/_build_case1/HElib-patched/src/Ctxt.cpp:905]
  addPrimes: 78.8671 / 234 = 0.337039   [$ARTIFACT/ours/_build_case1/HElib-patched/src/DoubleCRT.cpp:625]
  addPrimes_5: 82.7454 / 233 = 0.35513   [$ARTIFACT/ours/_build_case1/HElib-patched/src/DoubleCRT.cpp:518]
  automorph: 12.1164 / 69 = 0.1756   [$ARTIFACT/ours/_build_case1/HElib-patched/src/matmul.cpp:117]
  automorph: 0.519058 / 48 = 0.0108137   [$ARTIFACT/ours/_build_case1/HElib-patched/src/Ctxt.cpp:2489]
  breakIntoDigits: 83.1488 / 90 = 0.923876   [$ARTIFACT/ours/_build_case1/HElib-patched/src/DoubleCRT.cpp:481]
  decode: 25.3634 / 1 = 25.3634   [$ARTIFACT/ours/_build_case1/HElib-patched/src/EncryptedArray.cpp:375]
  do_mul: 11.4377 / 1901 = 0.00601667   [$ARTIFACT/ours/_build_case1/HElib-patched/src/DoubleCRT.cpp:280]
  extractDigitsThin: 161.315 / 1 = 161.315   [$ARTIFACT/ours/_build_case1/HElib-patched/src/recryption.cpp:1597]
  iFFT: 60.0195 / 4977 = 0.0120594   [$ARTIFACT/ours/_build_case1/HElib-patched/src/CModulus.cpp:488]
  iFFT_division: 22.1641 / 4977 = 0.00445331   [$ARTIFACT/ours/_build_case1/HElib-patched/src/CModulus.cpp:570]
  keySwitchPart: 86.396 / 83 = 1.04092   [$ARTIFACT/ours/_build_case1/HElib-patched/src/Ctxt.cpp:836]
  modDownToSet: 135.533 / 226 = 0.599705   [$ARTIFACT/ours/_build_case1/HElib-patched/src/Ctxt.cpp:409]
  mul_MatMul1DExec: 107.583 / 6 = 17.9305   [$ARTIFACT/ours/_build_case1/HElib-patched/src/matmul.cpp:975]
  multByConstant: 4.58479 / 493 = 0.00929979   [$ARTIFACT/ours/_build_case1/HElib-patched/src/Ctxt.cpp:1884]
  multByConstant: 0.223919 / 1 = 0.223919   [$ARTIFACT/ours/_build_case1/HElib-patched/src/Ctxt.cpp:1910]
  multLowLvl: 69.5959 / 43 = 1.61851   [$ARTIFACT/ours/_build_case1/HElib-patched/src/Ctxt.cpp:1733]
  multiplyBy: 81.0727 / 22 = 3.68512   [$ARTIFACT/ours/_build_case1/HElib-patched/src/Ctxt.cpp:1809]
  privateAssign: 4.25591 / 528 = 0.00806043   [$ARTIFACT/ours/_build_case1/HElib-patched/src/Ctxt.cpp:329]
  randomize: 7.35062 / 371 = 0.019813   [$ARTIFACT/ours/_build_case1/HElib-patched/src/DoubleCRT.cpp:1318]
  randomize_stream: 3.65573 / 2079691 = 1.75783e-06   [$ARTIFACT/ours/_build_case1/HElib-patched/src/DoubleCRT.cpp:1348]
  reLinearize: 120.337 / 171 = 0.703726   [$ARTIFACT/ours/_build_case1/HElib-patched/src/Ctxt.cpp:736]
  smartAutomorph: 47.3045 / 48 = 0.98551   [$ARTIFACT/ours/_build_case1/HElib-patched/src/Ctxt.cpp:2514]
  thinReCrypt: 279.197 / 1 = 279.197   [$ARTIFACT/ours/_build_case1/HElib-patched/src/recryption.cpp:1872]
  toPoly: 81.9291 / 622 = 0.131719   [$ARTIFACT/ours/_build_case1/HElib-patched/src/DoubleCRT.cpp:985]
  toPoly_CRT: 16.4634 / 622 = 0.0264685   [$ARTIFACT/ours/_build_case1/HElib-patched/src/DoubleCRT.cpp:1052]
  toPoly_FFT: 64.6624 / 622 = 0.103959   [$ARTIFACT/ours/_build_case1/HElib-patched/src/DoubleCRT.cpp:1030]
  rusage.ru_maxrss=10486036
||||| stats |||||
KS-noise-ratio ave=6.25896 max=513.283
KS-noise-ratio-hoist ave=533978 max=4.27182e+06
break-into-digits-ratio ave=0.319692 max=0.41035
excess-ctxtPrimes ave=11.4019 max=11.4019
excess-specialPrimes ave=1.60893 max=1.60893
mod-switch-added-noise ave=0.326902 max=0.405313
ptxt_rat_sk ave=0.00262259 max=0.00262259
ptxt_rat_sk ave=0.28448 max=0.28448
raw-mod-switch-noise ave=0.33905 max=0.33905
window1-nchoices ave=3.5 max=4
window1-out ave=0 max=0
window2-nchoices ave=3.92308 max=8
window2-out ave=0 max=0
||||| stats |||||
KS-noise-ratio ave=6.25896 max=513.283
KS-noise-ratio-hoist ave=533978 max=4.27182e+06
break-into-digits-ratio ave=0.319692 max=0.41035
excess-ctxtPrimes ave=11.4019 max=11.4019
excess-specialPrimes ave=1.60893 max=1.60893
mod-switch-added-noise ave=0.326902 max=0.405313
ptxt_rat_sk ave=0.00262259 max=0.00262259
ptxt_rat_sk ave=0.28448 max=0.28448
raw-mod-switch-noise ave=0.33905 max=0.33905
window1-nchoices ave=3.5 max=4
window1-out ave=0 max=0
window2-nchoices ave=3.92308 max=8
window2-out ave=0 max=0
WALL=699.77 s MAXRSS=10486036 kB
exit=0 (ORDER6 pass1)
########## SET 16 p=13807 m=43837 d=7 :: ORDER6_COMPOSED :: aux=118 :: pass1 :: 2026-09-14 11:23:54 ##########
chosen idx = 16
encapHwt = 12
t for new bts is -1
new bts ? 1
new ks ? 1
thick bts ?0
repeat times = 1
force bsgs = 0
force hoist = 0
*** GTestFatboot: p=13807, r=1, bits=1320, t=0, c=3, m=43837 mvec=[59 743], gens=[20062 5311], ords=[58 106]
Computing key-independent tables...using HELIB_EXPLICIT_AUX=118

t = -1
bound on I = 16.353148
log2(aux) = 6.882643
log2(beta) = 28.180161
log2(qks) >= 37.759879, final log2(qks) = 37.759882
log2(R) >= 27.776280, final log2(R) = 27.780709
INFO: total bits = 1786.54, security level = 77.1191HELIB_ORDER6: A=118 aux=118 |closure|=1837 (inflation 1.49959) deg(P)=1835 |folded|=306
HELIB_COMPOSED_EVAL: order=6 d=7 |folded support|=306 degQ=305 padded to n'=308
HELIB_COMPOSED_EVAL: norm form c=1019 degC=44 (search 91.4053s)
deg of poly for non-power-of-p aux is 1835
security=77.1191
# small primes = 6
# ctxt primes = 23
# bits in ctxt primes = 1331
# special primes = 8
# bits in special primes = 455
scale=10
 done in 484.573 seconds
  e=0, e'=0, t=12
  m = 43837, p = 13807, phi(m) = 43036
  ord(p) = 7
  normBnd = 1.62075
  polyNormBnd = 4.89365
  factors = [59 743]
  generator 20062 has order (== Z_m^*) of 58
  generator 5311 has order (== Z_m^*) of 106
r = 1
nslots = 6148
hwt = 120
ctxtPrimes = [6,7,8,9,10,11,12,13,14,15,16,17,18,19,20,21,22,23,24,25,26,27,28]
specialPrimes = [33,34,35,36,37,38,39,40]
number of bits = 1787

security level = 77.1191
Generating keys, Keys generated. Now genRecryptData...
computing key-dependent tables...Sparse boot key hwt = 12
genRecryptData done. recryptKeyID=1
lcAksBsgs=0 lcAksDelayed=0
Post-key setup done.
 done in 51.291 seconds
Encrypt succeeded.
WARNING: KS-noise-ratio = 570.874 > 1
WARNING: KS-noise-ratio = 1.08783 > 1
HELIB_COMPOSED_EVAL active: order=6 degC=44 d=7
time for linear1 = 12.052643, linear2 = 99.631554, extract = 92.179239, total = 208.611485
bits for linear1 = 47.443184, linear2 = 51.536513, extract = 504.498234, min cap = 9.579721, after cap = 728.380888, after prod = 1284.415635
cap / time = 3.218222

### summary over 1 test
time for linear1 = 12.052643, linear2 = 99.631554, extract = 92.179239, total = 208.611485
bits for linear1 = 47.443184, linear2 = 51.536513, extract = 504.498234, min cap = 9.579721, after cap = 728.380888, after prod = 1284.415635
cap / time = 3.218222


### bts finished, everything ok ###

  AAA_bootKeySwitch: 51.7221 / 1 = 51.7221   [$ARTIFACT/ours/_build_case1/HElib-patched/src/recryption.cpp:1968]
  AAA_coeffToSlot: 51.7464 / 1 = 51.7464   [$ARTIFACT/ours/_build_case1/HElib-patched/src/recryption.cpp:2396]
  AAA_embeddingLargest: 1.41038 / 269 = 0.00524305   [$ARTIFACT/ours/_build_case1/HElib-patched/src/norms.cpp:250]
  AAA_embeddingLargest_x2: 0.678843 / 120 = 0.00565702   [$ARTIFACT/ours/_build_case1/HElib-patched/src/norms.cpp:423]
  AAA_extractDigitsThin: 92.1778 / 1 = 92.1778   [$ARTIFACT/ours/_build_case1/HElib-patched/src/recryption.cpp:2449]
  AAA_modDownEnbeddings: 0.755778 / 120 = 0.00629815   [$ARTIFACT/ours/_build_case1/HElib-patched/src/Ctxt.cpp:506]
  AAA_slotToCoeff: 12.0525 / 1 = 12.0525   [$ARTIFACT/ours/_build_case1/HElib-patched/src/recryption.cpp:1954]
  BasicAutomorphPrecon: 8.50461 / 8 = 1.06308   [$ARTIFACT/ours/_build_case1/HElib-patched/src/matmul.cpp:69]
  BluesteinFFT: 98.8583 / 13512 = 0.00731633   [$ARTIFACT/ours/_build_case1/HElib-patched/src/bluestein.cpp:141]
  Decrypt: 1.45005 / 1 = 1.45005   [$ARTIFACT/ours/_build_case1/HElib-patched/src/keys.cpp:1350]
  DoubleCRT: 54.5038 / 305 = 0.178701   [$ARTIFACT/ours/_build_case1/HElib-patched/src/DoubleCRT.cpp:718]
  FFT: 77.6478 / 9985 = 0.00777645   [$ARTIFACT/ours/_build_case1/HElib-patched/src/CModulus.cpp:479]
  FFT: 95.942 / 508 = 0.188862   [$ARTIFACT/ours/_build_case1/HElib-patched/src/DoubleCRT.cpp:70]
  FFT: 95.9243 / 9985 = 0.00960684   [$ARTIFACT/ours/_build_case1/HElib-patched/src/CModulus.cpp:448]
  FFT_aux: 77.612 / 9985 = 0.00777286   [$ARTIFACT/ours/_build_case1/HElib-patched/src/CModulus.cpp:360]
  FFT_remainder: 18.2525 / 9985 = 0.00182799   [$ARTIFACT/ours/_build_case1/HElib-patched/src/CModulus.cpp:455]
  KS_loop: 15.4537 / 341 = 0.0453188   [$ARTIFACT/ours/_build_case1/HElib-patched/src/Ctxt.cpp:219]
  KS_loop_1: 2.60812 / 341 = 0.00764844   [$ARTIFACT/ours/_build_case1/HElib-patched/src/Ctxt.cpp:227]
  KS_loop_2: 1.94114 / 341 = 0.0056925   [$ARTIFACT/ours/_build_case1/HElib-patched/src/Ctxt.cpp:231]
  KS_loop_3: 2.61074 / 341 = 0.00765613   [$ARTIFACT/ours/_build_case1/HElib-patched/src/Ctxt.cpp:236]
  KS_loop_4: 0.82966 / 341 = 0.00243302   [$ARTIFACT/ours/_build_case1/HElib-patched/src/Ctxt.cpp:240]
  NORM_VAL: 2.41771 / 203 = 0.0119099   [$ARTIFACT/ours/_build_case1/HElib-patched/src/DoubleCRT.cpp:541]
  addCtxt: 4.17475 / 604 = 0.00691183   [$ARTIFACT/ours/_build_case1/HElib-patched/src/Ctxt.cpp:1458]
  addPart: 4.2141 / 851 = 0.00495194   [$ARTIFACT/ours/_build_case1/HElib-patched/src/Ctxt.cpp:905]
  addPrimes: 67.0992 / 204 = 0.328918   [$ARTIFACT/ours/_build_case1/HElib-patched/src/DoubleCRT.cpp:625]
  addPrimes_5: 70.4134 / 203 = 0.346864   [$ARTIFACT/ours/_build_case1/HElib-patched/src/DoubleCRT.cpp:518]
  automorph: 11.5802 / 69 = 0.167828   [$ARTIFACT/ours/_build_case1/HElib-patched/src/matmul.cpp:117]
  automorph: 0.602201 / 52 = 0.0115808   [$ARTIFACT/ours/_build_case1/HElib-patched/src/Ctxt.cpp:2489]
  breakIntoDigits: 70.7793 / 82 = 0.863162   [$ARTIFACT/ours/_build_case1/HElib-patched/src/DoubleCRT.cpp:481]
  decode: 26.2182 / 1 = 26.2182   [$ARTIFACT/ours/_build_case1/HElib-patched/src/EncryptedArray.cpp:375]
  do_mul: 11.0554 / 1829 = 0.00604449   [$ARTIFACT/ours/_build_case1/HElib-patched/src/DoubleCRT.cpp:280]
  extractDigitsThin: 92.1778 / 1 = 92.1778   [$ARTIFACT/ours/_build_case1/HElib-patched/src/recryption.cpp:1597]
  frobeniusAutomorph: 7.9708 / 4 = 1.9927   [$ARTIFACT/ours/_build_case1/HElib-patched/src/Ctxt.cpp:2578]
  iFFT: 42.6586 / 3527 = 0.0120949   [$ARTIFACT/ours/_build_case1/HElib-patched/src/CModulus.cpp:488]
  iFFT_division: 15.6078 / 3527 = 0.00442523   [$ARTIFACT/ours/_build_case1/HElib-patched/src/CModulus.cpp:570]
  keySwitchPart: 73.2134 / 75 = 0.976178   [$ARTIFACT/ours/_build_case1/HElib-patched/src/Ctxt.cpp:836]
  modDownToSet: 85.9538 / 175 = 0.491165   [$ARTIFACT/ours/_build_case1/HElib-patched/src/Ctxt.cpp:409]
  mul_MatMul1DExec: 104.915 / 6 = 17.4858   [$ARTIFACT/ours/_build_case1/HElib-patched/src/matmul.cpp:975]
  multByConstant: 5.38535 / 531 = 0.0101419   [$ARTIFACT/ours/_build_case1/HElib-patched/src/Ctxt.cpp:1884]
  multByConstant: 9.80895 / 39 = 0.251511   [$ARTIFACT/ours/_build_case1/HElib-patched/src/Ctxt.cpp:1910]
  multLowLvl: 34.0971 / 21 = 1.62367   [$ARTIFACT/ours/_build_case1/HElib-patched/src/Ctxt.cpp:1733]
  multiplyBy: 69.4782 / 21 = 3.30849   [$ARTIFACT/ours/_build_case1/HElib-patched/src/Ctxt.cpp:1809]
  privateAssign: 1.23451 / 263 = 0.00469395   [$ARTIFACT/ours/_build_case1/HElib-patched/src/Ctxt.cpp:329]
  randomize: 6.58804 / 341 = 0.0193198   [$ARTIFACT/ours/_build_case1/HElib-patched/src/DoubleCRT.cpp:1318]
  randomize_stream: 3.27632 / 1910559 = 1.71485e-06   [$ARTIFACT/ours/_build_case1/HElib-patched/src/DoubleCRT.cpp:1348]
  reLinearize: 90.9571 / 168 = 0.541411   [$ARTIFACT/ours/_build_case1/HElib-patched/src/Ctxt.cpp:736]
  smartAutomorph: 55.1247 / 52 = 1.06009   [$ARTIFACT/ours/_build_case1/HElib-patched/src/Ctxt.cpp:2514]
  thinReCrypt: 208.629 / 1 = 208.629   [$ARTIFACT/ours/_build_case1/HElib-patched/src/recryption.cpp:1872]
  toPoly: 58.732 / 463 = 0.126851   [$ARTIFACT/ours/_build_case1/HElib-patched/src/DoubleCRT.cpp:985]
  toPoly_CRT: 12.1708 / 463 = 0.0262868   [$ARTIFACT/ours/_build_case1/HElib-patched/src/DoubleCRT.cpp:1052]
  toPoly_FFT: 45.9416 / 463 = 0.0992259   [$ARTIFACT/ours/_build_case1/HElib-patched/src/DoubleCRT.cpp:1030]
  rusage.ru_maxrss=10186776
||||| stats |||||
KS-noise-ratio ave=7.67364 max=570.874
KS-noise-ratio-hoist ave=528406 max=4.22724e+06
break-into-digits-ratio ave=0.320884 max=0.390816
excess-ctxtPrimes ave=11.4019 max=11.4019
excess-specialPrimes ave=1.60893 max=1.60893
mod-switch-added-noise ave=0.326104 max=0.442162
ptxt_rat_sk ave=0.00257489 max=0.00257489
ptxt_rat_sk ave=0.338119 max=0.338119
raw-mod-switch-noise ave=0.330834 max=0.330834
window1-nchoices ave=2.33333 max=3
window1-out ave=0 max=0
window2-nchoices ave=4.16667 max=6
window2-out ave=0 max=0
||||| stats |||||
KS-noise-ratio ave=7.67364 max=570.874
KS-noise-ratio-hoist ave=528406 max=4.22724e+06
break-into-digits-ratio ave=0.320884 max=0.390816
excess-ctxtPrimes ave=11.4019 max=11.4019
excess-specialPrimes ave=1.60893 max=1.60893
mod-switch-added-noise ave=0.326104 max=0.442162
ptxt_rat_sk ave=0.00257489 max=0.00257489
ptxt_rat_sk ave=0.338119 max=0.338119
raw-mod-switch-noise ave=0.330834 max=0.330834
window1-nchoices ave=2.33333 max=3
window1-out ave=0 max=0
window2-nchoices ave=4.16667 max=6
window2-out ave=0 max=0
WALL=776.65 s MAXRSS=10186776 kB
exit=0 (ORDER6_COMPOSED pass1)
SET_DONE 16
########## SET 16 p=13807 m=43837 d=7 :: NORMONLY :: aux=118 :: pass1 :: h=12 :: 2026-09-15 05:50:53 ##########
chosen idx = 16
encapHwt = 12
t for new bts is -1
new bts ? 1
new ks ? 1
thick bts ?0
repeat times = 1
force bsgs = 0
force hoist = 0
*** GTestFatboot: p=13807, r=1, bits=1320, t=0, c=3, m=43837 mvec=[59 743], gens=[20062 5311], ords=[58 106]
Computing key-independent tables...using HELIB_EXPLICIT_AUX=118

t = -1
bound on I = 16.353148
log2(aux) = 6.882643
log2(beta) = 28.180161
log2(qks) >= 37.759879, final log2(qks) = 37.759882
log2(R) >= 27.776280, final log2(R) = 27.780709
INFO: total bits = 1786.54, security level = 77.1191HELIB_NORMONLY: order=1, norm map on the unfiltered P_A, deg(P)=1223
HELIB_COMPOSED_EVAL: order=1 d=7 |folded support|=1224 degQ=1223 padded to n'=1225
HELIB_COMPOSED_EVAL: no norm form found; staying on P-S
deg of poly for non-power-of-p aux is 1223
security=77.1191
# small primes = 6
# ctxt primes = 23
# bits in ctxt primes = 1331
# special primes = 8
# bits in special primes = 455
scale=10
 done in 3458.64 seconds
  e=0, e'=0, t=12
  m = 43837, p = 13807, phi(m) = 43036
  ord(p) = 7
  normBnd = 1.62075
  polyNormBnd = 4.89365
  factors = [59 743]
  generator 20062 has order (== Z_m^*) of 58
  generator 5311 has order (== Z_m^*) of 106
r = 1
nslots = 6148
hwt = 120
ctxtPrimes = [6,7,8,9,10,11,12,13,14,15,16,17,18,19,20,21,22,23,24,25,26,27,28]
specialPrimes = [33,34,35,36,37,38,39,40]
number of bits = 1787

security level = 77.1191
Generating keys, Keys generated. Now genRecryptData...
computing key-dependent tables...Sparse boot key hwt = 12
genRecryptData done. recryptKeyID=1
lcAksBsgs=0 lcAksDelayed=0
Post-key setup done.
 done in 22.0569 seconds
Encrypt succeeded.
WARNING: KS-noise-ratio = 403.51 > 1
WARNING: KS-noise-ratio = 1.2386 > 1
WARNING: KS-noise-ratio = 1.12732 > 1
WARNING: KS-noise-ratio = 582.089 > 1
WARNING: KS-noise-ratio = 1.03335 > 1
WARNING: KS-noise-ratio = 1.26175 > 1
WARNING: KS-noise-ratio = 1.37126 > 1
WARNING: KS-noise-ratio = 1.32577 > 1
WARNING: KS-noise-ratio = 1.28271 > 1
WARNING: KS-noise-ratio = 1.07461 > 1
HELIB_AUX_ORDER4_EVAL enabled: order=1, deg(P)=1223, terms(P)=612, deg(Q)=1223, terms(Q)=612
time for linear1 = 5.315977, linear2 = 46.017154, extract = 128.996206, total = 182.311446
bits for linear1 = 47.441124, linear2 = 51.422928, extract = 327.695504, min cap = 9.579721, after cap = 905.133749, after prod = 1284.252180
cap / time = 4.652000

### summary over 1 test
time for linear1 = 5.315977, linear2 = 46.017154, extract = 128.996206, total = 182.311446
bits for linear1 = 47.441124, linear2 = 51.422928, extract = 327.695504, min cap = 9.579721, after cap = 905.133749, after prod = 1284.252180
cap / time = 4.652000


### bts finished, everything ok ###

  AAA_bootKeySwitch: 25.2448 / 1 = 25.2448   [$ARTIFACT/ours/_build_case1/HElib-patched/src/recryption.cpp:1968]
  AAA_coeffToSlot: 22.3232 / 1 = 22.3232   [$ARTIFACT/ours/_build_case1/HElib-patched/src/recryption.cpp:2396]
  AAA_embeddingLargest: 0.856873 / 356 = 0.00240695   [$ARTIFACT/ours/_build_case1/HElib-patched/src/norms.cpp:250]
  AAA_embeddingLargest_x2: 0.593937 / 260 = 0.00228437   [$ARTIFACT/ours/_build_case1/HElib-patched/src/norms.cpp:423]
  AAA_extractDigitsThin: 128.994 / 1 = 128.994   [$ARTIFACT/ours/_build_case1/HElib-patched/src/recryption.cpp:2449]
  AAA_modDownEnbeddings: 0.692919 / 260 = 0.00266507   [$ARTIFACT/ours/_build_case1/HElib-patched/src/Ctxt.cpp:506]
  AAA_slotToCoeff: 5.3159 / 1 = 5.3159   [$ARTIFACT/ours/_build_case1/HElib-patched/src/recryption.cpp:1954]
  BasicAutomorphPrecon: 3.66261 / 8 = 0.457827   [$ARTIFACT/ours/_build_case1/HElib-patched/src/matmul.cpp:69]
  BluesteinFFT: 76.7841 / 24858 = 0.00308891   [$ARTIFACT/ours/_build_case1/HElib-patched/src/bluestein.cpp:141]
  Decrypt: 0.559505 / 1 = 0.559505   [$ARTIFACT/ours/_build_case1/HElib-patched/src/keys.cpp:1350]
  DoubleCRT: 45.4193 / 578 = 0.0785802   [$ARTIFACT/ours/_build_case1/HElib-patched/src/DoubleCRT.cpp:718]
  FFT: 57.0726 / 17569 = 0.00324849   [$ARTIFACT/ours/_build_case1/HElib-patched/src/CModulus.cpp:479]
  FFT: 71.3284 / 875 = 0.0815181   [$ARTIFACT/ours/_build_case1/HElib-patched/src/DoubleCRT.cpp:70]
  FFT: 71.319 / 17569 = 0.00405936   [$ARTIFACT/ours/_build_case1/HElib-patched/src/CModulus.cpp:448]
  FFT_aux: 57.0591 / 17569 = 0.00324772   [$ARTIFACT/ours/_build_case1/HElib-patched/src/CModulus.cpp:360]
  FFT_remainder: 14.2354 / 17569 = 0.000810259   [$ARTIFACT/ours/_build_case1/HElib-patched/src/CModulus.cpp:455]
  KS_loop: 10.432 / 435 = 0.0239815   [$ARTIFACT/ours/_build_case1/HElib-patched/src/Ctxt.cpp:219]
  KS_loop_1: 1.77641 / 435 = 0.0040837   [$ARTIFACT/ours/_build_case1/HElib-patched/src/Ctxt.cpp:227]
  KS_loop_2: 1.22875 / 435 = 0.00282472   [$ARTIFACT/ours/_build_case1/HElib-patched/src/Ctxt.cpp:231]
  KS_loop_3: 1.7891 / 435 = 0.00411289   [$ARTIFACT/ours/_build_case1/HElib-patched/src/Ctxt.cpp:236]
  KS_loop_4: 0.629612 / 435 = 0.00144738   [$ARTIFACT/ours/_build_case1/HElib-patched/src/Ctxt.cpp:240]
  NORM_VAL: 1.518 / 297 = 0.00511112   [$ARTIFACT/ours/_build_case1/HElib-patched/src/DoubleCRT.cpp:541]
  addCtxt: 19.6597 / 1782 = 0.0110324   [$ARTIFACT/ours/_build_case1/HElib-patched/src/Ctxt.cpp:1458]
  addPart: 3.13291 / 1094 = 0.00286372   [$ARTIFACT/ours/_build_case1/HElib-patched/src/Ctxt.cpp:905]
  addPrimes: 41.7155 / 298 = 0.139985   [$ARTIFACT/ours/_build_case1/HElib-patched/src/DoubleCRT.cpp:625]
  addPrimes_5: 43.8709 / 297 = 0.147713   [$ARTIFACT/ours/_build_case1/HElib-patched/src/DoubleCRT.cpp:518]
  automorph: 6.09574 / 69 = 0.0883441   [$ARTIFACT/ours/_build_case1/HElib-patched/src/matmul.cpp:117]
  automorph: 0.160298 / 48 = 0.00333954   [$ARTIFACT/ours/_build_case1/HElib-patched/src/Ctxt.cpp:2489]
  breakIntoDigits: 44.1327 / 111 = 0.397592   [$ARTIFACT/ours/_build_case1/HElib-patched/src/DoubleCRT.cpp:481]
  decode: 13.894 / 1 = 13.894   [$ARTIFACT/ours/_build_case1/HElib-patched/src/EncryptedArray.cpp:375]
  do_mul: 7.76715 / 2157 = 0.00360091   [$ARTIFACT/ours/_build_case1/HElib-patched/src/DoubleCRT.cpp:280]
  extractDigitsThin: 128.994 / 1 = 128.994   [$ARTIFACT/ours/_build_case1/HElib-patched/src/recryption.cpp:1597]
  iFFT: 37.3902 / 7289 = 0.00512968   [$ARTIFACT/ours/_build_case1/HElib-patched/src/CModulus.cpp:488]
  iFFT_division: 13.7875 / 7289 = 0.00189156   [$ARTIFACT/ours/_build_case1/HElib-patched/src/CModulus.cpp:570]
  keySwitchPart: 48.5406 / 104 = 0.466736   [$ARTIFACT/ours/_build_case1/HElib-patched/src/Ctxt.cpp:836]
  modDownToSet: 88.1538 / 310 = 0.284367   [$ARTIFACT/ours/_build_case1/HElib-patched/src/Ctxt.cpp:409]
  mul_MatMul1DExec: 48.183 / 6 = 8.0305   [$ARTIFACT/ours/_build_case1/HElib-patched/src/matmul.cpp:975]
  multByConstant: 3.38695 / 493 = 0.00687008   [$ARTIFACT/ours/_build_case1/HElib-patched/src/Ctxt.cpp:1884]
  multByConstant: 0.095914 / 1 = 0.095914   [$ARTIFACT/ours/_build_case1/HElib-patched/src/Ctxt.cpp:1910]
  multLowLvl: 53.569 / 75 = 0.714253   [$ARTIFACT/ours/_build_case1/HElib-patched/src/Ctxt.cpp:1733]
  multiplyBy: 50.0565 / 32 = 1.56427   [$ARTIFACT/ours/_build_case1/HElib-patched/src/Ctxt.cpp:1809]
  privateAssign: 4.16387 / 941 = 0.00442494   [$ARTIFACT/ours/_build_case1/HElib-patched/src/Ctxt.cpp:329]
  randomize: 4.21345 / 435 = 0.00968609   [$ARTIFACT/ours/_build_case1/HElib-patched/src/DoubleCRT.cpp:1318]
  randomize_stream: 2.36176 / 2441235 = 9.67443e-07   [$ARTIFACT/ours/_build_case1/HElib-patched/src/DoubleCRT.cpp:1348]
  reLinearize: 72.96 / 198 = 0.368485   [$ARTIFACT/ours/_build_case1/HElib-patched/src/Ctxt.cpp:736]
  smartAutomorph: 20.1106 / 48 = 0.418971   [$ARTIFACT/ours/_build_case1/HElib-patched/src/Ctxt.cpp:2514]
  thinReCrypt: 182.319 / 1 = 182.319   [$ARTIFACT/ours/_build_case1/HElib-patched/src/recryption.cpp:1872]
  toPoly: 50.7749 / 875 = 0.0580285   [$ARTIFACT/ours/_build_case1/HElib-patched/src/DoubleCRT.cpp:985]
  toPoly_CRT: 8.71822 / 875 = 0.00996368   [$ARTIFACT/ours/_build_case1/HElib-patched/src/DoubleCRT.cpp:1052]
  toPoly_FFT: 41.4421 / 875 = 0.0473624   [$ARTIFACT/ours/_build_case1/HElib-patched/src/DoubleCRT.cpp:1030]
  rusage.ru_maxrss=10729760
||||| stats |||||
KS-noise-ratio ave=9.59719 max=582.089
KS-noise-ratio-hoist ave=543624 max=4.34898e+06
break-into-digits-ratio ave=0.322797 max=0.394739
excess-ctxtPrimes ave=11.4019 max=11.4019
excess-specialPrimes ave=1.60893 max=1.60893
mod-switch-added-noise ave=0.323079 max=0.390279
ptxt_rat_sk ave=0.00261771 max=0.00261771
ptxt_rat_sk ave=0.319957 max=0.319957
raw-mod-switch-noise ave=0.320747 max=0.320747
window1-nchoices ave=3 max=4
window1-out ave=0 max=0
window2-nchoices ave=3.72857 max=6
window2-out ave=0 max=0
||||| stats |||||
KS-noise-ratio ave=9.59719 max=582.089
KS-noise-ratio-hoist ave=543624 max=4.34898e+06
break-into-digits-ratio ave=0.322797 max=0.394739
excess-ctxtPrimes ave=11.4019 max=11.4019
excess-specialPrimes ave=1.60893 max=1.60893
mod-switch-added-noise ave=0.323079 max=0.390279
ptxt_rat_sk ave=0.00261771 max=0.00261771
ptxt_rat_sk ave=0.319957 max=0.319957
raw-mod-switch-noise ave=0.320747 max=0.320747
window1-nchoices ave=3 max=4
window1-out ave=0 max=0
window2-nchoices ave=3.72857 max=6
window2-out ave=0 max=0
WALL=3679.96 s MAXRSS=10729760 kB
exit=0 (NORMONLY pass1)
SET_DONE 16
