########## SET 22 p=14401 m=43033 d=11 :: BASELINE :: aux=120 :: pass1 :: 2026-09-14 16:00:09 ##########
chosen idx = 22
encapHwt = 12
t for new bts is -1
new bts ? 1
new ks ? 1
thick bts ?0
repeat times = 1
force bsgs = 0
force hoist = 0
*** GTestFatboot: p=14401, r=1, bits=1320, t=0, c=3, m=43033 mvec=[23 1871], gens=[22453 13295], ords=[22 170]
Computing key-independent tables...using HELIB_EXPLICIT_AUX=120

t = -1
bound on I = 16.144126
log2(aux) = 6.906891
log2(beta) = 28.205460
log2(qks) >= 37.807529, final log2(qks) = 37.807532
log2(R) >= 27.765374, final log2(R) = 27.771993
INFO: total bits = 1786.36, security level = 74.5636deg of poly for non-power-of-p aux is 1223
security=74.5636
# small primes = 6
# ctxt primes = 23
# bits in ctxt primes = 1331
# special primes = 8
# bits in special primes = 455
scale=10
 done in 233.403 seconds
  e=0, e'=0, t=12
  m = 43033, p = 14401, phi(m) = 41140
  ord(p) = 11
  normBnd = 1.61862
  polyNormBnd = 3.82955
  factors = [23 1871]
  generator 22453 has order (== Z_m^*) of 22
  generator 13295 has order (== Z_m^*) of 170
r = 1
nslots = 3740
hwt = 120
ctxtPrimes = [6,7,8,9,10,11,12,13,14,15,16,17,18,19,20,21,22,23,24,25,26,27,28]
specialPrimes = [33,34,35,36,37,38,39,40]
number of bits = 1787

security level = 74.5636
Generating keys, Keys generated. Now genRecryptData...
computing key-dependent tables...Sparse boot key hwt = 12
genRecryptData done. recryptKeyID=1
lcAksBsgs=0 lcAksDelayed=0
Post-key setup done.
 done in 37.4482 seconds
Encrypt succeeded.
WARNING: KS-noise-ratio = 1.57265 > 1
WARNING: KS-noise-ratio = 1.39248 > 1
WARNING: KS-noise-ratio = 2.27263 > 1
WARNING: KS-noise-ratio = 1.46294 > 1
WARNING: KS-noise-ratio = 1.70427 > 1
WARNING: KS-noise-ratio = 1.56413 > 1
time for linear1 = 5.915043, linear2 = 54.658050, extract = 147.352061, total = 210.392876
bits for linear1 = 54.320896, linear2 = 59.354020, extract = 319.493373, min cap = 9.602072, after cap = 905.476002, after prod = 1284.323396
cap / time = 3.999912

### summary over 1 test
time for linear1 = 5.915043, linear2 = 54.658050, extract = 147.352061, total = 210.392876
bits for linear1 = 54.320896, linear2 = 59.354020, extract = 319.493373, min cap = 9.602072, after cap = 905.476002, after prod = 1284.323396
cap / time = 3.999912


### bts finished, everything ok ###

  AAA_bootKeySwitch: 30.0241 / 1 = 30.0241   [$ARTIFACT/ours/_build_case1/HElib-patched/src/recryption.cpp:1968]
  AAA_coeffToSlot: 26.6367 / 1 = 26.6367   [$ARTIFACT/ours/_build_case1/HElib-patched/src/recryption.cpp:2396]
  AAA_embeddingLargest: 0.949732 / 328 = 0.00289552   [$ARTIFACT/ours/_build_case1/HElib-patched/src/norms.cpp:250]
  AAA_embeddingLargest_x2: 0.683331 / 248 = 0.00275537   [$ARTIFACT/ours/_build_case1/HElib-patched/src/norms.cpp:423]
  AAA_extractDigitsThin: 147.35 / 1 = 147.35   [$ARTIFACT/ours/_build_case1/HElib-patched/src/recryption.cpp:2449]
  AAA_modDownEnbeddings: 0.809875 / 248 = 0.00326562   [$ARTIFACT/ours/_build_case1/HElib-patched/src/Ctxt.cpp:506]
  AAA_slotToCoeff: 5.91497 / 1 = 5.91497   [$ARTIFACT/ours/_build_case1/HElib-patched/src/recryption.cpp:1954]
  BasicAutomorphPrecon: 4.66294 / 8 = 0.582867   [$ARTIFACT/ours/_build_case1/HElib-patched/src/matmul.cpp:69]
  BluesteinFFT: 90.4854 / 23176 = 0.00390427   [$ARTIFACT/ours/_build_case1/HElib-patched/src/bluestein.cpp:141]
  Decrypt: 0.597494 / 1 = 0.597494   [$ARTIFACT/ours/_build_case1/HElib-patched/src/keys.cpp:1350]
  DoubleCRT: 55.7682 / 554 = 0.100665   [$ARTIFACT/ours/_build_case1/HElib-patched/src/DoubleCRT.cpp:718]
  FFT: 66.8727 / 16402 = 0.00407711   [$ARTIFACT/ours/_build_case1/HElib-patched/src/CModulus.cpp:479]
  FFT: 85.0725 / 824 = 0.103243   [$ARTIFACT/ours/_build_case1/HElib-patched/src/DoubleCRT.cpp:70]
  FFT: 85.0479 / 16402 = 0.00518521   [$ARTIFACT/ours/_build_case1/HElib-patched/src/CModulus.cpp:448]
  FFT_aux: 66.8385 / 16402 = 0.00407502   [$ARTIFACT/ours/_build_case1/HElib-patched/src/CModulus.cpp:360]
  FFT_remainder: 18.1542 / 16402 = 0.00110683   [$ARTIFACT/ours/_build_case1/HElib-patched/src/CModulus.cpp:455]
  KS_loop: 15.9136 / 550 = 0.0289339   [$ARTIFACT/ours/_build_case1/HElib-patched/src/Ctxt.cpp:219]
  KS_loop_1: 2.66695 / 550 = 0.00484899   [$ARTIFACT/ours/_build_case1/HElib-patched/src/Ctxt.cpp:227]
  KS_loop_2: 2.13495 / 550 = 0.00388172   [$ARTIFACT/ours/_build_case1/HElib-patched/src/Ctxt.cpp:231]
  KS_loop_3: 2.69038 / 550 = 0.00489161   [$ARTIFACT/ours/_build_case1/HElib-patched/src/Ctxt.cpp:236]
  KS_loop_4: 0.87694 / 550 = 0.00159444   [$ARTIFACT/ours/_build_case1/HElib-patched/src/Ctxt.cpp:240]
  NORM_VAL: 1.64396 / 269 = 0.00611138   [$ARTIFACT/ours/_build_case1/HElib-patched/src/DoubleCRT.cpp:541]
  addCtxt: 11.4511 / 1859 = 0.0061598   [$ARTIFACT/ours/_build_case1/HElib-patched/src/Ctxt.cpp:1458]
  addPart: 4.89489 / 1371 = 0.0035703   [$ARTIFACT/ours/_build_case1/HElib-patched/src/Ctxt.cpp:905]
  addPrimes: 47.1801 / 270 = 0.174741   [$ARTIFACT/ours/_build_case1/HElib-patched/src/DoubleCRT.cpp:625]
  addPrimes_5: 49.4801 / 269 = 0.183941   [$ARTIFACT/ours/_build_case1/HElib-patched/src/DoubleCRT.cpp:518]
  automorph: 14.3577 / 128 = 0.112169   [$ARTIFACT/ours/_build_case1/HElib-patched/src/matmul.cpp:117]
  automorph: 0.140268 / 36 = 0.00389633   [$ARTIFACT/ours/_build_case1/HElib-patched/src/Ctxt.cpp:2489]
  breakIntoDigits: 49.7943 / 99 = 0.502973   [$ARTIFACT/ours/_build_case1/HElib-patched/src/DoubleCRT.cpp:481]
  decode: 13.108 / 1 = 13.108   [$ARTIFACT/ours/_build_case1/HElib-patched/src/EncryptedArray.cpp:375]
  do_mul: 9.79168 / 2555 = 0.00383236   [$ARTIFACT/ours/_build_case1/HElib-patched/src/DoubleCRT.cpp:280]
  extractDigitsThin: 147.35 / 1 = 147.35   [$ARTIFACT/ours/_build_case1/HElib-patched/src/recryption.cpp:1597]
  iFFT: 45.8368 / 6774 = 0.00676658   [$ARTIFACT/ours/_build_case1/HElib-patched/src/CModulus.cpp:488]
  iFFT_division: 17.8735 / 6774 = 0.00263854   [$ARTIFACT/ours/_build_case1/HElib-patched/src/CModulus.cpp:570]
  keySwitchPart: 53.7348 / 92 = 0.584073   [$ARTIFACT/ours/_build_case1/HElib-patched/src/Ctxt.cpp:836]
  modDownToSet: 108.109 / 286 = 0.378003   [$ARTIFACT/ours/_build_case1/HElib-patched/src/Ctxt.cpp:409]
  mul_MatMul1DExec: 55.6247 / 6 = 9.27078   [$ARTIFACT/ours/_build_case1/HElib-patched/src/matmul.cpp:975]
  multByConstant: 3.44312 / 577 = 0.00596728   [$ARTIFACT/ours/_build_case1/HElib-patched/src/Ctxt.cpp:1884]
  multByConstant: 0.124735 / 1 = 0.124735   [$ARTIFACT/ours/_build_case1/HElib-patched/src/Ctxt.cpp:1910]
  multLowLvl: 67.191 / 75 = 0.895879   [$ARTIFACT/ours/_build_case1/HElib-patched/src/Ctxt.cpp:1733]
  multiplyBy: 64.9577 / 32 = 2.02993   [$ARTIFACT/ours/_build_case1/HElib-patched/src/Ctxt.cpp:1809]
  privateAssign: 2.88273 / 565 = 0.00510218   [$ARTIFACT/ours/_build_case1/HElib-patched/src/Ctxt.cpp:329]
  randomize: 6.39991 / 550 = 0.0116362   [$ARTIFACT/ours/_build_case1/HElib-patched/src/DoubleCRT.cpp:1318]
  randomize_stream: 3.59725 / 2967367 = 1.21227e-06   [$ARTIFACT/ours/_build_case1/HElib-patched/src/DoubleCRT.cpp:1348]
  reLinearize: 85.0782 / 171 = 0.497533   [$ARTIFACT/ours/_build_case1/HElib-patched/src/Ctxt.cpp:736]
  smartAutomorph: 19.0263 / 36 = 0.528509   [$ARTIFACT/ours/_build_case1/HElib-patched/src/Ctxt.cpp:2514]
  thinReCrypt: 210.401 / 1 = 210.401   [$ARTIFACT/ours/_build_case1/HElib-patched/src/recryption.cpp:1872]
  toPoly: 61.2051 / 823 = 0.0743682   [$ARTIFACT/ours/_build_case1/HElib-patched/src/DoubleCRT.cpp:985]
  toPoly_CRT: 9.77193 / 823 = 0.0118735   [$ARTIFACT/ours/_build_case1/HElib-patched/src/DoubleCRT.cpp:1052]
  toPoly_FFT: 50.8544 / 823 = 0.0617915   [$ARTIFACT/ours/_build_case1/HElib-patched/src/DoubleCRT.cpp:1030]
  rusage.ru_maxrss=9784928
||||| stats |||||
KS-noise-ratio ave=0.179264 max=2.27263
KS-noise-ratio-hoist ave=616589 max=4.93271e+06
break-into-digits-ratio ave=0.322691 max=0.390567
excess-ctxtPrimes ave=11.3629 max=11.3629
excess-specialPrimes ave=1.34095 max=1.34095
mod-switch-added-noise ave=0.321165 max=0.396713
ptxt_rat_sk ave=0.00191832 max=0.00191832
ptxt_rat_sk ave=0.359033 max=0.359033
raw-mod-switch-noise ave=0.334208 max=0.334208
window1-nchoices ave=3.2 max=4
window1-out ave=0 max=0
window2-nchoices ave=3.37143 max=9
window2-out ave=0 max=0
||||| stats |||||
KS-noise-ratio ave=0.179264 max=2.27263
KS-noise-ratio-hoist ave=616589 max=4.93271e+06
break-into-digits-ratio ave=0.322691 max=0.390567
excess-ctxtPrimes ave=11.3629 max=11.3629
excess-specialPrimes ave=1.34095 max=1.34095
mod-switch-added-noise ave=0.321165 max=0.396713
ptxt_rat_sk ave=0.00191832 max=0.00191832
ptxt_rat_sk ave=0.359033 max=0.359033
raw-mod-switch-noise ave=0.334208 max=0.334208
window1-nchoices ave=3.2 max=4
window1-out ave=0 max=0
window2-nchoices ave=3.37143 max=9
window2-out ave=0 max=0
WALL=497.65 s MAXRSS=9784928 kB
exit=0 (BASELINE pass1)
########## SET 22 p=14401 m=43033 d=11 :: ORDER4 :: aux=120 :: pass1 :: 2026-09-14 16:08:26 ##########
chosen idx = 22
encapHwt = 12
t for new bts is -1
new bts ? 1
new ks ? 1
thick bts ?0
repeat times = 1
force bsgs = 0
force hoist = 0
*** GTestFatboot: p=14401, r=1, bits=1320, t=0, c=3, m=43033 mvec=[23 1871], gens=[22453 13295], ords=[22 170]
Computing key-independent tables...using HELIB_EXPLICIT_AUX=120

t = -1
bound on I = 16.144126
log2(aux) = 6.906891
log2(beta) = 28.205460
log2(qks) >= 37.807529, final log2(qks) = 37.807532
log2(R) >= 27.765374, final log2(R) = 27.771993
INFO: total bits = 1786.36, security level = 74.5636deg of poly for non-power-of-p aux is 1223
security=74.5636
# small primes = 6
# ctxt primes = 23
# bits in ctxt primes = 1331
# special primes = 8
# bits in special primes = 455
scale=10
 done in 228.68 seconds
  e=0, e'=0, t=12
  m = 43033, p = 14401, phi(m) = 41140
  ord(p) = 11
  normBnd = 1.61862
  polyNormBnd = 3.82955
  factors = [23 1871]
  generator 22453 has order (== Z_m^*) of 22
  generator 13295 has order (== Z_m^*) of 170
r = 1
nslots = 3740
hwt = 120
ctxtPrimes = [6,7,8,9,10,11,12,13,14,15,16,17,18,19,20,21,22,23,24,25,26,27,28]
specialPrimes = [33,34,35,36,37,38,39,40]
number of bits = 1787

security level = 74.5636
Generating keys, Keys generated. Now genRecryptData...
computing key-dependent tables...Sparse boot key hwt = 12
genRecryptData done. recryptKeyID=1
lcAksBsgs=0 lcAksDelayed=0
Post-key setup done.
 done in 37.6085 seconds
Encrypt succeeded.
WARNING: KS-noise-ratio = 1.07359 > 1
WARNING: KS-noise-ratio = 1.8354 > 1
WARNING: KS-noise-ratio = 1.04819 > 1
WARNING: KS-noise-ratio = 1.28014 > 1
WARNING: KS-noise-ratio = 1.3154 > 1
HELIB_AUX_ORDER4_EVAL enabled: order=4, deg(P)=1223, terms(P)=307, deg(Q)=305, terms(Q)=306
time for linear1 = 5.935299, linear2 = 54.997616, extract = 88.099846, total = 151.460147
bits for linear1 = 54.289075, linear2 = 59.154732, extract = 375.165501, min cap = 9.602072, after cap = 849.900294, after prod = 1284.220527
cap / time = 5.189544

### summary over 1 test
time for linear1 = 5.935299, linear2 = 54.997616, extract = 88.099846, total = 151.460147
bits for linear1 = 54.289075, linear2 = 59.154732, extract = 375.165501, min cap = 9.602072, after cap = 849.900294, after prod = 1284.220527
cap / time = 5.189544


### bts finished, everything ok ###

  AAA_bootKeySwitch: 30.117 / 1 = 30.117   [$ARTIFACT/ours/_build_case1/HElib-patched/src/recryption.cpp:1968]
  AAA_coeffToSlot: 26.8459 / 1 = 26.8459   [$ARTIFACT/ours/_build_case1/HElib-patched/src/recryption.cpp:2396]
  AAA_embeddingLargest: 0.693875 / 239 = 0.00290324   [$ARTIFACT/ours/_build_case1/HElib-patched/src/norms.cpp:250]
  AAA_embeddingLargest_x2: 0.453126 / 161 = 0.00281445   [$ARTIFACT/ours/_build_case1/HElib-patched/src/norms.cpp:423]
  AAA_extractDigitsThin: 88.0987 / 1 = 88.0987   [$ARTIFACT/ours/_build_case1/HElib-patched/src/recryption.cpp:2449]
  AAA_modDownEnbeddings: 0.529171 / 161 = 0.00328678   [$ARTIFACT/ours/_build_case1/HElib-patched/src/Ctxt.cpp:506]
  AAA_slotToCoeff: 5.93523 / 1 = 5.93523   [$ARTIFACT/ours/_build_case1/HElib-patched/src/recryption.cpp:1954]
  BasicAutomorphPrecon: 4.72805 / 8 = 0.591006   [$ARTIFACT/ours/_build_case1/HElib-patched/src/matmul.cpp:69]
  BluesteinFFT: 61.2632 / 15345 = 0.00399239   [$ARTIFACT/ours/_build_case1/HElib-patched/src/bluestein.cpp:141]
  Decrypt: 0.693849 / 1 = 0.693849   [$ARTIFACT/ours/_build_case1/HElib-patched/src/keys.cpp:1350]
  DoubleCRT: 34.9795 / 358 = 0.0977081   [$ARTIFACT/ours/_build_case1/HElib-patched/src/DoubleCRT.cpp:718]
  FFT: 45.044 / 10830 = 0.00415919   [$ARTIFACT/ours/_build_case1/HElib-patched/src/CModulus.cpp:479]
  FFT: 56.8539 / 561 = 0.101344   [$ARTIFACT/ours/_build_case1/HElib-patched/src/DoubleCRT.cpp:70]
  FFT: 56.8396 / 10830 = 0.00524835   [$ARTIFACT/ours/_build_case1/HElib-patched/src/CModulus.cpp:448]
  FFT_aux: 45.0233 / 10830 = 0.00415728   [$ARTIFACT/ours/_build_case1/HElib-patched/src/CModulus.cpp:360]
  FFT_remainder: 11.7822 / 10830 = 0.00108792   [$ARTIFACT/ours/_build_case1/HElib-patched/src/CModulus.cpp:455]
  KS_loop: 14.2132 / 483 = 0.029427   [$ARTIFACT/ours/_build_case1/HElib-patched/src/Ctxt.cpp:219]
  KS_loop_1: 2.35396 / 483 = 0.00487362   [$ARTIFACT/ours/_build_case1/HElib-patched/src/Ctxt.cpp:227]
  KS_loop_2: 2.05533 / 483 = 0.00425535   [$ARTIFACT/ours/_build_case1/HElib-patched/src/Ctxt.cpp:231]
  KS_loop_3: 2.36627 / 483 = 0.0048991   [$ARTIFACT/ours/_build_case1/HElib-patched/src/Ctxt.cpp:236]
  KS_loop_4: 0.786539 / 483 = 0.00162845   [$ARTIFACT/ours/_build_case1/HElib-patched/src/Ctxt.cpp:240]
  NORM_VAL: 1.24092 / 202 = 0.00614315   [$ARTIFACT/ours/_build_case1/HElib-patched/src/DoubleCRT.cpp:541]
  addConstant: 0.242069 / 22 = 0.0110031   [$ARTIFACT/ours/_build_case1/HElib-patched/src/Ctxt.cpp:2197]
  addCtxt: 11.7643 / 942 = 0.0124887   [$ARTIFACT/ours/_build_case1/HElib-patched/src/Ctxt.cpp:1458]
  addPart: 4.4246 / 1215 = 0.00364165   [$ARTIFACT/ours/_build_case1/HElib-patched/src/Ctxt.cpp:905]
  addPrimes: 35.3874 / 203 = 0.174322   [$ARTIFACT/ours/_build_case1/HElib-patched/src/DoubleCRT.cpp:625]
  addPrimes_5: 37.1277 / 202 = 0.1838   [$ARTIFACT/ours/_build_case1/HElib-patched/src/DoubleCRT.cpp:518]
  automorph: 14.489 / 128 = 0.113195   [$ARTIFACT/ours/_build_case1/HElib-patched/src/matmul.cpp:117]
  automorph: 0.144713 / 36 = 0.00401981   [$ARTIFACT/ours/_build_case1/HElib-patched/src/Ctxt.cpp:2489]
  breakIntoDigits: 37.3611 / 77 = 0.485209   [$ARTIFACT/ours/_build_case1/HElib-patched/src/DoubleCRT.cpp:481]
  decode: 15.3855 / 1 = 15.3855   [$ARTIFACT/ours/_build_case1/HElib-patched/src/EncryptedArray.cpp:375]
  do_mul: 8.71212 / 2289 = 0.00380608   [$ARTIFACT/ours/_build_case1/HElib-patched/src/DoubleCRT.cpp:280]
  extractDigitsThin: 88.0987 / 1 = 88.0987   [$ARTIFACT/ours/_build_case1/HElib-patched/src/recryption.cpp:1597]
  iFFT: 31.1714 / 4515 = 0.00690396   [$ARTIFACT/ours/_build_case1/HElib-patched/src/CModulus.cpp:488]
  iFFT_division: 12.0538 / 4515 = 0.00266973   [$ARTIFACT/ours/_build_case1/HElib-patched/src/CModulus.cpp:570]
  keySwitchPart: 39.246 / 70 = 0.560657   [$ARTIFACT/ours/_build_case1/HElib-patched/src/Ctxt.cpp:836]
  modDownToSet: 68.7667 / 199 = 0.345562   [$ARTIFACT/ours/_build_case1/HElib-patched/src/Ctxt.cpp:409]
  mul_MatMul1DExec: 55.8862 / 6 = 9.31437   [$ARTIFACT/ours/_build_case1/HElib-patched/src/matmul.cpp:975]
  multByConstant: 3.44906 / 577 = 0.00597758   [$ARTIFACT/ours/_build_case1/HElib-patched/src/Ctxt.cpp:1884]
  multByConstant: 0.12303 / 1 = 0.12303   [$ARTIFACT/ours/_build_case1/HElib-patched/src/Ctxt.cpp:1910]
  multLowLvl: 37.6602 / 42 = 0.896671   [$ARTIFACT/ours/_build_case1/HElib-patched/src/Ctxt.cpp:1733]
  multiplyBy: 41.1316 / 21 = 1.95865   [$ARTIFACT/ours/_build_case1/HElib-patched/src/Ctxt.cpp:1809]
  privateAssign: 2.78146 / 498 = 0.00558527   [$ARTIFACT/ours/_build_case1/HElib-patched/src/Ctxt.cpp:329]
  randomize: 5.65241 / 483 = 0.0117027   [$ARTIFACT/ours/_build_case1/HElib-patched/src/DoubleCRT.cpp:1318]
  randomize_stream: 3.17931 / 2604155 = 1.22086e-06   [$ARTIFACT/ours/_build_case1/HElib-patched/src/DoubleCRT.cpp:1348]
  reLinearize: 57.5841 / 142 = 0.405522   [$ARTIFACT/ours/_build_case1/HElib-patched/src/Ctxt.cpp:736]
  smartAutomorph: 19.0633 / 36 = 0.529536   [$ARTIFACT/ours/_build_case1/HElib-patched/src/Ctxt.cpp:2514]
  thinReCrypt: 151.47 / 1 = 151.47   [$ARTIFACT/ours/_build_case1/HElib-patched/src/recryption.cpp:1872]
  toPoly: 41.7217 / 560 = 0.074503   [$ARTIFACT/ours/_build_case1/HElib-patched/src/DoubleCRT.cpp:985]
  toPoly_CRT: 6.73127 / 560 = 0.0120201   [$ARTIFACT/ours/_build_case1/HElib-patched/src/DoubleCRT.cpp:1052]
  toPoly_FFT: 34.5817 / 560 = 0.061753   [$ARTIFACT/ours/_build_case1/HElib-patched/src/DoubleCRT.cpp:1030]
  rusage.ru_maxrss=9556628
||||| stats |||||
KS-noise-ratio ave=0.137631 max=1.8354
KS-noise-ratio-hoist ave=658564 max=5.26851e+06
break-into-digits-ratio ave=0.320909 max=0.391997
excess-ctxtPrimes ave=11.3629 max=11.3629
excess-specialPrimes ave=1.34095 max=1.34095
mod-switch-added-noise ave=0.32248 max=0.407552
ptxt_rat_sk ave=0.00188082 max=0.00188082
ptxt_rat_sk ave=0.343373 max=0.343373
raw-mod-switch-noise ave=0.327664 max=0.327664
window1-nchoices ave=3 max=4
window1-out ave=0 max=0
window2-nchoices ave=3.97368 max=8
window2-out ave=0 max=0
||||| stats |||||
KS-noise-ratio ave=0.137631 max=1.8354
KS-noise-ratio-hoist ave=658564 max=5.26851e+06
break-into-digits-ratio ave=0.320909 max=0.391997
excess-ctxtPrimes ave=11.3629 max=11.3629
excess-specialPrimes ave=1.34095 max=1.34095
mod-switch-added-noise ave=0.32248 max=0.407552
ptxt_rat_sk ave=0.00188082 max=0.00188082
ptxt_rat_sk ave=0.343373 max=0.343373
raw-mod-switch-noise ave=0.327664 max=0.327664
window1-nchoices ave=3 max=4
window1-out ave=0 max=0
window2-nchoices ave=3.97368 max=8
window2-out ave=0 max=0
WALL=436.78 s MAXRSS=9556628 kB
exit=0 (ORDER4 pass1)
########## SET 22 p=14401 m=43033 d=11 :: ORDER4_COMPOSED :: aux=120 :: pass1 :: 2026-09-14 16:15:43 ##########
chosen idx = 22
encapHwt = 12
t for new bts is -1
new bts ? 1
new ks ? 1
thick bts ?0
repeat times = 1
force bsgs = 0
force hoist = 0
*** GTestFatboot: p=14401, r=1, bits=1320, t=0, c=3, m=43033 mvec=[23 1871], gens=[22453 13295], ords=[22 170]
Computing key-independent tables...using HELIB_EXPLICIT_AUX=120

t = -1
bound on I = 16.144126
log2(aux) = 6.906891
log2(beta) = 28.205460
log2(qks) >= 37.807529, final log2(qks) = 37.807532
log2(R) >= 27.765374, final log2(R) = 27.771993
INFO: total bits = 1786.36, security level = 74.5636HELIB_COMPOSED_EVAL: order=4 d=11 |folded support|=306 degQ=305 padded to n'=308
HELIB_COMPOSED_EVAL: norm form c=91 degC=28 (search 11.3112s)
deg of poly for non-power-of-p aux is 1223
security=74.5636
# small primes = 6
# ctxt primes = 23
# bits in ctxt primes = 1331
# special primes = 8
# bits in special primes = 455
scale=10
 done in 245.532 seconds
  e=0, e'=0, t=12
  m = 43033, p = 14401, phi(m) = 41140
  ord(p) = 11
  normBnd = 1.61862
  polyNormBnd = 3.82955
  factors = [23 1871]
  generator 22453 has order (== Z_m^*) of 22
  generator 13295 has order (== Z_m^*) of 170
r = 1
nslots = 3740
hwt = 120
ctxtPrimes = [6,7,8,9,10,11,12,13,14,15,16,17,18,19,20,21,22,23,24,25,26,27,28]
specialPrimes = [33,34,35,36,37,38,39,40]
number of bits = 1787

security level = 74.5636
Generating keys, Keys generated. Now genRecryptData...
computing key-dependent tables...Sparse boot key hwt = 12
genRecryptData done. recryptKeyID=1
lcAksBsgs=0 lcAksDelayed=0
Post-key setup done.
 done in 37.3916 seconds
Encrypt succeeded.
WARNING: KS-noise-ratio = 1.07511 > 1
WARNING: KS-noise-ratio = 8.0356 > 1
WARNING: KS-noise-ratio = 1.59284 > 1
WARNING: KS-noise-ratio = 1.28442 > 1
HELIB_COMPOSED_EVAL active: order=4 degC=28 d=11
time for linear1 = 5.975292, linear2 = 55.415828, extract = 44.996694, total = 108.935878
bits for linear1 = 54.306823, linear2 = 59.286434, extract = 464.248155, min cap = 9.602072, after cap = 760.819078, after prod = 1284.353668
cap / time = 6.397435

### summary over 1 test
time for linear1 = 5.975292, linear2 = 55.415828, extract = 44.996694, total = 108.935878
bits for linear1 = 54.306823, linear2 = 59.286434, extract = 464.248155, min cap = 9.602072, after cap = 760.819078, after prod = 1284.353668
cap / time = 6.397435


### bts finished, everything ok ###

  AAA_bootKeySwitch: 30.5301 / 1 = 30.5301   [$ARTIFACT/ours/_build_case1/HElib-patched/src/recryption.cpp:1968]
  AAA_coeffToSlot: 26.9657 / 1 = 26.9657   [$ARTIFACT/ours/_build_case1/HElib-patched/src/recryption.cpp:2396]
  AAA_embeddingLargest: 0.609911 / 222 = 0.00274735   [$ARTIFACT/ours/_build_case1/HElib-patched/src/norms.cpp:250]
  AAA_embeddingLargest_x2: 0.297708 / 105 = 0.00283531   [$ARTIFACT/ours/_build_case1/HElib-patched/src/norms.cpp:423]
  AAA_extractDigitsThin: 44.9961 / 1 = 44.9961   [$ARTIFACT/ours/_build_case1/HElib-patched/src/recryption.cpp:2449]
  AAA_modDownEnbeddings: 0.340238 / 105 = 0.00324036   [$ARTIFACT/ours/_build_case1/HElib-patched/src/Ctxt.cpp:506]
  AAA_slotToCoeff: 5.97522 / 1 = 5.97522   [$ARTIFACT/ours/_build_case1/HElib-patched/src/recryption.cpp:1954]
  BasicAutomorphPrecon: 4.71224 / 8 = 0.589031   [$ARTIFACT/ours/_build_case1/HElib-patched/src/matmul.cpp:69]
  BluesteinFFT: 45.6904 / 11419 = 0.00400126   [$ARTIFACT/ours/_build_case1/HElib-patched/src/bluestein.cpp:141]
  Decrypt: 0.731334 / 1 = 0.731334   [$ARTIFACT/ours/_build_case1/HElib-patched/src/keys.cpp:1350]
  DoubleCRT: 25.0763 / 261 = 0.0960779   [$ARTIFACT/ours/_build_case1/HElib-patched/src/DoubleCRT.cpp:718]
  FFT: 34.948 / 8384 = 0.00416842   [$ARTIFACT/ours/_build_case1/HElib-patched/src/CModulus.cpp:479]
  FFT: 43.4872 / 431 = 0.100898   [$ARTIFACT/ours/_build_case1/HElib-patched/src/DoubleCRT.cpp:70]
  FFT: 43.4761 / 8384 = 0.00518561   [$ARTIFACT/ours/_build_case1/HElib-patched/src/CModulus.cpp:448]
  FFT_aux: 34.9318 / 8384 = 0.00416648   [$ARTIFACT/ours/_build_case1/HElib-patched/src/CModulus.cpp:360]
  FFT_remainder: 8.51711 / 8384 = 0.00101588   [$ARTIFACT/ours/_build_case1/HElib-patched/src/CModulus.cpp:455]
  KS_loop: 13.3481 / 451 = 0.0295967   [$ARTIFACT/ours/_build_case1/HElib-patched/src/Ctxt.cpp:219]
  KS_loop_1: 2.21124 / 451 = 0.00490298   [$ARTIFACT/ours/_build_case1/HElib-patched/src/Ctxt.cpp:227]
  KS_loop_2: 2.04351 / 451 = 0.00453106   [$ARTIFACT/ours/_build_case1/HElib-patched/src/Ctxt.cpp:231]
  KS_loop_3: 2.20817 / 451 = 0.00489617   [$ARTIFACT/ours/_build_case1/HElib-patched/src/Ctxt.cpp:236]
  KS_loop_4: 0.745143 / 451 = 0.0016522   [$ARTIFACT/ours/_build_case1/HElib-patched/src/Ctxt.cpp:240]
  NORM_VAL: 1.01563 / 170 = 0.00597428   [$ARTIFACT/ours/_build_case1/HElib-patched/src/DoubleCRT.cpp:541]
  addCtxt: 2.23604 / 665 = 0.00336246   [$ARTIFACT/ours/_build_case1/HElib-patched/src/Ctxt.cpp:1458]
  addPart: 4.14787 / 1111 = 0.00373345   [$ARTIFACT/ours/_build_case1/HElib-patched/src/Ctxt.cpp:905]
  addPrimes: 29.9703 / 171 = 0.175265   [$ARTIFACT/ours/_build_case1/HElib-patched/src/DoubleCRT.cpp:625]
  addPrimes_5: 31.3882 / 170 = 0.184636   [$ARTIFACT/ours/_build_case1/HElib-patched/src/DoubleCRT.cpp:518]
  automorph: 14.4607 / 128 = 0.112975   [$ARTIFACT/ours/_build_case1/HElib-patched/src/matmul.cpp:117]
  automorph: 0.172659 / 41 = 0.0042112   [$ARTIFACT/ours/_build_case1/HElib-patched/src/Ctxt.cpp:2489]
  breakIntoDigits: 31.5821 / 68 = 0.464443   [$ARTIFACT/ours/_build_case1/HElib-patched/src/DoubleCRT.cpp:481]
  decode: 15.2961 / 1 = 15.2961   [$ARTIFACT/ours/_build_case1/HElib-patched/src/EncryptedArray.cpp:375]
  do_mul: 8.35413 / 2177 = 0.00383745   [$ARTIFACT/ours/_build_case1/HElib-patched/src/DoubleCRT.cpp:280]
  extractDigitsThin: 44.9961 / 1 = 44.9961   [$ARTIFACT/ours/_build_case1/HElib-patched/src/recryption.cpp:1597]
  frobeniusAutomorph: 5.24205 / 5 = 1.04841   [$ARTIFACT/ours/_build_case1/HElib-patched/src/Ctxt.cpp:2578]
  iFFT: 21.086 / 3035 = 0.00694761   [$ARTIFACT/ours/_build_case1/HElib-patched/src/CModulus.cpp:488]
  iFFT_division: 8.11133 / 3035 = 0.0026726   [$ARTIFACT/ours/_build_case1/HElib-patched/src/CModulus.cpp:570]
  keySwitchPart: 32.5005 / 61 = 0.532795   [$ARTIFACT/ours/_build_case1/HElib-patched/src/Ctxt.cpp:836]
  modDownToSet: 42.1524 / 143 = 0.294772   [$ARTIFACT/ours/_build_case1/HElib-patched/src/Ctxt.cpp:409]
  mul_MatMul1DExec: 56.358 / 6 = 9.393   [$ARTIFACT/ours/_build_case1/HElib-patched/src/matmul.cpp:975]
  multByConstant: 3.69896 / 601 = 0.00615467   [$ARTIFACT/ours/_build_case1/HElib-patched/src/Ctxt.cpp:1884]
  multByConstant: 3.2173 / 25 = 0.128692   [$ARTIFACT/ours/_build_case1/HElib-patched/src/Ctxt.cpp:1910]
  multLowLvl: 15.8712 / 18 = 0.881733   [$ARTIFACT/ours/_build_case1/HElib-patched/src/Ctxt.cpp:1733]
  multiplyBy: 34.5131 / 18 = 1.91739   [$ARTIFACT/ours/_build_case1/HElib-patched/src/Ctxt.cpp:1809]
  privateAssign: 0.657357 / 198 = 0.00331998   [$ARTIFACT/ours/_build_case1/HElib-patched/src/Ctxt.cpp:329]
  randomize: 5.27783 / 451 = 0.0117025   [$ARTIFACT/ours/_build_case1/HElib-patched/src/DoubleCRT.cpp:1318]
  randomize_stream: 2.97045 / 2430576 = 1.22212e-06   [$ARTIFACT/ours/_build_case1/HElib-patched/src/DoubleCRT.cpp:1348]
  reLinearize: 43.6063 / 136 = 0.320635   [$ARTIFACT/ours/_build_case1/HElib-patched/src/Ctxt.cpp:736]
  smartAutomorph: 24.5384 / 41 = 0.598498   [$ARTIFACT/ours/_build_case1/HElib-patched/src/Ctxt.cpp:2514]
  thinReCrypt: 108.947 / 1 = 108.947   [$ARTIFACT/ours/_build_case1/HElib-patched/src/recryption.cpp:1872]
  toPoly: 28.4466 / 402 = 0.0707627   [$ARTIFACT/ours/_build_case1/HElib-patched/src/DoubleCRT.cpp:985]
  toPoly_CRT: 4.76142 / 402 = 0.0118443   [$ARTIFACT/ours/_build_case1/HElib-patched/src/DoubleCRT.cpp:1052]
  toPoly_FFT: 23.3565 / 402 = 0.0581007   [$ARTIFACT/ours/_build_case1/HElib-patched/src/DoubleCRT.cpp:1030]
  rusage.ru_maxrss=9285236
||||| stats |||||
KS-noise-ratio ave=0.273056 max=8.0356
KS-noise-ratio-hoist ave=694332 max=5.55465e+06
break-into-digits-ratio ave=0.320621 max=0.418557
excess-ctxtPrimes ave=11.3629 max=11.3629
excess-specialPrimes ave=1.34095 max=1.34095
mod-switch-added-noise ave=0.322248 max=0.382722
ptxt_rat_sk ave=0.00184545 max=0.00184545
ptxt_rat_sk ave=0.340826 max=0.340826
raw-mod-switch-noise ave=0.312937 max=0.312937
window1-nchoices ave=2.66667 max=4
window1-out ave=0 max=0
window2-nchoices ave=3.2 max=5
window2-out ave=0 max=0
||||| stats |||||
KS-noise-ratio ave=0.273056 max=8.0356
KS-noise-ratio-hoist ave=694332 max=5.55465e+06
break-into-digits-ratio ave=0.320621 max=0.418557
excess-ctxtPrimes ave=11.3629 max=11.3629
excess-specialPrimes ave=1.34095 max=1.34095
mod-switch-added-noise ave=0.322248 max=0.382722
ptxt_rat_sk ave=0.00184545 max=0.00184545
ptxt_rat_sk ave=0.340826 max=0.340826
raw-mod-switch-noise ave=0.312937 max=0.312937
window1-nchoices ave=2.66667 max=4
window1-out ave=0 max=0
window2-nchoices ave=3.2 max=5
window2-out ave=0 max=0
WALL=410.86 s MAXRSS=9285236 kB
exit=0 (ORDER4_COMPOSED pass1)
########## SET 22 p=14401 m=43033 d=11 :: ORDER6 :: aux=318 :: pass1 :: 2026-09-14 16:22:34 ##########
chosen idx = 22
encapHwt = 12
t for new bts is -1
new bts ? 1
new ks ? 1
thick bts ?0
repeat times = 1
force bsgs = 0
force hoist = 0
*** GTestFatboot: p=14401, r=1, bits=1320, t=0, c=3, m=43033 mvec=[23 1871], gens=[22453 13295], ords=[22 170]
Computing key-independent tables...using HELIB_EXPLICIT_AUX=318

t = -1
bound on I = 16.144126
log2(aux) = 8.312883
log2(beta) = 28.205460
log2(qks) >= 39.213521, final log2(qks) = 39.213524
log2(R) >= 28.234037, final log2(R) = 28.236684
INFO: total bits = 1786.36, security level = 74.5636HELIB_ORDER6: A=318 aux=318 |closure|=1837 (inflation 1.49959) deg(P)=1835 |folded|=306
deg of poly for non-power-of-p aux is 1835
security=74.5636
# small primes = 6
# ctxt primes = 23
# bits in ctxt primes = 1331
# special primes = 8
# bits in special primes = 455
scale=10
 done in 233.322 seconds
  e=0, e'=0, t=12
  m = 43033, p = 14401, phi(m) = 41140
  ord(p) = 11
  normBnd = 1.61862
  polyNormBnd = 3.82955
  factors = [23 1871]
  generator 22453 has order (== Z_m^*) of 22
  generator 13295 has order (== Z_m^*) of 170
r = 1
nslots = 3740
hwt = 120
ctxtPrimes = [6,7,8,9,10,11,12,13,14,15,16,17,18,19,20,21,22,23,24,25,26,27,28]
specialPrimes = [33,34,35,36,37,38,39,40]
number of bits = 1787

security level = 74.5636
Generating keys, Keys generated. Now genRecryptData...
computing key-dependent tables...Sparse boot key hwt = 12
genRecryptData done. recryptKeyID=1
lcAksBsgs=0 lcAksDelayed=0
Post-key setup done.
 done in 37.6003 seconds
Encrypt succeeded.
WARNING: KS-noise-ratio = 1.01064 > 1
WARNING: KS-noise-ratio = 2.1516 > 1
WARNING: KS-noise-ratio = 1.19609 > 1
WARNING: KS-noise-ratio = 1.25028 > 1
HELIB_AUX_ORDER4_EVAL enabled: order=6, deg(P)=1835, terms(P)=307, deg(Q)=305, terms(Q)=306
time for linear1 = 5.964360, linear2 = 55.098735, extract = 89.725292, total = 153.189269
bits for linear1 = 54.256122, linear2 = 58.219172, extract = 376.813956, min cap = 11.008064, after cap = 847.917462, after prod = 1282.950590
cap / time = 5.109061

### summary over 1 test
time for linear1 = 5.964360, linear2 = 55.098735, extract = 89.725292, total = 153.189269
bits for linear1 = 54.256122, linear2 = 58.219172, extract = 376.813956, min cap = 11.008064, after cap = 847.917462, after prod = 1282.950590
cap / time = 5.109061


### bts finished, everything ok ###

  AAA_bootKeySwitch: 30.0662 / 1 = 30.0662   [$ARTIFACT/ours/_build_case1/HElib-patched/src/recryption.cpp:1968]
  AAA_coeffToSlot: 26.9231 / 1 = 26.9231   [$ARTIFACT/ours/_build_case1/HElib-patched/src/recryption.cpp:2396]
  AAA_embeddingLargest: 0.699979 / 243 = 0.00288057   [$ARTIFACT/ours/_build_case1/HElib-patched/src/norms.cpp:250]
  AAA_embeddingLargest_x2: 0.458685 / 164 = 0.00279686   [$ARTIFACT/ours/_build_case1/HElib-patched/src/norms.cpp:423]
  AAA_extractDigitsThin: 89.7241 / 1 = 89.7241   [$ARTIFACT/ours/_build_case1/HElib-patched/src/recryption.cpp:2449]
  AAA_modDownEnbeddings: 0.535786 / 164 = 0.00326699   [$ARTIFACT/ours/_build_case1/HElib-patched/src/Ctxt.cpp:506]
  AAA_slotToCoeff: 5.96429 / 1 = 5.96429   [$ARTIFACT/ours/_build_case1/HElib-patched/src/recryption.cpp:1954]
  BasicAutomorphPrecon: 4.79473 / 8 = 0.599342   [$ARTIFACT/ours/_build_case1/HElib-patched/src/matmul.cpp:69]
  BluesteinFFT: 62.1087 / 15624 = 0.00397521   [$ARTIFACT/ours/_build_case1/HElib-patched/src/bluestein.cpp:141]
  Decrypt: 0.693989 / 1 = 0.693989   [$ARTIFACT/ours/_build_case1/HElib-patched/src/keys.cpp:1350]
  DoubleCRT: 35.6135 / 365 = 0.0975714   [$ARTIFACT/ours/_build_case1/HElib-patched/src/DoubleCRT.cpp:718]
  FFT: 45.7736 / 11043 = 0.00414503   [$ARTIFACT/ours/_build_case1/HElib-patched/src/CModulus.cpp:479]
  FFT: 57.6726 / 571 = 0.101003   [$ARTIFACT/ours/_build_case1/HElib-patched/src/DoubleCRT.cpp:70]
  FFT: 57.6579 / 11043 = 0.00522121   [$ARTIFACT/ours/_build_case1/HElib-patched/src/CModulus.cpp:448]
  FFT_aux: 45.7523 / 11043 = 0.00414311   [$ARTIFACT/ours/_build_case1/HElib-patched/src/CModulus.cpp:360]
  FFT_remainder: 11.8707 / 11043 = 0.00107495   [$ARTIFACT/ours/_build_case1/HElib-patched/src/CModulus.cpp:455]
  KS_loop: 14.3408 / 486 = 0.0295078   [$ARTIFACT/ours/_build_case1/HElib-patched/src/Ctxt.cpp:219]
  KS_loop_1: 2.36726 / 486 = 0.0048709   [$ARTIFACT/ours/_build_case1/HElib-patched/src/Ctxt.cpp:227]
  KS_loop_2: 2.05486 / 486 = 0.00422812   [$ARTIFACT/ours/_build_case1/HElib-patched/src/Ctxt.cpp:231]
  KS_loop_3: 2.37403 / 486 = 0.00488484   [$ARTIFACT/ours/_build_case1/HElib-patched/src/Ctxt.cpp:236]
  KS_loop_4: 0.780379 / 486 = 0.00160572   [$ARTIFACT/ours/_build_case1/HElib-patched/src/Ctxt.cpp:240]
  NORM_VAL: 1.25255 / 205 = 0.00610998   [$ARTIFACT/ours/_build_case1/HElib-patched/src/DoubleCRT.cpp:541]
  addConstant: 0.239683 / 22 = 0.0108947   [$ARTIFACT/ours/_build_case1/HElib-patched/src/Ctxt.cpp:2197]
  addCtxt: 11.5907 / 942 = 0.0123043   [$ARTIFACT/ours/_build_case1/HElib-patched/src/Ctxt.cpp:1458]
  addPart: 4.43916 / 1223 = 0.00362973   [$ARTIFACT/ours/_build_case1/HElib-patched/src/Ctxt.cpp:905]
  addPrimes: 35.766 / 206 = 0.173621   [$ARTIFACT/ours/_build_case1/HElib-patched/src/DoubleCRT.cpp:625]
  addPrimes_5: 37.5139 / 205 = 0.182995   [$ARTIFACT/ours/_build_case1/HElib-patched/src/DoubleCRT.cpp:518]
  automorph: 14.5472 / 128 = 0.11365   [$ARTIFACT/ours/_build_case1/HElib-patched/src/matmul.cpp:117]
  automorph: 0.143013 / 36 = 0.00397258   [$ARTIFACT/ours/_build_case1/HElib-patched/src/Ctxt.cpp:2489]
  breakIntoDigits: 37.7475 / 78 = 0.483942   [$ARTIFACT/ours/_build_case1/HElib-patched/src/DoubleCRT.cpp:481]
  decode: 15.4689 / 1 = 15.4689   [$ARTIFACT/ours/_build_case1/HElib-patched/src/EncryptedArray.cpp:375]
  do_mul: 8.76272 / 2299 = 0.00381153   [$ARTIFACT/ours/_build_case1/HElib-patched/src/DoubleCRT.cpp:280]
  extractDigitsThin: 89.7241 / 1 = 89.7241   [$ARTIFACT/ours/_build_case1/HElib-patched/src/recryption.cpp:1597]
  iFFT: 31.6789 / 4581 = 0.00691527   [$ARTIFACT/ours/_build_case1/HElib-patched/src/CModulus.cpp:488]
  iFFT_division: 12.3569 / 4581 = 0.00269743   [$ARTIFACT/ours/_build_case1/HElib-patched/src/CModulus.cpp:570]
  keySwitchPart: 39.684 / 71 = 0.558929   [$ARTIFACT/ours/_build_case1/HElib-patched/src/Ctxt.cpp:836]
  modDownToSet: 69.9705 / 202 = 0.346389   [$ARTIFACT/ours/_build_case1/HElib-patched/src/Ctxt.cpp:409]
  mul_MatMul1DExec: 55.953 / 6 = 9.32551   [$ARTIFACT/ours/_build_case1/HElib-patched/src/matmul.cpp:975]
  multByConstant: 3.466 / 577 = 0.00600693   [$ARTIFACT/ours/_build_case1/HElib-patched/src/Ctxt.cpp:1884]
  multByConstant: 0.113911 / 1 = 0.113911   [$ARTIFACT/ours/_build_case1/HElib-patched/src/Ctxt.cpp:1910]
  multLowLvl: 38.4932 / 43 = 0.895192   [$ARTIFACT/ours/_build_case1/HElib-patched/src/Ctxt.cpp:1733]
  multiplyBy: 43.1392 / 22 = 1.96087   [$ARTIFACT/ours/_build_case1/HElib-patched/src/Ctxt.cpp:1809]
  privateAssign: 2.75822 / 501 = 0.00550542   [$ARTIFACT/ours/_build_case1/HElib-patched/src/Ctxt.cpp:329]
  randomize: 5.76012 / 486 = 0.0118521   [$ARTIFACT/ours/_build_case1/HElib-patched/src/DoubleCRT.cpp:1318]
  randomize_stream: 3.22616 / 2620972 = 1.2309e-06   [$ARTIFACT/ours/_build_case1/HElib-patched/src/DoubleCRT.cpp:1348]
  reLinearize: 58.4921 / 144 = 0.406195   [$ARTIFACT/ours/_build_case1/HElib-patched/src/Ctxt.cpp:736]
  smartAutomorph: 19.053 / 36 = 0.52925   [$ARTIFACT/ours/_build_case1/HElib-patched/src/Ctxt.cpp:2514]
  thinReCrypt: 153.199 / 1 = 153.199   [$ARTIFACT/ours/_build_case1/HElib-patched/src/recryption.cpp:1872]
  toPoly: 42.3008 / 570 = 0.0742119   [$ARTIFACT/ours/_build_case1/HElib-patched/src/DoubleCRT.cpp:985]
  toPoly_CRT: 6.78471 / 570 = 0.011903   [$ARTIFACT/ours/_build_case1/HElib-patched/src/DoubleCRT.cpp:1052]
  toPoly_FFT: 35.0785 / 570 = 0.0615412   [$ARTIFACT/ours/_build_case1/HElib-patched/src/DoubleCRT.cpp:1030]
  rusage.ru_maxrss=9590672
||||| stats |||||
KS-noise-ratio ave=0.124063 max=2.1516
KS-noise-ratio-hoist ave=639812 max=5.11849e+06
break-into-digits-ratio ave=0.318498 max=0.403927
excess-ctxtPrimes ave=11.3629 max=11.3629
excess-specialPrimes ave=1.34095 max=1.34095
mod-switch-added-noise ave=0.325771 max=0.395861
ptxt_rat_sk ave=0.00186615 max=0.00186615
ptxt_rat_sk ave=0.328529 max=0.328529
raw-mod-switch-noise ave=0.329008 max=0.329008
window1-nchoices ave=3 max=4
window1-out ave=0 max=0
window2-nchoices ave=3.76923 max=5
window2-out ave=0 max=0
||||| stats |||||
KS-noise-ratio ave=0.124063 max=2.1516
KS-noise-ratio-hoist ave=639812 max=5.11849e+06
break-into-digits-ratio ave=0.318498 max=0.403927
excess-ctxtPrimes ave=11.3629 max=11.3629
excess-specialPrimes ave=1.34095 max=1.34095
mod-switch-added-noise ave=0.325771 max=0.395861
ptxt_rat_sk ave=0.00186615 max=0.00186615
ptxt_rat_sk ave=0.328529 max=0.328529
raw-mod-switch-noise ave=0.329008 max=0.329008
window1-nchoices ave=3 max=4
window1-out ave=0 max=0
window2-nchoices ave=3.76923 max=5
window2-out ave=0 max=0
WALL=443.30 s MAXRSS=9590672 kB
exit=0 (ORDER6 pass1)
########## SET 22 p=14401 m=43033 d=11 :: ORDER6_COMPOSED :: aux=318 :: pass1 :: 2026-09-14 16:29:57 ##########
chosen idx = 22
encapHwt = 12
t for new bts is -1
new bts ? 1
new ks ? 1
thick bts ?0
repeat times = 1
force bsgs = 0
force hoist = 0
*** GTestFatboot: p=14401, r=1, bits=1320, t=0, c=3, m=43033 mvec=[23 1871], gens=[22453 13295], ords=[22 170]
Computing key-independent tables...using HELIB_EXPLICIT_AUX=318

t = -1
bound on I = 16.144126
log2(aux) = 8.312883
log2(beta) = 28.205460
log2(qks) >= 39.213521, final log2(qks) = 39.213524
log2(R) >= 28.234037, final log2(R) = 28.236684
INFO: total bits = 1786.36, security level = 74.5636HELIB_ORDER6: A=318 aux=318 |closure|=1837 (inflation 1.49959) deg(P)=1835 |folded|=306
HELIB_COMPOSED_EVAL: order=6 d=11 |folded support|=306 degQ=305 padded to n'=308
HELIB_COMPOSED_EVAL: norm form c=529 degC=28 (search 28.0332s)
deg of poly for non-power-of-p aux is 1835
security=74.5636
# small primes = 6
# ctxt primes = 23
# bits in ctxt primes = 1331
# special primes = 8
# bits in special primes = 455
scale=10
 done in 263.564 seconds
  e=0, e'=0, t=12
  m = 43033, p = 14401, phi(m) = 41140
  ord(p) = 11
  normBnd = 1.61862
  polyNormBnd = 3.82955
  factors = [23 1871]
  generator 22453 has order (== Z_m^*) of 22
  generator 13295 has order (== Z_m^*) of 170
r = 1
nslots = 3740
hwt = 120
ctxtPrimes = [6,7,8,9,10,11,12,13,14,15,16,17,18,19,20,21,22,23,24,25,26,27,28]
specialPrimes = [33,34,35,36,37,38,39,40]
number of bits = 1787

security level = 74.5636
Generating keys, Keys generated. Now genRecryptData...
computing key-dependent tables...Sparse boot key hwt = 12
genRecryptData done. recryptKeyID=1
lcAksBsgs=0 lcAksDelayed=0
Post-key setup done.
 done in 37.6754 seconds
Encrypt succeeded.
WARNING: KS-noise-ratio = 1.10193 > 1
WARNING: KS-noise-ratio = 2.01212 > 1
WARNING: KS-noise-ratio = 1.51918 > 1
WARNING: KS-noise-ratio = 1.20509 > 1
HELIB_COMPOSED_EVAL active: order=6 degC=28 d=11
time for linear1 = 6.063840, linear2 = 55.245078, extract = 47.373445, total = 111.085098
bits for linear1 = 54.300258, linear2 = 58.306266, extract = 463.848790, min cap = 11.008064, after cap = 760.945374, after prod = 1283.100430
cap / time = 6.262200

### summary over 1 test
time for linear1 = 6.063840, linear2 = 55.245078, extract = 47.373445, total = 111.085098
bits for linear1 = 54.300258, linear2 = 58.306266, extract = 463.848790, min cap = 11.008064, after cap = 760.945374, after prod = 1283.100430
cap / time = 6.262200


### bts finished, everything ok ###

  AAA_bootKeySwitch: 30.1928 / 1 = 30.1928   [$ARTIFACT/ours/_build_case1/HElib-patched/src/recryption.cpp:1968]
  AAA_coeffToSlot: 26.9754 / 1 = 26.9754   [$ARTIFACT/ours/_build_case1/HElib-patched/src/recryption.cpp:2396]
  AAA_embeddingLargest: 0.626544 / 226 = 0.00277232   [$ARTIFACT/ours/_build_case1/HElib-patched/src/norms.cpp:250]
  AAA_embeddingLargest_x2: 0.302483 / 108 = 0.00280077   [$ARTIFACT/ours/_build_case1/HElib-patched/src/norms.cpp:423]
  AAA_extractDigitsThin: 47.3728 / 1 = 47.3728   [$ARTIFACT/ours/_build_case1/HElib-patched/src/recryption.cpp:2449]
  AAA_modDownEnbeddings: 0.347438 / 108 = 0.00321702   [$ARTIFACT/ours/_build_case1/HElib-patched/src/Ctxt.cpp:506]
  AAA_slotToCoeff: 6.06377 / 1 = 6.06377   [$ARTIFACT/ours/_build_case1/HElib-patched/src/recryption.cpp:1954]
  BasicAutomorphPrecon: 4.73137 / 8 = 0.591421   [$ARTIFACT/ours/_build_case1/HElib-patched/src/matmul.cpp:69]
  BluesteinFFT: 47.0079 / 11720 = 0.00401091   [$ARTIFACT/ours/_build_case1/HElib-patched/src/bluestein.cpp:141]
  Decrypt: 0.722147 / 1 = 0.722147   [$ARTIFACT/ours/_build_case1/HElib-patched/src/keys.cpp:1350]
  DoubleCRT: 25.7884 / 268 = 0.0962255   [$ARTIFACT/ours/_build_case1/HElib-patched/src/DoubleCRT.cpp:718]
  FFT: 35.9354 / 8597 = 0.00418   [$ARTIFACT/ours/_build_case1/HElib-patched/src/CModulus.cpp:479]
  FFT: 44.4142 / 441 = 0.100713   [$ARTIFACT/ours/_build_case1/HElib-patched/src/DoubleCRT.cpp:70]
  FFT: 44.4027 / 8597 = 0.0051649   [$ARTIFACT/ours/_build_case1/HElib-patched/src/CModulus.cpp:448]
  FFT_aux: 35.919 / 8597 = 0.00417809   [$ARTIFACT/ours/_build_case1/HElib-patched/src/CModulus.cpp:360]
  FFT_remainder: 8.45549 / 8597 = 0.00098354   [$ARTIFACT/ours/_build_case1/HElib-patched/src/CModulus.cpp:455]
  KS_loop: 13.4757 / 454 = 0.0296822   [$ARTIFACT/ours/_build_case1/HElib-patched/src/Ctxt.cpp:219]
  KS_loop_1: 2.21156 / 454 = 0.00487129   [$ARTIFACT/ours/_build_case1/HElib-patched/src/Ctxt.cpp:227]
  KS_loop_2: 2.02896 / 454 = 0.00446907   [$ARTIFACT/ours/_build_case1/HElib-patched/src/Ctxt.cpp:231]
  KS_loop_3: 2.22654 / 454 = 0.00490428   [$ARTIFACT/ours/_build_case1/HElib-patched/src/Ctxt.cpp:236]
  KS_loop_4: 0.75409 / 454 = 0.00166099   [$ARTIFACT/ours/_build_case1/HElib-patched/src/Ctxt.cpp:240]
  NORM_VAL: 1.03951 / 173 = 0.00600872   [$ARTIFACT/ours/_build_case1/HElib-patched/src/DoubleCRT.cpp:541]
  addCtxt: 2.2499 / 665 = 0.00338331   [$ARTIFACT/ours/_build_case1/HElib-patched/src/Ctxt.cpp:1458]
  addPart: 4.14851 / 1119 = 0.00370734   [$ARTIFACT/ours/_build_case1/HElib-patched/src/Ctxt.cpp:905]
  addPrimes: 30.3567 / 174 = 0.174464   [$ARTIFACT/ours/_build_case1/HElib-patched/src/DoubleCRT.cpp:625]
  addPrimes_5: 31.8163 / 173 = 0.183909   [$ARTIFACT/ours/_build_case1/HElib-patched/src/DoubleCRT.cpp:518]
  automorph: 14.4752 / 128 = 0.113088   [$ARTIFACT/ours/_build_case1/HElib-patched/src/matmul.cpp:117]
  automorph: 0.176094 / 41 = 0.00429498   [$ARTIFACT/ours/_build_case1/HElib-patched/src/Ctxt.cpp:2489]
  breakIntoDigits: 32.0101 / 69 = 0.463915   [$ARTIFACT/ours/_build_case1/HElib-patched/src/DoubleCRT.cpp:481]
  decode: 15.3948 / 1 = 15.3948   [$ARTIFACT/ours/_build_case1/HElib-patched/src/EncryptedArray.cpp:375]
  do_mul: 8.39785 / 2187 = 0.00383989   [$ARTIFACT/ours/_build_case1/HElib-patched/src/DoubleCRT.cpp:280]
  extractDigitsThin: 47.3728 / 1 = 47.3728   [$ARTIFACT/ours/_build_case1/HElib-patched/src/recryption.cpp:1597]
  frobeniusAutomorph: 5.25168 / 5 = 1.05034   [$ARTIFACT/ours/_build_case1/HElib-patched/src/Ctxt.cpp:2578]
  iFFT: 21.6577 / 3123 = 0.00693491   [$ARTIFACT/ours/_build_case1/HElib-patched/src/CModulus.cpp:488]
  iFFT_division: 8.36563 / 3123 = 0.00267872   [$ARTIFACT/ours/_build_case1/HElib-patched/src/CModulus.cpp:570]
  keySwitchPart: 33.0517 / 62 = 0.533092   [$ARTIFACT/ours/_build_case1/HElib-patched/src/Ctxt.cpp:836]
  modDownToSet: 43.4884 / 146 = 0.297866   [$ARTIFACT/ours/_build_case1/HElib-patched/src/Ctxt.cpp:409]
  mul_MatMul1DExec: 56.2795 / 6 = 9.37992   [$ARTIFACT/ours/_build_case1/HElib-patched/src/matmul.cpp:975]
  multByConstant: 3.71183 / 601 = 0.00617608   [$ARTIFACT/ours/_build_case1/HElib-patched/src/Ctxt.cpp:1884]
  multByConstant: 3.24776 / 25 = 0.12991   [$ARTIFACT/ours/_build_case1/HElib-patched/src/Ctxt.cpp:1910]
  multLowLvl: 17.0047 / 19 = 0.894982   [$ARTIFACT/ours/_build_case1/HElib-patched/src/Ctxt.cpp:1733]
  multiplyBy: 36.7747 / 19 = 1.93551   [$ARTIFACT/ours/_build_case1/HElib-patched/src/Ctxt.cpp:1809]
  privateAssign: 0.675857 / 201 = 0.00336247   [$ARTIFACT/ours/_build_case1/HElib-patched/src/Ctxt.cpp:329]
  randomize: 5.37339 / 454 = 0.0118357   [$ARTIFACT/ours/_build_case1/HElib-patched/src/DoubleCRT.cpp:1318]
  randomize_stream: 3.01096 / 2447187 = 1.23038e-06   [$ARTIFACT/ours/_build_case1/HElib-patched/src/DoubleCRT.cpp:1348]
  reLinearize: 44.7092 / 138 = 0.32398   [$ARTIFACT/ours/_build_case1/HElib-patched/src/Ctxt.cpp:736]
  smartAutomorph: 24.5595 / 41 = 0.599013   [$ARTIFACT/ours/_build_case1/HElib-patched/src/Ctxt.cpp:2514]
  thinReCrypt: 111.096 / 1 = 111.096   [$ARTIFACT/ours/_build_case1/HElib-patched/src/recryption.cpp:1872]
  toPoly: 29.1139 / 412 = 0.0706648   [$ARTIFACT/ours/_build_case1/HElib-patched/src/DoubleCRT.cpp:985]
  toPoly_CRT: 4.82956 / 412 = 0.0117222   [$ARTIFACT/ours/_build_case1/HElib-patched/src/DoubleCRT.cpp:1052]
  toPoly_FFT: 23.9767 / 412 = 0.0581959   [$ARTIFACT/ours/_build_case1/HElib-patched/src/DoubleCRT.cpp:1030]
  rusage.ru_maxrss=9286808
||||| stats |||||
KS-noise-ratio ave=0.149725 max=2.01212
KS-noise-ratio-hoist ave=644381 max=5.15505e+06
break-into-digits-ratio ave=0.318184 max=0.397719
excess-ctxtPrimes ave=11.3629 max=11.3629
excess-specialPrimes ave=1.34095 max=1.34095
mod-switch-added-noise ave=0.325474 max=0.399134
ptxt_rat_sk ave=0.00175049 max=0.00175049
ptxt_rat_sk ave=0.31718 max=0.31718
raw-mod-switch-noise ave=0.32649 max=0.32649
window1-nchoices ave=3.33333 max=4
window1-out ave=0 max=0
window2-nchoices ave=3.25 max=7
window2-out ave=0 max=0
||||| stats |||||
KS-noise-ratio ave=0.149725 max=2.01212
KS-noise-ratio-hoist ave=644381 max=5.15505e+06
break-into-digits-ratio ave=0.318184 max=0.397719
excess-ctxtPrimes ave=11.3629 max=11.3629
excess-specialPrimes ave=1.34095 max=1.34095
mod-switch-added-noise ave=0.325474 max=0.399134
ptxt_rat_sk ave=0.00175049 max=0.00175049
ptxt_rat_sk ave=0.31718 max=0.31718
raw-mod-switch-noise ave=0.32649 max=0.32649
window1-nchoices ave=3.33333 max=4
window1-out ave=0 max=0
window2-nchoices ave=3.25 max=7
window2-out ave=0 max=0
WALL=431.47 s MAXRSS=9286808 kB
exit=0 (ORDER6_COMPOSED pass1)
SET_DONE 22
########## SET 22 p=14401 m=43033 d=11 :: NORMONLY :: aux=120 :: pass1 :: h=12 :: 2026-09-15 06:31:58 ##########
chosen idx = 22
encapHwt = 12
t for new bts is -1
new bts ? 1
new ks ? 1
thick bts ?0
repeat times = 1
force bsgs = 0
force hoist = 0
*** GTestFatboot: p=14401, r=1, bits=1320, t=0, c=3, m=43033 mvec=[23 1871], gens=[22453 13295], ords=[22 170]
Computing key-independent tables...using HELIB_EXPLICIT_AUX=120

t = -1
bound on I = 16.144126
log2(aux) = 6.906891
log2(beta) = 28.205460
log2(qks) >= 37.807529, final log2(qks) = 37.807532
log2(R) >= 27.765374, final log2(R) = 27.771993
INFO: total bits = 1786.36, security level = 74.5636HELIB_NORMONLY: order=1, norm map on the unfiltered P_A, deg(P)=1223
HELIB_COMPOSED_EVAL: order=1 d=11 |folded support|=1224 degQ=1223 padded to n'=1232
HELIB_COMPOSED_EVAL: no norm form found; staying on P-S
deg of poly for non-power-of-p aux is 1223
security=74.5636
# small primes = 6
# ctxt primes = 23
# bits in ctxt primes = 1331
# special primes = 8
# bits in special primes = 455
scale=10
 done in 4087.64 seconds
  e=0, e'=0, t=12
  m = 43033, p = 14401, phi(m) = 41140
  ord(p) = 11
  normBnd = 1.61862
  polyNormBnd = 3.82955
  factors = [23 1871]
  generator 22453 has order (== Z_m^*) of 22
  generator 13295 has order (== Z_m^*) of 170
r = 1
nslots = 3740
hwt = 120
ctxtPrimes = [6,7,8,9,10,11,12,13,14,15,16,17,18,19,20,21,22,23,24,25,26,27,28]
specialPrimes = [33,34,35,36,37,38,39,40]
number of bits = 1787

security level = 74.5636
Generating keys, Keys generated. Now genRecryptData...
computing key-dependent tables...Sparse boot key hwt = 12
genRecryptData done. recryptKeyID=1
lcAksBsgs=0 lcAksDelayed=0
Post-key setup done.
 done in 29.6037 seconds
Encrypt succeeded.
WARNING: KS-noise-ratio = 1.07946 > 1
WARNING: KS-noise-ratio = 2.9826 > 1
WARNING: KS-noise-ratio = 1.15577 > 1
WARNING: KS-noise-ratio = 7.1596 > 1
WARNING: KS-noise-ratio = 1.49583 > 1
WARNING: KS-noise-ratio = 1.34914 > 1
WARNING: KS-noise-ratio = 1.42225 > 1
HELIB_AUX_ORDER4_EVAL enabled: order=1, deg(P)=1223, terms(P)=307, deg(Q)=1223, terms(Q)=307
time for linear1 = 4.825885, linear2 = 43.857243, extract = 116.166337, total = 166.800641
bits for linear1 = 54.299209, linear2 = 59.103405, extract = 319.901113, min cap = 9.602072, after cap = 905.222517, after prod = 1284.227035
cap / time = 5.043873

### summary over 1 test
time for linear1 = 4.825885, linear2 = 43.857243, extract = 116.166337, total = 166.800641
bits for linear1 = 54.299209, linear2 = 59.103405, extract = 319.901113, min cap = 9.602072, after cap = 905.222517, after prod = 1284.227035
cap / time = 5.043873


### bts finished, everything ok ###

  AAA_bootKeySwitch: 24.5846 / 1 = 24.5846   [$ARTIFACT/ours/_build_case1/HElib-patched/src/recryption.cpp:1968]
  AAA_coeffToSlot: 20.8008 / 1 = 20.8008   [$ARTIFACT/ours/_build_case1/HElib-patched/src/recryption.cpp:2396]
  AAA_embeddingLargest: 0.787514 / 328 = 0.00240096   [$ARTIFACT/ours/_build_case1/HElib-patched/src/norms.cpp:250]
  AAA_embeddingLargest_x2: 0.570383 / 248 = 0.00229993   [$ARTIFACT/ours/_build_case1/HElib-patched/src/norms.cpp:423]
  AAA_extractDigitsThin: 116.166 / 1 = 116.166   [$ARTIFACT/ours/_build_case1/HElib-patched/src/recryption.cpp:2449]
  AAA_modDownEnbeddings: 0.669081 / 248 = 0.00269791   [$ARTIFACT/ours/_build_case1/HElib-patched/src/Ctxt.cpp:506]
  AAA_slotToCoeff: 4.82587 / 1 = 4.82587   [$ARTIFACT/ours/_build_case1/HElib-patched/src/recryption.cpp:1954]
  BasicAutomorphPrecon: 3.57342 / 8 = 0.446678   [$ARTIFACT/ours/_build_case1/HElib-patched/src/matmul.cpp:69]
  BluesteinFFT: 72.082 / 23139 = 0.00311517   [$ARTIFACT/ours/_build_case1/HElib-patched/src/bluestein.cpp:141]
  Decrypt: 0.543787 / 1 = 0.543787   [$ARTIFACT/ours/_build_case1/HElib-patched/src/keys.cpp:1350]
  DoubleCRT: 43.4231 / 554 = 0.0783811   [$ARTIFACT/ours/_build_case1/HElib-patched/src/DoubleCRT.cpp:718]
  FFT: 53.1782 / 16402 = 0.00324218   [$ARTIFACT/ours/_build_case1/HElib-patched/src/CModulus.cpp:479]
  FFT: 65.9913 / 824 = 0.0800865   [$ARTIFACT/ours/_build_case1/HElib-patched/src/DoubleCRT.cpp:70]
  FFT: 65.9797 / 16402 = 0.00402266   [$ARTIFACT/ours/_build_case1/HElib-patched/src/CModulus.cpp:448]
  FFT_aux: 53.1638 / 16402 = 0.0032413   [$ARTIFACT/ours/_build_case1/HElib-patched/src/CModulus.cpp:360]
  FFT_remainder: 12.7874 / 16402 = 0.000779622   [$ARTIFACT/ours/_build_case1/HElib-patched/src/CModulus.cpp:455]
  KS_loop: 12.8251 / 550 = 0.0233184   [$ARTIFACT/ours/_build_case1/HElib-patched/src/Ctxt.cpp:219]
  KS_loop_1: 2.12224 / 550 = 0.00385861   [$ARTIFACT/ours/_build_case1/HElib-patched/src/Ctxt.cpp:227]
  KS_loop_2: 1.72426 / 550 = 0.00313502   [$ARTIFACT/ours/_build_case1/HElib-patched/src/Ctxt.cpp:231]
  KS_loop_3: 2.13994 / 550 = 0.00389079   [$ARTIFACT/ours/_build_case1/HElib-patched/src/Ctxt.cpp:236]
  KS_loop_4: 0.752304 / 550 = 0.00136783   [$ARTIFACT/ours/_build_case1/HElib-patched/src/Ctxt.cpp:240]
  NORM_VAL: 1.32962 / 269 = 0.00494283   [$ARTIFACT/ours/_build_case1/HElib-patched/src/DoubleCRT.cpp:541]
  addCtxt: 9.35855 / 1859 = 0.00503419   [$ARTIFACT/ours/_build_case1/HElib-patched/src/Ctxt.cpp:1458]
  addPart: 3.99802 / 1371 = 0.00291613   [$ARTIFACT/ours/_build_case1/HElib-patched/src/Ctxt.cpp:905]
  addPrimes: 36.4473 / 270 = 0.13499   [$ARTIFACT/ours/_build_case1/HElib-patched/src/DoubleCRT.cpp:625]
  addPrimes_5: 38.2917 / 269 = 0.142348   [$ARTIFACT/ours/_build_case1/HElib-patched/src/DoubleCRT.cpp:518]
  automorph: 11.6572 / 128 = 0.0910717   [$ARTIFACT/ours/_build_case1/HElib-patched/src/matmul.cpp:117]
  automorph: 0.113272 / 36 = 0.00314644   [$ARTIFACT/ours/_build_case1/HElib-patched/src/Ctxt.cpp:2489]
  breakIntoDigits: 38.5088 / 99 = 0.388978   [$ARTIFACT/ours/_build_case1/HElib-patched/src/DoubleCRT.cpp:481]
  decode: 12.2518 / 1 = 12.2518   [$ARTIFACT/ours/_build_case1/HElib-patched/src/EncryptedArray.cpp:375]
  do_mul: 9.09104 / 2555 = 0.00355814   [$ARTIFACT/ours/_build_case1/HElib-patched/src/DoubleCRT.cpp:280]
  extractDigitsThin: 116.166 / 1 = 116.166   [$ARTIFACT/ours/_build_case1/HElib-patched/src/recryption.cpp:1597]
  iFFT: 36.011 / 6737 = 0.00534526   [$ARTIFACT/ours/_build_case1/HElib-patched/src/CModulus.cpp:488]
  iFFT_division: 13.8062 / 6737 = 0.00204932   [$ARTIFACT/ours/_build_case1/HElib-patched/src/CModulus.cpp:570]
  keySwitchPart: 41.8779 / 92 = 0.455194   [$ARTIFACT/ours/_build_case1/HElib-patched/src/Ctxt.cpp:836]
  modDownToSet: 84.3575 / 286 = 0.294956   [$ARTIFACT/ours/_build_case1/HElib-patched/src/Ctxt.cpp:409]
  mul_MatMul1DExec: 44.7112 / 6 = 7.45186   [$ARTIFACT/ours/_build_case1/HElib-patched/src/matmul.cpp:975]
  multByConstant: 4.05928 / 577 = 0.00703515   [$ARTIFACT/ours/_build_case1/HElib-patched/src/Ctxt.cpp:1884]
  multByConstant: 0.095371 / 1 = 0.095371   [$ARTIFACT/ours/_build_case1/HElib-patched/src/Ctxt.cpp:1910]
  multLowLvl: 52.7428 / 75 = 0.703238   [$ARTIFACT/ours/_build_case1/HElib-patched/src/Ctxt.cpp:1733]
  multiplyBy: 50.4801 / 32 = 1.5775   [$ARTIFACT/ours/_build_case1/HElib-patched/src/Ctxt.cpp:1809]
  privateAssign: 2.40243 / 566 = 0.00424458   [$ARTIFACT/ours/_build_case1/HElib-patched/src/Ctxt.cpp:329]
  randomize: 5.11315 / 550 = 0.00929664   [$ARTIFACT/ours/_build_case1/HElib-patched/src/DoubleCRT.cpp:1318]
  randomize_stream: 2.86563 / 2967806 = 9.65572e-07   [$ARTIFACT/ours/_build_case1/HElib-patched/src/DoubleCRT.cpp:1348]
  reLinearize: 66.4054 / 171 = 0.388336   [$ARTIFACT/ours/_build_case1/HElib-patched/src/Ctxt.cpp:736]
  smartAutomorph: 14.6979 / 36 = 0.408275   [$ARTIFACT/ours/_build_case1/HElib-patched/src/Ctxt.cpp:2514]
  thinReCrypt: 166.809 / 1 = 166.809   [$ARTIFACT/ours/_build_case1/HElib-patched/src/recryption.cpp:1872]
  toPoly: 47.7665 / 823 = 0.0580394   [$ARTIFACT/ours/_build_case1/HElib-patched/src/DoubleCRT.cpp:985]
  toPoly_CRT: 7.68275 / 823 = 0.00933506   [$ARTIFACT/ours/_build_case1/HElib-patched/src/DoubleCRT.cpp:1052]
  toPoly_FFT: 39.597 / 823 = 0.048113   [$ARTIFACT/ours/_build_case1/HElib-patched/src/DoubleCRT.cpp:1030]
  rusage.ru_maxrss=9813132
||||| stats |||||
KS-noise-ratio ave=0.235786 max=7.1596
KS-noise-ratio-hoist ave=705280 max=5.64224e+06
break-into-digits-ratio ave=0.318839 max=0.417521
excess-ctxtPrimes ave=11.3629 max=11.3629
excess-specialPrimes ave=1.34095 max=1.34095
mod-switch-added-noise ave=0.324392 max=0.388049
ptxt_rat_sk ave=0.00190767 max=0.00190767
ptxt_rat_sk ave=0.318169 max=0.318169
raw-mod-switch-noise ave=0.321791 max=0.321791
window1-nchoices ave=3.6 max=4
window1-out ave=0 max=0
window2-nchoices ave=3.48571 max=8
window2-out ave=0 max=0
||||| stats |||||
KS-noise-ratio ave=0.235786 max=7.1596
KS-noise-ratio-hoist ave=705280 max=5.64224e+06
break-into-digits-ratio ave=0.318839 max=0.417521
excess-ctxtPrimes ave=11.3629 max=11.3629
excess-specialPrimes ave=1.34095 max=1.34095
mod-switch-added-noise ave=0.324392 max=0.388049
ptxt_rat_sk ave=0.00190767 max=0.00190767
ptxt_rat_sk ave=0.318169 max=0.318169
raw-mod-switch-noise ave=0.321791 max=0.321791
window1-nchoices ave=3.6 max=4
window1-out ave=0 max=0
window2-nchoices ave=3.48571 max=8
window2-out ave=0 max=0
WALL=4299.69 s MAXRSS=9813132 kB
exit=0 (NORMONLY pass1)
SET_DONE 22
