########## SET 22 p=14401 m=43033 d=11 :: BASELINE :: aux=120 :: pass2 :: h=12 :: 2026-09-15 04:48:38 ##########
chosen idx = 22
encapHwt = 12
t for new bts is -1
new bts ? 1
new ks ? 1
thick bts ?0
repeat times = 1
force bsgs = 0
force hoist = 0
*** GTestFatboot: p=14401, r=1, bits=1320, t=0, c=3, m=43033 mvec=[23 1871], gens=[22453 13295], ords=[22 170]
Computing key-independent tables...using HELIB_EXPLICIT_AUX=120

t = -1
bound on I = 16.144126
log2(aux) = 6.906891
log2(beta) = 28.205460
log2(qks) >= 37.807529, final log2(qks) = 37.807532
log2(R) >= 27.765374, final log2(R) = 27.771993
INFO: total bits = 1786.36, security level = 74.5636deg of poly for non-power-of-p aux is 1223
security=74.5636
# small primes = 6
# ctxt primes = 23
# bits in ctxt primes = 1331
# special primes = 8
# bits in special primes = 455
scale=10
 done in 187.622 seconds
  e=0, e'=0, t=12
  m = 43033, p = 14401, phi(m) = 41140
  ord(p) = 11
  normBnd = 1.61862
  polyNormBnd = 3.82955
  factors = [23 1871]
  generator 22453 has order (== Z_m^*) of 22
  generator 13295 has order (== Z_m^*) of 170
r = 1
nslots = 3740
hwt = 120
ctxtPrimes = [6,7,8,9,10,11,12,13,14,15,16,17,18,19,20,21,22,23,24,25,26,27,28]
specialPrimes = [33,34,35,36,37,38,39,40]
number of bits = 1787

security level = 74.5636
Generating keys, Keys generated. Now genRecryptData...
computing key-dependent tables...Sparse boot key hwt = 12
genRecryptData done. recryptKeyID=1
lcAksBsgs=0 lcAksDelayed=0
Post-key setup done.
 done in 30.4407 seconds
Encrypt succeeded.
WARNING: KS-noise-ratio = 1.06237 > 1
WARNING: KS-noise-ratio = 1.72045 > 1
WARNING: KS-noise-ratio = 1.47834 > 1
WARNING: KS-noise-ratio = 2.16714 > 1
WARNING: KS-noise-ratio = 1.57871 > 1
WARNING: KS-noise-ratio = 1.50414 > 1
WARNING: KS-noise-ratio = 1.52149 > 1
time for linear1 = 4.706319, linear2 = 43.546320, extract = 118.288794, total = 168.477515
bits for linear1 = 54.295067, linear2 = 59.322946, extract = 319.685607, min cap = 9.602072, after cap = 905.394204, after prod = 1284.402758
cap / time = 4.994714

### summary over 1 test
time for linear1 = 4.706319, linear2 = 43.546320, extract = 118.288794, total = 168.477515
bits for linear1 = 54.295067, linear2 = 59.322946, extract = 319.685607, min cap = 9.602072, after cap = 905.394204, after prod = 1284.402758
cap / time = 4.994714


### bts finished, everything ok ###

  AAA_bootKeySwitch: 23.8365 / 1 = 23.8365   [$ARTIFACT/ours/_build_case1/HElib-patched/src/recryption.cpp:1968]
  AAA_coeffToSlot: 21.2621 / 1 = 21.2621   [$ARTIFACT/ours/_build_case1/HElib-patched/src/recryption.cpp:2396]
  AAA_embeddingLargest: 0.771585 / 328 = 0.00235239   [$ARTIFACT/ours/_build_case1/HElib-patched/src/norms.cpp:250]
  AAA_embeddingLargest_x2: 0.568899 / 248 = 0.00229395   [$ARTIFACT/ours/_build_case1/HElib-patched/src/norms.cpp:423]
  AAA_extractDigitsThin: 118.287 / 1 = 118.287   [$ARTIFACT/ours/_build_case1/HElib-patched/src/recryption.cpp:2449]
  AAA_modDownEnbeddings: 0.667468 / 248 = 0.0026914   [$ARTIFACT/ours/_build_case1/HElib-patched/src/Ctxt.cpp:506]
  AAA_slotToCoeff: 4.70625 / 1 = 4.70625   [$ARTIFACT/ours/_build_case1/HElib-patched/src/recryption.cpp:1954]
  BasicAutomorphPrecon: 3.64049 / 8 = 0.455061   [$ARTIFACT/ours/_build_case1/HElib-patched/src/matmul.cpp:69]
  BluesteinFFT: 72.496 / 23176 = 0.00312806   [$ARTIFACT/ours/_build_case1/HElib-patched/src/bluestein.cpp:141]
  Decrypt: 0.571045 / 1 = 0.571045   [$ARTIFACT/ours/_build_case1/HElib-patched/src/keys.cpp:1350]
  DoubleCRT: 44.0461 / 554 = 0.0795055   [$ARTIFACT/ours/_build_case1/HElib-patched/src/DoubleCRT.cpp:718]
  FFT: 53.3913 / 16402 = 0.00325517   [$ARTIFACT/ours/_build_case1/HElib-patched/src/CModulus.cpp:479]
  FFT: 66.9075 / 824 = 0.0811985   [$ARTIFACT/ours/_build_case1/HElib-patched/src/DoubleCRT.cpp:70]
  FFT: 66.8936 / 16402 = 0.00407838   [$ARTIFACT/ours/_build_case1/HElib-patched/src/CModulus.cpp:448]
  FFT_aux: 53.3781 / 16402 = 0.00325436   [$ARTIFACT/ours/_build_case1/HElib-patched/src/CModulus.cpp:360]
  FFT_remainder: 13.4893 / 16402 = 0.00082242   [$ARTIFACT/ours/_build_case1/HElib-patched/src/CModulus.cpp:455]
  KS_loop: 13.047 / 550 = 0.0237218   [$ARTIFACT/ours/_build_case1/HElib-patched/src/Ctxt.cpp:219]
  KS_loop_1: 2.15021 / 550 = 0.00390947   [$ARTIFACT/ours/_build_case1/HElib-patched/src/Ctxt.cpp:227]
  KS_loop_2: 1.79371 / 550 = 0.00326129   [$ARTIFACT/ours/_build_case1/HElib-patched/src/Ctxt.cpp:231]
  KS_loop_3: 2.15816 / 550 = 0.00392393   [$ARTIFACT/ours/_build_case1/HElib-patched/src/Ctxt.cpp:236]
  KS_loop_4: 0.770847 / 550 = 0.00140154   [$ARTIFACT/ours/_build_case1/HElib-patched/src/Ctxt.cpp:240]
  NORM_VAL: 1.32115 / 269 = 0.00491134   [$ARTIFACT/ours/_build_case1/HElib-patched/src/DoubleCRT.cpp:541]
  addCtxt: 9.53385 / 1859 = 0.00512848   [$ARTIFACT/ours/_build_case1/HElib-patched/src/Ctxt.cpp:1458]
  addPart: 4.11562 / 1371 = 0.00300191   [$ARTIFACT/ours/_build_case1/HElib-patched/src/Ctxt.cpp:905]
  addPrimes: 37.025 / 270 = 0.13713   [$ARTIFACT/ours/_build_case1/HElib-patched/src/DoubleCRT.cpp:625]
  addPrimes_5: 38.8963 / 269 = 0.144596   [$ARTIFACT/ours/_build_case1/HElib-patched/src/DoubleCRT.cpp:518]
  automorph: 11.8581 / 128 = 0.0926416   [$ARTIFACT/ours/_build_case1/HElib-patched/src/matmul.cpp:117]
  automorph: 0.11676 / 36 = 0.00324333   [$ARTIFACT/ours/_build_case1/HElib-patched/src/Ctxt.cpp:2489]
  breakIntoDigits: 39.1304 / 99 = 0.395257   [$ARTIFACT/ours/_build_case1/HElib-patched/src/DoubleCRT.cpp:481]
  decode: 12.3309 / 1 = 12.3309   [$ARTIFACT/ours/_build_case1/HElib-patched/src/EncryptedArray.cpp:375]
  do_mul: 7.82426 / 2555 = 0.00306233   [$ARTIFACT/ours/_build_case1/HElib-patched/src/DoubleCRT.cpp:280]
  extractDigitsThin: 118.287 / 1 = 118.287   [$ARTIFACT/ours/_build_case1/HElib-patched/src/recryption.cpp:1597]
  iFFT: 36.4324 / 6774 = 0.00537826   [$ARTIFACT/ours/_build_case1/HElib-patched/src/CModulus.cpp:488]
  iFFT_division: 13.9731 / 6774 = 0.00206275   [$ARTIFACT/ours/_build_case1/HElib-patched/src/CModulus.cpp:570]
  keySwitchPart: 42.5084 / 92 = 0.462048   [$ARTIFACT/ours/_build_case1/HElib-patched/src/Ctxt.cpp:836]
  modDownToSet: 86.0814 / 286 = 0.300984   [$ARTIFACT/ours/_build_case1/HElib-patched/src/Ctxt.cpp:409]
  mul_MatMul1DExec: 44.2157 / 6 = 7.36928   [$ARTIFACT/ours/_build_case1/HElib-patched/src/matmul.cpp:975]
  multByConstant: 2.73485 / 577 = 0.00473978   [$ARTIFACT/ours/_build_case1/HElib-patched/src/Ctxt.cpp:1884]
  multByConstant: 0.096309 / 1 = 0.096309   [$ARTIFACT/ours/_build_case1/HElib-patched/src/Ctxt.cpp:1910]
  multLowLvl: 53.7554 / 75 = 0.716739   [$ARTIFACT/ours/_build_case1/HElib-patched/src/Ctxt.cpp:1733]
  multiplyBy: 51.2351 / 32 = 1.6011   [$ARTIFACT/ours/_build_case1/HElib-patched/src/Ctxt.cpp:1809]
  privateAssign: 2.43874 / 565 = 0.00431636   [$ARTIFACT/ours/_build_case1/HElib-patched/src/Ctxt.cpp:329]
  randomize: 5.16987 / 550 = 0.00939976   [$ARTIFACT/ours/_build_case1/HElib-patched/src/DoubleCRT.cpp:1318]
  randomize_stream: 2.87777 / 2967592 = 9.69733e-07   [$ARTIFACT/ours/_build_case1/HElib-patched/src/DoubleCRT.cpp:1348]
  reLinearize: 67.4901 / 171 = 0.394679   [$ARTIFACT/ours/_build_case1/HElib-patched/src/Ctxt.cpp:736]
  smartAutomorph: 14.8965 / 36 = 0.413792   [$ARTIFACT/ours/_build_case1/HElib-patched/src/Ctxt.cpp:2514]
  thinReCrypt: 168.485 / 1 = 168.485   [$ARTIFACT/ours/_build_case1/HElib-patched/src/recryption.cpp:1872]
  toPoly: 48.9786 / 823 = 0.0595123   [$ARTIFACT/ours/_build_case1/HElib-patched/src/DoubleCRT.cpp:985]
  toPoly_CRT: 7.82339 / 823 = 0.00950594   [$ARTIFACT/ours/_build_case1/HElib-patched/src/DoubleCRT.cpp:1052]
  toPoly_FFT: 40.6427 / 823 = 0.0493836   [$ARTIFACT/ours/_build_case1/HElib-patched/src/DoubleCRT.cpp:1030]
  rusage.ru_maxrss=9785100
||||| stats |||||
KS-noise-ratio ave=0.1777 max=2.16714
KS-noise-ratio-hoist ave=665227 max=5.32181e+06
break-into-digits-ratio ave=0.319948 max=0.400375
excess-ctxtPrimes ave=11.3629 max=11.3629
excess-specialPrimes ave=1.34095 max=1.34095
mod-switch-added-noise ave=0.322623 max=0.401133
ptxt_rat_sk ave=0.00183152 max=0.00183152
ptxt_rat_sk ave=0.324546 max=0.324546
raw-mod-switch-noise ave=0.315962 max=0.315962
window1-nchoices ave=4 max=4
window1-out ave=0 max=0
window2-nchoices ave=3.27143 max=9
window2-out ave=0 max=0
||||| stats |||||
KS-noise-ratio ave=0.1777 max=2.16714
KS-noise-ratio-hoist ave=665227 max=5.32181e+06
break-into-digits-ratio ave=0.319948 max=0.400375
excess-ctxtPrimes ave=11.3629 max=11.3629
excess-specialPrimes ave=1.34095 max=1.34095
mod-switch-added-noise ave=0.322623 max=0.401133
ptxt_rat_sk ave=0.00183152 max=0.00183152
ptxt_rat_sk ave=0.324546 max=0.324546
raw-mod-switch-noise ave=0.315962 max=0.315962
window1-nchoices ave=4 max=4
window1-out ave=0 max=0
window2-nchoices ave=3.27143 max=9
window2-out ave=0 max=0
WALL=401.90 s MAXRSS=9785100 kB
exit=0 (BASELINE pass2)
########## SET 22 p=14401 m=43033 d=11 :: ORDER4 :: aux=120 :: pass2 :: h=12 :: 2026-09-15 04:55:20 ##########
chosen idx = 22
encapHwt = 12
t for new bts is -1
new bts ? 1
new ks ? 1
thick bts ?0
repeat times = 1
force bsgs = 0
force hoist = 0
*** GTestFatboot: p=14401, r=1, bits=1320, t=0, c=3, m=43033 mvec=[23 1871], gens=[22453 13295], ords=[22 170]
Computing key-independent tables...using HELIB_EXPLICIT_AUX=120

t = -1
bound on I = 16.144126
log2(aux) = 6.906891
log2(beta) = 28.205460
log2(qks) >= 37.807529, final log2(qks) = 37.807532
log2(R) >= 27.765374, final log2(R) = 27.771993
INFO: total bits = 1786.36, security level = 74.5636deg of poly for non-power-of-p aux is 1223
security=74.5636
# small primes = 6
# ctxt primes = 23
# bits in ctxt primes = 1331
# special primes = 8
# bits in special primes = 455
scale=10
 done in 186.162 seconds
  e=0, e'=0, t=12
  m = 43033, p = 14401, phi(m) = 41140
  ord(p) = 11
  normBnd = 1.61862
  polyNormBnd = 3.82955
  factors = [23 1871]
  generator 22453 has order (== Z_m^*) of 22
  generator 13295 has order (== Z_m^*) of 170
r = 1
nslots = 3740
hwt = 120
ctxtPrimes = [6,7,8,9,10,11,12,13,14,15,16,17,18,19,20,21,22,23,24,25,26,27,28]
specialPrimes = [33,34,35,36,37,38,39,40]
number of bits = 1787

security level = 74.5636
Generating keys, Keys generated. Now genRecryptData...
computing key-dependent tables...Sparse boot key hwt = 12
genRecryptData done. recryptKeyID=1
lcAksBsgs=0 lcAksDelayed=0
Post-key setup done.
 done in 30.1717 seconds
Encrypt succeeded.
WARNING: KS-noise-ratio = 2.01238 > 1
WARNING: KS-noise-ratio = 1.29652 > 1
WARNING: KS-noise-ratio = 1.25712 > 1
WARNING: KS-noise-ratio = 1.43828 > 1
HELIB_AUX_ORDER4_EVAL enabled: order=4, deg(P)=1223, terms(P)=307, deg(Q)=305, terms(Q)=306
time for linear1 = 4.732598, linear2 = 45.210270, extract = 69.808851, total = 121.751816
bits for linear1 = 54.263630, linear2 = 59.229180, extract = 375.037026, min cap = 9.602072, after cap = 849.978350, after prod = 1284.244557
cap / time = 6.456681

### summary over 1 test
time for linear1 = 4.732598, linear2 = 45.210270, extract = 69.808851, total = 121.751816
bits for linear1 = 54.263630, linear2 = 59.229180, extract = 375.037026, min cap = 9.602072, after cap = 849.978350, after prod = 1284.244557
cap / time = 6.456681


### bts finished, everything ok ###

  AAA_bootKeySwitch: 24.7116 / 1 = 24.7116   [$ARTIFACT/ours/_build_case1/HElib-patched/src/recryption.cpp:1968]
  AAA_coeffToSlot: 22.0598 / 1 = 22.0598   [$ARTIFACT/ours/_build_case1/HElib-patched/src/recryption.cpp:2396]
  AAA_embeddingLargest: 0.559973 / 239 = 0.00234298   [$ARTIFACT/ours/_build_case1/HElib-patched/src/norms.cpp:250]
  AAA_embeddingLargest_x2: 0.375413 / 161 = 0.00233176   [$ARTIFACT/ours/_build_case1/HElib-patched/src/norms.cpp:423]
  AAA_extractDigitsThin: 69.8078 / 1 = 69.8078   [$ARTIFACT/ours/_build_case1/HElib-patched/src/recryption.cpp:2449]
  AAA_modDownEnbeddings: 0.43396 / 161 = 0.0026954   [$ARTIFACT/ours/_build_case1/HElib-patched/src/Ctxt.cpp:506]
  AAA_slotToCoeff: 4.73253 / 1 = 4.73253   [$ARTIFACT/ours/_build_case1/HElib-patched/src/recryption.cpp:1954]
  BasicAutomorphPrecon: 3.71776 / 8 = 0.46472   [$ARTIFACT/ours/_build_case1/HElib-patched/src/matmul.cpp:69]
  BluesteinFFT: 48.1849 / 15345 = 0.0031401   [$ARTIFACT/ours/_build_case1/HElib-patched/src/bluestein.cpp:141]
  Decrypt: 0.556899 / 1 = 0.556899   [$ARTIFACT/ours/_build_case1/HElib-patched/src/keys.cpp:1350]
  DoubleCRT: 27.3633 / 358 = 0.0764337   [$ARTIFACT/ours/_build_case1/HElib-patched/src/DoubleCRT.cpp:718]
  FFT: 35.3228 / 10830 = 0.00326157   [$ARTIFACT/ours/_build_case1/HElib-patched/src/CModulus.cpp:479]
  FFT: 44.4768 / 561 = 0.0792813   [$ARTIFACT/ours/_build_case1/HElib-patched/src/DoubleCRT.cpp:70]
  FFT: 44.4682 / 10830 = 0.00410602   [$ARTIFACT/ours/_build_case1/HElib-patched/src/CModulus.cpp:448]
  FFT_aux: 35.3128 / 10830 = 0.00326064   [$ARTIFACT/ours/_build_case1/HElib-patched/src/CModulus.cpp:360]
  FFT_remainder: 9.13644 / 10830 = 0.000843623   [$ARTIFACT/ours/_build_case1/HElib-patched/src/CModulus.cpp:455]
  KS_loop: 11.5751 / 483 = 0.0239649   [$ARTIFACT/ours/_build_case1/HElib-patched/src/Ctxt.cpp:219]
  KS_loop_1: 1.88932 / 483 = 0.00391164   [$ARTIFACT/ours/_build_case1/HElib-patched/src/Ctxt.cpp:227]
  KS_loop_2: 1.7116 / 483 = 0.00354369   [$ARTIFACT/ours/_build_case1/HElib-patched/src/Ctxt.cpp:231]
  KS_loop_3: 1.89862 / 483 = 0.00393089   [$ARTIFACT/ours/_build_case1/HElib-patched/src/Ctxt.cpp:236]
  KS_loop_4: 0.685222 / 483 = 0.00141868   [$ARTIFACT/ours/_build_case1/HElib-patched/src/Ctxt.cpp:240]
  NORM_VAL: 0.98639 / 202 = 0.00488312   [$ARTIFACT/ours/_build_case1/HElib-patched/src/DoubleCRT.cpp:541]
  addConstant: 0.194156 / 22 = 0.00882527   [$ARTIFACT/ours/_build_case1/HElib-patched/src/Ctxt.cpp:2197]
  addCtxt: 9.64121 / 942 = 0.0102348   [$ARTIFACT/ours/_build_case1/HElib-patched/src/Ctxt.cpp:1458]
  addPart: 3.6982 / 1215 = 0.00304378   [$ARTIFACT/ours/_build_case1/HElib-patched/src/Ctxt.cpp:905]
  addPrimes: 27.8387 / 203 = 0.137136   [$ARTIFACT/ours/_build_case1/HElib-patched/src/DoubleCRT.cpp:625]
  addPrimes_5: 29.241 / 202 = 0.144757   [$ARTIFACT/ours/_build_case1/HElib-patched/src/DoubleCRT.cpp:518]
  automorph: 11.8537 / 128 = 0.0926074   [$ARTIFACT/ours/_build_case1/HElib-patched/src/matmul.cpp:117]
  automorph: 0.114394 / 36 = 0.00317761   [$ARTIFACT/ours/_build_case1/HElib-patched/src/Ctxt.cpp:2489]
  breakIntoDigits: 29.4184 / 77 = 0.382057   [$ARTIFACT/ours/_build_case1/HElib-patched/src/DoubleCRT.cpp:481]
  decode: 12.3218 / 1 = 12.3218   [$ARTIFACT/ours/_build_case1/HElib-patched/src/EncryptedArray.cpp:375]
  do_mul: 8.12371 / 2289 = 0.00354902   [$ARTIFACT/ours/_build_case1/HElib-patched/src/DoubleCRT.cpp:280]
  extractDigitsThin: 69.8078 / 1 = 69.8078   [$ARTIFACT/ours/_build_case1/HElib-patched/src/recryption.cpp:1597]
  iFFT: 24.511 / 4515 = 0.00542879   [$ARTIFACT/ours/_build_case1/HElib-patched/src/CModulus.cpp:488]
  iFFT_division: 9.44626 / 4515 = 0.00209219   [$ARTIFACT/ours/_build_case1/HElib-patched/src/CModulus.cpp:570]
  keySwitchPart: 31.0499 / 70 = 0.443571   [$ARTIFACT/ours/_build_case1/HElib-patched/src/Ctxt.cpp:836]
  modDownToSet: 54.1094 / 199 = 0.271907   [$ARTIFACT/ours/_build_case1/HElib-patched/src/Ctxt.cpp:409]
  mul_MatMul1DExec: 45.8633 / 6 = 7.64388   [$ARTIFACT/ours/_build_case1/HElib-patched/src/matmul.cpp:975]
  multByConstant: 3.91621 / 577 = 0.00678719   [$ARTIFACT/ours/_build_case1/HElib-patched/src/Ctxt.cpp:1884]
  multByConstant: 0.100754 / 1 = 0.100754   [$ARTIFACT/ours/_build_case1/HElib-patched/src/Ctxt.cpp:1910]
  multLowLvl: 29.5972 / 42 = 0.704695   [$ARTIFACT/ours/_build_case1/HElib-patched/src/Ctxt.cpp:1733]
  multiplyBy: 32.5369 / 21 = 1.54937   [$ARTIFACT/ours/_build_case1/HElib-patched/src/Ctxt.cpp:1809]
  privateAssign: 2.35717 / 498 = 0.00473328   [$ARTIFACT/ours/_build_case1/HElib-patched/src/Ctxt.cpp:329]
  randomize: 4.52089 / 483 = 0.00936003   [$ARTIFACT/ours/_build_case1/HElib-patched/src/DoubleCRT.cpp:1318]
  randomize_stream: 2.52962 / 2604329 = 9.71313e-07   [$ARTIFACT/ours/_build_case1/HElib-patched/src/DoubleCRT.cpp:1348]
  reLinearize: 45.5511 / 142 = 0.320782   [$ARTIFACT/ours/_build_case1/HElib-patched/src/Ctxt.cpp:736]
  smartAutomorph: 15.1403 / 36 = 0.420563   [$ARTIFACT/ours/_build_case1/HElib-patched/src/Ctxt.cpp:2514]
  thinReCrypt: 121.76 / 1 = 121.76   [$ARTIFACT/ours/_build_case1/HElib-patched/src/recryption.cpp:1872]
  toPoly: 32.9939 / 560 = 0.0589176   [$ARTIFACT/ours/_build_case1/HElib-patched/src/DoubleCRT.cpp:985]
  toPoly_CRT: 5.36964 / 560 = 0.00958864   [$ARTIFACT/ours/_build_case1/HElib-patched/src/DoubleCRT.cpp:1052]
  toPoly_FFT: 27.2476 / 560 = 0.0486564   [$ARTIFACT/ours/_build_case1/HElib-patched/src/DoubleCRT.cpp:1030]
  rusage.ru_maxrss=9556460
||||| stats |||||
KS-noise-ratio ave=0.137893 max=2.01238
KS-noise-ratio-hoist ave=656881 max=5.25504e+06
break-into-digits-ratio ave=0.318852 max=0.391197
excess-ctxtPrimes ave=11.3629 max=11.3629
excess-specialPrimes ave=1.34095 max=1.34095
mod-switch-added-noise ave=0.323696 max=0.389202
ptxt_rat_sk ave=0.00195887 max=0.00195887
ptxt_rat_sk ave=0.303092 max=0.303092
raw-mod-switch-noise ave=0.329562 max=0.329562
window1-nchoices ave=3.5 max=4
window1-out ave=0 max=0
window2-nchoices ave=4.05263 max=8
window2-out ave=0 max=0
||||| stats |||||
KS-noise-ratio ave=0.137893 max=2.01238
KS-noise-ratio-hoist ave=656881 max=5.25504e+06
break-into-digits-ratio ave=0.318852 max=0.391197
excess-ctxtPrimes ave=11.3629 max=11.3629
excess-specialPrimes ave=1.34095 max=1.34095
mod-switch-added-noise ave=0.323696 max=0.389202
ptxt_rat_sk ave=0.00195887 max=0.00195887
ptxt_rat_sk ave=0.303092 max=0.303092
raw-mod-switch-noise ave=0.329562 max=0.329562
window1-nchoices ave=3.5 max=4
window1-out ave=0 max=0
window2-nchoices ave=4.05263 max=8
window2-out ave=0 max=0
WALL=353.37 s MAXRSS=9556460 kB
exit=0 (ORDER4 pass2)
########## SET 22 p=14401 m=43033 d=11 :: ORDER4_COMPOSED :: aux=120 :: pass2 :: h=12 :: 2026-09-15 05:01:13 ##########
chosen idx = 22
encapHwt = 12
t for new bts is -1
new bts ? 1
new ks ? 1
thick bts ?0
repeat times = 1
force bsgs = 0
force hoist = 0
*** GTestFatboot: p=14401, r=1, bits=1320, t=0, c=3, m=43033 mvec=[23 1871], gens=[22453 13295], ords=[22 170]
Computing key-independent tables...using HELIB_EXPLICIT_AUX=120

t = -1
bound on I = 16.144126
log2(aux) = 6.906891
log2(beta) = 28.205460
log2(qks) >= 37.807529, final log2(qks) = 37.807532
log2(R) >= 27.765374, final log2(R) = 27.771993
INFO: total bits = 1786.36, security level = 74.5636HELIB_COMPOSED_EVAL: order=4 d=11 |folded support|=306 degQ=305 padded to n'=308
HELIB_COMPOSED_EVAL: norm form c=91 degC=28 (search 10.0121s)
deg of poly for non-power-of-p aux is 1223
security=74.5636
# small primes = 6
# ctxt primes = 23
# bits in ctxt primes = 1331
# special primes = 8
# bits in special primes = 455
scale=10
 done in 197.067 seconds
  e=0, e'=0, t=12
  m = 43033, p = 14401, phi(m) = 41140
  ord(p) = 11
  normBnd = 1.61862
  polyNormBnd = 3.82955
  factors = [23 1871]
  generator 22453 has order (== Z_m^*) of 22
  generator 13295 has order (== Z_m^*) of 170
r = 1
nslots = 3740
hwt = 120
ctxtPrimes = [6,7,8,9,10,11,12,13,14,15,16,17,18,19,20,21,22,23,24,25,26,27,28]
specialPrimes = [33,34,35,36,37,38,39,40]
number of bits = 1787

security level = 74.5636
Generating keys, Keys generated. Now genRecryptData...
computing key-dependent tables...Sparse boot key hwt = 12
genRecryptData done. recryptKeyID=1
lcAksBsgs=0 lcAksDelayed=0
Post-key setup done.
 done in 29.9242 seconds
Encrypt succeeded.
WARNING: KS-noise-ratio = 1.10569 > 1
WARNING: KS-noise-ratio = 1.98003 > 1
WARNING: KS-noise-ratio = 1.11249 > 1
WARNING: KS-noise-ratio = 1.55187 > 1
WARNING: KS-noise-ratio = 1.29893 > 1
HELIB_COMPOSED_EVAL active: order=4 degC=28 d=11
time for linear1 = 4.736025, linear2 = 44.973968, extract = 40.981018, total = 92.619882
bits for linear1 = 54.315446, linear2 = 59.181567, extract = 464.189739, min cap = 9.602072, after cap = 760.891376, after prod = 1284.262683
cap / time = 7.525100

### summary over 1 test
time for linear1 = 4.736025, linear2 = 44.973968, extract = 40.981018, total = 92.619882
bits for linear1 = 54.315446, linear2 = 59.181567, extract = 464.189739, min cap = 9.602072, after cap = 760.891376, after prod = 1284.262683
cap / time = 7.525100


### bts finished, everything ok ###

  AAA_bootKeySwitch: 23.9254 / 1 = 23.9254   [$ARTIFACT/ours/_build_case1/HElib-patched/src/recryption.cpp:1968]
  AAA_coeffToSlot: 22.5965 / 1 = 22.5965   [$ARTIFACT/ours/_build_case1/HElib-patched/src/recryption.cpp:2396]
  AAA_embeddingLargest: 0.533977 / 222 = 0.0024053   [$ARTIFACT/ours/_build_case1/HElib-patched/src/norms.cpp:250]
  AAA_embeddingLargest_x2: 0.257859 / 105 = 0.0024558   [$ARTIFACT/ours/_build_case1/HElib-patched/src/norms.cpp:423]
  AAA_extractDigitsThin: 40.9804 / 1 = 40.9804   [$ARTIFACT/ours/_build_case1/HElib-patched/src/recryption.cpp:2449]
  AAA_modDownEnbeddings: 0.298555 / 105 = 0.00284338   [$ARTIFACT/ours/_build_case1/HElib-patched/src/Ctxt.cpp:506]
  AAA_slotToCoeff: 4.73596 / 1 = 4.73596   [$ARTIFACT/ours/_build_case1/HElib-patched/src/recryption.cpp:1954]
  BasicAutomorphPrecon: 3.87655 / 8 = 0.484569   [$ARTIFACT/ours/_build_case1/HElib-patched/src/matmul.cpp:69]
  BluesteinFFT: 39.5052 / 11426 = 0.00345749   [$ARTIFACT/ours/_build_case1/HElib-patched/src/bluestein.cpp:141]
  Decrypt: 0.575796 / 1 = 0.575796   [$ARTIFACT/ours/_build_case1/HElib-patched/src/keys.cpp:1350]
  DoubleCRT: 21.5929 / 261 = 0.0827313   [$ARTIFACT/ours/_build_case1/HElib-patched/src/DoubleCRT.cpp:718]
  FFT: 30.2128 / 8384 = 0.00360363   [$ARTIFACT/ours/_build_case1/HElib-patched/src/CModulus.cpp:479]
  FFT: 36.921 / 431 = 0.0856636   [$ARTIFACT/ours/_build_case1/HElib-patched/src/DoubleCRT.cpp:70]
  FFT: 36.914 / 8384 = 0.00440291   [$ARTIFACT/ours/_build_case1/HElib-patched/src/CModulus.cpp:448]
  FFT_aux: 30.2062 / 8384 = 0.00360283   [$ARTIFACT/ours/_build_case1/HElib-patched/src/CModulus.cpp:360]
  FFT_remainder: 6.69506 / 8384 = 0.000798552   [$ARTIFACT/ours/_build_case1/HElib-patched/src/CModulus.cpp:455]
  KS_loop: 11.2008 / 451 = 0.0248356   [$ARTIFACT/ours/_build_case1/HElib-patched/src/Ctxt.cpp:219]
  KS_loop_1: 1.82424 / 451 = 0.00404488   [$ARTIFACT/ours/_build_case1/HElib-patched/src/Ctxt.cpp:227]
  KS_loop_2: 1.7223 / 451 = 0.00381885   [$ARTIFACT/ours/_build_case1/HElib-patched/src/Ctxt.cpp:231]
  KS_loop_3: 1.83761 / 451 = 0.00407452   [$ARTIFACT/ours/_build_case1/HElib-patched/src/Ctxt.cpp:236]
  KS_loop_4: 0.630686 / 451 = 0.00139842   [$ARTIFACT/ours/_build_case1/HElib-patched/src/Ctxt.cpp:240]
  NORM_VAL: 0.861337 / 170 = 0.00506669   [$ARTIFACT/ours/_build_case1/HElib-patched/src/DoubleCRT.cpp:541]
  addCtxt: 1.90117 / 665 = 0.0028589   [$ARTIFACT/ours/_build_case1/HElib-patched/src/Ctxt.cpp:1458]
  addPart: 3.50039 / 1111 = 0.00315067   [$ARTIFACT/ours/_build_case1/HElib-patched/src/Ctxt.cpp:905]
  addPrimes: 25.1444 / 171 = 0.147043   [$ARTIFACT/ours/_build_case1/HElib-patched/src/DoubleCRT.cpp:625]
  addPrimes_5: 26.3552 / 170 = 0.15503   [$ARTIFACT/ours/_build_case1/HElib-patched/src/DoubleCRT.cpp:518]
  automorph: 12.0454 / 128 = 0.0941044   [$ARTIFACT/ours/_build_case1/HElib-patched/src/matmul.cpp:117]
  automorph: 0.152073 / 41 = 0.0037091   [$ARTIFACT/ours/_build_case1/HElib-patched/src/Ctxt.cpp:2489]
  breakIntoDigits: 26.5009 / 68 = 0.389719   [$ARTIFACT/ours/_build_case1/HElib-patched/src/DoubleCRT.cpp:481]
  decode: 12.3524 / 1 = 12.3524   [$ARTIFACT/ours/_build_case1/HElib-patched/src/EncryptedArray.cpp:375]
  do_mul: 6.93663 / 2177 = 0.00318633   [$ARTIFACT/ours/_build_case1/HElib-patched/src/DoubleCRT.cpp:280]
  extractDigitsThin: 40.9804 / 1 = 40.9804   [$ARTIFACT/ours/_build_case1/HElib-patched/src/recryption.cpp:1597]
  frobeniusAutomorph: 4.85555 / 5 = 0.97111   [$ARTIFACT/ours/_build_case1/HElib-patched/src/Ctxt.cpp:2578]
  iFFT: 18.2148 / 3042 = 0.00598779   [$ARTIFACT/ours/_build_case1/HElib-patched/src/CModulus.cpp:488]
  iFFT_division: 7.09698 / 3042 = 0.002333   [$ARTIFACT/ours/_build_case1/HElib-patched/src/CModulus.cpp:570]
  keySwitchPart: 27.4701 / 61 = 0.45033   [$ARTIFACT/ours/_build_case1/HElib-patched/src/Ctxt.cpp:836]
  modDownToSet: 36.2279 / 143 = 0.253342   [$ARTIFACT/ours/_build_case1/HElib-patched/src/Ctxt.cpp:409]
  mul_MatMul1DExec: 45.4135 / 6 = 7.56892   [$ARTIFACT/ours/_build_case1/HElib-patched/src/matmul.cpp:975]
  multByConstant: 3.06804 / 601 = 0.0051049   [$ARTIFACT/ours/_build_case1/HElib-patched/src/Ctxt.cpp:1884]
  multByConstant: 2.99795 / 25 = 0.119918   [$ARTIFACT/ours/_build_case1/HElib-patched/src/Ctxt.cpp:1910]
  multLowLvl: 14.6083 / 18 = 0.811574   [$ARTIFACT/ours/_build_case1/HElib-patched/src/Ctxt.cpp:1733]
  multiplyBy: 31.2411 / 18 = 1.73562   [$ARTIFACT/ours/_build_case1/HElib-patched/src/Ctxt.cpp:1809]
  privateAssign: 0.574587 / 198 = 0.00290195   [$ARTIFACT/ours/_build_case1/HElib-patched/src/Ctxt.cpp:329]
  randomize: 4.43618 / 451 = 0.00983631   [$ARTIFACT/ours/_build_case1/HElib-patched/src/DoubleCRT.cpp:1318]
  randomize_stream: 2.49439 / 2430650 = 1.02622e-06   [$ARTIFACT/ours/_build_case1/HElib-patched/src/DoubleCRT.cpp:1348]
  reLinearize: 37.4519 / 136 = 0.275382   [$ARTIFACT/ours/_build_case1/HElib-patched/src/Ctxt.cpp:736]
  smartAutomorph: 20.5137 / 41 = 0.500335   [$ARTIFACT/ours/_build_case1/HElib-patched/src/Ctxt.cpp:2514]
  thinReCrypt: 92.6284 / 1 = 92.6284   [$ARTIFACT/ours/_build_case1/HElib-patched/src/recryption.cpp:1872]
  toPoly: 24.4525 / 402 = 0.0608272   [$ARTIFACT/ours/_build_case1/HElib-patched/src/DoubleCRT.cpp:985]
  toPoly_CRT: 4.06033 / 402 = 0.0101003   [$ARTIFACT/ours/_build_case1/HElib-patched/src/DoubleCRT.cpp:1052]
  toPoly_FFT: 20.1228 / 402 = 0.0500568   [$ARTIFACT/ours/_build_case1/HElib-patched/src/DoubleCRT.cpp:1030]
  rusage.ru_maxrss=9283312
||||| stats |||||
KS-noise-ratio ave=0.171575 max=1.98003
KS-noise-ratio-hoist ave=744049 max=5.95239e+06
break-into-digits-ratio ave=0.317245 max=0.387176
excess-ctxtPrimes ave=11.3629 max=11.3629
excess-specialPrimes ave=1.34095 max=1.34095
mod-switch-added-noise ave=0.324577 max=0.380003
ptxt_rat_sk ave=0.00178102 max=0.00178102
ptxt_rat_sk ave=0.322793 max=0.322793
raw-mod-switch-noise ave=0.326026 max=0.326026
window1-nchoices ave=2.66667 max=4
window1-out ave=0 max=0
window2-nchoices ave=3.06667 max=5
window2-out ave=0 max=0
||||| stats |||||
KS-noise-ratio ave=0.171575 max=1.98003
KS-noise-ratio-hoist ave=744049 max=5.95239e+06
break-into-digits-ratio ave=0.317245 max=0.387176
excess-ctxtPrimes ave=11.3629 max=11.3629
excess-specialPrimes ave=1.34095 max=1.34095
mod-switch-added-noise ave=0.324577 max=0.380003
ptxt_rat_sk ave=0.00178102 max=0.00178102
ptxt_rat_sk ave=0.322793 max=0.322793
raw-mod-switch-noise ave=0.326026 max=0.326026
window1-nchoices ave=2.66667 max=4
window1-out ave=0 max=0
window2-nchoices ave=3.06667 max=5
window2-out ave=0 max=0
WALL=335.07 s MAXRSS=9283312 kB
exit=0 (ORDER4_COMPOSED pass2)
########## SET 22 p=14401 m=43033 d=11 :: ORDER6 :: aux=318 :: pass2 :: h=12 :: 2026-09-15 05:06:48 ##########
chosen idx = 22
encapHwt = 12
t for new bts is -1
new bts ? 1
new ks ? 1
thick bts ?0
repeat times = 1
force bsgs = 0
force hoist = 0
*** GTestFatboot: p=14401, r=1, bits=1320, t=0, c=3, m=43033 mvec=[23 1871], gens=[22453 13295], ords=[22 170]
Computing key-independent tables...using HELIB_EXPLICIT_AUX=318

t = -1
bound on I = 16.144126
log2(aux) = 8.312883
log2(beta) = 28.205460
log2(qks) >= 39.213521, final log2(qks) = 39.213524
log2(R) >= 28.234037, final log2(R) = 28.236684
INFO: total bits = 1786.36, security level = 74.5636HELIB_ORDER6: A=318 aux=318 |closure|=1837 (inflation 1.49959) deg(P)=1835 |folded|=306
deg of poly for non-power-of-p aux is 1835
security=74.5636
# small primes = 6
# ctxt primes = 23
# bits in ctxt primes = 1331
# special primes = 8
# bits in special primes = 455
scale=10
 done in 199.928 seconds
  e=0, e'=0, t=12
  m = 43033, p = 14401, phi(m) = 41140
  ord(p) = 11
  normBnd = 1.61862
  polyNormBnd = 3.82955
  factors = [23 1871]
  generator 22453 has order (== Z_m^*) of 22
  generator 13295 has order (== Z_m^*) of 170
r = 1
nslots = 3740
hwt = 120
ctxtPrimes = [6,7,8,9,10,11,12,13,14,15,16,17,18,19,20,21,22,23,24,25,26,27,28]
specialPrimes = [33,34,35,36,37,38,39,40]
number of bits = 1787

security level = 74.5636
Generating keys, Keys generated. Now genRecryptData...
computing key-dependent tables...Sparse boot key hwt = 12
genRecryptData done. recryptKeyID=1
lcAksBsgs=0 lcAksDelayed=0
Post-key setup done.
 done in 29.3068 seconds
Encrypt succeeded.
WARNING: KS-noise-ratio = 1.91514 > 1
WARNING: KS-noise-ratio = 1.10502 > 1
WARNING: KS-noise-ratio = 1.36768 > 1
HELIB_AUX_ORDER4_EVAL enabled: order=6, deg(P)=1835, terms(P)=307, deg(Q)=305, terms(Q)=306
time for linear1 = 4.516432, linear2 = 41.846036, extract = 73.682934, total = 121.888012
bits for linear1 = 54.264602, linear2 = 58.256659, extract = 376.685939, min cap = 11.008064, after cap = 847.991113, after prod = 1282.933711
cap / time = 6.421620

### summary over 1 test
time for linear1 = 4.516432, linear2 = 41.846036, extract = 73.682934, total = 121.888012
bits for linear1 = 54.264602, linear2 = 58.256659, extract = 376.685939, min cap = 11.008064, after cap = 847.991113, after prod = 1282.933711
cap / time = 6.421620


### bts finished, everything ok ###

  AAA_bootKeySwitch: 22.9664 / 1 = 22.9664   [$ARTIFACT/ours/_build_case1/HElib-patched/src/recryption.cpp:1968]
  AAA_coeffToSlot: 20.3607 / 1 = 20.3607   [$ARTIFACT/ours/_build_case1/HElib-patched/src/recryption.cpp:2396]
  AAA_embeddingLargest: 0.580488 / 243 = 0.00238884   [$ARTIFACT/ours/_build_case1/HElib-patched/src/norms.cpp:250]
  AAA_embeddingLargest_x2: 0.383397 / 164 = 0.00233779   [$ARTIFACT/ours/_build_case1/HElib-patched/src/norms.cpp:423]
  AAA_extractDigitsThin: 73.6819 / 1 = 73.6819   [$ARTIFACT/ours/_build_case1/HElib-patched/src/recryption.cpp:2449]
  AAA_modDownEnbeddings: 0.444742 / 164 = 0.00271184   [$ARTIFACT/ours/_build_case1/HElib-patched/src/Ctxt.cpp:506]
  AAA_slotToCoeff: 4.51638 / 1 = 4.51638   [$ARTIFACT/ours/_build_case1/HElib-patched/src/recryption.cpp:1954]
  BasicAutomorphPrecon: 3.51337 / 8 = 0.439172   [$ARTIFACT/ours/_build_case1/HElib-patched/src/matmul.cpp:69]
  BluesteinFFT: 50.0042 / 15624 = 0.00320047   [$ARTIFACT/ours/_build_case1/HElib-patched/src/bluestein.cpp:141]
  Decrypt: 0.595528 / 1 = 0.595528   [$ARTIFACT/ours/_build_case1/HElib-patched/src/keys.cpp:1350]
  DoubleCRT: 28.3329 / 365 = 0.0776243   [$ARTIFACT/ours/_build_case1/HElib-patched/src/DoubleCRT.cpp:718]
  FFT: 36.6525 / 11043 = 0.00331907   [$ARTIFACT/ours/_build_case1/HElib-patched/src/CModulus.cpp:479]
  FFT: 45.5925 / 571 = 0.0798468   [$ARTIFACT/ours/_build_case1/HElib-patched/src/DoubleCRT.cpp:70]
  FFT: 45.5851 / 11043 = 0.00412796   [$ARTIFACT/ours/_build_case1/HElib-patched/src/CModulus.cpp:448]
  FFT_aux: 36.6443 / 11043 = 0.00331833   [$ARTIFACT/ours/_build_case1/HElib-patched/src/CModulus.cpp:360]
  FFT_remainder: 8.92318 / 11043 = 0.000808039   [$ARTIFACT/ours/_build_case1/HElib-patched/src/CModulus.cpp:455]
  KS_loop: 11.3051 / 486 = 0.0232616   [$ARTIFACT/ours/_build_case1/HElib-patched/src/Ctxt.cpp:219]
  KS_loop_1: 1.8542 / 486 = 0.00381522   [$ARTIFACT/ours/_build_case1/HElib-patched/src/Ctxt.cpp:227]
  KS_loop_2: 1.61879 / 486 = 0.00333084   [$ARTIFACT/ours/_build_case1/HElib-patched/src/Ctxt.cpp:231]
  KS_loop_3: 1.8905 / 486 = 0.00388991   [$ARTIFACT/ours/_build_case1/HElib-patched/src/Ctxt.cpp:236]
  KS_loop_4: 0.639531 / 486 = 0.00131591   [$ARTIFACT/ours/_build_case1/HElib-patched/src/Ctxt.cpp:240]
  NORM_VAL: 1.01405 / 205 = 0.0049466   [$ARTIFACT/ours/_build_case1/HElib-patched/src/DoubleCRT.cpp:541]
  addConstant: 0.200608 / 22 = 0.00911855   [$ARTIFACT/ours/_build_case1/HElib-patched/src/Ctxt.cpp:2197]
  addCtxt: 9.44299 / 942 = 0.0100244   [$ARTIFACT/ours/_build_case1/HElib-patched/src/Ctxt.cpp:1458]
  addPart: 3.53739 / 1223 = 0.00289239   [$ARTIFACT/ours/_build_case1/HElib-patched/src/Ctxt.cpp:905]
  addPrimes: 27.9403 / 206 = 0.135633   [$ARTIFACT/ours/_build_case1/HElib-patched/src/DoubleCRT.cpp:625]
  addPrimes_5: 29.3464 / 205 = 0.143153   [$ARTIFACT/ours/_build_case1/HElib-patched/src/DoubleCRT.cpp:518]
  automorph: 11.5238 / 128 = 0.0900294   [$ARTIFACT/ours/_build_case1/HElib-patched/src/matmul.cpp:117]
  automorph: 0.111843 / 36 = 0.00310675   [$ARTIFACT/ours/_build_case1/HElib-patched/src/Ctxt.cpp:2489]
  breakIntoDigits: 29.5011 / 78 = 0.378219   [$ARTIFACT/ours/_build_case1/HElib-patched/src/DoubleCRT.cpp:481]
  decode: 12.4053 / 1 = 12.4053   [$ARTIFACT/ours/_build_case1/HElib-patched/src/EncryptedArray.cpp:375]
  do_mul: 6.8573 / 2299 = 0.00298273   [$ARTIFACT/ours/_build_case1/HElib-patched/src/DoubleCRT.cpp:280]
  extractDigitsThin: 73.6819 / 1 = 73.6819   [$ARTIFACT/ours/_build_case1/HElib-patched/src/recryption.cpp:1597]
  iFFT: 25.0821 / 4581 = 0.00547525   [$ARTIFACT/ours/_build_case1/HElib-patched/src/CModulus.cpp:488]
  iFFT_division: 9.51776 / 4581 = 0.00207766   [$ARTIFACT/ours/_build_case1/HElib-patched/src/CModulus.cpp:570]
  keySwitchPart: 31.305 / 71 = 0.440916   [$ARTIFACT/ours/_build_case1/HElib-patched/src/Ctxt.cpp:836]
  modDownToSet: 55.9922 / 202 = 0.277189   [$ARTIFACT/ours/_build_case1/HElib-patched/src/Ctxt.cpp:409]
  mul_MatMul1DExec: 42.4481 / 6 = 7.07468   [$ARTIFACT/ours/_build_case1/HElib-patched/src/matmul.cpp:975]
  multByConstant: 2.67273 / 577 = 0.00463212   [$ARTIFACT/ours/_build_case1/HElib-patched/src/Ctxt.cpp:1884]
  multByConstant: 0.095227 / 1 = 0.095227   [$ARTIFACT/ours/_build_case1/HElib-patched/src/Ctxt.cpp:1910]
  multLowLvl: 31.556 / 43 = 0.73386   [$ARTIFACT/ours/_build_case1/HElib-patched/src/Ctxt.cpp:1733]
  multiplyBy: 34.2757 / 22 = 1.55799   [$ARTIFACT/ours/_build_case1/HElib-patched/src/Ctxt.cpp:1809]
  privateAssign: 2.35612 / 501 = 0.00470284   [$ARTIFACT/ours/_build_case1/HElib-patched/src/Ctxt.cpp:329]
  randomize: 4.51282 / 486 = 0.00928565   [$ARTIFACT/ours/_build_case1/HElib-patched/src/DoubleCRT.cpp:1318]
  randomize_stream: 2.52714 / 2620718 = 9.64294e-07   [$ARTIFACT/ours/_build_case1/HElib-patched/src/DoubleCRT.cpp:1348]
  reLinearize: 46.5957 / 144 = 0.323581   [$ARTIFACT/ours/_build_case1/HElib-patched/src/Ctxt.cpp:736]
  smartAutomorph: 14.4113 / 36 = 0.400314   [$ARTIFACT/ours/_build_case1/HElib-patched/src/Ctxt.cpp:2514]
  thinReCrypt: 121.897 / 1 = 121.897   [$ARTIFACT/ours/_build_case1/HElib-patched/src/recryption.cpp:1872]
  toPoly: 33.8721 / 570 = 0.0594247   [$ARTIFACT/ours/_build_case1/HElib-patched/src/DoubleCRT.cpp:985]
  toPoly_CRT: 5.45307 / 570 = 0.00956679   [$ARTIFACT/ours/_build_case1/HElib-patched/src/DoubleCRT.cpp:1052]
  toPoly_FFT: 27.9366 / 570 = 0.0490115   [$ARTIFACT/ours/_build_case1/HElib-patched/src/DoubleCRT.cpp:1030]
  rusage.ru_maxrss=9585996
||||| stats |||||
KS-noise-ratio ave=0.119313 max=1.91514
KS-noise-ratio-hoist ave=697330 max=5.57864e+06
break-into-digits-ratio ave=0.31996 max=0.421265
excess-ctxtPrimes ave=11.3629 max=11.3629
excess-specialPrimes ave=1.34095 max=1.34095
mod-switch-added-noise ave=0.322873 max=0.384849
ptxt_rat_sk ave=0.00192094 max=0.00192094
ptxt_rat_sk ave=0.343137 max=0.343137
raw-mod-switch-noise ave=0.34312 max=0.34312
window1-nchoices ave=3.5 max=4
window1-out ave=0 max=0
window2-nchoices ave=3.89744 max=5
window2-out ave=0 max=0
||||| stats |||||
KS-noise-ratio ave=0.119313 max=1.91514
KS-noise-ratio-hoist ave=697330 max=5.57864e+06
break-into-digits-ratio ave=0.31996 max=0.421265
excess-ctxtPrimes ave=11.3629 max=11.3629
excess-specialPrimes ave=1.34095 max=1.34095
mod-switch-added-noise ave=0.322873 max=0.384849
ptxt_rat_sk ave=0.00192094 max=0.00192094
ptxt_rat_sk ave=0.343137 max=0.343137
raw-mod-switch-noise ave=0.34312 max=0.34312
window1-nchoices ave=3.5 max=4
window1-out ave=0 max=0
window2-nchoices ave=3.89744 max=5
window2-out ave=0 max=0
WALL=366.87 s MAXRSS=9585996 kB
exit=0 (ORDER6 pass2)
########## SET 22 p=14401 m=43033 d=11 :: ORDER6_COMPOSED :: aux=318 :: pass2 :: h=12 :: 2026-09-15 05:12:55 ##########
chosen idx = 22
encapHwt = 12
t for new bts is -1
new bts ? 1
new ks ? 1
thick bts ?0
repeat times = 1
force bsgs = 0
force hoist = 0
*** GTestFatboot: p=14401, r=1, bits=1320, t=0, c=3, m=43033 mvec=[23 1871], gens=[22453 13295], ords=[22 170]
Computing key-independent tables...using HELIB_EXPLICIT_AUX=318

t = -1
bound on I = 16.144126
log2(aux) = 8.312883
log2(beta) = 28.205460
log2(qks) >= 39.213521, final log2(qks) = 39.213524
log2(R) >= 28.234037, final log2(R) = 28.236684
INFO: total bits = 1786.36, security level = 74.5636HELIB_ORDER6: A=318 aux=318 |closure|=1837 (inflation 1.49959) deg(P)=1835 |folded|=306
HELIB_COMPOSED_EVAL: order=6 d=11 |folded support|=306 degQ=305 padded to n'=308
HELIB_COMPOSED_EVAL: norm form c=529 degC=28 (search 22.1133s)
deg of poly for non-power-of-p aux is 1835
security=74.5636
# small primes = 6
# ctxt primes = 23
# bits in ctxt primes = 1331
# special primes = 8
# bits in special primes = 455
scale=10
 done in 207.433 seconds
  e=0, e'=0, t=12
  m = 43033, p = 14401, phi(m) = 41140
  ord(p) = 11
  normBnd = 1.61862
  polyNormBnd = 3.82955
  factors = [23 1871]
  generator 22453 has order (== Z_m^*) of 22
  generator 13295 has order (== Z_m^*) of 170
r = 1
nslots = 3740
hwt = 120
ctxtPrimes = [6,7,8,9,10,11,12,13,14,15,16,17,18,19,20,21,22,23,24,25,26,27,28]
specialPrimes = [33,34,35,36,37,38,39,40]
number of bits = 1787

security level = 74.5636
Generating keys, Keys generated. Now genRecryptData...
computing key-dependent tables...Sparse boot key hwt = 12
genRecryptData done. recryptKeyID=1
lcAksBsgs=0 lcAksDelayed=0
Post-key setup done.
 done in 29.5692 seconds
Encrypt succeeded.
WARNING: KS-noise-ratio = 1.97592 > 1
WARNING: KS-noise-ratio = 1.49851 > 1
HELIB_COMPOSED_EVAL active: order=6 degC=28 d=11
time for linear1 = 4.746740, linear2 = 43.483012, extract = 36.836948, total = 86.983084
bits for linear1 = 54.272910, linear2 = 58.240441, extract = 463.627124, min cap = 11.008064, after cap = 761.103648, after prod = 1282.971213
cap / time = 7.999517

### summary over 1 test
time for linear1 = 4.746740, linear2 = 43.483012, extract = 36.836948, total = 86.983084
bits for linear1 = 54.272910, linear2 = 58.240441, extract = 463.627124, min cap = 11.008064, after cap = 761.103648, after prod = 1282.971213
cap / time = 7.999517


### bts finished, everything ok ###

  AAA_bootKeySwitch: 23.8618 / 1 = 23.8618   [$ARTIFACT/ours/_build_case1/HElib-patched/src/recryption.cpp:1968]
  AAA_coeffToSlot: 21.1576 / 1 = 21.1576   [$ARTIFACT/ours/_build_case1/HElib-patched/src/recryption.cpp:2396]
  AAA_embeddingLargest: 0.509105 / 226 = 0.00225268   [$ARTIFACT/ours/_build_case1/HElib-patched/src/norms.cpp:250]
  AAA_embeddingLargest_x2: 0.247256 / 108 = 0.00228941   [$ARTIFACT/ours/_build_case1/HElib-patched/src/norms.cpp:423]
  AAA_extractDigitsThin: 36.8364 / 1 = 36.8364   [$ARTIFACT/ours/_build_case1/HElib-patched/src/recryption.cpp:2449]
  AAA_modDownEnbeddings: 0.28175 / 108 = 0.0026088   [$ARTIFACT/ours/_build_case1/HElib-patched/src/Ctxt.cpp:506]
  AAA_slotToCoeff: 4.74668 / 1 = 4.74668   [$ARTIFACT/ours/_build_case1/HElib-patched/src/recryption.cpp:1954]
  BasicAutomorphPrecon: 3.63435 / 8 = 0.454294   [$ARTIFACT/ours/_build_case1/HElib-patched/src/matmul.cpp:69]
  BluesteinFFT: 36.4543 / 11720 = 0.00311043   [$ARTIFACT/ours/_build_case1/HElib-patched/src/bluestein.cpp:141]
  Decrypt: 0.547051 / 1 = 0.547051   [$ARTIFACT/ours/_build_case1/HElib-patched/src/keys.cpp:1350]
  DoubleCRT: 19.8277 / 268 = 0.0739838   [$ARTIFACT/ours/_build_case1/HElib-patched/src/DoubleCRT.cpp:718]
  FFT: 27.7406 / 8597 = 0.00322678   [$ARTIFACT/ours/_build_case1/HElib-patched/src/CModulus.cpp:479]
  FFT: 34.0479 / 441 = 0.0772061   [$ARTIFACT/ours/_build_case1/HElib-patched/src/DoubleCRT.cpp:70]
  FFT: 34.0422 / 8597 = 0.00395977   [$ARTIFACT/ours/_build_case1/HElib-patched/src/CModulus.cpp:448]
  FFT_aux: 27.7345 / 8597 = 0.00322607   [$ARTIFACT/ours/_build_case1/HElib-patched/src/CModulus.cpp:360]
  FFT_remainder: 6.29677 / 8597 = 0.000732438   [$ARTIFACT/ours/_build_case1/HElib-patched/src/CModulus.cpp:455]
  KS_loop: 10.8381 / 454 = 0.0238725   [$ARTIFACT/ours/_build_case1/HElib-patched/src/Ctxt.cpp:219]
  KS_loop_1: 1.75914 / 454 = 0.00387475   [$ARTIFACT/ours/_build_case1/HElib-patched/src/Ctxt.cpp:227]
  KS_loop_2: 1.68194 / 454 = 0.0037047   [$ARTIFACT/ours/_build_case1/HElib-patched/src/Ctxt.cpp:231]
  KS_loop_3: 1.78914 / 454 = 0.00394085   [$ARTIFACT/ours/_build_case1/HElib-patched/src/Ctxt.cpp:236]
  KS_loop_4: 0.619855 / 454 = 0.00136532   [$ARTIFACT/ours/_build_case1/HElib-patched/src/Ctxt.cpp:240]
  NORM_VAL: 0.830347 / 173 = 0.00479969   [$ARTIFACT/ours/_build_case1/HElib-patched/src/DoubleCRT.cpp:541]
  addCtxt: 1.8353 / 665 = 0.00275985   [$ARTIFACT/ours/_build_case1/HElib-patched/src/Ctxt.cpp:1458]
  addPart: 3.42162 / 1119 = 0.00305775   [$ARTIFACT/ours/_build_case1/HElib-patched/src/Ctxt.cpp:905]
  addPrimes: 23.356 / 174 = 0.13423   [$ARTIFACT/ours/_build_case1/HElib-patched/src/DoubleCRT.cpp:625]
  addPrimes_5: 24.5243 / 173 = 0.141759   [$ARTIFACT/ours/_build_case1/HElib-patched/src/DoubleCRT.cpp:518]
  automorph: 11.796 / 128 = 0.0921562   [$ARTIFACT/ours/_build_case1/HElib-patched/src/matmul.cpp:117]
  automorph: 0.166369 / 41 = 0.00405778   [$ARTIFACT/ours/_build_case1/HElib-patched/src/Ctxt.cpp:2489]
  breakIntoDigits: 24.6716 / 69 = 0.357559   [$ARTIFACT/ours/_build_case1/HElib-patched/src/DoubleCRT.cpp:481]
  decode: 12.3276 / 1 = 12.3276   [$ARTIFACT/ours/_build_case1/HElib-patched/src/EncryptedArray.cpp:375]
  do_mul: 6.66718 / 2187 = 0.00304855   [$ARTIFACT/ours/_build_case1/HElib-patched/src/DoubleCRT.cpp:280]
  extractDigitsThin: 36.8364 / 1 = 36.8364   [$ARTIFACT/ours/_build_case1/HElib-patched/src/recryption.cpp:1597]
  frobeniusAutomorph: 4.02679 / 5 = 0.805358   [$ARTIFACT/ours/_build_case1/HElib-patched/src/Ctxt.cpp:2578]
  iFFT: 16.8223 / 3123 = 0.00538658   [$ARTIFACT/ours/_build_case1/HElib-patched/src/CModulus.cpp:488]
  iFFT_division: 6.46866 / 3123 = 0.0020713   [$ARTIFACT/ours/_build_case1/HElib-patched/src/CModulus.cpp:570]
  keySwitchPart: 25.6357 / 62 = 0.413479   [$ARTIFACT/ours/_build_case1/HElib-patched/src/Ctxt.cpp:836]
  modDownToSet: 33.6609 / 146 = 0.230554   [$ARTIFACT/ours/_build_case1/HElib-patched/src/Ctxt.cpp:409]
  mul_MatMul1DExec: 44.21 / 6 = 7.36833   [$ARTIFACT/ours/_build_case1/HElib-patched/src/matmul.cpp:975]
  multByConstant: 2.92519 / 601 = 0.0048672   [$ARTIFACT/ours/_build_case1/HElib-patched/src/Ctxt.cpp:1884]
  multByConstant: 2.53847 / 25 = 0.101539   [$ARTIFACT/ours/_build_case1/HElib-patched/src/Ctxt.cpp:1910]
  multLowLvl: 13.2123 / 19 = 0.695386   [$ARTIFACT/ours/_build_case1/HElib-patched/src/Ctxt.cpp:1733]
  multiplyBy: 28.5784 / 19 = 1.50413   [$ARTIFACT/ours/_build_case1/HElib-patched/src/Ctxt.cpp:1809]
  privateAssign: 0.572345 / 201 = 0.00284749   [$ARTIFACT/ours/_build_case1/HElib-patched/src/Ctxt.cpp:329]
  randomize: 4.22913 / 454 = 0.00931526   [$ARTIFACT/ours/_build_case1/HElib-patched/src/DoubleCRT.cpp:1318]
  randomize_stream: 2.37314 / 2447228 = 9.69726e-07   [$ARTIFACT/ours/_build_case1/HElib-patched/src/DoubleCRT.cpp:1348]
  reLinearize: 34.6781 / 138 = 0.25129   [$ARTIFACT/ours/_build_case1/HElib-patched/src/Ctxt.cpp:736]
  smartAutomorph: 19.0138 / 41 = 0.463751   [$ARTIFACT/ours/_build_case1/HElib-patched/src/Ctxt.cpp:2514]
  thinReCrypt: 86.9916 / 1 = 86.9916   [$ARTIFACT/ours/_build_case1/HElib-patched/src/recryption.cpp:1872]
  toPoly: 22.7546 / 412 = 0.0552295   [$ARTIFACT/ours/_build_case1/HElib-patched/src/DoubleCRT.cpp:985]
  toPoly_CRT: 3.77867 / 412 = 0.00917153   [$ARTIFACT/ours/_build_case1/HElib-patched/src/DoubleCRT.cpp:1052]
  toPoly_FFT: 18.7048 / 412 = 0.0454   [$ARTIFACT/ours/_build_case1/HElib-patched/src/DoubleCRT.cpp:1030]
  rusage.ru_maxrss=9285888
||||| stats |||||
KS-noise-ratio ave=0.145631 max=1.97592
KS-noise-ratio-hoist ave=669372 max=5.35498e+06
break-into-digits-ratio ave=0.32057 max=0.408351
excess-ctxtPrimes ave=11.3629 max=11.3629
excess-specialPrimes ave=1.34095 max=1.34095
mod-switch-added-noise ave=0.325051 max=0.393038
ptxt_rat_sk ave=0.00199443 max=0.00199443
ptxt_rat_sk ave=0.305649 max=0.305649
raw-mod-switch-noise ave=0.315501 max=0.315501
window1-nchoices ave=3.33333 max=4
window1-out ave=0 max=0
window2-nchoices ave=3.3125 max=7
window2-out ave=0 max=0
||||| stats |||||
KS-noise-ratio ave=0.145631 max=1.97592
KS-noise-ratio-hoist ave=669372 max=5.35498e+06
break-into-digits-ratio ave=0.32057 max=0.408351
excess-ctxtPrimes ave=11.3629 max=11.3629
excess-specialPrimes ave=1.34095 max=1.34095
mod-switch-added-noise ave=0.325051 max=0.393038
ptxt_rat_sk ave=0.00199443 max=0.00199443
ptxt_rat_sk ave=0.305649 max=0.305649
raw-mod-switch-noise ave=0.315501 max=0.315501
window1-nchoices ave=3.33333 max=4
window1-out ave=0 max=0
window2-nchoices ave=3.3125 max=7
window2-out ave=0 max=0
WALL=339.25 s MAXRSS=9285888 kB
exit=0 (ORDER6_COMPOSED pass2)
########## SET 22 p=14401 m=43033 d=11 :: NORMONLY :: aux=120 :: pass2 :: h=12 :: 2026-09-15 05:18:34 ##########
chosen idx = 22
encapHwt = 12
t for new bts is -1
new bts ? 1
new ks ? 1
thick bts ?0
repeat times = 1
force bsgs = 0
force hoist = 0
*** GTestFatboot: p=14401, r=1, bits=1320, t=0, c=3, m=43033 mvec=[23 1871], gens=[22453 13295], ords=[22 170]
Computing key-independent tables...using HELIB_EXPLICIT_AUX=120

t = -1
bound on I = 16.144126
log2(aux) = 6.906891
log2(beta) = 28.205460
log2(qks) >= 37.807529, final log2(qks) = 37.807532
log2(R) >= 27.765374, final log2(R) = 27.771993
INFO: total bits = 1786.36, security level = 74.5636HELIB_NORMONLY: order=1, norm map on the unfiltered P_A, deg(P)=1223
HELIB_COMPOSED_EVAL: order=1 d=11 |folded support|=1224 degQ=1223 padded to n'=1232
HELIB_COMPOSED_EVAL: no norm form found; staying on P-S
deg of poly for non-power-of-p aux is 1223
security=74.5636
# small primes = 6
# ctxt primes = 23
# bits in ctxt primes = 1331
# special primes = 8
# bits in special primes = 455
scale=10
 done in 4192.79 seconds
  e=0, e'=0, t=12
  m = 43033, p = 14401, phi(m) = 41140
  ord(p) = 11
  normBnd = 1.61862
  polyNormBnd = 3.82955
  factors = [23 1871]
  generator 22453 has order (== Z_m^*) of 22
  generator 13295 has order (== Z_m^*) of 170
r = 1
nslots = 3740
hwt = 120
ctxtPrimes = [6,7,8,9,10,11,12,13,14,15,16,17,18,19,20,21,22,23,24,25,26,27,28]
specialPrimes = [33,34,35,36,37,38,39,40]
number of bits = 1787

security level = 74.5636
Generating keys, Keys generated. Now genRecryptData...
computing key-dependent tables...Sparse boot key hwt = 12
genRecryptData done. recryptKeyID=1
lcAksBsgs=0 lcAksDelayed=0
Post-key setup done.
 done in 29.9388 seconds
Encrypt succeeded.
WARNING: KS-noise-ratio = 1.5885 > 1
WARNING: KS-noise-ratio = 1.21659 > 1
WARNING: KS-noise-ratio = 1.98092 > 1
WARNING: KS-noise-ratio = 1.43802 > 1
WARNING: KS-noise-ratio = 1.28488 > 1
WARNING: KS-noise-ratio = 1.4184 > 1
HELIB_AUX_ORDER4_EVAL enabled: order=1, deg(P)=1223, terms(P)=307, deg(Q)=1223, terms(Q)=307
time for linear1 = 4.854335, linear2 = 44.062263, extract = 114.580635, total = 165.451176
bits for linear1 = 54.277612, linear2 = 59.151871, extract = 319.804641, min cap = 9.602072, after cap = 905.288577, after prod = 1284.245089
cap / time = 5.085542

### summary over 1 test
time for linear1 = 4.854335, linear2 = 44.062263, extract = 114.580635, total = 165.451176
bits for linear1 = 54.277612, linear2 = 59.151871, extract = 319.804641, min cap = 9.602072, after cap = 905.288577, after prod = 1284.245089
cap / time = 5.085542


### bts finished, everything ok ###

  AAA_bootKeySwitch: 24.6749 / 1 = 24.6749   [$ARTIFACT/ours/_build_case1/HElib-patched/src/recryption.cpp:1968]
  AAA_coeffToSlot: 20.9219 / 1 = 20.9219   [$ARTIFACT/ours/_build_case1/HElib-patched/src/recryption.cpp:2396]
  AAA_embeddingLargest: 0.789004 / 328 = 0.0024055   [$ARTIFACT/ours/_build_case1/HElib-patched/src/norms.cpp:250]
  AAA_embeddingLargest_x2: 0.568524 / 248 = 0.00229244   [$ARTIFACT/ours/_build_case1/HElib-patched/src/norms.cpp:423]
  AAA_extractDigitsThin: 114.578 / 1 = 114.578   [$ARTIFACT/ours/_build_case1/HElib-patched/src/recryption.cpp:2449]
  AAA_modDownEnbeddings: 0.667069 / 248 = 0.00268979   [$ARTIFACT/ours/_build_case1/HElib-patched/src/Ctxt.cpp:506]
  AAA_slotToCoeff: 4.85428 / 1 = 4.85428   [$ARTIFACT/ours/_build_case1/HElib-patched/src/recryption.cpp:1954]
  BasicAutomorphPrecon: 3.60244 / 8 = 0.450305   [$ARTIFACT/ours/_build_case1/HElib-patched/src/matmul.cpp:69]
  BluesteinFFT: 72.2358 / 23176 = 0.00311683   [$ARTIFACT/ours/_build_case1/HElib-patched/src/bluestein.cpp:141]
  Decrypt: 0.554266 / 1 = 0.554266   [$ARTIFACT/ours/_build_case1/HElib-patched/src/keys.cpp:1350]
  DoubleCRT: 43.1264 / 554 = 0.0778455   [$ARTIFACT/ours/_build_case1/HElib-patched/src/DoubleCRT.cpp:718]
  FFT: 53.2123 / 16402 = 0.00324425   [$ARTIFACT/ours/_build_case1/HElib-patched/src/CModulus.cpp:479]
  FFT: 65.6827 / 824 = 0.079712   [$ARTIFACT/ours/_build_case1/HElib-patched/src/DoubleCRT.cpp:70]
  FFT: 65.6737 / 16402 = 0.004004   [$ARTIFACT/ours/_build_case1/HElib-patched/src/CModulus.cpp:448]
  FFT_aux: 53.1995 / 16402 = 0.00324347   [$ARTIFACT/ours/_build_case1/HElib-patched/src/CModulus.cpp:360]
  FFT_remainder: 12.4483 / 16402 = 0.000758953   [$ARTIFACT/ours/_build_case1/HElib-patched/src/CModulus.cpp:455]
  KS_loop: 12.8621 / 550 = 0.0233857   [$ARTIFACT/ours/_build_case1/HElib-patched/src/Ctxt.cpp:219]
  KS_loop_1: 2.12744 / 550 = 0.00386807   [$ARTIFACT/ours/_build_case1/HElib-patched/src/Ctxt.cpp:227]
  KS_loop_2: 1.70931 / 550 = 0.00310785   [$ARTIFACT/ours/_build_case1/HElib-patched/src/Ctxt.cpp:231]
  KS_loop_3: 2.1595 / 550 = 0.00392635   [$ARTIFACT/ours/_build_case1/HElib-patched/src/Ctxt.cpp:236]
  KS_loop_4: 0.743008 / 550 = 0.00135092   [$ARTIFACT/ours/_build_case1/HElib-patched/src/Ctxt.cpp:240]
  NORM_VAL: 1.33669 / 269 = 0.00496911   [$ARTIFACT/ours/_build_case1/HElib-patched/src/DoubleCRT.cpp:541]
  addCtxt: 9.11023 / 1859 = 0.00490061   [$ARTIFACT/ours/_build_case1/HElib-patched/src/Ctxt.cpp:1458]
  addPart: 3.97862 / 1371 = 0.00290199   [$ARTIFACT/ours/_build_case1/HElib-patched/src/Ctxt.cpp:905]
  addPrimes: 36.3129 / 270 = 0.134492   [$ARTIFACT/ours/_build_case1/HElib-patched/src/DoubleCRT.cpp:625]
  addPrimes_5: 38.15 / 269 = 0.141822   [$ARTIFACT/ours/_build_case1/HElib-patched/src/DoubleCRT.cpp:518]
  automorph: 11.7982 / 128 = 0.0921736   [$ARTIFACT/ours/_build_case1/HElib-patched/src/matmul.cpp:117]
  automorph: 0.114395 / 36 = 0.00317764   [$ARTIFACT/ours/_build_case1/HElib-patched/src/Ctxt.cpp:2489]
  breakIntoDigits: 38.3509 / 99 = 0.387383   [$ARTIFACT/ours/_build_case1/HElib-patched/src/DoubleCRT.cpp:481]
  decode: 12.2769 / 1 = 12.2769   [$ARTIFACT/ours/_build_case1/HElib-patched/src/EncryptedArray.cpp:375]
  do_mul: 9.13302 / 2555 = 0.00357457   [$ARTIFACT/ours/_build_case1/HElib-patched/src/DoubleCRT.cpp:280]
  extractDigitsThin: 114.578 / 1 = 114.578   [$ARTIFACT/ours/_build_case1/HElib-patched/src/recryption.cpp:1597]
  iFFT: 36.2082 / 6774 = 0.00534517   [$ARTIFACT/ours/_build_case1/HElib-patched/src/CModulus.cpp:488]
  iFFT_division: 13.943 / 6774 = 0.0020583   [$ARTIFACT/ours/_build_case1/HElib-patched/src/CModulus.cpp:570]
  keySwitchPart: 41.6513 / 92 = 0.452732   [$ARTIFACT/ours/_build_case1/HElib-patched/src/Ctxt.cpp:836]
  modDownToSet: 83.6013 / 286 = 0.292312   [$ARTIFACT/ours/_build_case1/HElib-patched/src/Ctxt.cpp:409]
  mul_MatMul1DExec: 44.9195 / 6 = 7.48659   [$ARTIFACT/ours/_build_case1/HElib-patched/src/matmul.cpp:975]
  multByConstant: 4.07906 / 577 = 0.00706942   [$ARTIFACT/ours/_build_case1/HElib-patched/src/Ctxt.cpp:1884]
  multByConstant: 0.103117 / 1 = 0.103117   [$ARTIFACT/ours/_build_case1/HElib-patched/src/Ctxt.cpp:1910]
  multLowLvl: 51.9951 / 75 = 0.693267   [$ARTIFACT/ours/_build_case1/HElib-patched/src/Ctxt.cpp:1733]
  multiplyBy: 50.1133 / 32 = 1.56604   [$ARTIFACT/ours/_build_case1/HElib-patched/src/Ctxt.cpp:1809]
  privateAssign: 2.24901 / 566 = 0.00397351   [$ARTIFACT/ours/_build_case1/HElib-patched/src/Ctxt.cpp:329]
  randomize: 5.19924 / 550 = 0.00945317   [$ARTIFACT/ours/_build_case1/HElib-patched/src/DoubleCRT.cpp:1318]
  randomize_stream: 2.91578 / 2967520 = 9.82564e-07   [$ARTIFACT/ours/_build_case1/HElib-patched/src/DoubleCRT.cpp:1348]
  reLinearize: 66.0237 / 171 = 0.386104   [$ARTIFACT/ours/_build_case1/HElib-patched/src/Ctxt.cpp:736]
  smartAutomorph: 14.7466 / 36 = 0.409628   [$ARTIFACT/ours/_build_case1/HElib-patched/src/Ctxt.cpp:2514]
  thinReCrypt: 165.458 / 1 = 165.458   [$ARTIFACT/ours/_build_case1/HElib-patched/src/recryption.cpp:1872]
  toPoly: 47.275 / 823 = 0.0574423   [$ARTIFACT/ours/_build_case1/HElib-patched/src/DoubleCRT.cpp:985]
  toPoly_CRT: 7.60729 / 823 = 0.00924336   [$ARTIFACT/ours/_build_case1/HElib-patched/src/DoubleCRT.cpp:1052]
  toPoly_FFT: 39.0943 / 823 = 0.0475022   [$ARTIFACT/ours/_build_case1/HElib-patched/src/DoubleCRT.cpp:1030]
  rusage.ru_maxrss=9816116
||||| stats |||||
KS-noise-ratio ave=0.159272 max=1.98092
KS-noise-ratio-hoist ave=652264 max=5.21811e+06
break-into-digits-ratio ave=0.32215 max=0.392021
excess-ctxtPrimes ave=11.3629 max=11.3629
excess-specialPrimes ave=1.34095 max=1.34095
mod-switch-added-noise ave=0.326287 max=0.39979
ptxt_rat_sk ave=0.00177226 max=0.00177226
ptxt_rat_sk ave=0.319609 max=0.319609
raw-mod-switch-noise ave=0.313269 max=0.313269
window1-nchoices ave=4 max=4
window1-out ave=0 max=0
window2-nchoices ave=3.45714 max=9
window2-out ave=0 max=0
||||| stats |||||
KS-noise-ratio ave=0.159272 max=1.98092
KS-noise-ratio-hoist ave=652264 max=5.21811e+06
break-into-digits-ratio ave=0.32215 max=0.392021
excess-ctxtPrimes ave=11.3629 max=11.3629
excess-specialPrimes ave=1.34095 max=1.34095
mod-switch-added-noise ave=0.326287 max=0.39979
ptxt_rat_sk ave=0.00177226 max=0.00177226
ptxt_rat_sk ave=0.319609 max=0.319609
raw-mod-switch-noise ave=0.313269 max=0.313269
window1-nchoices ave=4 max=4
window1-out ave=0 max=0
window2-nchoices ave=3.45714 max=9
window2-out ave=0 max=0
WALL=4403.76 s MAXRSS=9816116 kB
exit=0 (NORMONLY pass2)
SET_DONE 22
