########## SET 25 p=4513 m=37637 d=4 :: BASELINE :: aux=95 :: pass1 :: 2026-09-14 19:30:57 ##########
chosen idx = 25
encapHwt = 12
t for new bts is -1
new bts ? 1
new ks ? 1
thick bts ?0
repeat times = 1
force bsgs = 0
force hoist = 0
*** GTestFatboot: p=4513, r=1, bits=1320, t=0, c=3, m=37637 mvec=[61 617], gens=[21596 32087], ords=[60 -154]
Computing key-independent tables...using HELIB_EXPLICIT_AUX=95

t = -1
bound on I = 16.355446
log2(aux) = 6.569856
log2(beta) = 26.447052
log2(qks) >= 35.714039, final log2(qks) = 35.714050
log2(R) >= 26.874053, final log2(R) = 26.881102
INFO: total bits = 1794.3, security level = 68.6935deg of poly for non-power-of-p aux is 1223
security=68.6935
# small primes = 6
# ctxt primes = 23
# bits in ctxt primes = 1331
# special primes = 8
# bits in special primes = 463
scale=10
 done in 198.914 seconds
  e=0, e'=0, t=12
  m = 37637, p = 4513, phi(m) = 36960
  ord(p) = 4
  normBnd = 1.62078
  polyNormBnd = 4.94505
  factors = [61 617]
  generator 21596 has order (== Z_m^*) of 60
  generator 32087 has order (!!= Z_m^*) of 154
r = 1
nslots = 9240
hwt = 120
ctxtPrimes = [6,7,8,9,10,11,12,13,14,15,16,17,18,19,20,21,22,23,24,25,26,27,28]
specialPrimes = [33,34,35,36,37,38,39,40]
number of bits = 1795

security level = 68.6935
Generating keys, Keys generated. Now genRecryptData...
computing key-dependent tables...Sparse boot key hwt = 12
genRecryptData done. recryptKeyID=1
lcAksBsgs=0 lcAksDelayed=0
Post-key setup done.
 done in 19.4486 seconds
Encrypt succeeded.
WARNING: KS-noise-ratio = 1.04598 > 1
WARNING: KS-noise-ratio = 15.5186 > 1
WARNING: KS-noise-ratio = 14.4636 > 1
WARNING: KS-noise-ratio = 17.7168 > 1
WARNING: KS-noise-ratio = 17.9384 > 1
WARNING: KS-noise-ratio = 18.4696 > 1
time for linear1 = 6.731328, linear2 = 54.616399, extract = 106.235801, total = 169.194729
bits for linear1 = 50.659935, linear2 = 52.146386, extract = 303.360046, min cap = 9.266998, after cap = 930.877249, after prod = 1286.383682
cap / time = 5.147621

### summary over 1 test
time for linear1 = 6.731328, linear2 = 54.616399, extract = 106.235801, total = 169.194729
bits for linear1 = 50.659935, linear2 = 52.146386, extract = 303.360046, min cap = 9.266998, after cap = 930.877249, after prod = 1286.383682
cap / time = 5.147621


### bts finished, everything ok ###

  AAA_bootKeySwitch: 27.7215 / 1 = 27.7215   [$ARTIFACT/ours/_build_case1/HElib-patched/src/recryption.cpp:1968]
  AAA_coeffToSlot: 28.1831 / 1 = 28.1831   [$ARTIFACT/ours/_build_case1/HElib-patched/src/recryption.cpp:2396]
  AAA_embeddingLargest: 0.828583 / 384 = 0.00215777   [$ARTIFACT/ours/_build_case1/HElib-patched/src/norms.cpp:250]
  AAA_embeddingLargest_x2: 0.549022 / 266 = 0.00206399   [$ARTIFACT/ours/_build_case1/HElib-patched/src/norms.cpp:423]
  AAA_extractDigitsThin: 106.234 / 1 = 106.234   [$ARTIFACT/ours/_build_case1/HElib-patched/src/recryption.cpp:2449]
  AAA_modDownEnbeddings: 0.635584 / 266 = 0.00238941   [$ARTIFACT/ours/_build_case1/HElib-patched/src/Ctxt.cpp:506]
  AAA_slotToCoeff: 6.73124 / 1 = 6.73124   [$ARTIFACT/ours/_build_case1/HElib-patched/src/recryption.cpp:1954]
  BasicAutomorphPrecon: 4.78651 / 11 = 0.435137   [$ARTIFACT/ours/_build_case1/HElib-patched/src/matmul.cpp:69]
  BluesteinFFT: 71.6372 / 26007 = 0.00275454   [$ARTIFACT/ours/_build_case1/HElib-patched/src/bluestein.cpp:141]
  Decrypt: 0.508689 / 1 = 0.508689   [$ARTIFACT/ours/_build_case1/HElib-patched/src/keys.cpp:1350]
  DoubleCRT: 41.2047 / 590 = 0.0698385   [$ARTIFACT/ours/_build_case1/HElib-patched/src/DoubleCRT.cpp:718]
  FFT: 53.1531 / 18427 = 0.00288452   [$ARTIFACT/ours/_build_case1/HElib-patched/src/CModulus.cpp:479]
  FFT: 65.5165 / 916 = 0.0715246   [$ARTIFACT/ours/_build_case1/HElib-patched/src/DoubleCRT.cpp:70]
  FFT: 65.508 / 18427 = 0.003555   [$ARTIFACT/ours/_build_case1/HElib-patched/src/CModulus.cpp:448]
  FFT_aux: 53.1416 / 18427 = 0.0028839   [$ARTIFACT/ours/_build_case1/HElib-patched/src/CModulus.cpp:360]
  FFT_remainder: 12.345 / 18427 = 0.00066994   [$ARTIFACT/ours/_build_case1/HElib-patched/src/CModulus.cpp:455]
  KS_loop: 11.247 / 536 = 0.0209832   [$ARTIFACT/ours/_build_case1/HElib-patched/src/Ctxt.cpp:219]
  KS_loop_1: 1.82751 / 536 = 0.00340953   [$ARTIFACT/ours/_build_case1/HElib-patched/src/Ctxt.cpp:227]
  KS_loop_2: 1.60431 / 536 = 0.00299312   [$ARTIFACT/ours/_build_case1/HElib-patched/src/Ctxt.cpp:231]
  KS_loop_3: 1.91487 / 536 = 0.00357252   [$ARTIFACT/ours/_build_case1/HElib-patched/src/Ctxt.cpp:236]
  KS_loop_4: 0.667354 / 536 = 0.00124506   [$ARTIFACT/ours/_build_case1/HElib-patched/src/Ctxt.cpp:240]
  NORM_VAL: 1.49447 / 325 = 0.00459838   [$ARTIFACT/ours/_build_case1/HElib-patched/src/DoubleCRT.cpp:541]
  addCtxt: 9.86077 / 2391 = 0.00412412   [$ARTIFACT/ours/_build_case1/HElib-patched/src/Ctxt.cpp:1458]
  addPart: 3.55538 / 1341 = 0.00265129   [$ARTIFACT/ours/_build_case1/HElib-patched/src/Ctxt.cpp:905]
  addPrimes: 39.6418 / 326 = 0.121601   [$ARTIFACT/ours/_build_case1/HElib-patched/src/DoubleCRT.cpp:625]
  addPrimes_5: 41.7163 / 325 = 0.128358   [$ARTIFACT/ours/_build_case1/HElib-patched/src/DoubleCRT.cpp:518]
  automorph: 0.204458 / 57 = 0.00358698   [$ARTIFACT/ours/_build_case1/HElib-patched/src/Ctxt.cpp:2489]
  automorph: 8.16279 / 108 = 0.0755814   [$ARTIFACT/ours/_build_case1/HElib-patched/src/matmul.cpp:117]
  breakIntoDigits: 41.9382 / 123 = 0.340961   [$ARTIFACT/ours/_build_case1/HElib-patched/src/DoubleCRT.cpp:481]
  decode: 10.0755 / 1 = 10.0755   [$ARTIFACT/ours/_build_case1/HElib-patched/src/EncryptedArray.cpp:375]
  do_mul: 10.5215 / 3577 = 0.00294143   [$ARTIFACT/ours/_build_case1/HElib-patched/src/DoubleCRT.cpp:280]
  extractDigitsThin: 106.234 / 1 = 106.234   [$ARTIFACT/ours/_build_case1/HElib-patched/src/recryption.cpp:1597]
  iFFT: 36.2372 / 7580 = 0.00478063   [$ARTIFACT/ours/_build_case1/HElib-patched/src/CModulus.cpp:488]
  iFFT_division: 14.1712 / 7580 = 0.00186955   [$ARTIFACT/ours/_build_case1/HElib-patched/src/CModulus.cpp:570]
  keySwitchPart: 45.2666 / 113 = 0.400589   [$ARTIFACT/ours/_build_case1/HElib-patched/src/Ctxt.cpp:836]
  modDownToSet: 81.0982 / 292 = 0.277734   [$ARTIFACT/ours/_build_case1/HElib-patched/src/Ctxt.cpp:409]
  mul_MatMul1DExec: 59.2306 / 6 = 9.87176   [$ARTIFACT/ours/_build_case1/HElib-patched/src/matmul.cpp:975]
  multByConstant: 6.0788 / 1102 = 0.00551615   [$ARTIFACT/ours/_build_case1/HElib-patched/src/Ctxt.cpp:1884]
  multByConstant: 0.0818 / 1 = 0.0818   [$ARTIFACT/ours/_build_case1/HElib-patched/src/Ctxt.cpp:1910]
  multLowLvl: 48.3821 / 75 = 0.645094   [$ARTIFACT/ours/_build_case1/HElib-patched/src/Ctxt.cpp:1733]
  multiplyBy: 44.4641 / 32 = 1.3895   [$ARTIFACT/ours/_build_case1/HElib-patched/src/Ctxt.cpp:1809]
  privateAssign: 2.27891 / 650 = 0.00350601   [$ARTIFACT/ours/_build_case1/HElib-patched/src/Ctxt.cpp:329]
  randomize: 4.43686 / 536 = 0.00827772   [$ARTIFACT/ours/_build_case1/HElib-patched/src/DoubleCRT.cpp:1318]
  randomize_stream: 2.49493 / 2601839 = 9.5891e-07   [$ARTIFACT/ours/_build_case1/HElib-patched/src/DoubleCRT.cpp:1348]
  reLinearize: 75.6152 / 177 = 0.427205   [$ARTIFACT/ours/_build_case1/HElib-patched/src/Ctxt.cpp:736]
  smartAutomorph: 28.5739 / 57 = 0.501297   [$ARTIFACT/ours/_build_case1/HElib-patched/src/Ctxt.cpp:2514]
  thinReCrypt: 169.202 / 1 = 169.202   [$ARTIFACT/ours/_build_case1/HElib-patched/src/recryption.cpp:1872]
  toPoly: 48.3591 / 915 = 0.0528515   [$ARTIFACT/ours/_build_case1/HElib-patched/src/DoubleCRT.cpp:985]
  toPoly_CRT: 7.83805 / 915 = 0.00856617   [$ARTIFACT/ours/_build_case1/HElib-patched/src/DoubleCRT.cpp:1052]
  toPoly_FFT: 39.7261 / 915 = 0.0434165   [$ARTIFACT/ours/_build_case1/HElib-patched/src/DoubleCRT.cpp:1030]
  rusage.ru_maxrss=14782168
||||| stats |||||
KS-noise-ratio ave=0.753566 max=18.4696
KS-noise-ratio-hoist ave=1288.98 max=14178.8
break-into-digits-ratio ave=0.318007 max=0.393331
excess-ctxtPrimes ave=11.11 max=11.11
excess-specialPrimes ave=8.25327 max=8.25327
mod-switch-added-noise ave=0.31862 max=0.374255
ptxt_rat_sk ave=0.00139413 max=0.00139413
ptxt_rat_sk ave=0.299775 max=0.299775
raw-mod-switch-noise ave=0.300961 max=0.300961
window1-nchoices ave=4.8 max=6
window1-out ave=0 max=0
window2-nchoices ave=3.67143 max=6
window2-out ave=0 max=0
||||| stats |||||
KS-noise-ratio ave=0.753566 max=18.4696
KS-noise-ratio-hoist ave=1288.98 max=14178.8
break-into-digits-ratio ave=0.318007 max=0.393331
excess-ctxtPrimes ave=11.11 max=11.11
excess-specialPrimes ave=8.25327 max=8.25327
mod-switch-added-noise ave=0.31862 max=0.374255
ptxt_rat_sk ave=0.00139413 max=0.00139413
ptxt_rat_sk ave=0.299775 max=0.299775
raw-mod-switch-noise ave=0.300961 max=0.300961
window1-nchoices ave=4.8 max=6
window1-out ave=0 max=0
window2-nchoices ave=3.67143 max=6
window2-out ave=0 max=0
WALL=401.90 s MAXRSS=14782168 kB
exit=0 (BASELINE pass1)
########## SET 25 p=4513 m=37637 d=4 :: ORDER4 :: aux=95 :: pass1 :: 2026-09-14 19:37:39 ##########
chosen idx = 25
encapHwt = 12
t for new bts is -1
new bts ? 1
new ks ? 1
thick bts ?0
repeat times = 1
force bsgs = 0
force hoist = 0
*** GTestFatboot: p=4513, r=1, bits=1320, t=0, c=3, m=37637 mvec=[61 617], gens=[21596 32087], ords=[60 -154]
Computing key-independent tables...using HELIB_EXPLICIT_AUX=95

t = -1
bound on I = 16.355446
log2(aux) = 6.569856
log2(beta) = 26.447052
log2(qks) >= 35.714039, final log2(qks) = 35.714050
log2(R) >= 26.874053, final log2(R) = 26.881102
INFO: total bits = 1794.3, security level = 68.6935deg of poly for non-power-of-p aux is 1223
security=68.6935
# small primes = 6
# ctxt primes = 23
# bits in ctxt primes = 1331
# special primes = 8
# bits in special primes = 463
scale=10
 done in 197.752 seconds
  e=0, e'=0, t=12
  m = 37637, p = 4513, phi(m) = 36960
  ord(p) = 4
  normBnd = 1.62078
  polyNormBnd = 4.94505
  factors = [61 617]
  generator 21596 has order (== Z_m^*) of 60
  generator 32087 has order (!!= Z_m^*) of 154
r = 1
nslots = 9240
hwt = 120
ctxtPrimes = [6,7,8,9,10,11,12,13,14,15,16,17,18,19,20,21,22,23,24,25,26,27,28]
specialPrimes = [33,34,35,36,37,38,39,40]
number of bits = 1795

security level = 68.6935
Generating keys, Keys generated. Now genRecryptData...
computing key-dependent tables...Sparse boot key hwt = 12
genRecryptData done. recryptKeyID=1
lcAksBsgs=0 lcAksDelayed=0
Post-key setup done.
 done in 19.4149 seconds
Encrypt succeeded.
HELIB_AUX_ORDER4_EVAL enabled: order=4, deg(P)=1223, terms(P)=307, deg(Q)=305, terms(Q)=306
time for linear1 = 6.815950, linear2 = 53.357672, extract = 58.542621, total = 120.378203
bits for linear1 = 50.582893, linear2 = 52.144954, extract = 348.547209, min cap = 9.266998, after cap = 885.634733, after prod = 1286.326896
cap / time = 6.859920

### summary over 1 test
time for linear1 = 6.815950, linear2 = 53.357672, extract = 58.542621, total = 120.378203
bits for linear1 = 50.582893, linear2 = 52.144954, extract = 348.547209, min cap = 9.266998, after cap = 885.634733, after prod = 1286.326896
cap / time = 6.859920


### bts finished, everything ok ###

  AAA_bootKeySwitch: 28.0904 / 1 = 28.0904   [$ARTIFACT/ours/_build_case1/HElib-patched/src/recryption.cpp:1968]
  AAA_coeffToSlot: 26.5859 / 1 = 26.5859   [$ARTIFACT/ours/_build_case1/HElib-patched/src/recryption.cpp:2396]
  AAA_embeddingLargest: 0.616604 / 294 = 0.00209729   [$ARTIFACT/ours/_build_case1/HElib-patched/src/norms.cpp:250]
  AAA_embeddingLargest_x2: 0.357403 / 178 = 0.00200788   [$ARTIFACT/ours/_build_case1/HElib-patched/src/norms.cpp:423]
  AAA_extractDigitsThin: 58.5418 / 1 = 58.5418   [$ARTIFACT/ours/_build_case1/HElib-patched/src/recryption.cpp:2449]
  AAA_modDownEnbeddings: 0.407254 / 178 = 0.00228794   [$ARTIFACT/ours/_build_case1/HElib-patched/src/Ctxt.cpp:506]
  AAA_slotToCoeff: 6.81586 / 1 = 6.81586   [$ARTIFACT/ours/_build_case1/HElib-patched/src/recryption.cpp:1954]
  BasicAutomorphPrecon: 4.67872 / 11 = 0.425338   [$ARTIFACT/ours/_build_case1/HElib-patched/src/matmul.cpp:69]
  BluesteinFFT: 47.8483 / 17786 = 0.00269022   [$ARTIFACT/ours/_build_case1/HElib-patched/src/bluestein.cpp:141]
  Decrypt: 0.452741 / 1 = 0.452741   [$ARTIFACT/ours/_build_case1/HElib-patched/src/keys.cpp:1350]
  DoubleCRT: 25.2304 / 391 = 0.0645279   [$ARTIFACT/ours/_build_case1/HElib-patched/src/DoubleCRT.cpp:718]
  FFT: 35.6192 / 12646 = 0.00281664   [$ARTIFACT/ours/_build_case1/HElib-patched/src/CModulus.cpp:479]
  FFT: 43.9312 / 650 = 0.0675865   [$ARTIFACT/ours/_build_case1/HElib-patched/src/DoubleCRT.cpp:70]
  FFT: 43.9259 / 12646 = 0.0034735   [$ARTIFACT/ours/_build_case1/HElib-patched/src/CModulus.cpp:448]
  FFT_aux: 35.6115 / 12646 = 0.00281603   [$ARTIFACT/ours/_build_case1/HElib-patched/src/CModulus.cpp:360]
  FFT_remainder: 8.30082 / 12646 = 0.000656399   [$ARTIFACT/ours/_build_case1/HElib-patched/src/CModulus.cpp:455]
  KS_loop: 9.71941 / 469 = 0.0207237   [$ARTIFACT/ours/_build_case1/HElib-patched/src/Ctxt.cpp:219]
  KS_loop_1: 1.58167 / 469 = 0.00337243   [$ARTIFACT/ours/_build_case1/HElib-patched/src/Ctxt.cpp:227]
  KS_loop_2: 1.47117 / 469 = 0.00313682   [$ARTIFACT/ours/_build_case1/HElib-patched/src/Ctxt.cpp:231]
  KS_loop_3: 1.62458 / 469 = 0.00346392   [$ARTIFACT/ours/_build_case1/HElib-patched/src/Ctxt.cpp:236]
  KS_loop_4: 0.528058 / 469 = 0.00112592   [$ARTIFACT/ours/_build_case1/HElib-patched/src/Ctxt.cpp:240]
  NORM_VAL: 1.12593 / 258 = 0.00436409   [$ARTIFACT/ours/_build_case1/HElib-patched/src/DoubleCRT.cpp:541]
  addConstant: 0.156392 / 22 = 0.00710873   [$ARTIFACT/ours/_build_case1/HElib-patched/src/Ctxt.cpp:2197]
  addCtxt: 8.66348 / 1474 = 0.00587753   [$ARTIFACT/ours/_build_case1/HElib-patched/src/Ctxt.cpp:1458]
  addPart: 2.99203 / 1185 = 0.00252492   [$ARTIFACT/ours/_build_case1/HElib-patched/src/Ctxt.cpp:905]
  addPrimes: 30.2721 / 259 = 0.116881   [$ARTIFACT/ours/_build_case1/HElib-patched/src/DoubleCRT.cpp:625]
  addPrimes_5: 31.8218 / 258 = 0.12334   [$ARTIFACT/ours/_build_case1/HElib-patched/src/DoubleCRT.cpp:518]
  automorph: 0.200507 / 57 = 0.00351767   [$ARTIFACT/ours/_build_case1/HElib-patched/src/Ctxt.cpp:2489]
  automorph: 7.9268 / 108 = 0.0733963   [$ARTIFACT/ours/_build_case1/HElib-patched/src/matmul.cpp:117]
  breakIntoDigits: 31.9909 / 101 = 0.316742   [$ARTIFACT/ours/_build_case1/HElib-patched/src/DoubleCRT.cpp:481]
  decode: 10.0729 / 1 = 10.0729   [$ARTIFACT/ours/_build_case1/HElib-patched/src/EncryptedArray.cpp:375]
  do_mul: 9.63911 / 3311 = 0.00291124   [$ARTIFACT/ours/_build_case1/HElib-patched/src/DoubleCRT.cpp:280]
  extractDigitsThin: 58.5418 / 1 = 58.5418   [$ARTIFACT/ours/_build_case1/HElib-patched/src/recryption.cpp:1597]
  iFFT: 24.1698 / 5140 = 0.00470229   [$ARTIFACT/ours/_build_case1/HElib-patched/src/CModulus.cpp:488]
  iFFT_division: 9.51068 / 5140 = 0.00185033   [$ARTIFACT/ours/_build_case1/HElib-patched/src/CModulus.cpp:570]
  keySwitchPart: 33.7682 / 91 = 0.371079   [$ARTIFACT/ours/_build_case1/HElib-patched/src/Ctxt.cpp:836]
  modDownToSet: 49.5549 / 205 = 0.241731   [$ARTIFACT/ours/_build_case1/HElib-patched/src/Ctxt.cpp:409]
  mul_MatMul1DExec: 58.1461 / 6 = 9.69102   [$ARTIFACT/ours/_build_case1/HElib-patched/src/matmul.cpp:975]
  multByConstant: 6.05474 / 1102 = 0.00549432   [$ARTIFACT/ours/_build_case1/HElib-patched/src/Ctxt.cpp:1884]
  multByConstant: 0.08245 / 1 = 0.08245   [$ARTIFACT/ours/_build_case1/HElib-patched/src/Ctxt.cpp:1910]
  multLowLvl: 25.165 / 42 = 0.599167   [$ARTIFACT/ours/_build_case1/HElib-patched/src/Ctxt.cpp:1733]
  multiplyBy: 26.7578 / 21 = 1.27418   [$ARTIFACT/ours/_build_case1/HElib-patched/src/Ctxt.cpp:1809]
  privateAssign: 1.75917 / 518 = 0.00339608   [$ARTIFACT/ours/_build_case1/HElib-patched/src/Ctxt.cpp:329]
  randomize: 3.90974 / 469 = 0.00833633   [$ARTIFACT/ours/_build_case1/HElib-patched/src/DoubleCRT.cpp:1318]
  randomize_stream: 2.1949 / 2274884 = 9.64842e-07   [$ARTIFACT/ours/_build_case1/HElib-patched/src/DoubleCRT.cpp:1348]
  reLinearize: 53.5374 / 148 = 0.361739   [$ARTIFACT/ours/_build_case1/HElib-patched/src/Ctxt.cpp:736]
  smartAutomorph: 28.0324 / 57 = 0.491797   [$ARTIFACT/ours/_build_case1/HElib-patched/src/Ctxt.cpp:2514]
  thinReCrypt: 120.386 / 1 = 120.386   [$ARTIFACT/ours/_build_case1/HElib-patched/src/recryption.cpp:1872]
  toPoly: 31.584 / 649 = 0.0486656   [$ARTIFACT/ours/_build_case1/HElib-patched/src/DoubleCRT.cpp:985]
  toPoly_CRT: 5.21199 / 649 = 0.00803081   [$ARTIFACT/ours/_build_case1/HElib-patched/src/DoubleCRT.cpp:1052]
  toPoly_FFT: 25.9883 / 649 = 0.0400436   [$ARTIFACT/ours/_build_case1/HElib-patched/src/DoubleCRT.cpp:1030]
  rusage.ru_maxrss=14595360
||||| stats |||||
KS-noise-ratio ave=0.0165449 max=0.860527
KS-noise-ratio-hoist ave=1240.93 max=13650.2
break-into-digits-ratio ave=0.317365 max=0.408306
excess-ctxtPrimes ave=11.11 max=11.11
excess-specialPrimes ave=8.25327 max=8.25327
mod-switch-added-noise ave=0.322553 max=0.395557
ptxt_rat_sk ave=0.00144691 max=0.00144691
ptxt_rat_sk ave=0.321945 max=0.321945
raw-mod-switch-noise ave=0.341025 max=0.341025
window1-nchoices ave=5.25 max=7
window1-out ave=0 max=0
window2-nchoices ave=4.71053 max=8
window2-out ave=0 max=0
||||| stats |||||
KS-noise-ratio ave=0.0165449 max=0.860527
KS-noise-ratio-hoist ave=1240.93 max=13650.2
break-into-digits-ratio ave=0.317365 max=0.408306
excess-ctxtPrimes ave=11.11 max=11.11
excess-specialPrimes ave=8.25327 max=8.25327
mod-switch-added-noise ave=0.322553 max=0.395557
ptxt_rat_sk ave=0.00144691 max=0.00144691
ptxt_rat_sk ave=0.321945 max=0.321945
raw-mod-switch-noise ave=0.341025 max=0.341025
window1-nchoices ave=5.25 max=7
window1-out ave=0 max=0
window2-nchoices ave=4.71053 max=8
window2-out ave=0 max=0
WALL=351.52 s MAXRSS=14595360 kB
exit=0 (ORDER4 pass1)
########## SET 25 p=4513 m=37637 d=4 :: ORDER4_COMPOSED :: aux=95 :: pass1 :: 2026-09-14 19:43:31 ##########
chosen idx = 25
encapHwt = 12
t for new bts is -1
new bts ? 1
new ks ? 1
thick bts ?0
repeat times = 1
force bsgs = 0
force hoist = 0
*** GTestFatboot: p=4513, r=1, bits=1320, t=0, c=3, m=37637 mvec=[61 617], gens=[21596 32087], ords=[60 -154]
Computing key-independent tables...using HELIB_EXPLICIT_AUX=95

t = -1
bound on I = 16.355446
log2(aux) = 6.569856
log2(beta) = 26.447052
log2(qks) >= 35.714039, final log2(qks) = 35.714050
log2(R) >= 26.874053, final log2(R) = 26.881102
INFO: total bits = 1794.3, security level = 68.6935HELIB_COMPOSED_EVAL: order=4 d=4 |folded support|=306 degQ=305 padded to n'=308
HELIB_COMPOSED_EVAL: norm form c=126 degC=77 (search 10.7621s)
deg of poly for non-power-of-p aux is 1223
security=68.6935
# small primes = 6
# ctxt primes = 23
# bits in ctxt primes = 1331
# special primes = 8
# bits in special primes = 463
scale=10
 done in 211.115 seconds
  e=0, e'=0, t=12
  m = 37637, p = 4513, phi(m) = 36960
  ord(p) = 4
  normBnd = 1.62078
  polyNormBnd = 4.94505
  factors = [61 617]
  generator 21596 has order (== Z_m^*) of 60
  generator 32087 has order (!!= Z_m^*) of 154
r = 1
nslots = 9240
hwt = 120
ctxtPrimes = [6,7,8,9,10,11,12,13,14,15,16,17,18,19,20,21,22,23,24,25,26,27,28]
specialPrimes = [33,34,35,36,37,38,39,40]
number of bits = 1795

security level = 68.6935
Generating keys, Keys generated. Now genRecryptData...
computing key-dependent tables...Sparse boot key hwt = 12
genRecryptData done. recryptKeyID=1
lcAksBsgs=0 lcAksDelayed=0
Post-key setup done.
 done in 19.602 seconds
Encrypt succeeded.
WARNING: KS-noise-ratio = 1.00396 > 1
HELIB_COMPOSED_EVAL active: order=4 degC=77 d=4
time for linear1 = 6.796514, linear2 = 52.985503, extract = 38.114786, total = 99.523318
bits for linear1 = 50.700864, linear2 = 52.147062, extract = 476.779217, min cap = 9.266998, after cap = 757.493327, after prod = 1286.419606
cap / time = 7.008664

### summary over 1 test
time for linear1 = 6.796514, linear2 = 52.985503, extract = 38.114786, total = 99.523318
bits for linear1 = 50.700864, linear2 = 52.147062, extract = 476.779217, min cap = 9.266998, after cap = 757.493327, after prod = 1286.419606
cap / time = 7.008664


### bts finished, everything ok ###

  AAA_bootKeySwitch: 27.9734 / 1 = 27.9734   [$ARTIFACT/ours/_build_case1/HElib-patched/src/recryption.cpp:1968]
  AAA_coeffToSlot: 26.3156 / 1 = 26.3156   [$ARTIFACT/ours/_build_case1/HElib-patched/src/recryption.cpp:2396]
  AAA_embeddingLargest: 0.659905 / 333 = 0.0019817   [$ARTIFACT/ours/_build_case1/HElib-patched/src/norms.cpp:250]
  AAA_embeddingLargest_x2: 0.259926 / 130 = 0.00199943   [$ARTIFACT/ours/_build_case1/HElib-patched/src/norms.cpp:423]
  AAA_extractDigitsThin: 38.1143 / 1 = 38.1143   [$ARTIFACT/ours/_build_case1/HElib-patched/src/recryption.cpp:2449]
  AAA_modDownEnbeddings: 0.295226 / 130 = 0.00227097   [$ARTIFACT/ours/_build_case1/HElib-patched/src/Ctxt.cpp:506]
  AAA_slotToCoeff: 6.79643 / 1 = 6.79643   [$ARTIFACT/ours/_build_case1/HElib-patched/src/recryption.cpp:1954]
  BasicAutomorphPrecon: 4.70587 / 11 = 0.427807   [$ARTIFACT/ours/_build_case1/HElib-patched/src/matmul.cpp:69]
  BluesteinFFT: 41.9361 / 15693 = 0.00267228   [$ARTIFACT/ours/_build_case1/HElib-patched/src/bluestein.cpp:141]
  Decrypt: 0.483415 / 1 = 0.483415   [$ARTIFACT/ours/_build_case1/HElib-patched/src/keys.cpp:1350]
  DoubleCRT: 23.498 / 363 = 0.0647328   [$ARTIFACT/ours/_build_case1/HElib-patched/src/DoubleCRT.cpp:718]
  FFT: 33.2581 / 11889 = 0.00279739   [$ARTIFACT/ours/_build_case1/HElib-patched/src/CModulus.cpp:479]
  FFT: 39.8096 / 592 = 0.067246   [$ARTIFACT/ours/_build_case1/HElib-patched/src/DoubleCRT.cpp:70]
  FFT: 39.8043 / 11889 = 0.00334799   [$ARTIFACT/ours/_build_case1/HElib-patched/src/CModulus.cpp:448]
  FFT_aux: 33.2512 / 11889 = 0.0027968   [$ARTIFACT/ours/_build_case1/HElib-patched/src/CModulus.cpp:360]
  FFT_remainder: 6.54103 / 11889 = 0.000550175   [$ARTIFACT/ours/_build_case1/HElib-patched/src/CModulus.cpp:455]
  KS_loop: 9.08907 / 440 = 0.020657   [$ARTIFACT/ours/_build_case1/HElib-patched/src/Ctxt.cpp:219]
  KS_loop_1: 1.4771 / 440 = 0.00335703   [$ARTIFACT/ours/_build_case1/HElib-patched/src/Ctxt.cpp:227]
  KS_loop_2: 1.44686 / 440 = 0.00328832   [$ARTIFACT/ours/_build_case1/HElib-patched/src/Ctxt.cpp:231]
  KS_loop_3: 1.51495 / 440 = 0.00344307   [$ARTIFACT/ours/_build_case1/HElib-patched/src/Ctxt.cpp:236]
  KS_loop_4: 0.484688 / 440 = 0.00110156   [$ARTIFACT/ours/_build_case1/HElib-patched/src/Ctxt.cpp:240]
  NORM_VAL: 0.979423 / 229 = 0.00427696   [$ARTIFACT/ours/_build_case1/HElib-patched/src/DoubleCRT.cpp:541]
  addCtxt: 3.61179 / 1246 = 0.00289871   [$ARTIFACT/ours/_build_case1/HElib-patched/src/Ctxt.cpp:1458]
  addPart: 2.78749 / 1096 = 0.00254333   [$ARTIFACT/ours/_build_case1/HElib-patched/src/Ctxt.cpp:905]
  addPrimes: 26.6287 / 230 = 0.115777   [$ARTIFACT/ours/_build_case1/HElib-patched/src/DoubleCRT.cpp:625]
  addPrimes_5: 27.9754 / 229 = 0.122163   [$ARTIFACT/ours/_build_case1/HElib-patched/src/DoubleCRT.cpp:518]
  automorph: 0.217824 / 59 = 0.00369193   [$ARTIFACT/ours/_build_case1/HElib-patched/src/Ctxt.cpp:2489]
  automorph: 7.87574 / 108 = 0.0729235   [$ARTIFACT/ours/_build_case1/HElib-patched/src/matmul.cpp:117]
  breakIntoDigits: 28.1171 / 93 = 0.302334   [$ARTIFACT/ours/_build_case1/HElib-patched/src/DoubleCRT.cpp:481]
  decode: 10.1262 / 1 = 10.1262   [$ARTIFACT/ours/_build_case1/HElib-patched/src/EncryptedArray.cpp:375]
  do_mul: 9.68847 / 3311 = 0.00292615   [$ARTIFACT/ours/_build_case1/HElib-patched/src/DoubleCRT.cpp:280]
  extractDigitsThin: 38.1143 / 1 = 38.1143   [$ARTIFACT/ours/_build_case1/HElib-patched/src/recryption.cpp:1597]
  frobeniusAutomorph: 1.27092 / 2 = 0.635459   [$ARTIFACT/ours/_build_case1/HElib-patched/src/Ctxt.cpp:2578]
  iFFT: 17.8165 / 3804 = 0.00468362   [$ARTIFACT/ours/_build_case1/HElib-patched/src/CModulus.cpp:488]
  iFFT_division: 7.03007 / 3804 = 0.00184807   [$ARTIFACT/ours/_build_case1/HElib-patched/src/CModulus.cpp:570]
  keySwitchPart: 29.1708 / 83 = 0.351456   [$ARTIFACT/ours/_build_case1/HElib-patched/src/Ctxt.cpp:836]
  modDownToSet: 33.4977 / 157 = 0.213361   [$ARTIFACT/ours/_build_case1/HElib-patched/src/Ctxt.cpp:409]
  mul_MatMul1DExec: 57.7498 / 6 = 9.62496   [$ARTIFACT/ours/_build_case1/HElib-patched/src/matmul.cpp:975]
  multByConstant: 6.50366 / 1171 = 0.00555394   [$ARTIFACT/ours/_build_case1/HElib-patched/src/Ctxt.cpp:1884]
  multByConstant: 6.42428 / 70 = 0.0917754   [$ARTIFACT/ours/_build_case1/HElib-patched/src/Ctxt.cpp:1910]
  multLowLvl: 12.6169 / 22 = 0.573494   [$ARTIFACT/ours/_build_case1/HElib-patched/src/Ctxt.cpp:1733]
  multiplyBy: 27.3042 / 22 = 1.2411   [$ARTIFACT/ours/_build_case1/HElib-patched/src/Ctxt.cpp:1809]
  privateAssign: 0.789326 / 343 = 0.00230124   [$ARTIFACT/ours/_build_case1/HElib-patched/src/Ctxt.cpp:329]
  randomize: 3.64681 / 440 = 0.0082882   [$ARTIFACT/ours/_build_case1/HElib-patched/src/DoubleCRT.cpp:1318]
  randomize_stream: 2.04816 / 2133084 = 9.60187e-07   [$ARTIFACT/ours/_build_case1/HElib-patched/src/DoubleCRT.cpp:1348]
  reLinearize: 44.1187 / 147 = 0.300127   [$ARTIFACT/ours/_build_case1/HElib-patched/src/Ctxt.cpp:736]
  smartAutomorph: 29.2629 / 59 = 0.495981   [$ARTIFACT/ours/_build_case1/HElib-patched/src/Ctxt.cpp:2514]
  thinReCrypt: 99.531 / 1 = 99.531   [$ARTIFACT/ours/_build_case1/HElib-patched/src/recryption.cpp:1872]
  toPoly: 23.4817 / 514 = 0.0456842   [$ARTIFACT/ours/_build_case1/HElib-patched/src/DoubleCRT.cpp:985]
  toPoly_CRT: 3.99094 / 514 = 0.00776448   [$ARTIFACT/ours/_build_case1/HElib-patched/src/DoubleCRT.cpp:1052]
  toPoly_FFT: 19.2153 / 514 = 0.0373838   [$ARTIFACT/ours/_build_case1/HElib-patched/src/DoubleCRT.cpp:1030]
  rusage.ru_maxrss=14624652
||||| stats |||||
KS-noise-ratio ave=0.0217389 max=1.00396
KS-noise-ratio-hoist ave=1169.04 max=12859.4
break-into-digits-ratio ave=0.31656 max=0.384695
excess-ctxtPrimes ave=11.11 max=11.11
excess-specialPrimes ave=8.25327 max=8.25327
mod-switch-added-noise ave=0.322368 max=0.391114
ptxt_rat_sk ave=0.00152105 max=0.00152105
ptxt_rat_sk ave=0.349558 max=0.349558
raw-mod-switch-noise ave=0.307839 max=0.307839
window1-nchoices ave=4.75 max=8
window1-out ave=0 max=0
window2-nchoices ave=4.11111 max=8
window2-out ave=0 max=0
||||| stats |||||
KS-noise-ratio ave=0.0217389 max=1.00396
KS-noise-ratio-hoist ave=1169.04 max=12859.4
break-into-digits-ratio ave=0.31656 max=0.384695
excess-ctxtPrimes ave=11.11 max=11.11
excess-specialPrimes ave=8.25327 max=8.25327
mod-switch-added-noise ave=0.322368 max=0.391114
ptxt_rat_sk ave=0.00152105 max=0.00152105
ptxt_rat_sk ave=0.349558 max=0.349558
raw-mod-switch-noise ave=0.307839 max=0.307839
window1-nchoices ave=4.75 max=8
window1-out ave=0 max=0
window2-nchoices ave=4.11111 max=8
window2-out ave=0 max=0
WALL=344.08 s MAXRSS=14624652 kB
exit=0 (ORDER4_COMPOSED pass1)
########## SET 25 p=4513 m=37637 d=4 :: ORDER6 :: aux=815 :: pass1 :: 2026-09-14 19:49:15 ##########
chosen idx = 25
encapHwt = 12
t for new bts is -1
new bts ? 1
new ks ? 1
thick bts ?0
repeat times = 1
force bsgs = 0
force hoist = 0
*** GTestFatboot: p=4513, r=1, bits=1320, t=0, c=3, m=37637 mvec=[61 617], gens=[21596 32087], ords=[60 -154]
Computing key-independent tables...using HELIB_EXPLICIT_AUX=815

t = -1
bound on I = 16.355446
log2(aux) = 9.670656
log2(beta) = 26.447052
log2(qks) >= 38.814840, final log2(qks) = 38.814842
log2(R) >= 27.907650, final log2(R) = 27.915397
INFO: total bits = 1794.3, security level = 68.6935HELIB_ORDER6: A=815 aux=815 |closure|=1837 (inflation 1.49959) deg(P)=1835 |folded|=306
deg of poly for non-power-of-p aux is 1835
security=68.6935
# small primes = 6
# ctxt primes = 23
# bits in ctxt primes = 1331
# special primes = 8
# bits in special primes = 463
scale=10
 done in 202.266 seconds
  e=0, e'=0, t=12
  m = 37637, p = 4513, phi(m) = 36960
  ord(p) = 4
  normBnd = 1.62078
  polyNormBnd = 4.94505
  factors = [61 617]
  generator 21596 has order (== Z_m^*) of 60
  generator 32087 has order (!!= Z_m^*) of 154
r = 1
nslots = 9240
hwt = 120
ctxtPrimes = [6,7,8,9,10,11,12,13,14,15,16,17,18,19,20,21,22,23,24,25,26,27,28]
specialPrimes = [33,34,35,36,37,38,39,40]
number of bits = 1795

security level = 68.6935
Generating keys, Keys generated. Now genRecryptData...
computing key-dependent tables...Sparse boot key hwt = 12
genRecryptData done. recryptKeyID=1
lcAksBsgs=0 lcAksDelayed=0
Post-key setup done.
 done in 19.8564 seconds
Encrypt succeeded.
WARNING: KS-noise-ratio = 6.00559 > 1
WARNING: KS-noise-ratio = 12.0223 > 1
WARNING: KS-noise-ratio = 18.1137 > 1
HELIB_AUX_ORDER4_EVAL enabled: order=6, deg(P)=1835, terms(P)=307, deg(Q)=305, terms(Q)=306
time for linear1 = 6.900813, linear2 = 53.581968, extract = 62.633792, total = 124.772688
bits for linear1 = 50.665735, linear2 = 52.125906, extract = 357.881493, min cap = 12.367790, after cap = 873.165833, after prod = 1283.173231
cap / time = 6.492866

### summary over 1 test
time for linear1 = 6.900813, linear2 = 53.581968, extract = 62.633792, total = 124.772688
bits for linear1 = 50.665735, linear2 = 52.125906, extract = 357.881493, min cap = 12.367790, after cap = 873.165833, after prod = 1283.173231
cap / time = 6.492866


### bts finished, everything ok ###

  AAA_bootKeySwitch: 28.2849 / 1 = 28.2849   [$ARTIFACT/ours/_build_case1/HElib-patched/src/recryption.cpp:1968]
  AAA_coeffToSlot: 26.6274 / 1 = 26.6274   [$ARTIFACT/ours/_build_case1/HElib-patched/src/recryption.cpp:2396]
  AAA_embeddingLargest: 0.622594 / 299 = 0.00208225   [$ARTIFACT/ours/_build_case1/HElib-patched/src/norms.cpp:250]
  AAA_embeddingLargest_x2: 0.366412 / 182 = 0.00201325   [$ARTIFACT/ours/_build_case1/HElib-patched/src/norms.cpp:423]
  AAA_extractDigitsThin: 62.6329 / 1 = 62.6329   [$ARTIFACT/ours/_build_case1/HElib-patched/src/recryption.cpp:2449]
  AAA_modDownEnbeddings: 0.419681 / 182 = 0.00230594   [$ARTIFACT/ours/_build_case1/HElib-patched/src/Ctxt.cpp:506]
  AAA_slotToCoeff: 6.90072 / 1 = 6.90072   [$ARTIFACT/ours/_build_case1/HElib-patched/src/recryption.cpp:1954]
  BasicAutomorphPrecon: 4.72372 / 11 = 0.429429   [$ARTIFACT/ours/_build_case1/HElib-patched/src/matmul.cpp:69]
  BluesteinFFT: 50.0903 / 18223 = 0.00274874   [$ARTIFACT/ours/_build_case1/HElib-patched/src/bluestein.cpp:141]
  Decrypt: 0.456521 / 1 = 0.456521   [$ARTIFACT/ours/_build_case1/HElib-patched/src/keys.cpp:1350]
  DoubleCRT: 26.6246 / 401 = 0.0663955   [$ARTIFACT/ours/_build_case1/HElib-patched/src/DoubleCRT.cpp:718]
  FFT: 37.115 / 12887 = 0.00288003   [$ARTIFACT/ours/_build_case1/HElib-patched/src/CModulus.cpp:479]
  FFT: 45.7548 / 663 = 0.0690118   [$ARTIFACT/ours/_build_case1/HElib-patched/src/DoubleCRT.cpp:70]
  FFT: 45.7486 / 12887 = 0.00354998   [$ARTIFACT/ours/_build_case1/HElib-patched/src/CModulus.cpp:448]
  FFT_aux: 37.107 / 12887 = 0.00287941   [$ARTIFACT/ours/_build_case1/HElib-patched/src/CModulus.cpp:360]
  FFT_remainder: 8.62744 / 12887 = 0.000669469   [$ARTIFACT/ours/_build_case1/HElib-patched/src/CModulus.cpp:455]
  KS_loop: 9.85667 / 472 = 0.0208828   [$ARTIFACT/ours/_build_case1/HElib-patched/src/Ctxt.cpp:219]
  KS_loop_1: 1.63137 / 472 = 0.00345629   [$ARTIFACT/ours/_build_case1/HElib-patched/src/Ctxt.cpp:227]
  KS_loop_2: 1.47222 / 472 = 0.0031191   [$ARTIFACT/ours/_build_case1/HElib-patched/src/Ctxt.cpp:231]
  KS_loop_3: 1.6491 / 472 = 0.00349385   [$ARTIFACT/ours/_build_case1/HElib-patched/src/Ctxt.cpp:236]
  KS_loop_4: 0.527357 / 472 = 0.00111728   [$ARTIFACT/ours/_build_case1/HElib-patched/src/Ctxt.cpp:240]
  NORM_VAL: 1.14207 / 261 = 0.00437575   [$ARTIFACT/ours/_build_case1/HElib-patched/src/DoubleCRT.cpp:541]
  addConstant: 0.159125 / 22 = 0.00723295   [$ARTIFACT/ours/_build_case1/HElib-patched/src/Ctxt.cpp:2197]
  addCtxt: 9.04831 / 1474 = 0.00613861   [$ARTIFACT/ours/_build_case1/HElib-patched/src/Ctxt.cpp:1458]
  addPart: 3.00297 / 1193 = 0.00251716   [$ARTIFACT/ours/_build_case1/HElib-patched/src/Ctxt.cpp:905]
  addPrimes: 30.9498 / 262 = 0.118129   [$ARTIFACT/ours/_build_case1/HElib-patched/src/DoubleCRT.cpp:625]
  addPrimes_5: 32.5154 / 261 = 0.12458   [$ARTIFACT/ours/_build_case1/HElib-patched/src/DoubleCRT.cpp:518]
  automorph: 0.19479 / 57 = 0.00341737   [$ARTIFACT/ours/_build_case1/HElib-patched/src/Ctxt.cpp:2489]
  automorph: 7.95355 / 108 = 0.073644   [$ARTIFACT/ours/_build_case1/HElib-patched/src/matmul.cpp:117]
  breakIntoDigits: 32.6817 / 102 = 0.320409   [$ARTIFACT/ours/_build_case1/HElib-patched/src/DoubleCRT.cpp:481]
  decode: 10.186 / 1 = 10.186   [$ARTIFACT/ours/_build_case1/HElib-patched/src/EncryptedArray.cpp:375]
  do_mul: 9.74625 / 3321 = 0.00293473   [$ARTIFACT/ours/_build_case1/HElib-patched/src/DoubleCRT.cpp:280]
  extractDigitsThin: 62.6329 / 1 = 62.6329   [$ARTIFACT/ours/_build_case1/HElib-patched/src/recryption.cpp:1597]
  iFFT: 25.5487 / 5336 = 0.00478799   [$ARTIFACT/ours/_build_case1/HElib-patched/src/CModulus.cpp:488]
  iFFT_division: 10.0306 / 5336 = 0.0018798   [$ARTIFACT/ours/_build_case1/HElib-patched/src/CModulus.cpp:570]
  keySwitchPart: 34.5371 / 92 = 0.375403   [$ARTIFACT/ours/_build_case1/HElib-patched/src/Ctxt.cpp:836]
  modDownToSet: 52.6209 / 208 = 0.252985   [$ARTIFACT/ours/_build_case1/HElib-patched/src/Ctxt.cpp:409]
  mul_MatMul1DExec: 58.4238 / 6 = 9.7373   [$ARTIFACT/ours/_build_case1/HElib-patched/src/matmul.cpp:975]
  multByConstant: 6.07831 / 1102 = 0.00551571   [$ARTIFACT/ours/_build_case1/HElib-patched/src/Ctxt.cpp:1884]
  multByConstant: 0.083062 / 1 = 0.083062   [$ARTIFACT/ours/_build_case1/HElib-patched/src/Ctxt.cpp:1910]
  multLowLvl: 27.0276 / 43 = 0.628548   [$ARTIFACT/ours/_build_case1/HElib-patched/src/Ctxt.cpp:1733]
  multiplyBy: 28.982 / 22 = 1.31736   [$ARTIFACT/ours/_build_case1/HElib-patched/src/Ctxt.cpp:1809]
  privateAssign: 1.89132 / 543 = 0.00348309   [$ARTIFACT/ours/_build_case1/HElib-patched/src/Ctxt.cpp:329]
  randomize: 3.9492 / 472 = 0.00836694   [$ARTIFACT/ours/_build_case1/HElib-patched/src/DoubleCRT.cpp:1318]
  randomize_stream: 2.22232 / 2289209 = 9.70779e-07   [$ARTIFACT/ours/_build_case1/HElib-patched/src/DoubleCRT.cpp:1348]
  reLinearize: 55.5224 / 150 = 0.370149   [$ARTIFACT/ours/_build_case1/HElib-patched/src/Ctxt.cpp:736]
  smartAutomorph: 28.293 / 57 = 0.496369   [$ARTIFACT/ours/_build_case1/HElib-patched/src/Ctxt.cpp:2514]
  thinReCrypt: 124.78 / 1 = 124.78   [$ARTIFACT/ours/_build_case1/HElib-patched/src/recryption.cpp:1872]
  toPoly: 33.3211 / 662 = 0.050334   [$ARTIFACT/ours/_build_case1/HElib-patched/src/DoubleCRT.cpp:985]
  toPoly_CRT: 5.44697 / 662 = 0.00822805   [$ARTIFACT/ours/_build_case1/HElib-patched/src/DoubleCRT.cpp:1052]
  toPoly_FFT: 27.5131 / 662 = 0.0415606   [$ARTIFACT/ours/_build_case1/HElib-patched/src/DoubleCRT.cpp:1030]
  rusage.ru_maxrss=14605184
||||| stats |||||
KS-noise-ratio ave=0.413871 max=18.1137
KS-noise-ratio-hoist ave=1291.44 max=14205.8
break-into-digits-ratio ave=0.318606 max=0.405384
excess-ctxtPrimes ave=11.11 max=11.11
excess-specialPrimes ave=8.25327 max=8.25327
mod-switch-added-noise ave=0.32366 max=0.388179
ptxt_rat_sk ave=0.00152135 max=0.00152135
ptxt_rat_sk ave=0.3127 max=0.3127
raw-mod-switch-noise ave=0.316369 max=0.316369
window1-nchoices ave=5.25 max=7
window1-out ave=0 max=0
window2-nchoices ave=3.23077 max=7
window2-out ave=0 max=0
||||| stats |||||
KS-noise-ratio ave=0.413871 max=18.1137
KS-noise-ratio-hoist ave=1291.44 max=14205.8
break-into-digits-ratio ave=0.318606 max=0.405384
excess-ctxtPrimes ave=11.11 max=11.11
excess-specialPrimes ave=8.25327 max=8.25327
mod-switch-added-noise ave=0.32366 max=0.388179
ptxt_rat_sk ave=0.00152135 max=0.00152135
ptxt_rat_sk ave=0.3127 max=0.3127
raw-mod-switch-noise ave=0.316369 max=0.316369
window1-nchoices ave=5.25 max=7
window1-out ave=0 max=0
window2-nchoices ave=3.23077 max=7
window2-out ave=0 max=0
WALL=360.76 s MAXRSS=14605184 kB
exit=0 (ORDER6 pass1)
########## SET 25 p=4513 m=37637 d=4 :: ORDER6_COMPOSED :: aux=815 :: pass1 :: 2026-09-14 19:55:16 ##########
chosen idx = 25
encapHwt = 12
t for new bts is -1
new bts ? 1
new ks ? 1
thick bts ?0
repeat times = 1
force bsgs = 0
force hoist = 0
*** GTestFatboot: p=4513, r=1, bits=1320, t=0, c=3, m=37637 mvec=[61 617], gens=[21596 32087], ords=[60 -154]
Computing key-independent tables...using HELIB_EXPLICIT_AUX=815

t = -1
bound on I = 16.355446
log2(aux) = 9.670656
log2(beta) = 26.447052
log2(qks) >= 38.814840, final log2(qks) = 38.814842
log2(R) >= 27.907650, final log2(R) = 27.915397
INFO: total bits = 1794.3, security level = 68.6935HELIB_ORDER6: A=815 aux=815 |closure|=1837 (inflation 1.49959) deg(P)=1835 |folded|=306
HELIB_COMPOSED_EVAL: order=6 d=4 |folded support|=306 degQ=305 padded to n'=308
HELIB_COMPOSED_EVAL: norm form c=12 degC=77 (search 7.60626s)
deg of poly for non-power-of-p aux is 1835
security=68.6935
# small primes = 6
# ctxt primes = 23
# bits in ctxt primes = 1331
# special primes = 8
# bits in special primes = 463
scale=10
 done in 210.178 seconds
  e=0, e'=0, t=12
  m = 37637, p = 4513, phi(m) = 36960
  ord(p) = 4
  normBnd = 1.62078
  polyNormBnd = 4.94505
  factors = [61 617]
  generator 21596 has order (== Z_m^*) of 60
  generator 32087 has order (!!= Z_m^*) of 154
r = 1
nslots = 9240
hwt = 120
ctxtPrimes = [6,7,8,9,10,11,12,13,14,15,16,17,18,19,20,21,22,23,24,25,26,27,28]
specialPrimes = [33,34,35,36,37,38,39,40]
number of bits = 1795

security level = 68.6935
Generating keys, Keys generated. Now genRecryptData...
computing key-dependent tables...Sparse boot key hwt = 12
genRecryptData done. recryptKeyID=1
lcAksBsgs=0 lcAksDelayed=0
Post-key setup done.
 done in 19.9259 seconds
Encrypt succeeded.
WARNING: KS-noise-ratio = 1.0102 > 1
WARNING: KS-noise-ratio = 5.5967 > 1
WARNING: KS-noise-ratio = 18.7072 > 1
WARNING: KS-noise-ratio = 3.76347 > 1
HELIB_COMPOSED_EVAL active: order=6 degC=77 d=4
time for linear1 = 6.942254, linear2 = 53.884208, extract = 40.449068, total = 102.950983
bits for linear1 = 50.716415, linear2 = 52.126315, extract = 485.948825, min cap = 12.367790, after cap = 745.274329, after prod = 1283.349469
cap / time = 6.626358

### summary over 1 test
time for linear1 = 6.942254, linear2 = 53.884208, extract = 40.449068, total = 102.950983
bits for linear1 = 50.716415, linear2 = 52.126315, extract = 485.948825, min cap = 12.367790, after cap = 745.274329, after prod = 1283.349469
cap / time = 6.626358


### bts finished, everything ok ###

  AAA_bootKeySwitch: 28.5516 / 1 = 28.5516   [$ARTIFACT/ours/_build_case1/HElib-patched/src/recryption.cpp:1968]
  AAA_coeffToSlot: 26.6695 / 1 = 26.6695   [$ARTIFACT/ours/_build_case1/HElib-patched/src/recryption.cpp:2396]
  AAA_embeddingLargest: 0.646128 / 337 = 0.00191729   [$ARTIFACT/ours/_build_case1/HElib-patched/src/norms.cpp:250]
  AAA_embeddingLargest_x2: 0.267764 / 134 = 0.00199824   [$ARTIFACT/ours/_build_case1/HElib-patched/src/norms.cpp:423]
  AAA_extractDigitsThin: 40.4485 / 1 = 40.4485   [$ARTIFACT/ours/_build_case1/HElib-patched/src/recryption.cpp:2449]
  AAA_modDownEnbeddings: 0.305878 / 134 = 0.00228267   [$ARTIFACT/ours/_build_case1/HElib-patched/src/Ctxt.cpp:506]
  AAA_slotToCoeff: 6.94216 / 1 = 6.94216   [$ARTIFACT/ours/_build_case1/HElib-patched/src/recryption.cpp:1954]
  BasicAutomorphPrecon: 4.78538 / 11 = 0.435034   [$ARTIFACT/ours/_build_case1/HElib-patched/src/matmul.cpp:69]
  BluesteinFFT: 43.9039 / 16007 = 0.00274279   [$ARTIFACT/ours/_build_case1/HElib-patched/src/bluestein.cpp:141]
  Decrypt: 0.48714 / 1 = 0.48714   [$ARTIFACT/ours/_build_case1/HElib-patched/src/keys.cpp:1350]
  DoubleCRT: 24.7687 / 373 = 0.0664041   [$ARTIFACT/ours/_build_case1/HElib-patched/src/DoubleCRT.cpp:718]
  FFT: 34.6935 / 12086 = 0.00287056   [$ARTIFACT/ours/_build_case1/HElib-patched/src/CModulus.cpp:479]
  FFT: 41.5244 / 604 = 0.068749   [$ARTIFACT/ours/_build_case1/HElib-patched/src/DoubleCRT.cpp:70]
  FFT: 41.5188 / 12086 = 0.00343528   [$ARTIFACT/ours/_build_case1/HElib-patched/src/CModulus.cpp:448]
  FFT_aux: 34.6863 / 12086 = 0.00286996   [$ARTIFACT/ours/_build_case1/HElib-patched/src/CModulus.cpp:360]
  FFT_remainder: 6.81926 / 12086 = 0.000564228   [$ARTIFACT/ours/_build_case1/HElib-patched/src/CModulus.cpp:455]
  KS_loop: 9.22554 / 442 = 0.0208723   [$ARTIFACT/ours/_build_case1/HElib-patched/src/Ctxt.cpp:219]
  KS_loop_1: 1.50287 / 442 = 0.00340017   [$ARTIFACT/ours/_build_case1/HElib-patched/src/Ctxt.cpp:227]
  KS_loop_2: 1.42312 / 442 = 0.00321973   [$ARTIFACT/ours/_build_case1/HElib-patched/src/Ctxt.cpp:231]
  KS_loop_3: 1.54212 / 442 = 0.00348895   [$ARTIFACT/ours/_build_case1/HElib-patched/src/Ctxt.cpp:236]
  KS_loop_4: 0.497606 / 442 = 0.00112581   [$ARTIFACT/ours/_build_case1/HElib-patched/src/Ctxt.cpp:240]
  NORM_VAL: 0.963376 / 231 = 0.00417046   [$ARTIFACT/ours/_build_case1/HElib-patched/src/DoubleCRT.cpp:541]
  addCtxt: 3.66539 / 1246 = 0.00294173   [$ARTIFACT/ours/_build_case1/HElib-patched/src/Ctxt.cpp:1458]
  addPart: 2.78376 / 1102 = 0.0025261   [$ARTIFACT/ours/_build_case1/HElib-patched/src/Ctxt.cpp:905]
  addPrimes: 27.2894 / 232 = 0.117627   [$ARTIFACT/ours/_build_case1/HElib-patched/src/DoubleCRT.cpp:625]
  addPrimes_5: 28.6205 / 231 = 0.123898   [$ARTIFACT/ours/_build_case1/HElib-patched/src/DoubleCRT.cpp:518]
  automorph: 0.202326 / 59 = 0.00342925   [$ARTIFACT/ours/_build_case1/HElib-patched/src/Ctxt.cpp:2489]
  automorph: 7.93097 / 108 = 0.0734349   [$ARTIFACT/ours/_build_case1/HElib-patched/src/matmul.cpp:117]
  breakIntoDigits: 28.766 / 94 = 0.306021   [$ARTIFACT/ours/_build_case1/HElib-patched/src/DoubleCRT.cpp:481]
  decode: 10.2123 / 1 = 10.2123   [$ARTIFACT/ours/_build_case1/HElib-patched/src/EncryptedArray.cpp:375]
  do_mul: 9.8661 / 3319 = 0.00297261   [$ARTIFACT/ours/_build_case1/HElib-patched/src/DoubleCRT.cpp:280]
  extractDigitsThin: 40.4485 / 1 = 40.4485   [$ARTIFACT/ours/_build_case1/HElib-patched/src/recryption.cpp:1597]
  frobeniusAutomorph: 1.2898 / 2 = 0.644898   [$ARTIFACT/ours/_build_case1/HElib-patched/src/Ctxt.cpp:2578]
  iFFT: 18.7743 / 3921 = 0.00478814   [$ARTIFACT/ours/_build_case1/HElib-patched/src/CModulus.cpp:488]
  iFFT_division: 7.32307 / 3921 = 0.00186765   [$ARTIFACT/ours/_build_case1/HElib-patched/src/CModulus.cpp:570]
  keySwitchPart: 29.8533 / 84 = 0.355397   [$ARTIFACT/ours/_build_case1/HElib-patched/src/Ctxt.cpp:836]
  modDownToSet: 35.7454 / 160 = 0.223409   [$ARTIFACT/ours/_build_case1/HElib-patched/src/Ctxt.cpp:409]
  mul_MatMul1DExec: 58.7425 / 6 = 9.79041   [$ARTIFACT/ours/_build_case1/HElib-patched/src/matmul.cpp:975]
  multByConstant: 6.61121 / 1171 = 0.00564578   [$ARTIFACT/ours/_build_case1/HElib-patched/src/Ctxt.cpp:1884]
  multByConstant: 6.53197 / 70 = 0.0933139   [$ARTIFACT/ours/_build_case1/HElib-patched/src/Ctxt.cpp:1910]
  multLowLvl: 13.7116 / 23 = 0.596156   [$ARTIFACT/ours/_build_case1/HElib-patched/src/Ctxt.cpp:1733]
  multiplyBy: 29.5511 / 23 = 1.28483   [$ARTIFACT/ours/_build_case1/HElib-patched/src/Ctxt.cpp:1809]
  privateAssign: 0.782364 / 346 = 0.00226117   [$ARTIFACT/ours/_build_case1/HElib-patched/src/Ctxt.cpp:329]
  randomize: 3.73433 / 442 = 0.0084487   [$ARTIFACT/ours/_build_case1/HElib-patched/src/DoubleCRT.cpp:1318]
  randomize_stream: 2.09813 / 2142767 = 9.79169e-07   [$ARTIFACT/ours/_build_case1/HElib-patched/src/DoubleCRT.cpp:1348]
  reLinearize: 45.8304 / 149 = 0.307587   [$ARTIFACT/ours/_build_case1/HElib-patched/src/Ctxt.cpp:736]
  smartAutomorph: 29.7946 / 59 = 0.504994   [$ARTIFACT/ours/_build_case1/HElib-patched/src/Ctxt.cpp:2514]
  thinReCrypt: 102.962 / 1 = 102.962   [$ARTIFACT/ours/_build_case1/HElib-patched/src/recryption.cpp:1872]
  toPoly: 24.6669 / 526 = 0.0468953   [$ARTIFACT/ours/_build_case1/HElib-patched/src/DoubleCRT.cpp:985]
  toPoly_CRT: 4.10182 / 526 = 0.00779814   [$ARTIFACT/ours/_build_case1/HElib-patched/src/DoubleCRT.cpp:1052]
  toPoly_FFT: 20.2571 / 526 = 0.0385115   [$ARTIFACT/ours/_build_case1/HElib-patched/src/DoubleCRT.cpp:1030]
  rusage.ru_maxrss=14623988
||||| stats |||||
KS-noise-ratio ave=0.365202 max=18.7072
KS-noise-ratio-hoist ave=1345.8 max=14803.8
break-into-digits-ratio ave=0.317565 max=0.39563
excess-ctxtPrimes ave=11.11 max=11.11
excess-specialPrimes ave=8.25327 max=8.25327
mod-switch-added-noise ave=0.322582 max=0.396704
ptxt_rat_sk ave=0.00141976 max=0.00141976
ptxt_rat_sk ave=0.321662 max=0.321662
raw-mod-switch-noise ave=0.312026 max=0.312026
window1-nchoices ave=4 max=7
window1-out ave=0 max=0
window2-nchoices ave=4.05263 max=8
window2-out ave=0 max=0
||||| stats |||||
KS-noise-ratio ave=0.365202 max=18.7072
KS-noise-ratio-hoist ave=1345.8 max=14803.8
break-into-digits-ratio ave=0.317565 max=0.39563
excess-ctxtPrimes ave=11.11 max=11.11
excess-specialPrimes ave=8.25327 max=8.25327
mod-switch-added-noise ave=0.322582 max=0.396704
ptxt_rat_sk ave=0.00141976 max=0.00141976
ptxt_rat_sk ave=0.321662 max=0.321662
raw-mod-switch-noise ave=0.312026 max=0.312026
window1-nchoices ave=4 max=7
window1-out ave=0 max=0
window2-nchoices ave=4.05263 max=8
window2-out ave=0 max=0
WALL=346.97 s MAXRSS=14623988 kB
exit=0 (ORDER6_COMPOSED pass1)
########## SET 25 p=4513 m=37637 d=4 :: NORMONLY :: aux=815 :: pass1 :: 2026-09-14 20:01:02 ##########
chosen idx = 25
encapHwt = 12
t for new bts is -1
new bts ? 1
new ks ? 1
thick bts ?0
repeat times = 1
force bsgs = 0
force hoist = 0
*** GTestFatboot: p=4513, r=1, bits=1320, t=0, c=3, m=37637 mvec=[61 617], gens=[21596 32087], ords=[60 -154]
Computing key-independent tables...using HELIB_EXPLICIT_AUX=815

t = -1
bound on I = 16.355446
log2(aux) = 9.670656
log2(beta) = 26.447052
log2(qks) >= 38.814840, final log2(qks) = 38.814842
log2(R) >= 27.907650, final log2(R) = 27.915397
INFO: total bits = 1794.3, security level = 68.6935deg of poly for non-power-of-p aux is 1223
security=68.6935
# small primes = 6
# ctxt primes = 23
# bits in ctxt primes = 1331
# special primes = 8
# bits in special primes = 463
scale=10
 done in 203.956 seconds
  e=0, e'=0, t=12
  m = 37637, p = 4513, phi(m) = 36960
  ord(p) = 4
  normBnd = 1.62078
  polyNormBnd = 4.94505
  factors = [61 617]
  generator 21596 has order (== Z_m^*) of 60
  generator 32087 has order (!!= Z_m^*) of 154
r = 1
nslots = 9240
hwt = 120
ctxtPrimes = [6,7,8,9,10,11,12,13,14,15,16,17,18,19,20,21,22,23,24,25,26,27,28]
specialPrimes = [33,34,35,36,37,38,39,40]
number of bits = 1795

security level = 68.6935
Generating keys, Keys generated. Now genRecryptData...
computing key-dependent tables...Sparse boot key hwt = 12
genRecryptData done. recryptKeyID=1
lcAksBsgs=0 lcAksDelayed=0
Post-key setup done.
 done in 20.0605 seconds
Encrypt succeeded.
WARNING: KS-noise-ratio = 1.57729 > 1
WARNING: KS-noise-ratio = 12.5751 > 1
WARNING: KS-noise-ratio = 4.17414 > 1
WARNING: KS-noise-ratio = 16.0212 > 1
WARNING: KS-noise-ratio = 17.2505 > 1
WARNING: KS-noise-ratio = 13.2697 > 1
time for linear1 = 6.917090, linear2 = 53.640500, extract = 116.051874, total = 178.283129
bits for linear1 = 50.650007, linear2 = 52.125936, extract = 300.295845, min cap = 12.367790, after cap = 930.810076, after prod = 1283.231857
cap / time = 4.867495

### summary over 1 test
time for linear1 = 6.917090, linear2 = 53.640500, extract = 116.051874, total = 178.283129
bits for linear1 = 50.650007, linear2 = 52.125936, extract = 300.295845, min cap = 12.367790, after cap = 930.810076, after prod = 1283.231857
cap / time = 4.867495


### bts finished, everything ok ###

  AAA_bootKeySwitch: 28.3044 / 1 = 28.3044   [$ARTIFACT/ours/_build_case1/HElib-patched/src/recryption.cpp:1968]
  AAA_coeffToSlot: 26.665 / 1 = 26.665   [$ARTIFACT/ours/_build_case1/HElib-patched/src/recryption.cpp:2396]
  AAA_embeddingLargest: 0.812216 / 384 = 0.00211515   [$ARTIFACT/ours/_build_case1/HElib-patched/src/norms.cpp:250]
  AAA_embeddingLargest_x2: 0.534802 / 266 = 0.00201053   [$ARTIFACT/ours/_build_case1/HElib-patched/src/norms.cpp:423]
  AAA_extractDigitsThin: 116.05 / 1 = 116.05   [$ARTIFACT/ours/_build_case1/HElib-patched/src/recryption.cpp:2449]
  AAA_modDownEnbeddings: 0.621812 / 266 = 0.00233764   [$ARTIFACT/ours/_build_case1/HElib-patched/src/Ctxt.cpp:506]
  AAA_slotToCoeff: 6.917 / 1 = 6.917   [$ARTIFACT/ours/_build_case1/HElib-patched/src/recryption.cpp:1954]
  BasicAutomorphPrecon: 4.71649 / 11 = 0.428772   [$ARTIFACT/ours/_build_case1/HElib-patched/src/matmul.cpp:69]
  BluesteinFFT: 72.6708 / 26415 = 0.00275112   [$ARTIFACT/ours/_build_case1/HElib-patched/src/bluestein.cpp:141]
  Decrypt: 0.447441 / 1 = 0.447441   [$ARTIFACT/ours/_build_case1/HElib-patched/src/keys.cpp:1350]
  DoubleCRT: 41.6401 / 590 = 0.0705765   [$ARTIFACT/ours/_build_case1/HElib-patched/src/DoubleCRT.cpp:718]
  FFT: 53.3683 / 18527 = 0.00288057   [$ARTIFACT/ours/_build_case1/HElib-patched/src/CModulus.cpp:479]
  FFT: 66.1233 / 916 = 0.0721871   [$ARTIFACT/ours/_build_case1/HElib-patched/src/DoubleCRT.cpp:70]
  FFT: 66.1145 / 18527 = 0.00356855   [$ARTIFACT/ours/_build_case1/HElib-patched/src/CModulus.cpp:448]
  FFT_aux: 53.3564 / 18527 = 0.00287993   [$ARTIFACT/ours/_build_case1/HElib-patched/src/CModulus.cpp:360]
  FFT_remainder: 12.7373 / 18527 = 0.000687501   [$ARTIFACT/ours/_build_case1/HElib-patched/src/CModulus.cpp:455]
  KS_loop: 11.173 / 536 = 0.0208451   [$ARTIFACT/ours/_build_case1/HElib-patched/src/Ctxt.cpp:219]
  KS_loop_1: 1.85429 / 536 = 0.00345949   [$ARTIFACT/ours/_build_case1/HElib-patched/src/Ctxt.cpp:227]
  KS_loop_2: 1.54577 / 536 = 0.00288389   [$ARTIFACT/ours/_build_case1/HElib-patched/src/Ctxt.cpp:231]
  KS_loop_3: 1.89447 / 536 = 0.00353446   [$ARTIFACT/ours/_build_case1/HElib-patched/src/Ctxt.cpp:236]
  KS_loop_4: 0.629685 / 536 = 0.00117479   [$ARTIFACT/ours/_build_case1/HElib-patched/src/Ctxt.cpp:240]
  NORM_VAL: 1.44729 / 325 = 0.00445319   [$ARTIFACT/ours/_build_case1/HElib-patched/src/DoubleCRT.cpp:541]
  addCtxt: 17.7986 / 2391 = 0.00744401   [$ARTIFACT/ours/_build_case1/HElib-patched/src/Ctxt.cpp:1458]
  addPart: 3.42316 / 1341 = 0.00255269   [$ARTIFACT/ours/_build_case1/HElib-patched/src/Ctxt.cpp:905]
  addPrimes: 39.4886 / 326 = 0.121131   [$ARTIFACT/ours/_build_case1/HElib-patched/src/DoubleCRT.cpp:625]
  addPrimes_5: 41.4819 / 325 = 0.127636   [$ARTIFACT/ours/_build_case1/HElib-patched/src/DoubleCRT.cpp:518]
  automorph: 0.195386 / 57 = 0.00342782   [$ARTIFACT/ours/_build_case1/HElib-patched/src/Ctxt.cpp:2489]
  automorph: 7.9823 / 108 = 0.0739102   [$ARTIFACT/ours/_build_case1/HElib-patched/src/matmul.cpp:117]
  breakIntoDigits: 41.6935 / 123 = 0.338972   [$ARTIFACT/ours/_build_case1/HElib-patched/src/DoubleCRT.cpp:481]
  decode: 10.3079 / 1 = 10.3079   [$ARTIFACT/ours/_build_case1/HElib-patched/src/EncryptedArray.cpp:375]
  do_mul: 10.5319 / 3577 = 0.00294435   [$ARTIFACT/ours/_build_case1/HElib-patched/src/DoubleCRT.cpp:280]
  extractDigitsThin: 116.05 / 1 = 116.05   [$ARTIFACT/ours/_build_case1/HElib-patched/src/recryption.cpp:1597]
  iFFT: 37.859 / 7888 = 0.00479956   [$ARTIFACT/ours/_build_case1/HElib-patched/src/CModulus.cpp:488]
  iFFT_division: 14.8549 / 7888 = 0.00188322   [$ARTIFACT/ours/_build_case1/HElib-patched/src/CModulus.cpp:570]
  keySwitchPart: 45.0104 / 113 = 0.398322   [$ARTIFACT/ours/_build_case1/HElib-patched/src/Ctxt.cpp:836]
  modDownToSet: 82.6766 / 292 = 0.283139   [$ARTIFACT/ours/_build_case1/HElib-patched/src/Ctxt.cpp:409]
  mul_MatMul1DExec: 58.5014 / 6 = 9.75023   [$ARTIFACT/ours/_build_case1/HElib-patched/src/matmul.cpp:975]
  multByConstant: 6.07704 / 1102 = 0.00551455   [$ARTIFACT/ours/_build_case1/HElib-patched/src/Ctxt.cpp:1884]
  multByConstant: 0.083432 / 1 = 0.083432   [$ARTIFACT/ours/_build_case1/HElib-patched/src/Ctxt.cpp:1910]
  multLowLvl: 49.3673 / 75 = 0.65823   [$ARTIFACT/ours/_build_case1/HElib-patched/src/Ctxt.cpp:1733]
  multiplyBy: 43.487 / 32 = 1.35897   [$ARTIFACT/ours/_build_case1/HElib-patched/src/Ctxt.cpp:1809]
  privateAssign: 3.37375 / 955 = 0.00353272   [$ARTIFACT/ours/_build_case1/HElib-patched/src/Ctxt.cpp:329]
  randomize: 4.50033 / 536 = 0.00839614   [$ARTIFACT/ours/_build_case1/HElib-patched/src/DoubleCRT.cpp:1318]
  randomize_stream: 2.51805 / 2601610 = 9.67881e-07   [$ARTIFACT/ours/_build_case1/HElib-patched/src/DoubleCRT.cpp:1348]
  reLinearize: 75.8971 / 177 = 0.428797   [$ARTIFACT/ours/_build_case1/HElib-patched/src/Ctxt.cpp:736]
  smartAutomorph: 28.3368 / 57 = 0.497137   [$ARTIFACT/ours/_build_case1/HElib-patched/src/Ctxt.cpp:2514]
  thinReCrypt: 178.29 / 1 = 178.29   [$ARTIFACT/ours/_build_case1/HElib-patched/src/recryption.cpp:1872]
  toPoly: 49.139 / 915 = 0.0537038   [$ARTIFACT/ours/_build_case1/HElib-patched/src/DoubleCRT.cpp:985]
  toPoly_CRT: 7.90359 / 915 = 0.0086378   [$ARTIFACT/ours/_build_case1/HElib-patched/src/DoubleCRT.cpp:1052]
  toPoly_FFT: 40.7226 / 915 = 0.0445055   [$ARTIFACT/ours/_build_case1/HElib-patched/src/DoubleCRT.cpp:1030]
  rusage.ru_maxrss=14791368
||||| stats |||||
KS-noise-ratio ave=0.582311 max=17.2505
KS-noise-ratio-hoist ave=1196.35 max=13159.9
break-into-digits-ratio ave=0.315848 max=0.375453
excess-ctxtPrimes ave=11.11 max=11.11
excess-specialPrimes ave=8.25327 max=8.25327
mod-switch-added-noise ave=0.32107 max=0.389444
ptxt_rat_sk ave=0.00145731 max=0.00145731
ptxt_rat_sk ave=0.342536 max=0.342536
raw-mod-switch-noise ave=0.329478 max=0.329478
window1-nchoices ave=4.6 max=6
window1-out ave=0 max=0
window2-nchoices ave=3.35714 max=6
window2-out ave=0 max=0
||||| stats |||||
KS-noise-ratio ave=0.582311 max=17.2505
KS-noise-ratio-hoist ave=1196.35 max=13159.9
break-into-digits-ratio ave=0.315848 max=0.375453
excess-ctxtPrimes ave=11.11 max=11.11
excess-specialPrimes ave=8.25327 max=8.25327
mod-switch-added-noise ave=0.32107 max=0.389444
ptxt_rat_sk ave=0.00145731 max=0.00145731
ptxt_rat_sk ave=0.342536 max=0.342536
raw-mod-switch-noise ave=0.329478 max=0.329478
window1-nchoices ave=4.6 max=6
window1-out ave=0 max=0
window2-nchoices ave=3.35714 max=6
window2-out ave=0 max=0
WALL=416.29 s MAXRSS=14791368 kB
exit=0 (NORMONLY pass1)
SET_DONE 25
########## SET 25 p=4513 m=37637 d=4 :: NORMONLY :: aux=95 :: pass1 :: h=12 :: 2026-09-15 08:22:14 ##########
chosen idx = 25
encapHwt = 12
t for new bts is -1
new bts ? 1
new ks ? 1
thick bts ?0
repeat times = 1
force bsgs = 0
force hoist = 0
*** GTestFatboot: p=4513, r=1, bits=1320, t=0, c=3, m=37637 mvec=[61 617], gens=[21596 32087], ords=[60 -154]
Computing key-independent tables...using HELIB_EXPLICIT_AUX=95

t = -1
bound on I = 16.355446
log2(aux) = 6.569856
log2(beta) = 26.447052
log2(qks) >= 35.714039, final log2(qks) = 35.714050
log2(R) >= 26.874053, final log2(R) = 26.881102
INFO: total bits = 1794.3, security level = 68.6935HELIB_NORMONLY: order=1, norm map on the unfiltered P_A, deg(P)=1223
HELIB_COMPOSED_EVAL: order=1 d=4 |folded support|=1224 degQ=1223 padded to n'=1224
HELIB_COMPOSED_EVAL: no norm form found; staying on P-S
deg of poly for non-power-of-p aux is 1223
security=68.6935
# small primes = 6
# ctxt primes = 23
# bits in ctxt primes = 1331
# special primes = 8
# bits in special primes = 463
scale=10
 done in 1359.68 seconds
  e=0, e'=0, t=12
  m = 37637, p = 4513, phi(m) = 36960
  ord(p) = 4
  normBnd = 1.62078
  polyNormBnd = 4.94505
  factors = [61 617]
  generator 21596 has order (== Z_m^*) of 60
  generator 32087 has order (!!= Z_m^*) of 154
r = 1
nslots = 9240
hwt = 120
ctxtPrimes = [6,7,8,9,10,11,12,13,14,15,16,17,18,19,20,21,22,23,24,25,26,27,28]
specialPrimes = [33,34,35,36,37,38,39,40]
number of bits = 1795

security level = 68.6935
Generating keys, Keys generated. Now genRecryptData...
computing key-dependent tables...Sparse boot key hwt = 12
genRecryptData done. recryptKeyID=1
lcAksBsgs=0 lcAksDelayed=0
Post-key setup done.
 done in 20.1221 seconds
Encrypt succeeded.
WARNING: KS-noise-ratio = 17.6819 > 1
WARNING: KS-noise-ratio = 14.5607 > 1
WARNING: KS-noise-ratio = 18.8797 > 1
WARNING: KS-noise-ratio = 18.6775 > 1
WARNING: KS-noise-ratio = 17.135 > 1
HELIB_AUX_ORDER4_EVAL enabled: order=1, deg(P)=1223, terms(P)=307, deg(Q)=1223, terms(Q)=307
time for linear1 = 7.281975, linear2 = 55.040575, extract = 106.167040, total = 170.191418
bits for linear1 = 50.756261, linear2 = 52.145945, extract = 303.295226, min cap = 9.266998, after cap = 930.931440, after prod = 1286.372611
cap / time = 5.117227

### summary over 1 test
time for linear1 = 7.281975, linear2 = 55.040575, extract = 106.167040, total = 170.191418
bits for linear1 = 50.756261, linear2 = 52.145945, extract = 303.295226, min cap = 9.266998, after cap = 930.931440, after prod = 1286.372611
cap / time = 5.117227


### bts finished, everything ok ###

  AAA_bootKeySwitch: 29.4347 / 1 = 29.4347   [$ARTIFACT/ours/_build_case1/HElib-patched/src/recryption.cpp:1968]
  AAA_coeffToSlot: 26.955 / 1 = 26.955   [$ARTIFACT/ours/_build_case1/HElib-patched/src/recryption.cpp:2396]
  AAA_embeddingLargest: 0.841327 / 384 = 0.00219096   [$ARTIFACT/ours/_build_case1/HElib-patched/src/norms.cpp:250]
  AAA_embeddingLargest_x2: 0.550715 / 266 = 0.00207036   [$ARTIFACT/ours/_build_case1/HElib-patched/src/norms.cpp:423]
  AAA_extractDigitsThin: 106.166 / 1 = 106.166   [$ARTIFACT/ours/_build_case1/HElib-patched/src/recryption.cpp:2449]
  AAA_modDownEnbeddings: 0.638911 / 266 = 0.00240192   [$ARTIFACT/ours/_build_case1/HElib-patched/src/Ctxt.cpp:506]
  AAA_slotToCoeff: 7.28188 / 1 = 7.28188   [$ARTIFACT/ours/_build_case1/HElib-patched/src/recryption.cpp:1954]
  BasicAutomorphPrecon: 4.80078 / 11 = 0.436434   [$ARTIFACT/ours/_build_case1/HElib-patched/src/matmul.cpp:69]
  BluesteinFFT: 71.659 / 26007 = 0.00275537   [$ARTIFACT/ours/_build_case1/HElib-patched/src/bluestein.cpp:141]
  Decrypt: 0.443821 / 1 = 0.443821   [$ARTIFACT/ours/_build_case1/HElib-patched/src/keys.cpp:1350]
  DoubleCRT: 41.3153 / 590 = 0.0700259   [$ARTIFACT/ours/_build_case1/HElib-patched/src/DoubleCRT.cpp:718]
  FFT: 53.0274 / 18427 = 0.0028777   [$ARTIFACT/ours/_build_case1/HElib-patched/src/CModulus.cpp:479]
  FFT: 65.625 / 916 = 0.071643   [$ARTIFACT/ours/_build_case1/HElib-patched/src/DoubleCRT.cpp:70]
  FFT: 65.6142 / 18427 = 0.00356076   [$ARTIFACT/ours/_build_case1/HElib-patched/src/CModulus.cpp:448]
  FFT_aux: 53.0134 / 18427 = 0.00287694   [$ARTIFACT/ours/_build_case1/HElib-patched/src/CModulus.cpp:360]
  FFT_remainder: 12.5735 / 18427 = 0.000682342   [$ARTIFACT/ours/_build_case1/HElib-patched/src/CModulus.cpp:455]
  KS_loop: 11.3086 / 536 = 0.0210981   [$ARTIFACT/ours/_build_case1/HElib-patched/src/Ctxt.cpp:219]
  KS_loop_1: 1.84859 / 536 = 0.00344886   [$ARTIFACT/ours/_build_case1/HElib-patched/src/Ctxt.cpp:227]
  KS_loop_2: 1.62815 / 536 = 0.0030376   [$ARTIFACT/ours/_build_case1/HElib-patched/src/Ctxt.cpp:231]
  KS_loop_3: 1.88701 / 536 = 0.00352054   [$ARTIFACT/ours/_build_case1/HElib-patched/src/Ctxt.cpp:236]
  KS_loop_4: 0.666289 / 536 = 0.00124308   [$ARTIFACT/ours/_build_case1/HElib-patched/src/Ctxt.cpp:240]
  NORM_VAL: 1.45737 / 325 = 0.00448422   [$ARTIFACT/ours/_build_case1/HElib-patched/src/DoubleCRT.cpp:541]
  addCtxt: 10.0971 / 2391 = 0.00422297   [$ARTIFACT/ours/_build_case1/HElib-patched/src/Ctxt.cpp:1458]
  addPart: 3.55906 / 1341 = 0.00265404   [$ARTIFACT/ours/_build_case1/HElib-patched/src/Ctxt.cpp:905]
  addPrimes: 39.5048 / 326 = 0.12118   [$ARTIFACT/ours/_build_case1/HElib-patched/src/DoubleCRT.cpp:625]
  addPrimes_5: 41.5194 / 325 = 0.127752   [$ARTIFACT/ours/_build_case1/HElib-patched/src/DoubleCRT.cpp:518]
  automorph: 0.202659 / 57 = 0.00355542   [$ARTIFACT/ours/_build_case1/HElib-patched/src/Ctxt.cpp:2489]
  automorph: 8.10228 / 108 = 0.0750211   [$ARTIFACT/ours/_build_case1/HElib-patched/src/matmul.cpp:117]
  breakIntoDigits: 41.7484 / 123 = 0.339418   [$ARTIFACT/ours/_build_case1/HElib-patched/src/DoubleCRT.cpp:481]
  decode: 10.163 / 1 = 10.163   [$ARTIFACT/ours/_build_case1/HElib-patched/src/EncryptedArray.cpp:375]
  do_mul: 11.2535 / 3577 = 0.00314608   [$ARTIFACT/ours/_build_case1/HElib-patched/src/DoubleCRT.cpp:280]
  extractDigitsThin: 106.166 / 1 = 106.166   [$ARTIFACT/ours/_build_case1/HElib-patched/src/recryption.cpp:1597]
  iFFT: 36.4271 / 7580 = 0.00480568   [$ARTIFACT/ours/_build_case1/HElib-patched/src/CModulus.cpp:488]
  iFFT_division: 14.3446 / 7580 = 0.00189243   [$ARTIFACT/ours/_build_case1/HElib-patched/src/CModulus.cpp:570]
  keySwitchPart: 45.1109 / 113 = 0.399211   [$ARTIFACT/ours/_build_case1/HElib-patched/src/Ctxt.cpp:836]
  modDownToSet: 81.095 / 292 = 0.277723   [$ARTIFACT/ours/_build_case1/HElib-patched/src/Ctxt.cpp:409]
  mul_MatMul1DExec: 60.2434 / 6 = 10.0406   [$ARTIFACT/ours/_build_case1/HElib-patched/src/matmul.cpp:975]
  multByConstant: 6.8133 / 1102 = 0.00618267   [$ARTIFACT/ours/_build_case1/HElib-patched/src/Ctxt.cpp:1884]
  multByConstant: 0.082639 / 1 = 0.082639   [$ARTIFACT/ours/_build_case1/HElib-patched/src/Ctxt.cpp:1910]
  multLowLvl: 48.3206 / 75 = 0.644275   [$ARTIFACT/ours/_build_case1/HElib-patched/src/Ctxt.cpp:1733]
  multiplyBy: 44.0625 / 32 = 1.37695   [$ARTIFACT/ours/_build_case1/HElib-patched/src/Ctxt.cpp:1809]
  privateAssign: 2.33876 / 651 = 0.00359257   [$ARTIFACT/ours/_build_case1/HElib-patched/src/Ctxt.cpp:329]
  randomize: 4.47597 / 536 = 0.00835069   [$ARTIFACT/ours/_build_case1/HElib-patched/src/DoubleCRT.cpp:1318]
  randomize_stream: 2.5136 / 2601644 = 9.66157e-07   [$ARTIFACT/ours/_build_case1/HElib-patched/src/DoubleCRT.cpp:1348]
  reLinearize: 75.4595 / 177 = 0.426325   [$ARTIFACT/ours/_build_case1/HElib-patched/src/Ctxt.cpp:736]
  smartAutomorph: 28.6364 / 57 = 0.502394   [$ARTIFACT/ours/_build_case1/HElib-patched/src/Ctxt.cpp:2514]
  thinReCrypt: 170.198 / 1 = 170.198   [$ARTIFACT/ours/_build_case1/HElib-patched/src/recryption.cpp:1872]
  toPoly: 48.0486 / 915 = 0.0525121   [$ARTIFACT/ours/_build_case1/HElib-patched/src/DoubleCRT.cpp:985]
  toPoly_CRT: 7.73983 / 915 = 0.00845883   [$ARTIFACT/ours/_build_case1/HElib-patched/src/DoubleCRT.cpp:1052]
  toPoly_FFT: 39.776 / 915 = 0.0434711   [$ARTIFACT/ours/_build_case1/HElib-patched/src/DoubleCRT.cpp:1030]
  rusage.ru_maxrss=14807380
||||| stats |||||
KS-noise-ratio ave=0.777229 max=18.8797
KS-noise-ratio-hoist ave=1267.63 max=13943.9
break-into-digits-ratio ave=0.319937 max=0.400082
excess-ctxtPrimes ave=11.11 max=11.11
excess-specialPrimes ave=8.25327 max=8.25327
mod-switch-added-noise ave=0.321287 max=0.372003
ptxt_rat_sk ave=0.00141439 max=0.00141439
ptxt_rat_sk ave=0.372176 max=0.372176
raw-mod-switch-noise ave=0.332184 max=0.332184
window1-nchoices ave=4.4 max=6
window1-out ave=0 max=0
window2-nchoices ave=3.71429 max=6
window2-out ave=0 max=0
||||| stats |||||
KS-noise-ratio ave=0.777229 max=18.8797
KS-noise-ratio-hoist ave=1267.63 max=13943.9
break-into-digits-ratio ave=0.319937 max=0.400082
excess-ctxtPrimes ave=11.11 max=11.11
excess-specialPrimes ave=8.25327 max=8.25327
mod-switch-added-noise ave=0.321287 max=0.372003
ptxt_rat_sk ave=0.00141439 max=0.00141439
ptxt_rat_sk ave=0.372176 max=0.372176
raw-mod-switch-noise ave=0.332184 max=0.332184
window1-nchoices ave=4.4 max=6
window1-out ave=0 max=0
window2-nchoices ave=3.71429 max=6
window2-out ave=0 max=0
WALL=1564.00 s MAXRSS=14807380 kB
exit=0 (NORMONLY pass1)
SET_DONE 25
