########## SET 21 p=6163 m=41317 d=9 :: BASELINE :: aux=79 :: pass1 :: 2026-09-14 15:39:38 ##########
chosen idx = 21
encapHwt = 12
t for new bts is -1
new bts ? 1
new ks ? 1
thick bts ?0
repeat times = 1
force bsgs = 0
force hoist = 0
*** GTestFatboot: p=6163, r=1, bits=1320, t=0, c=3, m=41317 mvec=[79 523], gens=[10984 24570], ords=[78 58]
Computing key-independent tables...using HELIB_EXPLICIT_AUX=79

t = -1
bound on I = 16.383205
log2(aux) = 6.303781
log2(beta) = 26.972839
log2(qks) >= 35.973857, final log2(qks) = 35.973859
log2(R) >= 27.095422, final log2(R) = 27.103459
INFO: total bits = 1794.57, security level = 73.7374deg of poly for non-power-of-p aux is 1223
security=73.7374
# small primes = 6
# ctxt primes = 23
# bits in ctxt primes = 1332
# special primes = 8
# bits in special primes = 463
scale=10
 done in 204.651 seconds
  e=0, e'=0, t=12
  m = 41317, p = 6163, phi(m) = 40716
  ord(p) = 9
  normBnd = 1.62092
  polyNormBnd = 5.3159
  factors = [79 523]
  generator 10984 has order (== Z_m^*) of 78
  generator 24570 has order (== Z_m^*) of 58
r = 1
nslots = 4524
hwt = 120
ctxtPrimes = [6,7,8,9,10,11,12,13,14,15,16,17,18,19,20,21,22,23,24,25,26,27,28]
specialPrimes = [33,34,35,36,37,38,39,40]
number of bits = 1795

security level = 73.7374
Generating keys, Keys generated. Now genRecryptData...
computing key-dependent tables...Sparse boot key hwt = 12
genRecryptData done. recryptKeyID=1
lcAksBsgs=0 lcAksDelayed=0
Post-key setup done.
 done in 25.7143 seconds
Encrypt succeeded.
time for linear1 = 5.769924, linear2 = 51.080591, extract = 159.326070, total = 218.543367
bits for linear1 = 44.692472, linear2 = 46.954190, extract = 304.105900, min cap = 9.001021, after cap = 935.288904, after prod = 1286.348994
cap / time = 4.033961

### summary over 1 test
time for linear1 = 5.769924, linear2 = 51.080591, extract = 159.326070, total = 218.543367
bits for linear1 = 44.692472, linear2 = 46.954190, extract = 304.105900, min cap = 9.001021, after cap = 935.288904, after prod = 1286.348994
cap / time = 4.033961


### bts finished, everything ok ###

  AAA_bootKeySwitch: 27.6372 / 1 = 27.6372   [$ARTIFACT/ours/_build_case1/HElib-patched/src/recryption.cpp:1968]
  AAA_coeffToSlot: 25.2988 / 1 = 25.2988   [$ARTIFACT/ours/_build_case1/HElib-patched/src/recryption.cpp:2396]
  AAA_embeddingLargest: 1.00874 / 347 = 0.00290704   [$ARTIFACT/ours/_build_case1/HElib-patched/src/norms.cpp:250]
  AAA_embeddingLargest_x2: 0.68709 / 252 = 0.00272655   [$ARTIFACT/ours/_build_case1/HElib-patched/src/norms.cpp:423]
  AAA_extractDigitsThin: 159.324 / 1 = 159.324   [$ARTIFACT/ours/_build_case1/HElib-patched/src/recryption.cpp:2449]
  AAA_modDownEnbeddings: 0.806332 / 252 = 0.00319973   [$ARTIFACT/ours/_build_case1/HElib-patched/src/Ctxt.cpp:506]
  AAA_slotToCoeff: 5.76986 / 1 = 5.76986   [$ARTIFACT/ours/_build_case1/HElib-patched/src/recryption.cpp:1954]
  BasicAutomorphPrecon: 4.53259 / 8 = 0.566573   [$ARTIFACT/ours/_build_case1/HElib-patched/src/matmul.cpp:69]
  BluesteinFFT: 91.4861 / 24460 = 0.00374023   [$ARTIFACT/ours/_build_case1/HElib-patched/src/bluestein.cpp:141]
  Decrypt: 0.630725 / 1 = 0.630725   [$ARTIFACT/ours/_build_case1/HElib-patched/src/keys.cpp:1350]
  DoubleCRT: 56.1803 / 560 = 0.100322   [$ARTIFACT/ours/_build_case1/HElib-patched/src/DoubleCRT.cpp:718]
  FFT: 68.2421 / 17318 = 0.00394053   [$ARTIFACT/ours/_build_case1/HElib-patched/src/CModulus.cpp:479]
  FFT: 87.9594 / 851 = 0.10336   [$ARTIFACT/ours/_build_case1/HElib-patched/src/DoubleCRT.cpp:70]
  FFT: 87.935 / 17318 = 0.00507766   [$ARTIFACT/ours/_build_case1/HElib-patched/src/CModulus.cpp:448]
  FFT_aux: 68.21 / 17318 = 0.00393868   [$ARTIFACT/ours/_build_case1/HElib-patched/src/CModulus.cpp:360]
  FFT_remainder: 19.6686 / 17318 = 0.00113573   [$ARTIFACT/ours/_build_case1/HElib-patched/src/CModulus.cpp:455]
  KS_loop: 12.1654 / 426 = 0.0285574   [$ARTIFACT/ours/_build_case1/HElib-patched/src/Ctxt.cpp:219]
  KS_loop_1: 2.09112 / 426 = 0.00490874   [$ARTIFACT/ours/_build_case1/HElib-patched/src/Ctxt.cpp:227]
  KS_loop_2: 1.44061 / 426 = 0.00338171   [$ARTIFACT/ours/_build_case1/HElib-patched/src/Ctxt.cpp:231]
  KS_loop_3: 2.09745 / 426 = 0.0049236   [$ARTIFACT/ours/_build_case1/HElib-patched/src/Ctxt.cpp:236]
  KS_loop_4: 0.708581 / 426 = 0.00166334   [$ARTIFACT/ours/_build_case1/HElib-patched/src/Ctxt.cpp:240]
  NORM_VAL: 1.79699 / 290 = 0.00619652   [$ARTIFACT/ours/_build_case1/HElib-patched/src/DoubleCRT.cpp:541]
  addCtxt: 23.3465 / 1699 = 0.0137413   [$ARTIFACT/ours/_build_case1/HElib-patched/src/Ctxt.cpp:1458]
  addPart: 3.66122 / 1071 = 0.00341851   [$ARTIFACT/ours/_build_case1/HElib-patched/src/Ctxt.cpp:905]
  addPrimes: 50.9765 / 291 = 0.175177   [$ARTIFACT/ours/_build_case1/HElib-patched/src/DoubleCRT.cpp:625]
  addPrimes_5: 53.512 / 290 = 0.184524   [$ARTIFACT/ours/_build_case1/HElib-patched/src/DoubleCRT.cpp:518]
  automorph: 7.14107 / 67 = 0.106583   [$ARTIFACT/ours/_build_case1/HElib-patched/src/matmul.cpp:117]
  automorph: 0.172754 / 45 = 0.00383898   [$ARTIFACT/ours/_build_case1/HElib-patched/src/Ctxt.cpp:2489]
  breakIntoDigits: 53.8633 / 108 = 0.498734   [$ARTIFACT/ours/_build_case1/HElib-patched/src/DoubleCRT.cpp:481]
  decode: 15.4035 / 1 = 15.4035   [$ARTIFACT/ours/_build_case1/HElib-patched/src/EncryptedArray.cpp:375]
  do_mul: 7.47425 / 1971 = 0.00379211   [$ARTIFACT/ours/_build_case1/HElib-patched/src/DoubleCRT.cpp:280]
  extractDigitsThin: 159.324 / 1 = 159.324   [$ARTIFACT/ours/_build_case1/HElib-patched/src/recryption.cpp:1597]
  iFFT: 45.1524 / 7142 = 0.00632209   [$ARTIFACT/ours/_build_case1/HElib-patched/src/CModulus.cpp:488]
  iFFT_division: 17.0073 / 7142 = 0.00238131   [$ARTIFACT/ours/_build_case1/HElib-patched/src/CModulus.cpp:570]
  keySwitchPart: 58.7392 / 101 = 0.581577   [$ARTIFACT/ours/_build_case1/HElib-patched/src/Ctxt.cpp:836]
  modDownToSet: 107.974 / 301 = 0.358719   [$ARTIFACT/ours/_build_case1/HElib-patched/src/Ctxt.cpp:409]
  mul_MatMul1DExec: 52.4148 / 6 = 8.7358   [$ARTIFACT/ours/_build_case1/HElib-patched/src/matmul.cpp:975]
  multByConstant: 2.27721 / 409 = 0.00556776   [$ARTIFACT/ours/_build_case1/HElib-patched/src/Ctxt.cpp:1884]
  multByConstant: 0.123202 / 1 = 0.123202   [$ARTIFACT/ours/_build_case1/HElib-patched/src/Ctxt.cpp:1910]
  multLowLvl: 67.4516 / 75 = 0.899354   [$ARTIFACT/ours/_build_case1/HElib-patched/src/Ctxt.cpp:1733]
  multiplyBy: 60.2826 / 32 = 1.88383   [$ARTIFACT/ours/_build_case1/HElib-patched/src/Ctxt.cpp:1809]
  privateAssign: 4.95967 / 934 = 0.00531014   [$ARTIFACT/ours/_build_case1/HElib-patched/src/Ctxt.cpp:329]
  randomize: 4.92752 / 426 = 0.011567   [$ARTIFACT/ours/_build_case1/HElib-patched/src/DoubleCRT.cpp:1318]
  randomize_stream: 2.74675 / 2260697 = 1.215e-06   [$ARTIFACT/ours/_build_case1/HElib-patched/src/DoubleCRT.cpp:1348]
  reLinearize: 88.3536 / 189 = 0.467479   [$ARTIFACT/ours/_build_case1/HElib-patched/src/Ctxt.cpp:736]
  smartAutomorph: 23.1391 / 45 = 0.514203   [$ARTIFACT/ours/_build_case1/HElib-patched/src/Ctxt.cpp:2514]
  thinReCrypt: 218.552 / 1 = 218.552   [$ARTIFACT/ours/_build_case1/HElib-patched/src/recryption.cpp:1872]
  toPoly: 61.5781 / 850 = 0.0724448   [$ARTIFACT/ours/_build_case1/HElib-patched/src/DoubleCRT.cpp:985]
  toPoly_CRT: 10.3149 / 850 = 0.0121352   [$ARTIFACT/ours/_build_case1/HElib-patched/src/DoubleCRT.cpp:1052]
  toPoly_FFT: 50.6497 / 850 = 0.0595879   [$ARTIFACT/ours/_build_case1/HElib-patched/src/DoubleCRT.cpp:1030]
  rusage.ru_maxrss=8530776
||||| stats |||||
KS-noise-ratio ave=0.00965163 max=0.973838
KS-noise-ratio-hoist ave=2133.31 max=17066.5
break-into-digits-ratio ave=0.319232 max=0.382564
excess-ctxtPrimes ave=11.6014 max=11.6014
excess-specialPrimes ave=8.2824 max=8.2824
mod-switch-added-noise ave=0.328353 max=0.41832
ptxt_rat_sk ave=0.00415237 max=0.00415237
ptxt_rat_sk ave=0.297566 max=0.297566
raw-mod-switch-noise ave=0.316143 max=0.316143
window1-nchoices ave=4.6 max=6
window1-out ave=0 max=0
window2-nchoices ave=4.21429 max=7
window2-out ave=0 max=0
||||| stats |||||
KS-noise-ratio ave=0.00965163 max=0.973838
KS-noise-ratio-hoist ave=2133.31 max=17066.5
break-into-digits-ratio ave=0.319232 max=0.382564
excess-ctxtPrimes ave=11.6014 max=11.6014
excess-specialPrimes ave=8.2824 max=8.2824
mod-switch-added-noise ave=0.328353 max=0.41832
ptxt_rat_sk ave=0.00415237 max=0.00415237
ptxt_rat_sk ave=0.297566 max=0.297566
raw-mod-switch-noise ave=0.316143 max=0.316143
window1-nchoices ave=4.6 max=6
window1-out ave=0 max=0
window2-nchoices ave=4.21429 max=7
window2-out ave=0 max=0
WALL=467.32 s MAXRSS=8530776 kB
exit=0 (BASELINE pass1)
########## SET 21 p=6163 m=41317 d=9 :: ORDER6 :: aux=79 :: pass1 :: 2026-09-14 15:47:25 ##########
chosen idx = 21
encapHwt = 12
t for new bts is -1
new bts ? 1
new ks ? 1
thick bts ?0
repeat times = 1
force bsgs = 0
force hoist = 0
*** GTestFatboot: p=6163, r=1, bits=1320, t=0, c=3, m=41317 mvec=[79 523], gens=[10984 24570], ords=[78 58]
Computing key-independent tables...using HELIB_EXPLICIT_AUX=79

t = -1
bound on I = 16.383205
log2(aux) = 6.303781
log2(beta) = 26.972839
log2(qks) >= 35.973857, final log2(qks) = 35.973859
log2(R) >= 27.095422, final log2(R) = 27.103459
INFO: total bits = 1794.57, security level = 73.7374HELIB_ORDER6: A=79 aux=79 |closure|=1837 (inflation 1.49959) deg(P)=1835 |folded|=306
deg of poly for non-power-of-p aux is 1835
security=73.7374
# small primes = 6
# ctxt primes = 23
# bits in ctxt primes = 1332
# special primes = 8
# bits in special primes = 463
scale=10
 done in 207.202 seconds
  e=0, e'=0, t=12
  m = 41317, p = 6163, phi(m) = 40716
  ord(p) = 9
  normBnd = 1.62092
  polyNormBnd = 5.3159
  factors = [79 523]
  generator 10984 has order (== Z_m^*) of 78
  generator 24570 has order (== Z_m^*) of 58
r = 1
nslots = 4524
hwt = 120
ctxtPrimes = [6,7,8,9,10,11,12,13,14,15,16,17,18,19,20,21,22,23,24,25,26,27,28]
specialPrimes = [33,34,35,36,37,38,39,40]
number of bits = 1795

security level = 73.7374
Generating keys, Keys generated. Now genRecryptData...
computing key-dependent tables...Sparse boot key hwt = 12
genRecryptData done. recryptKeyID=1
lcAksBsgs=0 lcAksDelayed=0
Post-key setup done.
 done in 26.0142 seconds
Encrypt succeeded.
WARNING: KS-noise-ratio = 1.06186 > 1
HELIB_AUX_ORDER4_EVAL enabled: order=6, deg(P)=1835, terms(P)=307, deg(Q)=305, terms(Q)=306
time for linear1 = 5.735260, linear2 = 51.677675, extract = 84.311968, total = 144.110041
bits for linear1 = 44.654721, linear2 = 46.952512, extract = 356.267787, min cap = 9.001021, after cap = 883.052447, after prod = 1286.272746
cap / time = 5.755301

### summary over 1 test
time for linear1 = 5.735260, linear2 = 51.677675, extract = 84.311968, total = 144.110041
bits for linear1 = 44.654721, linear2 = 46.952512, extract = 356.267787, min cap = 9.001021, after cap = 883.052447, after prod = 1286.272746
cap / time = 5.755301


### bts finished, everything ok ###

  AAA_bootKeySwitch: 28.043 / 1 = 28.043   [$ARTIFACT/ours/_build_case1/HElib-patched/src/recryption.cpp:1968]
  AAA_coeffToSlot: 25.5523 / 1 = 25.5523   [$ARTIFACT/ours/_build_case1/HElib-patched/src/recryption.cpp:2396]
  AAA_embeddingLargest: 0.753182 / 258 = 0.00291931   [$ARTIFACT/ours/_build_case1/HElib-patched/src/norms.cpp:250]
  AAA_embeddingLargest_x2: 0.439994 / 164 = 0.00268289   [$ARTIFACT/ours/_build_case1/HElib-patched/src/norms.cpp:423]
  AAA_extractDigitsThin: 84.3109 / 1 = 84.3109   [$ARTIFACT/ours/_build_case1/HElib-patched/src/recryption.cpp:2449]
  AAA_modDownEnbeddings: 0.501514 / 164 = 0.00305801   [$ARTIFACT/ours/_build_case1/HElib-patched/src/Ctxt.cpp:506]
  AAA_slotToCoeff: 5.73519 / 1 = 5.73519   [$ARTIFACT/ours/_build_case1/HElib-patched/src/recryption.cpp:1954]
  BasicAutomorphPrecon: 4.62383 / 8 = 0.577978   [$ARTIFACT/ours/_build_case1/HElib-patched/src/matmul.cpp:69]
  BluesteinFFT: 61.1625 / 16110 = 0.00379656   [$ARTIFACT/ours/_build_case1/HElib-patched/src/bluestein.cpp:141]
  Decrypt: 0.684076 / 1 = 0.684076   [$ARTIFACT/ours/_build_case1/HElib-patched/src/keys.cpp:1350]
  DoubleCRT: 34.4011 / 359 = 0.0958249   [$ARTIFACT/ours/_build_case1/HElib-patched/src/DoubleCRT.cpp:718]
  FFT: 45.7934 / 11441 = 0.00400257   [$ARTIFACT/ours/_build_case1/HElib-patched/src/CModulus.cpp:479]
  FFT: 58.9187 / 586 = 0.100544   [$ARTIFACT/ours/_build_case1/HElib-patched/src/DoubleCRT.cpp:70]
  FFT: 58.9022 / 11441 = 0.00514835   [$ARTIFACT/ours/_build_case1/HElib-patched/src/CModulus.cpp:448]
  FFT_aux: 45.7704 / 11441 = 0.00400056   [$ARTIFACT/ours/_build_case1/HElib-patched/src/CModulus.cpp:360]
  FFT_remainder: 13.0944 / 11441 = 0.00114452   [$ARTIFACT/ours/_build_case1/HElib-patched/src/CModulus.cpp:455]
  KS_loop: 10.3458 / 362 = 0.0285796   [$ARTIFACT/ours/_build_case1/HElib-patched/src/Ctxt.cpp:219]
  KS_loop_1: 1.7887 / 362 = 0.00494117   [$ARTIFACT/ours/_build_case1/HElib-patched/src/Ctxt.cpp:227]
  KS_loop_2: 1.30826 / 362 = 0.00361398   [$ARTIFACT/ours/_build_case1/HElib-patched/src/Ctxt.cpp:231]
  KS_loop_3: 1.77111 / 362 = 0.00489258   [$ARTIFACT/ours/_build_case1/HElib-patched/src/Ctxt.cpp:236]
  KS_loop_4: 0.583106 / 362 = 0.00161079   [$ARTIFACT/ours/_build_case1/HElib-patched/src/Ctxt.cpp:240]
  NORM_VAL: 1.38708 / 226 = 0.00613752   [$ARTIFACT/ours/_build_case1/HElib-patched/src/DoubleCRT.cpp:541]
  addConstant: 0.238357 / 22 = 0.0108344   [$ARTIFACT/ours/_build_case1/HElib-patched/src/Ctxt.cpp:2197]
  addCtxt: 10.7942 / 782 = 0.0138033   [$ARTIFACT/ours/_build_case1/HElib-patched/src/Ctxt.cpp:1458]
  addPart: 3.08254 / 923 = 0.0033397   [$ARTIFACT/ours/_build_case1/HElib-patched/src/Ctxt.cpp:905]
  addPrimes: 39.4158 / 227 = 0.173638   [$ARTIFACT/ours/_build_case1/HElib-patched/src/DoubleCRT.cpp:625]
  addPrimes_5: 41.3581 / 226 = 0.183   [$ARTIFACT/ours/_build_case1/HElib-patched/src/DoubleCRT.cpp:518]
  automorph: 7.09088 / 67 = 0.105834   [$ARTIFACT/ours/_build_case1/HElib-patched/src/matmul.cpp:117]
  automorph: 0.172393 / 45 = 0.00383096   [$ARTIFACT/ours/_build_case1/HElib-patched/src/Ctxt.cpp:2489]
  breakIntoDigits: 41.6222 / 87 = 0.478417   [$ARTIFACT/ours/_build_case1/HElib-patched/src/DoubleCRT.cpp:481]
  decode: 15.5182 / 1 = 15.5182   [$ARTIFACT/ours/_build_case1/HElib-patched/src/EncryptedArray.cpp:375]
  do_mul: 6.42738 / 1715 = 0.00374774   [$ARTIFACT/ours/_build_case1/HElib-patched/src/DoubleCRT.cpp:280]
  extractDigitsThin: 84.3109 / 1 = 84.3109   [$ARTIFACT/ours/_build_case1/HElib-patched/src/recryption.cpp:1597]
  iFFT: 29.8181 / 4669 = 0.00638641   [$ARTIFACT/ours/_build_case1/HElib-patched/src/CModulus.cpp:488]
  iFFT_division: 11.1372 / 4669 = 0.00238534   [$ARTIFACT/ours/_build_case1/HElib-patched/src/CModulus.cpp:570]
  keySwitchPart: 44.3929 / 80 = 0.554912   [$ARTIFACT/ours/_build_case1/HElib-patched/src/Ctxt.cpp:836]
  modDownToSet: 66.2279 / 217 = 0.305198   [$ARTIFACT/ours/_build_case1/HElib-patched/src/Ctxt.cpp:409]
  mul_MatMul1DExec: 53.0058 / 6 = 8.83429   [$ARTIFACT/ours/_build_case1/HElib-patched/src/matmul.cpp:975]
  multByConstant: 2.29923 / 409 = 0.00562158   [$ARTIFACT/ours/_build_case1/HElib-patched/src/Ctxt.cpp:1884]
  multByConstant: 0.121009 / 1 = 0.121009   [$ARTIFACT/ours/_build_case1/HElib-patched/src/Ctxt.cpp:1910]
  multLowLvl: 36.8261 / 43 = 0.856422   [$ARTIFACT/ours/_build_case1/HElib-patched/src/Ctxt.cpp:1733]
  multiplyBy: 38.539 / 22 = 1.75177   [$ARTIFACT/ours/_build_case1/HElib-patched/src/Ctxt.cpp:1809]
  privateAssign: 2.64214 / 500 = 0.00528428   [$ARTIFACT/ours/_build_case1/HElib-patched/src/Ctxt.cpp:329]
  randomize: 4.17774 / 362 = 0.0115407   [$ARTIFACT/ours/_build_case1/HElib-patched/src/DoubleCRT.cpp:1318]
  randomize_stream: 2.34295 / 1918855 = 1.22102e-06   [$ARTIFACT/ours/_build_case1/HElib-patched/src/DoubleCRT.cpp:1348]
  reLinearize: 59.6808 / 162 = 0.3684   [$ARTIFACT/ours/_build_case1/HElib-patched/src/Ctxt.cpp:736]
  smartAutomorph: 23.5849 / 45 = 0.524109   [$ARTIFACT/ours/_build_case1/HElib-patched/src/Ctxt.cpp:2514]
  thinReCrypt: 144.12 / 1 = 144.12   [$ARTIFACT/ours/_build_case1/HElib-patched/src/recryption.cpp:1872]
  toPoly: 40.7833 / 585 = 0.069715   [$ARTIFACT/ours/_build_case1/HElib-patched/src/DoubleCRT.cpp:985]
  toPoly_CRT: 6.97159 / 585 = 0.0119173   [$ARTIFACT/ours/_build_case1/HElib-patched/src/DoubleCRT.cpp:1052]
  toPoly_FFT: 33.3791 / 585 = 0.0570583   [$ARTIFACT/ours/_build_case1/HElib-patched/src/DoubleCRT.cpp:1030]
  rusage.ru_maxrss=8324388
||||| stats |||||
KS-noise-ratio ave=0.0151675 max=1.06186
KS-noise-ratio-hoist ave=2642.2 max=21137.6
break-into-digits-ratio ave=0.319671 max=0.376669
excess-ctxtPrimes ave=11.6014 max=11.6014
excess-specialPrimes ave=8.2824 max=8.2824
mod-switch-added-noise ave=0.321579 max=0.368914
ptxt_rat_sk ave=0.00418489 max=0.00418489
ptxt_rat_sk ave=0.3716 max=0.3716
raw-mod-switch-noise ave=0.333373 max=0.333373
window1-nchoices ave=3.5 max=6
window1-out ave=0 max=0
window2-nchoices ave=4.84615 max=9
window2-out ave=0 max=0
||||| stats |||||
KS-noise-ratio ave=0.0151675 max=1.06186
KS-noise-ratio-hoist ave=2642.2 max=21137.6
break-into-digits-ratio ave=0.319671 max=0.376669
excess-ctxtPrimes ave=11.6014 max=11.6014
excess-specialPrimes ave=8.2824 max=8.2824
mod-switch-added-noise ave=0.321579 max=0.368914
ptxt_rat_sk ave=0.00418489 max=0.00418489
ptxt_rat_sk ave=0.3716 max=0.3716
raw-mod-switch-noise ave=0.333373 max=0.333373
window1-nchoices ave=3.5 max=6
window1-out ave=0 max=0
window2-nchoices ave=4.84615 max=9
window2-out ave=0 max=0
WALL=395.92 s MAXRSS=8324388 kB
exit=0 (ORDER6 pass1)
########## SET 21 p=6163 m=41317 d=9 :: ORDER6_COMPOSED :: aux=79 :: pass1 :: 2026-09-14 15:54:01 ##########
chosen idx = 21
encapHwt = 12
t for new bts is -1
new bts ? 1
new ks ? 1
thick bts ?0
repeat times = 1
force bsgs = 0
force hoist = 0
*** GTestFatboot: p=6163, r=1, bits=1320, t=0, c=3, m=41317 mvec=[79 523], gens=[10984 24570], ords=[78 58]
Computing key-independent tables...using HELIB_EXPLICIT_AUX=79

t = -1
bound on I = 16.383205
log2(aux) = 6.303781
log2(beta) = 26.972839
log2(qks) >= 35.973857, final log2(qks) = 35.973859
log2(R) >= 27.095422, final log2(R) = 27.103459
INFO: total bits = 1794.57, security level = 73.7374HELIB_ORDER6: A=79 aux=79 |closure|=1837 (inflation 1.49959) deg(P)=1835 |folded|=306
HELIB_COMPOSED_EVAL: order=6 d=9 |folded support|=306 degQ=305 padded to n'=306
HELIB_COMPOSED_EVAL: norm form c=187 degC=34 (search 13.9822s)
deg of poly for non-power-of-p aux is 1835
security=73.7374
# small primes = 6
# ctxt primes = 23
# bits in ctxt primes = 1332
# special primes = 8
# bits in special primes = 463
scale=10
 done in 220.408 seconds
  e=0, e'=0, t=12
  m = 41317, p = 6163, phi(m) = 40716
  ord(p) = 9
  normBnd = 1.62092
  polyNormBnd = 5.3159
  factors = [79 523]
  generator 10984 has order (== Z_m^*) of 78
  generator 24570 has order (== Z_m^*) of 58
r = 1
nslots = 4524
hwt = 120
ctxtPrimes = [6,7,8,9,10,11,12,13,14,15,16,17,18,19,20,21,22,23,24,25,26,27,28]
specialPrimes = [33,34,35,36,37,38,39,40]
number of bits = 1795

security level = 73.7374
Generating keys, Keys generated. Now genRecryptData...
computing key-dependent tables...Sparse boot key hwt = 12
genRecryptData done. recryptKeyID=1
lcAksBsgs=0 lcAksDelayed=0
Post-key setup done.
 done in 25.5969 seconds
Encrypt succeeded.
WARNING: KS-noise-ratio = 1.11855 > 1
HELIB_COMPOSED_EVAL active: order=6 degC=34 d=9
time for linear1 = 5.656132, linear2 = 51.174371, extract = 44.102937, total = 103.295642
bits for linear1 = 44.708356, linear2 = 46.958670, extract = 437.783169, min cap = 9.001021, after cap = 801.712717, after prod = 1286.454555
cap / time = 7.241383

### summary over 1 test
time for linear1 = 5.656132, linear2 = 51.174371, extract = 44.102937, total = 103.295642
bits for linear1 = 44.708356, linear2 = 46.958670, extract = 437.783169, min cap = 9.001021, after cap = 801.712717, after prod = 1286.454555
cap / time = 7.241383


### bts finished, everything ok ###

  AAA_bootKeySwitch: 27.7696 / 1 = 27.7696   [$ARTIFACT/ours/_build_case1/HElib-patched/src/recryption.cpp:1968]
  AAA_coeffToSlot: 25.3021 / 1 = 25.3021   [$ARTIFACT/ours/_build_case1/HElib-patched/src/recryption.cpp:2396]
  AAA_embeddingLargest: 0.678151 / 250 = 0.0027126   [$ARTIFACT/ours/_build_case1/HElib-patched/src/norms.cpp:250]
  AAA_embeddingLargest_x2: 0.304965 / 112 = 0.0027229   [$ARTIFACT/ours/_build_case1/HElib-patched/src/norms.cpp:423]
  AAA_extractDigitsThin: 44.1024 / 1 = 44.1024   [$ARTIFACT/ours/_build_case1/HElib-patched/src/recryption.cpp:2449]
  AAA_modDownEnbeddings: 0.346368 / 112 = 0.00309257   [$ARTIFACT/ours/_build_case1/HElib-patched/src/Ctxt.cpp:506]
  AAA_slotToCoeff: 5.65607 / 1 = 5.65607   [$ARTIFACT/ours/_build_case1/HElib-patched/src/recryption.cpp:1954]
  BasicAutomorphPrecon: 4.55007 / 8 = 0.568758   [$ARTIFACT/ours/_build_case1/HElib-patched/src/matmul.cpp:69]
  BluesteinFFT: 47.1419 / 12546 = 0.00375752   [$ARTIFACT/ours/_build_case1/HElib-patched/src/bluestein.cpp:141]
  Decrypt: 0.686696 / 1 = 0.686696   [$ARTIFACT/ours/_build_case1/HElib-patched/src/keys.cpp:1350]
  DoubleCRT: 25.9999 / 281 = 0.0925263   [$ARTIFACT/ours/_build_case1/HElib-patched/src/DoubleCRT.cpp:718]
  FFT: 36.9 / 9321 = 0.0039588   [$ARTIFACT/ours/_build_case1/HElib-patched/src/CModulus.cpp:479]
  FFT: 46.226 / 473 = 0.0977295   [$ARTIFACT/ours/_build_case1/HElib-patched/src/DoubleCRT.cpp:70]
  FFT: 46.2126 / 9321 = 0.0049579   [$ARTIFACT/ours/_build_case1/HElib-patched/src/CModulus.cpp:448]
  FFT_aux: 36.8828 / 9321 = 0.00395696   [$ARTIFACT/ours/_build_case1/HElib-patched/src/CModulus.cpp:360]
  FFT_remainder: 9.30053 / 9321 = 0.000997804   [$ARTIFACT/ours/_build_case1/HElib-patched/src/CModulus.cpp:455]
  KS_loop: 9.2931 / 328 = 0.0283326   [$ARTIFACT/ours/_build_case1/HElib-patched/src/Ctxt.cpp:219]
  KS_loop_1: 1.57547 / 328 = 0.00480325   [$ARTIFACT/ours/_build_case1/HElib-patched/src/Ctxt.cpp:227]
  KS_loop_2: 1.26448 / 328 = 0.00385512   [$ARTIFACT/ours/_build_case1/HElib-patched/src/Ctxt.cpp:231]
  KS_loop_3: 1.57867 / 328 = 0.00481302   [$ARTIFACT/ours/_build_case1/HElib-patched/src/Ctxt.cpp:236]
  KS_loop_4: 0.519034 / 328 = 0.00158242   [$ARTIFACT/ours/_build_case1/HElib-patched/src/Ctxt.cpp:240]
  NORM_VAL: 1.12777 / 192 = 0.0058738   [$ARTIFACT/ours/_build_case1/HElib-patched/src/DoubleCRT.cpp:541]
  addCtxt: 2.05714 / 511 = 0.00402571   [$ARTIFACT/ours/_build_case1/HElib-patched/src/Ctxt.cpp:1458]
  addPart: 2.71084 / 815 = 0.00332618   [$ARTIFACT/ours/_build_case1/HElib-patched/src/Ctxt.cpp:905]
  addPrimes: 32.7012 / 193 = 0.169436   [$ARTIFACT/ours/_build_case1/HElib-patched/src/DoubleCRT.cpp:625]
  addPrimes_5: 34.2918 / 192 = 0.178603   [$ARTIFACT/ours/_build_case1/HElib-patched/src/DoubleCRT.cpp:518]
  automorph: 7.08706 / 67 = 0.105777   [$ARTIFACT/ours/_build_case1/HElib-patched/src/matmul.cpp:117]
  automorph: 0.200792 / 49 = 0.0040978   [$ARTIFACT/ours/_build_case1/HElib-patched/src/Ctxt.cpp:2489]
  breakIntoDigits: 34.5117 / 77 = 0.448204   [$ARTIFACT/ours/_build_case1/HElib-patched/src/DoubleCRT.cpp:481]
  decode: 15.383 / 1 = 15.383   [$ARTIFACT/ours/_build_case1/HElib-patched/src/EncryptedArray.cpp:375]
  do_mul: 5.97236 / 1609 = 0.00371185   [$ARTIFACT/ours/_build_case1/HElib-patched/src/DoubleCRT.cpp:280]
  extractDigitsThin: 44.1024 / 1 = 44.1024   [$ARTIFACT/ours/_build_case1/HElib-patched/src/recryption.cpp:1597]
  frobeniusAutomorph: 3.95731 / 4 = 0.989328   [$ARTIFACT/ours/_build_case1/HElib-patched/src/Ctxt.cpp:2578]
  iFFT: 20.4127 / 3225 = 0.00632951   [$ARTIFACT/ours/_build_case1/HElib-patched/src/CModulus.cpp:488]
  iFFT_division: 7.63397 / 3225 = 0.00236712   [$ARTIFACT/ours/_build_case1/HElib-patched/src/CModulus.cpp:570]
  keySwitchPart: 36.1523 / 70 = 0.516461   [$ARTIFACT/ours/_build_case1/HElib-patched/src/Ctxt.cpp:836]
  modDownToSet: 41.5124 / 160 = 0.259452   [$ARTIFACT/ours/_build_case1/HElib-patched/src/Ctxt.cpp:409]
  mul_MatMul1DExec: 52.4411 / 6 = 8.74019   [$ARTIFACT/ours/_build_case1/HElib-patched/src/matmul.cpp:975]
  multByConstant: 2.56718 / 438 = 0.00586114   [$ARTIFACT/ours/_build_case1/HElib-patched/src/Ctxt.cpp:1884]
  multByConstant: 3.82322 / 30 = 0.127441   [$ARTIFACT/ours/_build_case1/HElib-patched/src/Ctxt.cpp:1910]
  multLowLvl: 15.655 / 19 = 0.82395   [$ARTIFACT/ours/_build_case1/HElib-patched/src/Ctxt.cpp:1733]
  multiplyBy: 33.9537 / 19 = 1.78704   [$ARTIFACT/ours/_build_case1/HElib-patched/src/Ctxt.cpp:1809]
  privateAssign: 0.751884 / 233 = 0.00322697   [$ARTIFACT/ours/_build_case1/HElib-patched/src/Ctxt.cpp:329]
  randomize: 3.75716 / 328 = 0.0114547   [$ARTIFACT/ours/_build_case1/HElib-patched/src/DoubleCRT.cpp:1318]
  randomize_stream: 2.11237 / 1737097 = 1.21604e-06   [$ARTIFACT/ours/_build_case1/HElib-patched/src/DoubleCRT.cpp:1348]
  reLinearize: 45.8408 / 155 = 0.295747   [$ARTIFACT/ours/_build_case1/HElib-patched/src/Ctxt.cpp:736]
  smartAutomorph: 27.1848 / 49 = 0.554792   [$ARTIFACT/ours/_build_case1/HElib-patched/src/Ctxt.cpp:2514]
  thinReCrypt: 103.307 / 1 = 103.307   [$ARTIFACT/ours/_build_case1/HElib-patched/src/recryption.cpp:1872]
  toPoly: 28.0908 / 438 = 0.0641342   [$ARTIFACT/ours/_build_case1/HElib-patched/src/DoubleCRT.cpp:985]
  toPoly_CRT: 4.93351 / 438 = 0.0112637   [$ARTIFACT/ours/_build_case1/HElib-patched/src/DoubleCRT.cpp:1052]
  toPoly_FFT: 22.8448 / 438 = 0.0521571   [$ARTIFACT/ours/_build_case1/HElib-patched/src/DoubleCRT.cpp:1030]
  rusage.ru_maxrss=8014120
||||| stats |||||
KS-noise-ratio ave=0.0260058 max=1.11855
KS-noise-ratio-hoist ave=2423.61 max=19388.8
break-into-digits-ratio ave=0.319226 max=0.399631
excess-ctxtPrimes ave=11.6014 max=11.6014
excess-specialPrimes ave=8.2824 max=8.2824
mod-switch-added-noise ave=0.324053 max=0.376793
ptxt_rat_sk ave=0.00461368 max=0.00461368
ptxt_rat_sk ave=0.346028 max=0.346028
raw-mod-switch-noise ave=0.304772 max=0.304772
window1-nchoices ave=4 max=5
window1-out ave=0 max=0
window2-nchoices ave=4.1875 max=6
window2-out ave=0 max=0
||||| stats |||||
KS-noise-ratio ave=0.0260058 max=1.11855
KS-noise-ratio-hoist ave=2423.61 max=19388.8
break-into-digits-ratio ave=0.319226 max=0.399631
excess-ctxtPrimes ave=11.6014 max=11.6014
excess-specialPrimes ave=8.2824 max=8.2824
mod-switch-added-noise ave=0.324053 max=0.376793
ptxt_rat_sk ave=0.00461368 max=0.00461368
ptxt_rat_sk ave=0.346028 max=0.346028
raw-mod-switch-noise ave=0.304772 max=0.304772
window1-nchoices ave=4 max=5
window1-out ave=0 max=0
window2-nchoices ave=4.1875 max=6
window2-out ave=0 max=0
WALL=367.73 s MAXRSS=8014120 kB
exit=0 (ORDER6_COMPOSED pass1)
SET_DONE 21
########## SET 21 p=6163 m=41317 d=9 :: NORMONLY :: aux=79 :: pass1 :: h=12 :: 2026-09-15 07:43:38 ##########
chosen idx = 21
encapHwt = 12
t for new bts is -1
new bts ? 1
new ks ? 1
thick bts ?0
repeat times = 1
force bsgs = 0
force hoist = 0
*** GTestFatboot: p=6163, r=1, bits=1320, t=0, c=3, m=41317 mvec=[79 523], gens=[10984 24570], ords=[78 58]
Computing key-independent tables...using HELIB_EXPLICIT_AUX=79

t = -1
bound on I = 16.383205
log2(aux) = 6.303781
log2(beta) = 26.972839
log2(qks) >= 35.973857, final log2(qks) = 35.973859
log2(R) >= 27.095422, final log2(R) = 27.103459
INFO: total bits = 1794.57, security level = 73.7374HELIB_NORMONLY: order=1, norm map on the unfiltered P_A, deg(P)=1223
HELIB_COMPOSED_EVAL: order=1 d=9 |folded support|=1224 degQ=1223 padded to n'=1224
HELIB_COMPOSED_EVAL: no norm form found; staying on P-S
deg of poly for non-power-of-p aux is 1223
security=73.7374
# small primes = 6
# ctxt primes = 23
# bits in ctxt primes = 1332
# special primes = 8
# bits in special primes = 463
scale=10
 done in 1798.16 seconds
  e=0, e'=0, t=12
  m = 41317, p = 6163, phi(m) = 40716
  ord(p) = 9
  normBnd = 1.62092
  polyNormBnd = 5.3159
  factors = [79 523]
  generator 10984 has order (== Z_m^*) of 78
  generator 24570 has order (== Z_m^*) of 58
r = 1
nslots = 4524
hwt = 120
ctxtPrimes = [6,7,8,9,10,11,12,13,14,15,16,17,18,19,20,21,22,23,24,25,26,27,28]
specialPrimes = [33,34,35,36,37,38,39,40]
number of bits = 1795

security level = 73.7374
Generating keys, Keys generated. Now genRecryptData...
computing key-dependent tables...Sparse boot key hwt = 12
genRecryptData done. recryptKeyID=1
lcAksBsgs=0 lcAksDelayed=0
Post-key setup done.
 done in 20.3356 seconds
Encrypt succeeded.
HELIB_AUX_ORDER4_EVAL enabled: order=1, deg(P)=1223, terms(P)=612, deg(Q)=1223, terms(Q)=612
time for linear1 = 4.437830, linear2 = 39.332871, extract = 121.840482, total = 167.436409
bits for linear1 = 44.697109, linear2 = 46.959557, extract = 301.565553, min cap = 9.001021, after cap = 938.002543, after prod = 1286.527653
cap / time = 5.281434

### summary over 1 test
time for linear1 = 4.437830, linear2 = 39.332871, extract = 121.840482, total = 167.436409
bits for linear1 = 44.697109, linear2 = 46.959557, extract = 301.565553, min cap = 9.001021, after cap = 938.002543, after prod = 1286.527653
cap / time = 5.281434


### bts finished, everything ok ###

  AAA_bootKeySwitch: 21.3151 / 1 = 21.3151   [$ARTIFACT/ours/_build_case1/HElib-patched/src/recryption.cpp:1968]
  AAA_coeffToSlot: 19.4893 / 1 = 19.4893   [$ARTIFACT/ours/_build_case1/HElib-patched/src/recryption.cpp:2396]
  AAA_embeddingLargest: 0.801433 / 348 = 0.00230297   [$ARTIFACT/ours/_build_case1/HElib-patched/src/norms.cpp:250]
  AAA_embeddingLargest_x2: 0.552203 / 253 = 0.00218262   [$ARTIFACT/ours/_build_case1/HElib-patched/src/norms.cpp:423]
  AAA_extractDigitsThin: 121.838 / 1 = 121.838   [$ARTIFACT/ours/_build_case1/HElib-patched/src/recryption.cpp:2449]
  AAA_modDownEnbeddings: 0.644624 / 253 = 0.00254792   [$ARTIFACT/ours/_build_case1/HElib-patched/src/Ctxt.cpp:506]
  AAA_slotToCoeff: 4.43776 / 1 = 4.43776   [$ARTIFACT/ours/_build_case1/HElib-patched/src/recryption.cpp:1954]
  BasicAutomorphPrecon: 3.45357 / 8 = 0.431696   [$ARTIFACT/ours/_build_case1/HElib-patched/src/matmul.cpp:69]
  BluesteinFFT: 71.623 / 24550 = 0.00291744   [$ARTIFACT/ours/_build_case1/HElib-patched/src/bluestein.cpp:141]
  Decrypt: 0.512059 / 1 = 0.512059   [$ARTIFACT/ours/_build_case1/HElib-patched/src/keys.cpp:1350]
  DoubleCRT: 42.4675 / 563 = 0.0754306   [$ARTIFACT/ours/_build_case1/HElib-patched/src/DoubleCRT.cpp:718]
  FFT: 53.2039 / 17378 = 0.00306157   [$ARTIFACT/ours/_build_case1/HElib-patched/src/CModulus.cpp:479]
  FFT: 66.4319 / 854 = 0.0777891   [$ARTIFACT/ours/_build_case1/HElib-patched/src/DoubleCRT.cpp:70]
  FFT: 66.4234 / 17378 = 0.00382227   [$ARTIFACT/ours/_build_case1/HElib-patched/src/CModulus.cpp:448]
  FFT_aux: 53.1923 / 17378 = 0.0030609   [$ARTIFACT/ours/_build_case1/HElib-patched/src/CModulus.cpp:360]
  FFT_remainder: 13.2108 / 17378 = 0.000760205   [$ARTIFACT/ours/_build_case1/HElib-patched/src/CModulus.cpp:455]
  KS_loop: 9.62183 / 426 = 0.0225865   [$ARTIFACT/ours/_build_case1/HElib-patched/src/Ctxt.cpp:219]
  KS_loop_1: 1.64549 / 426 = 0.00386266   [$ARTIFACT/ours/_build_case1/HElib-patched/src/Ctxt.cpp:227]
  KS_loop_2: 1.10028 / 426 = 0.00258281   [$ARTIFACT/ours/_build_case1/HElib-patched/src/Ctxt.cpp:231]
  KS_loop_3: 1.67842 / 426 = 0.00393996   [$ARTIFACT/ours/_build_case1/HElib-patched/src/Ctxt.cpp:236]
  KS_loop_4: 0.576522 / 426 = 0.00135334   [$ARTIFACT/ours/_build_case1/HElib-patched/src/Ctxt.cpp:240]
  NORM_VAL: 1.40426 / 290 = 0.00484229   [$ARTIFACT/ours/_build_case1/HElib-patched/src/DoubleCRT.cpp:541]
  addCtxt: 18.1481 / 1699 = 0.0106816   [$ARTIFACT/ours/_build_case1/HElib-patched/src/Ctxt.cpp:1458]
  addPart: 2.86811 / 1071 = 0.00267797   [$ARTIFACT/ours/_build_case1/HElib-patched/src/Ctxt.cpp:905]
  addPrimes: 38.4791 / 291 = 0.132231   [$ARTIFACT/ours/_build_case1/HElib-patched/src/DoubleCRT.cpp:625]
  addPrimes_5: 40.4393 / 290 = 0.139446   [$ARTIFACT/ours/_build_case1/HElib-patched/src/DoubleCRT.cpp:518]
  automorph: 5.65972 / 67 = 0.0844735   [$ARTIFACT/ours/_build_case1/HElib-patched/src/matmul.cpp:117]
  automorph: 0.141371 / 45 = 0.00314158   [$ARTIFACT/ours/_build_case1/HElib-patched/src/Ctxt.cpp:2489]
  breakIntoDigits: 40.6646 / 108 = 0.376524   [$ARTIFACT/ours/_build_case1/HElib-patched/src/DoubleCRT.cpp:481]
  decode: 12.3971 / 1 = 12.3971   [$ARTIFACT/ours/_build_case1/HElib-patched/src/EncryptedArray.cpp:375]
  do_mul: 5.88482 / 1971 = 0.0029857   [$ARTIFACT/ours/_build_case1/HElib-patched/src/DoubleCRT.cpp:280]
  extractDigitsThin: 121.838 / 1 = 121.838   [$ARTIFACT/ours/_build_case1/HElib-patched/src/recryption.cpp:1597]
  iFFT: 35.1136 / 7172 = 0.00489593   [$ARTIFACT/ours/_build_case1/HElib-patched/src/CModulus.cpp:488]
  iFFT_division: 13.1291 / 7172 = 0.00183061   [$ARTIFACT/ours/_build_case1/HElib-patched/src/CModulus.cpp:570]
  keySwitchPart: 44.6451 / 101 = 0.44203   [$ARTIFACT/ours/_build_case1/HElib-patched/src/Ctxt.cpp:836]
  modDownToSet: 82.1782 / 301 = 0.273017   [$ARTIFACT/ours/_build_case1/HElib-patched/src/Ctxt.cpp:409]
  mul_MatMul1DExec: 40.3659 / 6 = 6.72765   [$ARTIFACT/ours/_build_case1/HElib-patched/src/matmul.cpp:975]
  multByConstant: 1.78496 / 409 = 0.0043642   [$ARTIFACT/ours/_build_case1/HElib-patched/src/Ctxt.cpp:1884]
  multByConstant: 0.094269 / 1 = 0.094269   [$ARTIFACT/ours/_build_case1/HElib-patched/src/Ctxt.cpp:1910]
  multLowLvl: 51.1272 / 75 = 0.681696   [$ARTIFACT/ours/_build_case1/HElib-patched/src/Ctxt.cpp:1733]
  multiplyBy: 46.0991 / 32 = 1.4406   [$ARTIFACT/ours/_build_case1/HElib-patched/src/Ctxt.cpp:1809]
  privateAssign: 3.70701 / 935 = 0.00396471   [$ARTIFACT/ours/_build_case1/HElib-patched/src/Ctxt.cpp:329]
  randomize: 3.90975 / 426 = 0.00917781   [$ARTIFACT/ours/_build_case1/HElib-patched/src/DoubleCRT.cpp:1318]
  randomize_stream: 2.19441 / 2260803 = 9.70631e-07   [$ARTIFACT/ours/_build_case1/HElib-patched/src/DoubleCRT.cpp:1348]
  reLinearize: 67.5534 / 189 = 0.357426   [$ARTIFACT/ours/_build_case1/HElib-patched/src/Ctxt.cpp:736]
  smartAutomorph: 17.808 / 45 = 0.395734   [$ARTIFACT/ours/_build_case1/HElib-patched/src/Ctxt.cpp:2514]
  thinReCrypt: 167.443 / 1 = 167.443   [$ARTIFACT/ours/_build_case1/HElib-patched/src/recryption.cpp:1872]
  toPoly: 46.7885 / 853 = 0.0548517   [$ARTIFACT/ours/_build_case1/HElib-patched/src/DoubleCRT.cpp:985]
  toPoly_CRT: 7.99714 / 853 = 0.00937531   [$ARTIFACT/ours/_build_case1/HElib-patched/src/DoubleCRT.cpp:1052]
  toPoly_FFT: 38.2839 / 853 = 0.0448815   [$ARTIFACT/ours/_build_case1/HElib-patched/src/DoubleCRT.cpp:1030]
  rusage.ru_maxrss=8562668
||||| stats |||||
KS-noise-ratio ave=0.00972461 max=0.980241
KS-noise-ratio-hoist ave=2491.55 max=19932.3
break-into-digits-ratio ave=0.319896 max=0.395869
excess-ctxtPrimes ave=11.6014 max=11.6014
excess-specialPrimes ave=8.2824 max=8.2824
mod-switch-added-noise ave=0.32561 max=0.383728
ptxt_rat_sk ave=0.00419671 max=0.00419671
ptxt_rat_sk ave=0.331299 max=0.331299
raw-mod-switch-noise ave=0.321272 max=0.321272
window1-nchoices ave=4 max=6
window1-out ave=0 max=0
window2-nchoices ave=3.78571 max=6
window2-out ave=0 max=0
||||| stats |||||
KS-noise-ratio ave=0.00972461 max=0.980241
KS-noise-ratio-hoist ave=2491.55 max=19932.3
break-into-digits-ratio ave=0.319896 max=0.395869
excess-ctxtPrimes ave=11.6014 max=11.6014
excess-specialPrimes ave=8.2824 max=8.2824
mod-switch-added-noise ave=0.32561 max=0.383728
ptxt_rat_sk ave=0.00419671 max=0.00419671
ptxt_rat_sk ave=0.331299 max=0.331299
raw-mod-switch-noise ave=0.321272 max=0.321272
window1-nchoices ave=4 max=6
window1-out ave=0 max=0
window2-nchoices ave=3.78571 max=6
window2-out ave=0 max=0
WALL=2000.87 s MAXRSS=8562668 kB
exit=0 (NORMONLY pass1)
SET_DONE 21
