########## SET 27 p=13457 m=45193 d=7 :: BASELINE :: aux=116 :: pass1 :: 2026-09-14 20:44:51 ##########
chosen idx = 27
encapHwt = 12
t for new bts is -1
new bts ? 1
new ks ? 1
thick bts ?0
repeat times = 1
force bsgs = 0
force hoist = 0
*** GTestFatboot: p=13457, r=1, bits=1320, t=0, c=3, m=45193 mvec=[43 1051], gens=[26276 21630], ords=[42 150]
Computing key-independent tables...using HELIB_EXPLICIT_AUX=116

t = -1
bound on I = 16.305335
log2(aux) = 6.857981
log2(beta) = 28.162339
log2(qks) >= 37.717089, final log2(qks) = 37.717090
log2(R) >= 27.806011, final log2(R) = 27.806997
INFO: total bits = 1786.76, security level = 78.5494deg of poly for non-power-of-p aux is 1223
security=78.5494
# small primes = 6
# ctxt primes = 23
# bits in ctxt primes = 1332
# special primes = 8
# bits in special primes = 455
scale=10
 done in 214.707 seconds
  e=0, e'=0, t=12
  m = 45193, p = 13457, phi(m) = 44100
  ord(p) = 7
  normBnd = 1.62042
  polyNormBnd = 4.65228
  factors = [43 1051]
  generator 26276 has order (== Z_m^*) of 42
  generator 21630 has order (== Z_m^*) of 150
r = 1
nslots = 6300
hwt = 120
ctxtPrimes = [6,7,8,9,10,11,12,13,14,15,16,17,18,19,20,21,22,23,24,25,26,27,28]
specialPrimes = [33,34,35,36,37,38,39,40]
number of bits = 1787

security level = 78.5494
Generating keys, Keys generated. Now genRecryptData...
computing key-dependent tables...Sparse boot key hwt = 12
genRecryptData done. recryptKeyID=1
lcAksBsgs=0 lcAksDelayed=0
Post-key setup done.
 done in 46.6568 seconds
Encrypt succeeded.
WARNING: KS-noise-ratio = 1.05974 > 1
WARNING: KS-noise-ratio = 6.35452 > 1
WARNING: KS-noise-ratio = 1.3602 > 1
WARNING: KS-noise-ratio = 10.0567 > 1
WARNING: KS-noise-ratio = 1.29909 > 1
WARNING: KS-noise-ratio = 1.34116 > 1
WARNING: KS-noise-ratio = 1.46079 > 1
time for linear1 = 5.079433, linear2 = 50.625548, extract = 121.896977, total = 179.550791
bits for linear1 = 54.115679, linear2 = 58.622397, extract = 320.649451, min cap = 9.554750, after cap = 905.470223, after prod = 1284.742071
cap / time = 4.688366

### summary over 1 test
time for linear1 = 5.079433, linear2 = 50.625548, extract = 121.896977, total = 179.550791
bits for linear1 = 54.115679, linear2 = 58.622397, extract = 320.649451, min cap = 9.554750, after cap = 905.470223, after prod = 1284.742071
cap / time = 4.688366


### bts finished, everything ok ###

  AAA_bootKeySwitch: 29.6123 / 1 = 29.6123   [$ARTIFACT/ours/_build_case1/HElib-patched/src/recryption.cpp:1968]
  AAA_coeffToSlot: 22.588 / 1 = 22.588   [$ARTIFACT/ours/_build_case1/HElib-patched/src/recryption.cpp:2396]
  AAA_embeddingLargest: 0.812508 / 321 = 0.00253118   [$ARTIFACT/ours/_build_case1/HElib-patched/src/norms.cpp:250]
  AAA_embeddingLargest_x2: 0.588525 / 245 = 0.00240214   [$ARTIFACT/ours/_build_case1/HElib-patched/src/norms.cpp:423]
  AAA_extractDigitsThin: 121.894 / 1 = 121.894   [$ARTIFACT/ours/_build_case1/HElib-patched/src/recryption.cpp:2449]
  AAA_modDownEnbeddings: 0.696099 / 245 = 0.00284122   [$ARTIFACT/ours/_build_case1/HElib-patched/src/Ctxt.cpp:506]
  AAA_slotToCoeff: 5.07937 / 1 = 5.07937   [$ARTIFACT/ours/_build_case1/HElib-patched/src/recryption.cpp:1954]
  BasicAutomorphPrecon: 3.92429 / 8 = 0.490537   [$ARTIFACT/ours/_build_case1/HElib-patched/src/matmul.cpp:69]
  BluesteinFFT: 76.4854 / 22805 = 0.00335389   [$ARTIFACT/ours/_build_case1/HElib-patched/src/bluestein.cpp:141]
  Decrypt: 0.565632 / 1 = 0.565632   [$ARTIFACT/ours/_build_case1/HElib-patched/src/keys.cpp:1350]
  DoubleCRT: 46.0009 / 548 = 0.0839432   [$ARTIFACT/ours/_build_case1/HElib-patched/src/DoubleCRT.cpp:718]
  FFT: 57.4887 / 16156 = 0.00355835   [$ARTIFACT/ours/_build_case1/HElib-patched/src/CModulus.cpp:479]
  FFT: 71.36 / 811 = 0.0879901   [$ARTIFACT/ours/_build_case1/HElib-patched/src/DoubleCRT.cpp:70]
  FFT: 71.3514 / 16156 = 0.0044164   [$ARTIFACT/ours/_build_case1/HElib-patched/src/CModulus.cpp:448]
  FFT_aux: 57.4767 / 16156 = 0.0035576   [$ARTIFACT/ours/_build_case1/HElib-patched/src/CModulus.cpp:360]
  FFT_remainder: 13.8534 / 16156 = 0.000857475   [$ARTIFACT/ours/_build_case1/HElib-patched/src/CModulus.cpp:455]
  KS_loop: 16.6528 / 652 = 0.0255412   [$ARTIFACT/ours/_build_case1/HElib-patched/src/Ctxt.cpp:219]
  KS_loop_1: 2.7204 / 652 = 0.0041724   [$ARTIFACT/ours/_build_case1/HElib-patched/src/Ctxt.cpp:227]
  KS_loop_2: 2.34503 / 652 = 0.00359667   [$ARTIFACT/ours/_build_case1/HElib-patched/src/Ctxt.cpp:231]
  KS_loop_3: 2.78649 / 652 = 0.00427376   [$ARTIFACT/ours/_build_case1/HElib-patched/src/Ctxt.cpp:236]
  KS_loop_4: 0.885919 / 652 = 0.00135877   [$ARTIFACT/ours/_build_case1/HElib-patched/src/Ctxt.cpp:240]
  NORM_VAL: 1.45854 / 262 = 0.00556696   [$ARTIFACT/ours/_build_case1/HElib-patched/src/DoubleCRT.cpp:541]
  addCtxt: 9.75773 / 1848 = 0.00528016   [$ARTIFACT/ours/_build_case1/HElib-patched/src/Ctxt.cpp:1458]
  addPart: 5.19623 / 1621 = 0.00320557   [$ARTIFACT/ours/_build_case1/HElib-patched/src/Ctxt.cpp:905]
  addPrimes: 40.3272 / 263 = 0.153335   [$ARTIFACT/ours/_build_case1/HElib-patched/src/DoubleCRT.cpp:625]
  addPrimes_5: 42.3339 / 262 = 0.16158   [$ARTIFACT/ours/_build_case1/HElib-patched/src/DoubleCRT.cpp:518]
  automorph: 17.1287 / 177 = 0.0967722   [$ARTIFACT/ours/_build_case1/HElib-patched/src/matmul.cpp:117]
  automorph: 0.122049 / 33 = 0.00369845   [$ARTIFACT/ours/_build_case1/HElib-patched/src/Ctxt.cpp:2489]
  breakIntoDigits: 42.5474 / 96 = 0.443202   [$ARTIFACT/ours/_build_case1/HElib-patched/src/DoubleCRT.cpp:481]
  decode: 14.5624 / 1 = 14.5624   [$ARTIFACT/ours/_build_case1/HElib-patched/src/EncryptedArray.cpp:375]
  do_mul: 9.63879 / 2759 = 0.00349358   [$ARTIFACT/ours/_build_case1/HElib-patched/src/DoubleCRT.cpp:280]
  extractDigitsThin: 121.894 / 1 = 121.894   [$ARTIFACT/ours/_build_case1/HElib-patched/src/recryption.cpp:1597]
  iFFT: 36.3519 / 6649 = 0.00546727   [$ARTIFACT/ours/_build_case1/HElib-patched/src/CModulus.cpp:488]
  iFFT_division: 13.2939 / 6649 = 0.00199938   [$ARTIFACT/ours/_build_case1/HElib-patched/src/CModulus.cpp:570]
  keySwitchPart: 46.3683 / 89 = 0.520992   [$ARTIFACT/ours/_build_case1/HElib-patched/src/Ctxt.cpp:836]
  modDownToSet: 86.965 / 280 = 0.310589   [$ARTIFACT/ours/_build_case1/HElib-patched/src/Ctxt.cpp:409]
  mul_MatMul1DExec: 52.3012 / 6 = 8.71686   [$ARTIFACT/ours/_build_case1/HElib-patched/src/matmul.cpp:975]
  multByConstant: 3.28311 / 577 = 0.00568997   [$ARTIFACT/ours/_build_case1/HElib-patched/src/Ctxt.cpp:1884]
  multByConstant: 0.098441 / 1 = 0.098441   [$ARTIFACT/ours/_build_case1/HElib-patched/src/Ctxt.cpp:1910]
  multLowLvl: 54.7243 / 75 = 0.729658   [$ARTIFACT/ours/_build_case1/HElib-patched/src/Ctxt.cpp:1733]
  multiplyBy: 54.7034 / 32 = 1.70948   [$ARTIFACT/ours/_build_case1/HElib-patched/src/Ctxt.cpp:1809]
  privateAssign: 2.36204 / 559 = 0.00422547   [$ARTIFACT/ours/_build_case1/HElib-patched/src/Ctxt.cpp:329]
  randomize: 6.74163 / 652 = 0.0103399   [$ARTIFACT/ours/_build_case1/HElib-patched/src/DoubleCRT.cpp:1318]
  randomize_stream: 3.7344 / 3738980 = 9.98774e-07   [$ARTIFACT/ours/_build_case1/HElib-patched/src/DoubleCRT.cpp:1348]
  reLinearize: 72.132 / 165 = 0.437164   [$ARTIFACT/ours/_build_case1/HElib-patched/src/Ctxt.cpp:736]
  smartAutomorph: 16.9321 / 33 = 0.513095   [$ARTIFACT/ours/_build_case1/HElib-patched/src/Ctxt.cpp:2514]
  thinReCrypt: 179.557 / 1 = 179.557   [$ARTIFACT/ours/_build_case1/HElib-patched/src/recryption.cpp:1872]
  toPoly: 48.2851 / 810 = 0.0596112   [$ARTIFACT/ours/_build_case1/HElib-patched/src/DoubleCRT.cpp:985]
  toPoly_CRT: 8.37291 / 810 = 0.0103369   [$ARTIFACT/ours/_build_case1/HElib-patched/src/DoubleCRT.cpp:1052]
  toPoly_FFT: 39.3742 / 810 = 0.0486102   [$ARTIFACT/ours/_build_case1/HElib-patched/src/DoubleCRT.cpp:1030]
  rusage.ru_maxrss=12657380
||||| stats |||||
KS-noise-ratio ave=0.31788 max=10.0567
KS-noise-ratio-hoist ave=643928 max=5.15142e+06
break-into-digits-ratio ave=0.323803 max=0.412638
excess-ctxtPrimes ave=11.6528 max=11.6528
excess-specialPrimes ave=1.37065 max=1.37065
mod-switch-added-noise ave=0.328363 max=0.397863
ptxt_rat_sk ave=0.00586188 max=0.00586188
ptxt_rat_sk ave=0.359873 max=0.359873
raw-mod-switch-noise ave=0.31701 max=0.31701
window1-nchoices ave=3.6 max=4
window1-out ave=0 max=0
window2-nchoices ave=3.58571 max=9
window2-out ave=0 max=0
||||| stats |||||
KS-noise-ratio ave=0.31788 max=10.0567
KS-noise-ratio-hoist ave=643928 max=5.15142e+06
break-into-digits-ratio ave=0.323803 max=0.412638
excess-ctxtPrimes ave=11.6528 max=11.6528
excess-specialPrimes ave=1.37065 max=1.37065
mod-switch-added-noise ave=0.328363 max=0.397863
ptxt_rat_sk ave=0.00586188 max=0.00586188
ptxt_rat_sk ave=0.359873 max=0.359873
raw-mod-switch-noise ave=0.31701 max=0.31701
window1-nchoices ave=3.6 max=4
window1-out ave=0 max=0
window2-nchoices ave=3.58571 max=9
window2-out ave=0 max=0
WALL=459.83 s MAXRSS=12657380 kB
exit=0 (BASELINE pass1)
########## SET 27 p=13457 m=45193 d=7 :: ORDER4 :: aux=116 :: pass1 :: 2026-09-14 20:52:31 ##########
chosen idx = 27
encapHwt = 12
t for new bts is -1
new bts ? 1
new ks ? 1
thick bts ?0
repeat times = 1
force bsgs = 0
force hoist = 0
*** GTestFatboot: p=13457, r=1, bits=1320, t=0, c=3, m=45193 mvec=[43 1051], gens=[26276 21630], ords=[42 150]
Computing key-independent tables...using HELIB_EXPLICIT_AUX=116

t = -1
bound on I = 16.305335
log2(aux) = 6.857981
log2(beta) = 28.162339
log2(qks) >= 37.717089, final log2(qks) = 37.717090
log2(R) >= 27.806011, final log2(R) = 27.806997
INFO: total bits = 1786.76, security level = 78.5494deg of poly for non-power-of-p aux is 1223
security=78.5494
# small primes = 6
# ctxt primes = 23
# bits in ctxt primes = 1332
# special primes = 8
# bits in special primes = 455
scale=10
 done in 212.606 seconds
  e=0, e'=0, t=12
  m = 45193, p = 13457, phi(m) = 44100
  ord(p) = 7
  normBnd = 1.62042
  polyNormBnd = 4.65228
  factors = [43 1051]
  generator 26276 has order (== Z_m^*) of 42
  generator 21630 has order (== Z_m^*) of 150
r = 1
nslots = 6300
hwt = 120
ctxtPrimes = [6,7,8,9,10,11,12,13,14,15,16,17,18,19,20,21,22,23,24,25,26,27,28]
specialPrimes = [33,34,35,36,37,38,39,40]
number of bits = 1787

security level = 78.5494
Generating keys, Keys generated. Now genRecryptData...
computing key-dependent tables...Sparse boot key hwt = 12
genRecryptData done. recryptKeyID=1
lcAksBsgs=0 lcAksDelayed=0
Post-key setup done.
 done in 45.0585 seconds
Encrypt succeeded.
WARNING: KS-noise-ratio = 1.13182 > 1
WARNING: KS-noise-ratio = 9.21023 > 1
WARNING: KS-noise-ratio = 1.30585 > 1
WARNING: KS-noise-ratio = 1.20545 > 1
HELIB_AUX_ORDER4_EVAL enabled: order=4, deg(P)=1223, terms(P)=307, deg(Q)=305, terms(Q)=306
time for linear1 = 5.386857, linear2 = 51.270165, extract = 72.254242, total = 130.910936
bits for linear1 = 54.086292, linear2 = 58.426646, extract = 376.094270, min cap = 9.554750, after cap = 850.065182, after prod = 1284.586098
cap / time = 6.007322

### summary over 1 test
time for linear1 = 5.386857, linear2 = 51.270165, extract = 72.254242, total = 130.910936
bits for linear1 = 54.086292, linear2 = 58.426646, extract = 376.094270, min cap = 9.554750, after cap = 850.065182, after prod = 1284.586098
cap / time = 6.007322


### bts finished, everything ok ###

  AAA_bootKeySwitch: 30.4036 / 1 = 30.4036   [$ARTIFACT/ours/_build_case1/HElib-patched/src/recryption.cpp:1968]
  AAA_coeffToSlot: 22.4332 / 1 = 22.4332   [$ARTIFACT/ours/_build_case1/HElib-patched/src/recryption.cpp:2396]
  AAA_embeddingLargest: 0.567689 / 232 = 0.00244694   [$ARTIFACT/ours/_build_case1/HElib-patched/src/norms.cpp:250]
  AAA_embeddingLargest_x2: 0.365656 / 158 = 0.00231428   [$ARTIFACT/ours/_build_case1/HElib-patched/src/norms.cpp:423]
  AAA_extractDigitsThin: 72.2529 / 1 = 72.2529   [$ARTIFACT/ours/_build_case1/HElib-patched/src/recryption.cpp:2449]
  AAA_modDownEnbeddings: 0.430688 / 158 = 0.00272587   [$ARTIFACT/ours/_build_case1/HElib-patched/src/Ctxt.cpp:506]
  AAA_slotToCoeff: 5.38676 / 1 = 5.38676   [$ARTIFACT/ours/_build_case1/HElib-patched/src/recryption.cpp:1954]
  BasicAutomorphPrecon: 3.71267 / 8 = 0.464083   [$ARTIFACT/ours/_build_case1/HElib-patched/src/matmul.cpp:69]
  BluesteinFFT: 49.8995 / 14982 = 0.00333063   [$ARTIFACT/ours/_build_case1/HElib-patched/src/bluestein.cpp:141]
  Decrypt: 0.583107 / 1 = 0.583107   [$ARTIFACT/ours/_build_case1/HElib-patched/src/keys.cpp:1350]
  DoubleCRT: 28.4385 / 352 = 0.0807912   [$ARTIFACT/ours/_build_case1/HElib-patched/src/DoubleCRT.cpp:718]
  FFT: 37.3244 / 10584 = 0.0035265   [$ARTIFACT/ours/_build_case1/HElib-patched/src/CModulus.cpp:479]
  FFT: 46.0562 / 548 = 0.0840442   [$ARTIFACT/ours/_build_case1/HElib-patched/src/DoubleCRT.cpp:70]
  FFT: 46.0513 / 10584 = 0.00435103   [$ARTIFACT/ours/_build_case1/HElib-patched/src/CModulus.cpp:448]
  FFT_aux: 37.3173 / 10584 = 0.00352583   [$ARTIFACT/ours/_build_case1/HElib-patched/src/CModulus.cpp:360]
  FFT_remainder: 8.72092 / 10584 = 0.000823972   [$ARTIFACT/ours/_build_case1/HElib-patched/src/CModulus.cpp:455]
  KS_loop: 16.9742 / 585 = 0.0290157   [$ARTIFACT/ours/_build_case1/HElib-patched/src/Ctxt.cpp:219]
  KS_loop_1: 2.60918 / 585 = 0.00446014   [$ARTIFACT/ours/_build_case1/HElib-patched/src/Ctxt.cpp:227]
  KS_loop_2: 2.41741 / 585 = 0.00413233   [$ARTIFACT/ours/_build_case1/HElib-patched/src/Ctxt.cpp:231]
  KS_loop_3: 3.64326 / 585 = 0.0062278   [$ARTIFACT/ours/_build_case1/HElib-patched/src/Ctxt.cpp:236]
  KS_loop_4: 0.810175 / 585 = 0.00138491   [$ARTIFACT/ours/_build_case1/HElib-patched/src/Ctxt.cpp:240]
  NORM_VAL: 1.02371 / 195 = 0.00524982   [$ARTIFACT/ours/_build_case1/HElib-patched/src/DoubleCRT.cpp:541]
  addConstant: 0.189473 / 22 = 0.00861241   [$ARTIFACT/ours/_build_case1/HElib-patched/src/Ctxt.cpp:2197]
  addCtxt: 9.25807 / 931 = 0.00994422   [$ARTIFACT/ours/_build_case1/HElib-patched/src/Ctxt.cpp:1458]
  addPart: 5.03222 / 1465 = 0.00343496   [$ARTIFACT/ours/_build_case1/HElib-patched/src/Ctxt.cpp:905]
  addPrimes: 28.0952 / 196 = 0.143343   [$ARTIFACT/ours/_build_case1/HElib-patched/src/DoubleCRT.cpp:625]
  addPrimes_5: 29.4976 / 195 = 0.15127   [$ARTIFACT/ours/_build_case1/HElib-patched/src/DoubleCRT.cpp:518]
  automorph: 19.9943 / 177 = 0.112962   [$ARTIFACT/ours/_build_case1/HElib-patched/src/matmul.cpp:117]
  automorph: 0.112295 / 33 = 0.00340288   [$ARTIFACT/ours/_build_case1/HElib-patched/src/Ctxt.cpp:2489]
  breakIntoDigits: 29.6422 / 74 = 0.40057   [$ARTIFACT/ours/_build_case1/HElib-patched/src/DoubleCRT.cpp:481]
  decode: 14.6622 / 1 = 14.6622   [$ARTIFACT/ours/_build_case1/HElib-patched/src/EncryptedArray.cpp:375]
  do_mul: 11.4391 / 2493 = 0.00458848   [$ARTIFACT/ours/_build_case1/HElib-patched/src/DoubleCRT.cpp:280]
  extractDigitsThin: 72.2529 / 1 = 72.2529   [$ARTIFACT/ours/_build_case1/HElib-patched/src/recryption.cpp:1597]
  iFFT: 23.9282 / 4398 = 0.00544069   [$ARTIFACT/ours/_build_case1/HElib-patched/src/CModulus.cpp:488]
  iFFT_division: 8.74012 / 4398 = 0.00198729   [$ARTIFACT/ours/_build_case1/HElib-patched/src/CModulus.cpp:570]
  keySwitchPart: 31.4008 / 67 = 0.468669   [$ARTIFACT/ours/_build_case1/HElib-patched/src/Ctxt.cpp:836]
  modDownToSet: 54.2942 / 193 = 0.281317   [$ARTIFACT/ours/_build_case1/HElib-patched/src/Ctxt.cpp:409]
  mul_MatMul1DExec: 53.4999 / 6 = 8.91666   [$ARTIFACT/ours/_build_case1/HElib-patched/src/matmul.cpp:975]
  multByConstant: 4.73137 / 577 = 0.00819995   [$ARTIFACT/ours/_build_case1/HElib-patched/src/Ctxt.cpp:1884]
  multByConstant: 0.097556 / 1 = 0.097556   [$ARTIFACT/ours/_build_case1/HElib-patched/src/Ctxt.cpp:1910]
  multLowLvl: 30.2298 / 42 = 0.719757   [$ARTIFACT/ours/_build_case1/HElib-patched/src/Ctxt.cpp:1733]
  multiplyBy: 35.2841 / 21 = 1.68019   [$ARTIFACT/ours/_build_case1/HElib-patched/src/Ctxt.cpp:1809]
  privateAssign: 2.06756 / 492 = 0.00420236   [$ARTIFACT/ours/_build_case1/HElib-patched/src/Ctxt.cpp:329]
  randomize: 6.42809 / 585 = 0.0109882   [$ARTIFACT/ours/_build_case1/HElib-patched/src/DoubleCRT.cpp:1318]
  randomize_stream: 3.53744 / 3353260 = 1.05492e-06   [$ARTIFACT/ours/_build_case1/HElib-patched/src/DoubleCRT.cpp:1348]
  reLinearize: 46.3733 / 136 = 0.34098   [$ARTIFACT/ours/_build_case1/HElib-patched/src/Ctxt.cpp:736]
  smartAutomorph: 13.9303 / 33 = 0.422131   [$ARTIFACT/ours/_build_case1/HElib-patched/src/Ctxt.cpp:2514]
  thinReCrypt: 130.919 / 1 = 130.919   [$ARTIFACT/ours/_build_case1/HElib-patched/src/recryption.cpp:1872]
  toPoly: 31.7109 / 547 = 0.0579723   [$ARTIFACT/ours/_build_case1/HElib-patched/src/DoubleCRT.cpp:985]
  toPoly_CRT: 5.51218 / 547 = 0.0100771   [$ARTIFACT/ours/_build_case1/HElib-patched/src/DoubleCRT.cpp:1052]
  toPoly_FFT: 25.8505 / 547 = 0.0472586   [$ARTIFACT/ours/_build_case1/HElib-patched/src/DoubleCRT.cpp:1030]
  rusage.ru_maxrss=12413092
||||| stats |||||
KS-noise-ratio ave=0.246849 max=9.21023
KS-noise-ratio-hoist ave=633238 max=5.0659e+06
break-into-digits-ratio ave=0.320096 max=0.415221
excess-ctxtPrimes ave=11.6528 max=11.6528
excess-specialPrimes ave=1.37065 max=1.37065
mod-switch-added-noise ave=0.321882 max=0.382109
ptxt_rat_sk ave=0.00597041 max=0.00597041
ptxt_rat_sk ave=0.324142 max=0.324142
raw-mod-switch-noise ave=0.324313 max=0.324313
window1-nchoices ave=3.5 max=4
window1-out ave=0 max=0
window2-nchoices ave=3.92105 max=8
window2-out ave=0 max=0
||||| stats |||||
KS-noise-ratio ave=0.246849 max=9.21023
KS-noise-ratio-hoist ave=633238 max=5.0659e+06
break-into-digits-ratio ave=0.320096 max=0.415221
excess-ctxtPrimes ave=11.6528 max=11.6528
excess-specialPrimes ave=1.37065 max=1.37065
mod-switch-added-noise ave=0.321882 max=0.382109
ptxt_rat_sk ave=0.00597041 max=0.00597041
ptxt_rat_sk ave=0.324142 max=0.324142
raw-mod-switch-noise ave=0.324313 max=0.324313
window1-nchoices ave=3.5 max=4
window1-out ave=0 max=0
window2-nchoices ave=3.92105 max=8
window2-out ave=0 max=0
WALL=407.50 s MAXRSS=12413092 kB
exit=0 (ORDER4 pass1)
########## SET 27 p=13457 m=45193 d=7 :: ORDER4_COMPOSED :: aux=116 :: pass1 :: 2026-09-14 20:59:18 ##########
chosen idx = 27
encapHwt = 12
t for new bts is -1
new bts ? 1
new ks ? 1
thick bts ?0
repeat times = 1
force bsgs = 0
force hoist = 0
*** GTestFatboot: p=13457, r=1, bits=1320, t=0, c=3, m=45193 mvec=[43 1051], gens=[26276 21630], ords=[42 150]
Computing key-independent tables...using HELIB_EXPLICIT_AUX=116

t = -1
bound on I = 16.305335
log2(aux) = 6.857981
log2(beta) = 28.162339
log2(qks) >= 37.717089, final log2(qks) = 37.717090
log2(R) >= 27.806011, final log2(R) = 27.806997
INFO: total bits = 1786.76, security level = 78.5494HELIB_COMPOSED_EVAL: order=4 d=7 |folded support|=306 degQ=305 padded to n'=308
HELIB_COMPOSED_EVAL: norm form c=26 degC=44 (search 10.2853s)
deg of poly for non-power-of-p aux is 1223
security=78.5494
# small primes = 6
# ctxt primes = 23
# bits in ctxt primes = 1332
# special primes = 8
# bits in special primes = 455
scale=10
 done in 217.187 seconds
  e=0, e'=0, t=12
  m = 45193, p = 13457, phi(m) = 44100
  ord(p) = 7
  normBnd = 1.62042
  polyNormBnd = 4.65228
  factors = [43 1051]
  generator 26276 has order (== Z_m^*) of 42
  generator 21630 has order (== Z_m^*) of 150
r = 1
nslots = 6300
hwt = 120
ctxtPrimes = [6,7,8,9,10,11,12,13,14,15,16,17,18,19,20,21,22,23,24,25,26,27,28]
specialPrimes = [33,34,35,36,37,38,39,40]
number of bits = 1787

security level = 78.5494
Generating keys, Keys generated. Now genRecryptData...
computing key-dependent tables...Sparse boot key hwt = 12
genRecryptData done. recryptKeyID=1
lcAksBsgs=0 lcAksDelayed=0
Post-key setup done.
 done in 38.1815 seconds
Encrypt succeeded.
WARNING: KS-noise-ratio = 1.08914 > 1
WARNING: KS-noise-ratio = 10.5264 > 1
WARNING: KS-noise-ratio = 1.1005 > 1
WARNING: KS-noise-ratio = 1.51088 > 1
WARNING: KS-noise-ratio = 1.05156 > 1
HELIB_COMPOSED_EVAL active: order=4 degC=44 d=7
time for linear1 = 7.119787, linear2 = 49.497918, extract = 38.104763, total = 98.201609
bits for linear1 = 54.130840, linear2 = 58.488783, extract = 496.967073, min cap = 9.554750, after cap = 729.139623, after prod = 1284.595479
cap / time = 6.776407

### summary over 1 test
time for linear1 = 7.119787, linear2 = 49.497918, extract = 38.104763, total = 98.201609
bits for linear1 = 54.130840, linear2 = 58.488783, extract = 496.967073, min cap = 9.554750, after cap = 729.139623, after prod = 1284.595479
cap / time = 6.776407


### bts finished, everything ok ###

  AAA_bootKeySwitch: 29.5219 / 1 = 29.5219   [$ARTIFACT/ours/_build_case1/HElib-patched/src/recryption.cpp:1968]
  AAA_coeffToSlot: 23.0766 / 1 = 23.0766   [$ARTIFACT/ours/_build_case1/HElib-patched/src/recryption.cpp:2396]
  AAA_embeddingLargest: 0.5558 / 230 = 0.00241652   [$ARTIFACT/ours/_build_case1/HElib-patched/src/norms.cpp:250]
  AAA_embeddingLargest_x2: 0.25038 / 102 = 0.00245471   [$ARTIFACT/ours/_build_case1/HElib-patched/src/norms.cpp:423]
  AAA_extractDigitsThin: 38.1041 / 1 = 38.1041   [$ARTIFACT/ours/_build_case1/HElib-patched/src/recryption.cpp:2449]
  AAA_modDownEnbeddings: 0.278553 / 102 = 0.00273091   [$ARTIFACT/ours/_build_case1/HElib-patched/src/Ctxt.cpp:506]
  AAA_slotToCoeff: 7.11967 / 1 = 7.11967   [$ARTIFACT/ours/_build_case1/HElib-patched/src/recryption.cpp:1954]
  BasicAutomorphPrecon: 4.70734 / 8 = 0.588417   [$ARTIFACT/ours/_build_case1/HElib-patched/src/matmul.cpp:69]
  BluesteinFFT: 39.0213 / 11503 = 0.00339227   [$ARTIFACT/ours/_build_case1/HElib-patched/src/bluestein.cpp:141]
  Decrypt: 0.584862 / 1 = 0.584862   [$ARTIFACT/ours/_build_case1/HElib-patched/src/keys.cpp:1350]
  DoubleCRT: 21.5045 / 268 = 0.0802406   [$ARTIFACT/ours/_build_case1/HElib-patched/src/DoubleCRT.cpp:718]
  FFT: 30.3457 / 8542 = 0.00355253   [$ARTIFACT/ours/_build_case1/HElib-patched/src/CModulus.cpp:479]
  FFT: 36.7499 / 433 = 0.0848727   [$ARTIFACT/ours/_build_case1/HElib-patched/src/DoubleCRT.cpp:70]
  FFT: 36.7451 / 8542 = 0.0043017   [$ARTIFACT/ours/_build_case1/HElib-patched/src/CModulus.cpp:448]
  FFT_aux: 30.3392 / 8542 = 0.00355176   [$ARTIFACT/ours/_build_case1/HElib-patched/src/CModulus.cpp:360]
  FFT_remainder: 6.39464 / 8542 = 0.000748612   [$ARTIFACT/ours/_build_case1/HElib-patched/src/CModulus.cpp:455]
  KS_loop: 14.8279 / 555 = 0.0267169   [$ARTIFACT/ours/_build_case1/HElib-patched/src/Ctxt.cpp:219]
  KS_loop_1: 2.38276 / 555 = 0.00429326   [$ARTIFACT/ours/_build_case1/HElib-patched/src/Ctxt.cpp:227]
  KS_loop_2: 2.34878 / 555 = 0.00423204   [$ARTIFACT/ours/_build_case1/HElib-patched/src/Ctxt.cpp:231]
  KS_loop_3: 2.40727 / 555 = 0.00433743   [$ARTIFACT/ours/_build_case1/HElib-patched/src/Ctxt.cpp:236]
  KS_loop_4: 0.801268 / 555 = 0.00144373   [$ARTIFACT/ours/_build_case1/HElib-patched/src/Ctxt.cpp:240]
  NORM_VAL: 0.887803 / 165 = 0.00538062   [$ARTIFACT/ours/_build_case1/HElib-patched/src/DoubleCRT.cpp:541]
  addCtxt: 2.3928 / 670 = 0.00357134   [$ARTIFACT/ours/_build_case1/HElib-patched/src/Ctxt.cpp:1458]
  addPart: 4.72027 / 1370 = 0.00344545   [$ARTIFACT/ours/_build_case1/HElib-patched/src/Ctxt.cpp:905]
  addPrimes: 24.6581 / 166 = 0.148543   [$ARTIFACT/ours/_build_case1/HElib-patched/src/DoubleCRT.cpp:625]
  addPrimes_5: 25.9147 / 165 = 0.157059   [$ARTIFACT/ours/_build_case1/HElib-patched/src/DoubleCRT.cpp:518]
  automorph: 18.1146 / 177 = 0.102343   [$ARTIFACT/ours/_build_case1/HElib-patched/src/matmul.cpp:117]
  automorph: 0.142222 / 37 = 0.00384384   [$ARTIFACT/ours/_build_case1/HElib-patched/src/Ctxt.cpp:2489]
  breakIntoDigits: 26.0551 / 66 = 0.394774   [$ARTIFACT/ours/_build_case1/HElib-patched/src/DoubleCRT.cpp:481]
  decode: 17.6027 / 1 = 17.6027   [$ARTIFACT/ours/_build_case1/HElib-patched/src/EncryptedArray.cpp:375]
  do_mul: 8.54438 / 2421 = 0.00352928   [$ARTIFACT/ours/_build_case1/HElib-patched/src/DoubleCRT.cpp:280]
  extractDigitsThin: 38.1041 / 1 = 38.1041   [$ARTIFACT/ours/_build_case1/HElib-patched/src/recryption.cpp:1597]
  frobeniusAutomorph: 3.40494 / 4 = 0.851236   [$ARTIFACT/ours/_build_case1/HElib-patched/src/Ctxt.cpp:2578]
  iFFT: 16.9293 / 2961 = 0.00571742   [$ARTIFACT/ours/_build_case1/HElib-patched/src/CModulus.cpp:488]
  iFFT_division: 6.17334 / 2961 = 0.00208488   [$ARTIFACT/ours/_build_case1/HElib-patched/src/CModulus.cpp:570]
  keySwitchPart: 26.1685 / 59 = 0.443534   [$ARTIFACT/ours/_build_case1/HElib-patched/src/Ctxt.cpp:836]
  modDownToSet: 33.3278 / 142 = 0.234703   [$ARTIFACT/ours/_build_case1/HElib-patched/src/Ctxt.cpp:409]
  mul_MatMul1DExec: 53.3972 / 6 = 8.89953   [$ARTIFACT/ours/_build_case1/HElib-patched/src/matmul.cpp:975]
  multByConstant: 3.54474 / 615 = 0.0057638   [$ARTIFACT/ours/_build_case1/HElib-patched/src/Ctxt.cpp:1884]
  multByConstant: 4.21469 / 39 = 0.108069   [$ARTIFACT/ours/_build_case1/HElib-patched/src/Ctxt.cpp:1910]
  multLowLvl: 13.5335 / 20 = 0.676674   [$ARTIFACT/ours/_build_case1/HElib-patched/src/Ctxt.cpp:1733]
  multiplyBy: 28.0115 / 20 = 1.40057   [$ARTIFACT/ours/_build_case1/HElib-patched/src/Ctxt.cpp:1809]
  privateAssign: 0.671906 / 227 = 0.00295994   [$ARTIFACT/ours/_build_case1/HElib-patched/src/Ctxt.cpp:329]
  randomize: 5.8603 / 555 = 0.0105591   [$ARTIFACT/ours/_build_case1/HElib-patched/src/DoubleCRT.cpp:1318]
  randomize_stream: 3.23596 / 3180562 = 1.01742e-06   [$ARTIFACT/ours/_build_case1/HElib-patched/src/DoubleCRT.cpp:1348]
  reLinearize: 33.5016 / 133 = 0.251892   [$ARTIFACT/ours/_build_case1/HElib-patched/src/Ctxt.cpp:736]
  smartAutomorph: 18.3712 / 37 = 0.496518   [$ARTIFACT/ours/_build_case1/HElib-patched/src/Ctxt.cpp:2514]
  thinReCrypt: 98.2117 / 1 = 98.2117   [$ARTIFACT/ours/_build_case1/HElib-patched/src/recryption.cpp:1872]
  toPoly: 22.9618 / 388 = 0.0591798   [$ARTIFACT/ours/_build_case1/HElib-patched/src/DoubleCRT.cpp:985]
  toPoly_CRT: 4.10487 / 388 = 0.0105796   [$ARTIFACT/ours/_build_case1/HElib-patched/src/DoubleCRT.cpp:1052]
  toPoly_FFT: 18.5677 / 388 = 0.0478549   [$ARTIFACT/ours/_build_case1/HElib-patched/src/DoubleCRT.cpp:1030]
  rusage.ru_maxrss=12111748
||||| stats |||||
KS-noise-ratio ave=0.278741 max=10.5264
KS-noise-ratio-hoist ave=607785 max=4.86227e+06
break-into-digits-ratio ave=0.320743 max=0.404631
excess-ctxtPrimes ave=11.6528 max=11.6528
excess-specialPrimes ave=1.37065 max=1.37065
mod-switch-added-noise ave=0.322977 max=0.383756
ptxt_rat_sk ave=0.00592221 max=0.00592221
ptxt_rat_sk ave=0.31163 max=0.31163
raw-mod-switch-noise ave=0.323887 max=0.323887
window1-nchoices ave=2.33333 max=3
window1-out ave=0 max=0
window2-nchoices ave=4.23529 max=6
window2-out ave=0 max=0
||||| stats |||||
KS-noise-ratio ave=0.278741 max=10.5264
KS-noise-ratio-hoist ave=607785 max=4.86227e+06
break-into-digits-ratio ave=0.320743 max=0.404631
excess-ctxtPrimes ave=11.6528 max=11.6528
excess-specialPrimes ave=1.37065 max=1.37065
mod-switch-added-noise ave=0.322977 max=0.383756
ptxt_rat_sk ave=0.00592221 max=0.00592221
ptxt_rat_sk ave=0.31163 max=0.31163
raw-mod-switch-noise ave=0.323887 max=0.323887
window1-nchoices ave=2.33333 max=3
window1-out ave=0 max=0
window2-nchoices ave=4.23529 max=6
window2-out ave=0 max=0
WALL=375.38 s MAXRSS=12111748 kB
exit=0 (ORDER4_COMPOSED pass1)
########## SET 27 p=13457 m=45193 d=7 :: NORMONLY :: aux=116 :: pass1 :: 2026-09-14 21:05:34 ##########
chosen idx = 27
encapHwt = 12
t for new bts is -1
new bts ? 1
new ks ? 1
thick bts ?0
repeat times = 1
force bsgs = 0
force hoist = 0
*** GTestFatboot: p=13457, r=1, bits=1320, t=0, c=3, m=45193 mvec=[43 1051], gens=[26276 21630], ords=[42 150]
Computing key-independent tables...using HELIB_EXPLICIT_AUX=116

t = -1
bound on I = 16.305335
log2(aux) = 6.857981
log2(beta) = 28.162339
log2(qks) >= 37.717089, final log2(qks) = 37.717090
log2(R) >= 27.806011, final log2(R) = 27.806997
INFO: total bits = 1786.76, security level = 78.5494deg of poly for non-power-of-p aux is 1223
security=78.5494
# small primes = 6
# ctxt primes = 23
# bits in ctxt primes = 1332
# special primes = 8
# bits in special primes = 455
scale=10
 done in 211.884 seconds
  e=0, e'=0, t=12
  m = 45193, p = 13457, phi(m) = 44100
  ord(p) = 7
  normBnd = 1.62042
  polyNormBnd = 4.65228
  factors = [43 1051]
  generator 26276 has order (== Z_m^*) of 42
  generator 21630 has order (== Z_m^*) of 150
r = 1
nslots = 6300
hwt = 120
ctxtPrimes = [6,7,8,9,10,11,12,13,14,15,16,17,18,19,20,21,22,23,24,25,26,27,28]
specialPrimes = [33,34,35,36,37,38,39,40]
number of bits = 1787

security level = 78.5494
Generating keys, Keys generated. Now genRecryptData...
computing key-dependent tables...Sparse boot key hwt = 12
genRecryptData done. recryptKeyID=1
lcAksBsgs=0 lcAksDelayed=0
Post-key setup done.
 done in 42.6679 seconds
Encrypt succeeded.
WARNING: KS-noise-ratio = 1.0536 > 1
WARNING: KS-noise-ratio = 5.81094 > 1
WARNING: KS-noise-ratio = 1.34096 > 1
WARNING: KS-noise-ratio = 8.45647 > 1
WARNING: KS-noise-ratio = 1.22323 > 1
WARNING: KS-noise-ratio = 1.42274 > 1
WARNING: KS-noise-ratio = 1.40096 > 1
time for linear1 = 5.240486, linear2 = 52.644624, extract = 119.835562, total = 179.769917
bits for linear1 = 54.055937, linear2 = 58.486726, extract = 320.568918, min cap = 9.554750, after cap = 905.595829, after prod = 1284.651472
cap / time = 4.683682

### summary over 1 test
time for linear1 = 5.240486, linear2 = 52.644624, extract = 119.835562, total = 179.769917
bits for linear1 = 54.055937, linear2 = 58.486726, extract = 320.568918, min cap = 9.554750, after cap = 905.595829, after prod = 1284.651472
cap / time = 4.683682


### bts finished, everything ok ###

  AAA_bootKeySwitch: 31.1624 / 1 = 31.1624   [$ARTIFACT/ours/_build_case1/HElib-patched/src/recryption.cpp:1968]
  AAA_coeffToSlot: 23.087 / 1 = 23.087   [$ARTIFACT/ours/_build_case1/HElib-patched/src/recryption.cpp:2396]
  AAA_embeddingLargest: 0.785014 / 321 = 0.00244553   [$ARTIFACT/ours/_build_case1/HElib-patched/src/norms.cpp:250]
  AAA_embeddingLargest_x2: 0.580886 / 245 = 0.00237096   [$ARTIFACT/ours/_build_case1/HElib-patched/src/norms.cpp:423]
  AAA_extractDigitsThin: 119.834 / 1 = 119.834   [$ARTIFACT/ours/_build_case1/HElib-patched/src/recryption.cpp:2449]
  AAA_modDownEnbeddings: 0.682826 / 245 = 0.00278704   [$ARTIFACT/ours/_build_case1/HElib-patched/src/Ctxt.cpp:506]
  AAA_slotToCoeff: 5.24041 / 1 = 5.24041   [$ARTIFACT/ours/_build_case1/HElib-patched/src/recryption.cpp:1954]
  BasicAutomorphPrecon: 3.80238 / 8 = 0.475298   [$ARTIFACT/ours/_build_case1/HElib-patched/src/matmul.cpp:69]
  BluesteinFFT: 75.3896 / 22819 = 0.00330381   [$ARTIFACT/ours/_build_case1/HElib-patched/src/bluestein.cpp:141]
  Decrypt: 0.583277 / 1 = 0.583277   [$ARTIFACT/ours/_build_case1/HElib-patched/src/keys.cpp:1350]
  DoubleCRT: 45.7696 / 548 = 0.0835212   [$ARTIFACT/ours/_build_case1/HElib-patched/src/DoubleCRT.cpp:718]
  FFT: 56.445 / 16156 = 0.00349375   [$ARTIFACT/ours/_build_case1/HElib-patched/src/CModulus.cpp:479]
  FFT: 70.085 / 811 = 0.086418   [$ARTIFACT/ours/_build_case1/HElib-patched/src/DoubleCRT.cpp:70]
  FFT: 70.0764 / 16156 = 0.00433748   [$ARTIFACT/ours/_build_case1/HElib-patched/src/CModulus.cpp:448]
  FFT_aux: 56.4327 / 16156 = 0.00349299   [$ARTIFACT/ours/_build_case1/HElib-patched/src/CModulus.cpp:360]
  FFT_remainder: 13.6214 / 16156 = 0.000843114   [$ARTIFACT/ours/_build_case1/HElib-patched/src/CModulus.cpp:455]
  KS_loop: 16.8561 / 652 = 0.0258529   [$ARTIFACT/ours/_build_case1/HElib-patched/src/Ctxt.cpp:219]
  KS_loop_1: 2.7487 / 652 = 0.0042158   [$ARTIFACT/ours/_build_case1/HElib-patched/src/Ctxt.cpp:227]
  KS_loop_2: 2.42718 / 652 = 0.00372266   [$ARTIFACT/ours/_build_case1/HElib-patched/src/Ctxt.cpp:231]
  KS_loop_3: 2.82656 / 652 = 0.00433522   [$ARTIFACT/ours/_build_case1/HElib-patched/src/Ctxt.cpp:236]
  KS_loop_4: 0.932309 / 652 = 0.00142992   [$ARTIFACT/ours/_build_case1/HElib-patched/src/Ctxt.cpp:240]
  NORM_VAL: 1.39269 / 262 = 0.00531562   [$ARTIFACT/ours/_build_case1/HElib-patched/src/DoubleCRT.cpp:541]
  addCtxt: 9.81807 / 1848 = 0.00531281   [$ARTIFACT/ours/_build_case1/HElib-patched/src/Ctxt.cpp:1458]
  addPart: 5.32632 / 1621 = 0.00328582   [$ARTIFACT/ours/_build_case1/HElib-patched/src/Ctxt.cpp:905]
  addPrimes: 38.6328 / 263 = 0.146893   [$ARTIFACT/ours/_build_case1/HElib-patched/src/DoubleCRT.cpp:625]
  addPrimes_5: 40.5704 / 262 = 0.154849   [$ARTIFACT/ours/_build_case1/HElib-patched/src/DoubleCRT.cpp:518]
  automorph: 17.815 / 177 = 0.10065   [$ARTIFACT/ours/_build_case1/HElib-patched/src/matmul.cpp:117]
  automorph: 0.1233 / 33 = 0.00373636   [$ARTIFACT/ours/_build_case1/HElib-patched/src/Ctxt.cpp:2489]
  breakIntoDigits: 40.7836 / 96 = 0.424829   [$ARTIFACT/ours/_build_case1/HElib-patched/src/DoubleCRT.cpp:481]
  decode: 14.5823 / 1 = 14.5823   [$ARTIFACT/ours/_build_case1/HElib-patched/src/EncryptedArray.cpp:375]
  do_mul: 11.1279 / 2759 = 0.0040333   [$ARTIFACT/ours/_build_case1/HElib-patched/src/DoubleCRT.cpp:280]
  extractDigitsThin: 119.834 / 1 = 119.834   [$ARTIFACT/ours/_build_case1/HElib-patched/src/recryption.cpp:1597]
  iFFT: 36.1758 / 6663 = 0.00542936   [$ARTIFACT/ours/_build_case1/HElib-patched/src/CModulus.cpp:488]
  iFFT_division: 13.1741 / 6663 = 0.00197721   [$ARTIFACT/ours/_build_case1/HElib-patched/src/CModulus.cpp:570]
  keySwitchPart: 44.2725 / 89 = 0.497444   [$ARTIFACT/ours/_build_case1/HElib-patched/src/Ctxt.cpp:836]
  modDownToSet: 87.0002 / 280 = 0.310715   [$ARTIFACT/ours/_build_case1/HElib-patched/src/Ctxt.cpp:409]
  mul_MatMul1DExec: 54.6549 / 6 = 9.10915   [$ARTIFACT/ours/_build_case1/HElib-patched/src/matmul.cpp:975]
  multByConstant: 4.72556 / 577 = 0.00818988   [$ARTIFACT/ours/_build_case1/HElib-patched/src/Ctxt.cpp:1884]
  multByConstant: 0.101111 / 1 = 0.101111   [$ARTIFACT/ours/_build_case1/HElib-patched/src/Ctxt.cpp:1910]
  multLowLvl: 54.1868 / 75 = 0.72249   [$ARTIFACT/ours/_build_case1/HElib-patched/src/Ctxt.cpp:1733]
  multiplyBy: 51.9309 / 32 = 1.62284   [$ARTIFACT/ours/_build_case1/HElib-patched/src/Ctxt.cpp:1809]
  privateAssign: 2.40358 / 559 = 0.00429979   [$ARTIFACT/ours/_build_case1/HElib-patched/src/Ctxt.cpp:329]
  randomize: 6.69946 / 652 = 0.0102752   [$ARTIFACT/ours/_build_case1/HElib-patched/src/DoubleCRT.cpp:1318]
  randomize_stream: 3.75138 / 3739202 = 1.00326e-06   [$ARTIFACT/ours/_build_case1/HElib-patched/src/DoubleCRT.cpp:1348]
  reLinearize: 69.2252 / 165 = 0.419547   [$ARTIFACT/ours/_build_case1/HElib-patched/src/Ctxt.cpp:736]
  smartAutomorph: 15.6192 / 33 = 0.473308   [$ARTIFACT/ours/_build_case1/HElib-patched/src/Ctxt.cpp:2514]
  thinReCrypt: 179.778 / 1 = 179.778   [$ARTIFACT/ours/_build_case1/HElib-patched/src/recryption.cpp:1872]
  toPoly: 48.03 / 810 = 0.0592963   [$ARTIFACT/ours/_build_case1/HElib-patched/src/DoubleCRT.cpp:985]
  toPoly_CRT: 8.19125 / 810 = 0.0101127   [$ARTIFACT/ours/_build_case1/HElib-patched/src/DoubleCRT.cpp:1052]
  toPoly_FFT: 39.2963 / 810 = 0.048514   [$ARTIFACT/ours/_build_case1/HElib-patched/src/DoubleCRT.cpp:1030]
  rusage.ru_maxrss=12660220
||||| stats |||||
KS-noise-ratio ave=0.292366 max=8.45647
KS-noise-ratio-hoist ave=594238 max=4.7539e+06
break-into-digits-ratio ave=0.321101 max=0.389355
excess-ctxtPrimes ave=11.6528 max=11.6528
excess-specialPrimes ave=1.37065 max=1.37065
mod-switch-added-noise ave=0.323742 max=0.390156
ptxt_rat_sk ave=0.00635913 max=0.00635913
ptxt_rat_sk ave=0.339852 max=0.339852
raw-mod-switch-noise ave=0.300349 max=0.300349
window1-nchoices ave=3.6 max=4
window1-out ave=0 max=0
window2-nchoices ave=3.45714 max=9
window2-out ave=0 max=0
||||| stats |||||
KS-noise-ratio ave=0.292366 max=8.45647
KS-noise-ratio-hoist ave=594238 max=4.7539e+06
break-into-digits-ratio ave=0.321101 max=0.389355
excess-ctxtPrimes ave=11.6528 max=11.6528
excess-specialPrimes ave=1.37065 max=1.37065
mod-switch-added-noise ave=0.323742 max=0.390156
ptxt_rat_sk ave=0.00635913 max=0.00635913
ptxt_rat_sk ave=0.339852 max=0.339852
raw-mod-switch-noise ave=0.300349 max=0.300349
window1-nchoices ave=3.6 max=4
window1-out ave=0 max=0
window2-nchoices ave=3.45714 max=9
window2-out ave=0 max=0
WALL=452.67 s MAXRSS=12660220 kB
exit=0 (NORMONLY pass1)
SET_DONE 27
########## SET 27 p=13457 m=45193 d=7 :: NORMONLY :: aux=116 :: pass1 :: h=12 :: 2026-09-15 06:22:09 ##########
chosen idx = 27
encapHwt = 12
t for new bts is -1
new bts ? 1
new ks ? 1
thick bts ?0
repeat times = 1
force bsgs = 0
force hoist = 0
*** GTestFatboot: p=13457, r=1, bits=1320, t=0, c=3, m=45193 mvec=[43 1051], gens=[26276 21630], ords=[42 150]
Computing key-independent tables...using HELIB_EXPLICIT_AUX=116

t = -1
bound on I = 16.305335
log2(aux) = 6.857981
log2(beta) = 28.162339
log2(qks) >= 37.717089, final log2(qks) = 37.717090
log2(R) >= 27.806011, final log2(R) = 27.806997
INFO: total bits = 1786.76, security level = 78.5494HELIB_NORMONLY: order=1, norm map on the unfiltered P_A, deg(P)=1223
HELIB_COMPOSED_EVAL: order=1 d=7 |folded support|=1224 degQ=1223 padded to n'=1225
HELIB_COMPOSED_EVAL: no norm form found; staying on P-S
deg of poly for non-power-of-p aux is 1223
security=78.5494
# small primes = 6
# ctxt primes = 23
# bits in ctxt primes = 1332
# special primes = 8
# bits in special primes = 455
scale=10
 done in 3339.39 seconds
  e=0, e'=0, t=12
  m = 45193, p = 13457, phi(m) = 44100
  ord(p) = 7
  normBnd = 1.62042
  polyNormBnd = 4.65228
  factors = [43 1051]
  generator 26276 has order (== Z_m^*) of 42
  generator 21630 has order (== Z_m^*) of 150
r = 1
nslots = 6300
hwt = 120
ctxtPrimes = [6,7,8,9,10,11,12,13,14,15,16,17,18,19,20,21,22,23,24,25,26,27,28]
specialPrimes = [33,34,35,36,37,38,39,40]
number of bits = 1787

security level = 78.5494
Generating keys, Keys generated. Now genRecryptData...
computing key-dependent tables...Sparse boot key hwt = 12
genRecryptData done. recryptKeyID=1
lcAksBsgs=0 lcAksDelayed=0
Post-key setup done.
 done in 38.8503 seconds
Encrypt succeeded.
WARNING: KS-noise-ratio = 5.93556 > 1
WARNING: KS-noise-ratio = 1.30318 > 1
WARNING: KS-noise-ratio = 10.2699 > 1
WARNING: KS-noise-ratio = 1.35136 > 1
WARNING: KS-noise-ratio = 1.46549 > 1
WARNING: KS-noise-ratio = 1.47074 > 1
HELIB_AUX_ORDER4_EVAL enabled: order=1, deg(P)=1223, terms(P)=307, deg(Q)=1223, terms(Q)=307
time for linear1 = 5.254282, linear2 = 48.156940, extract = 121.952704, total = 177.363374
bits for linear1 = 54.118914, linear2 = 58.512581, extract = 320.656217, min cap = 9.554750, after cap = 905.475487, after prod = 1284.644284
cap / time = 4.746199

### summary over 1 test
time for linear1 = 5.254282, linear2 = 48.156940, extract = 121.952704, total = 177.363374
bits for linear1 = 54.118914, linear2 = 58.512581, extract = 320.656217, min cap = 9.554750, after cap = 905.475487, after prod = 1284.644284
cap / time = 4.746199


### bts finished, everything ok ###

  AAA_bootKeySwitch: 26.5628 / 1 = 26.5628   [$ARTIFACT/ours/_build_case1/HElib-patched/src/recryption.cpp:1968]
  AAA_coeffToSlot: 23.2076 / 1 = 23.2076   [$ARTIFACT/ours/_build_case1/HElib-patched/src/recryption.cpp:2396]
  AAA_embeddingLargest: 0.808492 / 321 = 0.00251867   [$ARTIFACT/ours/_build_case1/HElib-patched/src/norms.cpp:250]
  AAA_embeddingLargest_x2: 0.587066 / 245 = 0.00239619   [$ARTIFACT/ours/_build_case1/HElib-patched/src/norms.cpp:423]
  AAA_extractDigitsThin: 121.951 / 1 = 121.951   [$ARTIFACT/ours/_build_case1/HElib-patched/src/recryption.cpp:2449]
  AAA_modDownEnbeddings: 0.691016 / 245 = 0.00282047   [$ARTIFACT/ours/_build_case1/HElib-patched/src/Ctxt.cpp:506]
  AAA_slotToCoeff: 5.25421 / 1 = 5.25421   [$ARTIFACT/ours/_build_case1/HElib-patched/src/recryption.cpp:1954]
  BasicAutomorphPrecon: 3.80937 / 8 = 0.476172   [$ARTIFACT/ours/_build_case1/HElib-patched/src/matmul.cpp:69]
  BluesteinFFT: 73.5422 / 22823 = 0.00322229   [$ARTIFACT/ours/_build_case1/HElib-patched/src/bluestein.cpp:141]
  Decrypt: 0.535161 / 1 = 0.535161   [$ARTIFACT/ours/_build_case1/HElib-patched/src/keys.cpp:1350]
  DoubleCRT: 44.9952 / 548 = 0.0821081   [$ARTIFACT/ours/_build_case1/HElib-patched/src/DoubleCRT.cpp:718]
  FFT: 54.7322 / 16156 = 0.00338773   [$ARTIFACT/ours/_build_case1/HElib-patched/src/CModulus.cpp:479]
  FFT: 68.4212 / 811 = 0.0843664   [$ARTIFACT/ours/_build_case1/HElib-patched/src/DoubleCRT.cpp:70]
  FFT: 68.4119 / 16156 = 0.00423446   [$ARTIFACT/ours/_build_case1/HElib-patched/src/CModulus.cpp:448]
  FFT_aux: 54.7193 / 16156 = 0.00338694   [$ARTIFACT/ours/_build_case1/HElib-patched/src/CModulus.cpp:360]
  FFT_remainder: 13.6693 / 16156 = 0.000846084   [$ARTIFACT/ours/_build_case1/HElib-patched/src/CModulus.cpp:455]
  KS_loop: 16.5869 / 652 = 0.02544   [$ARTIFACT/ours/_build_case1/HElib-patched/src/Ctxt.cpp:219]
  KS_loop_1: 2.69852 / 652 = 0.00413883   [$ARTIFACT/ours/_build_case1/HElib-patched/src/Ctxt.cpp:227]
  KS_loop_2: 2.44423 / 652 = 0.00374882   [$ARTIFACT/ours/_build_case1/HElib-patched/src/Ctxt.cpp:231]
  KS_loop_3: 2.72375 / 652 = 0.00417754   [$ARTIFACT/ours/_build_case1/HElib-patched/src/Ctxt.cpp:236]
  KS_loop_4: 0.966383 / 652 = 0.00148218   [$ARTIFACT/ours/_build_case1/HElib-patched/src/Ctxt.cpp:240]
  NORM_VAL: 1.38272 / 262 = 0.00527755   [$ARTIFACT/ours/_build_case1/HElib-patched/src/DoubleCRT.cpp:541]
  addCtxt: 10.1909 / 1848 = 0.00551453   [$ARTIFACT/ours/_build_case1/HElib-patched/src/Ctxt.cpp:1458]
  addPart: 5.41057 / 1621 = 0.0033378   [$ARTIFACT/ours/_build_case1/HElib-patched/src/Ctxt.cpp:905]
  addPrimes: 37.5707 / 263 = 0.142855   [$ARTIFACT/ours/_build_case1/HElib-patched/src/DoubleCRT.cpp:625]
  addPrimes_5: 39.5225 / 262 = 0.150849   [$ARTIFACT/ours/_build_case1/HElib-patched/src/DoubleCRT.cpp:518]
  automorph: 17.4944 / 177 = 0.0988382   [$ARTIFACT/ours/_build_case1/HElib-patched/src/matmul.cpp:117]
  automorph: 0.117044 / 33 = 0.00354679   [$ARTIFACT/ours/_build_case1/HElib-patched/src/Ctxt.cpp:2489]
  breakIntoDigits: 39.7572 / 96 = 0.414137   [$ARTIFACT/ours/_build_case1/HElib-patched/src/DoubleCRT.cpp:481]
  decode: 14.59 / 1 = 14.59   [$ARTIFACT/ours/_build_case1/HElib-patched/src/EncryptedArray.cpp:375]
  do_mul: 9.32371 / 2759 = 0.00337938   [$ARTIFACT/ours/_build_case1/HElib-patched/src/DoubleCRT.cpp:280]
  extractDigitsThin: 121.951 / 1 = 121.951   [$ARTIFACT/ours/_build_case1/HElib-patched/src/recryption.cpp:1597]
  iFFT: 35.6047 / 6667 = 0.00534044   [$ARTIFACT/ours/_build_case1/HElib-patched/src/CModulus.cpp:488]
  iFFT_division: 13.043 / 6667 = 0.00195635   [$ARTIFACT/ours/_build_case1/HElib-patched/src/CModulus.cpp:570]
  keySwitchPart: 43.2195 / 89 = 0.485612   [$ARTIFACT/ours/_build_case1/HElib-patched/src/Ctxt.cpp:836]
  modDownToSet: 86.8216 / 280 = 0.310077   [$ARTIFACT/ours/_build_case1/HElib-patched/src/Ctxt.cpp:409]
  mul_MatMul1DExec: 50.1678 / 6 = 8.36131   [$ARTIFACT/ours/_build_case1/HElib-patched/src/matmul.cpp:975]
  multByConstant: 3.067 / 577 = 0.00531543   [$ARTIFACT/ours/_build_case1/HElib-patched/src/Ctxt.cpp:1884]
  multByConstant: 0.098268 / 1 = 0.098268   [$ARTIFACT/ours/_build_case1/HElib-patched/src/Ctxt.cpp:1910]
  multLowLvl: 55.0994 / 75 = 0.734659   [$ARTIFACT/ours/_build_case1/HElib-patched/src/Ctxt.cpp:1733]
  multiplyBy: 52.3121 / 32 = 1.63475   [$ARTIFACT/ours/_build_case1/HElib-patched/src/Ctxt.cpp:1809]
  privateAssign: 2.57951 / 560 = 0.00460628   [$ARTIFACT/ours/_build_case1/HElib-patched/src/Ctxt.cpp:329]
  randomize: 6.46018 / 652 = 0.00990825   [$ARTIFACT/ours/_build_case1/HElib-patched/src/DoubleCRT.cpp:1318]
  randomize_stream: 3.62305 / 3739134 = 9.68954e-07   [$ARTIFACT/ours/_build_case1/HElib-patched/src/DoubleCRT.cpp:1348]
  reLinearize: 68.4138 / 165 = 0.414629   [$ARTIFACT/ours/_build_case1/HElib-patched/src/Ctxt.cpp:736]
  smartAutomorph: 14.294 / 33 = 0.43315   [$ARTIFACT/ours/_build_case1/HElib-patched/src/Ctxt.cpp:2514]
  thinReCrypt: 177.371 / 1 = 177.371   [$ARTIFACT/ours/_build_case1/HElib-patched/src/recryption.cpp:1872]
  toPoly: 48.4322 / 810 = 0.0597928   [$ARTIFACT/ours/_build_case1/HElib-patched/src/DoubleCRT.cpp:985]
  toPoly_CRT: 8.20231 / 810 = 0.0101263   [$ARTIFACT/ours/_build_case1/HElib-patched/src/DoubleCRT.cpp:1052]
  toPoly_FFT: 39.6876 / 810 = 0.048997   [$ARTIFACT/ours/_build_case1/HElib-patched/src/DoubleCRT.cpp:1030]
  rusage.ru_maxrss=12692656
||||| stats |||||
KS-noise-ratio ave=0.32125 max=10.2699
KS-noise-ratio-hoist ave=567723 max=4.54178e+06
break-into-digits-ratio ave=0.320282 max=0.389139
excess-ctxtPrimes ave=11.6528 max=11.6528
excess-specialPrimes ave=1.37065 max=1.37065
mod-switch-added-noise ave=0.325444 max=0.380801
ptxt_rat_sk ave=0.00571024 max=0.00571024
ptxt_rat_sk ave=0.306461 max=0.306461
raw-mod-switch-noise ave=0.340512 max=0.340512
window1-nchoices ave=3.2 max=4
window1-out ave=0 max=0
window2-nchoices ave=3.42857 max=9
window2-out ave=0 max=0
||||| stats |||||
KS-noise-ratio ave=0.32125 max=10.2699
KS-noise-ratio-hoist ave=567723 max=4.54178e+06
break-into-digits-ratio ave=0.320282 max=0.389139
excess-ctxtPrimes ave=11.6528 max=11.6528
excess-specialPrimes ave=1.37065 max=1.37065
mod-switch-added-noise ave=0.325444 max=0.380801
ptxt_rat_sk ave=0.00571024 max=0.00571024
ptxt_rat_sk ave=0.306461 max=0.306461
raw-mod-switch-noise ave=0.340512 max=0.340512
window1-nchoices ave=3.2 max=4
window1-out ave=0 max=0
window2-nchoices ave=3.42857 max=9
window2-out ave=0 max=0
WALL=3573.65 s MAXRSS=12692656 kB
exit=0 (NORMONLY pass1)
SET_DONE 27
