########## SET 29 p=13457 m=65047 d=2 :: BASELINE :: aux=116 :: pass1 :: h=26 :: 2026-09-15 01:46:01 ##########
chosen idx = 29
encapHwt = 26
t for new bts is -1
new bts ? 1
new ks ? 1
thick bts ?0
repeat times = 1
force bsgs = 0
force hoist = 0
*** GTestFatboot: p=13457, r=1, bits=1055, t=0, c=3, m=65047 mvec=[29 2243], gens=[6730 51592], ords=[28 1121]
Computing key-independent tables...using HELIB_EXPLICIT_AUX=116

t = -1
bound on I = 23.636583
log2(aux) = 6.857981
log2(beta) = 28.439853
log2(qks) >= 37.993914, final log2(qks) = 37.993932
log2(R) >= 28.424312, final log2(R) = 28.424344
INFO: total bits = 1406.93, security level = 126.827deg of poly for non-power-of-p aux is 2399
security=126.827
# small primes = 6
# ctxt primes = 18
# bits in ctxt primes = 1060
# special primes = 6
# bits in special primes = 347
scale=10
 done in 950.536 seconds
  e=0, e'=0, t=26
  m = 65047, p = 13457, phi(m) = 62776
  ord(p) = 2
  normBnd = 1.61955
  polyNormBnd = 4.0136
  factors = [29 2243]
  generator 6730 has order (== Z_m^*) of 28
  generator 51592 has order (== Z_m^*) of 1121
r = 1
nslots = 31388
hwt = 120
ctxtPrimes = [6,7,8,9,10,11,12,13,14,15,16,17,18,19,20,21,22,23]
specialPrimes = [28,29,30,31,32,33]
number of bits = 1407

security level = 126.827
Generating keys, Command terminated by signal 15
WALL=980.18 s MAXRSS=60949040 kB
exit=143 (BASELINE pass1)
########## SET 29 p=13457 m=65047 d=2 :: ORDER4 :: aux=116 :: pass1 :: h=26 :: 2026-09-15 02:02:21 ##########
chosen idx = 29
encapHwt = 26
t for new bts is -1
new bts ? 1
new ks ? 1
thick bts ?0
repeat times = 1
force bsgs = 0
force hoist = 0
*** GTestFatboot: p=13457, r=1, bits=1055, t=0, c=3, m=65047 mvec=[29 2243], gens=[6730 51592], ords=[28 1121]
Computing key-independent tables...using HELIB_EXPLICIT_AUX=116

t = -1
bound on I = 23.636583
log2(aux) = 6.857981
log2(beta) = 28.439853
log2(qks) >= 37.993914, final log2(qks) = 37.993932
log2(R) >= 28.424312, final log2(R) = 28.424344
INFO: total bits = 1406.93, security level = 126.827deg of poly for non-power-of-p aux is 2399
security=126.827
# small primes = 6
# ctxt primes = 18
# bits in ctxt primes = 1060
# special primes = 6
# bits in special primes = 347
scale=10
 done in 972.607 seconds
  e=0, e'=0, t=26
  m = 65047, p = 13457, phi(m) = 62776
  ord(p) = 2
  normBnd = 1.61955
  polyNormBnd = 4.0136
  factors = [29 2243]
  generator 6730 has order (== Z_m^*) of 28
  generator 51592 has order (== Z_m^*) of 1121
r = 1
nslots = 31388
hwt = 120
ctxtPrimes = [6,7,8,9,10,11,12,13,14,15,16,17,18,19,20,21,22,23]
specialPrimes = [28,29,30,31,32,33]
number of bits = 1407

security level = 126.827
Generating keys, Keys generated. Now genRecryptData...
computing key-dependent tables...Sparse boot key hwt = 26
genRecryptData done. recryptKeyID=1
lcAksBsgs=0 lcAksDelayed=0
Post-key setup done.
 done in 61.5318 seconds
Encrypt succeeded.
WARNING: KS-noise-ratio = 446.414 > 1
WARNING: KS-noise-ratio = 4.90562 > 1
WARNING: KS-noise-ratio = 1.87238 > 1
WARNING: KS-noise-ratio = 1.12089 > 1
WARNING: KS-noise-ratio = 4.32969 > 1
WARNING: KS-noise-ratio = 4.05528 > 1
WARNING: KS-noise-ratio = 2.70057 > 1
WARNING: KS-noise-ratio = 1.15282 > 1
WARNING: KS-noise-ratio = 1.06199 > 1
WARNING: KS-noise-ratio = 1.23035 > 1
HELIB_AUX_ORDER4_EVAL enabled: order=4, deg(P)=2399, terms(P)=601, deg(Q)=599, terms(Q)=600
time for linear1 = 16.440324, linear2 = 146.797945, extract = 122.159007, total = 287.972111
bits for linear1 = 50.046579, linear2 = 51.472891, extract = 420.047047, min cap = 9.554079, after cap = 540.285552, after prod = 1011.805490
cap / time = 1.669206

### summary over 1 test
time for linear1 = 16.440324, linear2 = 146.797945, extract = 122.159007, total = 287.972111
bits for linear1 = 50.046579, linear2 = 51.472891, extract = 420.047047, min cap = 9.554079, after cap = 540.285552, after prod = 1011.805490
cap / time = 1.669206


### bts finished, everything ok ###

  AAA_bootKeySwitch: 78.1922 / 1 = 78.1922   [$ARTIFACT/ours/_build_case1/HElib-patched/src/recryption.cpp:1968]
  AAA_coeffToSlot: 70.6806 / 1 = 70.6806   [$ARTIFACT/ours/_build_case1/HElib-patched/src/recryption.cpp:2396]
  AAA_embeddingLargest: 1.43209 / 416 = 0.00344252   [$ARTIFACT/ours/_build_case1/HElib-patched/src/norms.cpp:250]
  AAA_embeddingLargest_x2: 0.915263 / 259 = 0.00353383   [$ARTIFACT/ours/_build_case1/HElib-patched/src/norms.cpp:423]
  AAA_extractDigitsThin: 122.157 / 1 = 122.157   [$ARTIFACT/ours/_build_case1/HElib-patched/src/recryption.cpp:2449]
  AAA_modDownEnbeddings: 1.03686 / 259 = 0.00400332   [$ARTIFACT/ours/_build_case1/HElib-patched/src/Ctxt.cpp:506]
  AAA_slotToCoeff: 16.4401 / 1 = 16.4401   [$ARTIFACT/ours/_build_case1/HElib-patched/src/recryption.cpp:1954]
  BasicAutomorphPrecon: 4.51941 / 8 = 0.564926   [$ARTIFACT/ours/_build_case1/HElib-patched/src/matmul.cpp:69]
  BluesteinFFT: 94.7846 / 19593 = 0.00483768   [$ARTIFACT/ours/_build_case1/HElib-patched/src/bluestein.cpp:141]
  Decrypt: 0.729556 / 1 = 0.729556   [$ARTIFACT/ours/_build_case1/HElib-patched/src/keys.cpp:1350]
  DoubleCRT: 50.2049 / 564 = 0.0890158   [$ARTIFACT/ours/_build_case1/HElib-patched/src/DoubleCRT.cpp:718]
  FFT: 68.8856 / 13555 = 0.00508193   [$ARTIFACT/ours/_build_case1/HElib-patched/src/CModulus.cpp:479]
  FFT: 88.1086 / 934 = 0.0943347   [$ARTIFACT/ours/_build_case1/HElib-patched/src/DoubleCRT.cpp:70]
  FFT: 88.0877 / 13555 = 0.00649854   [$ARTIFACT/ours/_build_case1/HElib-patched/src/CModulus.cpp:448]
  FFT_aux: 68.8621 / 13555 = 0.0050802   [$ARTIFACT/ours/_build_case1/HElib-patched/src/CModulus.cpp:360]
  FFT_remainder: 19.1831 / 13555 = 0.00141521   [$ARTIFACT/ours/_build_case1/HElib-patched/src/CModulus.cpp:455]
  KS_loop: 23.3703 / 778 = 0.0300389   [$ARTIFACT/ours/_build_case1/HElib-patched/src/Ctxt.cpp:219]
  KS_loop_1: 3.78208 / 778 = 0.00486129   [$ARTIFACT/ours/_build_case1/HElib-patched/src/Ctxt.cpp:227]
  KS_loop_2: 3.68357 / 778 = 0.00473467   [$ARTIFACT/ours/_build_case1/HElib-patched/src/Ctxt.cpp:231]
  KS_loop_3: 3.76458 / 778 = 0.00483879   [$ARTIFACT/ours/_build_case1/HElib-patched/src/Ctxt.cpp:236]
  KS_loop_4: 1.44589 / 778 = 0.00185847   [$ARTIFACT/ours/_build_case1/HElib-patched/src/Ctxt.cpp:240]
  NORM_VAL: 2.49148 / 369 = 0.00675198   [$ARTIFACT/ours/_build_case1/HElib-patched/src/DoubleCRT.cpp:541]
  addConstant: 0.350044 / 30 = 0.0116681   [$ARTIFACT/ours/_build_case1/HElib-patched/src/Ctxt.cpp:2197]
  addCtxt: 30.1768 / 4149 = 0.00727328   [$ARTIFACT/ours/_build_case1/HElib-patched/src/Ctxt.cpp:1458]
  addPart: 7.68167 / 1953 = 0.00393327   [$ARTIFACT/ours/_build_case1/HElib-patched/src/Ctxt.cpp:905]
  addPrimes: 61.6988 / 370 = 0.166753   [$ARTIFACT/ours/_build_case1/HElib-patched/src/DoubleCRT.cpp:625]
  addPrimes_5: 65.2268 / 369 = 0.176766   [$ARTIFACT/ours/_build_case1/HElib-patched/src/DoubleCRT.cpp:518]
  automorph: 21.7098 / 188 = 0.115478   [$ARTIFACT/ours/_build_case1/HElib-patched/src/matmul.cpp:117]
  automorph: 0.487678 / 96 = 0.00507998   [$ARTIFACT/ours/_build_case1/HElib-patched/src/Ctxt.cpp:2489]
  breakIntoDigits: 65.7091 / 147 = 0.447001   [$ARTIFACT/ours/_build_case1/HElib-patched/src/DoubleCRT.cpp:481]
  decode: 41.7403 / 1 = 41.7403   [$ARTIFACT/ours/_build_case1/HElib-patched/src/EncryptedArray.cpp:375]
  do_mul: 32.5343 / 8677 = 0.00374949   [$ARTIFACT/ours/_build_case1/HElib-patched/src/DoubleCRT.cpp:280]
  extractDigitsThin: 122.157 / 1 = 122.157   [$ARTIFACT/ours/_build_case1/HElib-patched/src/recryption.cpp:1597]
  iFFT: 45.2143 / 6038 = 0.0074883   [$ARTIFACT/ours/_build_case1/HElib-patched/src/CModulus.cpp:488]
  iFFT_division: 14.3177 / 6038 = 0.00237127   [$ARTIFACT/ours/_build_case1/HElib-patched/src/CModulus.cpp:570]
  keySwitchPart: 73.234 / 140 = 0.5231   [$ARTIFACT/ours/_build_case1/HElib-patched/src/Ctxt.cpp:836]
  modDownToSet: 103.931 / 357 = 0.291123   [$ARTIFACT/ours/_build_case1/HElib-patched/src/Ctxt.cpp:409]
  mul_MatMul1DExec: 160.893 / 6 = 26.8156   [$ARTIFACT/ours/_build_case1/HElib-patched/src/matmul.cpp:975]
  multByConstant: 24.3192 / 3448 = 0.00705315   [$ARTIFACT/ours/_build_case1/HElib-patched/src/Ctxt.cpp:1884]
  multByConstant: 0.120553 / 1 = 0.120553   [$ARTIFACT/ours/_build_case1/HElib-patched/src/Ctxt.cpp:1910]
  multLowLvl: 49.2088 / 56 = 0.878729   [$ARTIFACT/ours/_build_case1/HElib-patched/src/Ctxt.cpp:1733]
  multiplyBy: 49.9223 / 27 = 1.84897   [$ARTIFACT/ours/_build_case1/HElib-patched/src/Ctxt.cpp:1809]
  privateAssign: 5.60501 / 942 = 0.00595012   [$ARTIFACT/ours/_build_case1/HElib-patched/src/Ctxt.cpp:329]
  randomize: 8.97486 / 778 = 0.0115358   [$ARTIFACT/ours/_build_case1/HElib-patched/src/DoubleCRT.cpp:1318]
  randomize_stream: 5.04621 / 4997785 = 1.00969e-06   [$ARTIFACT/ours/_build_case1/HElib-patched/src/DoubleCRT.cpp:1348]
  reLinearize: 97.8313 / 276 = 0.354461   [$ARTIFACT/ours/_build_case1/HElib-patched/src/Ctxt.cpp:736]
  smartAutomorph: 50.1103 / 96 = 0.521983   [$ARTIFACT/ours/_build_case1/HElib-patched/src/Ctxt.cpp:2514]
  thinReCrypt: 287.983 / 1 = 287.983   [$ARTIFACT/ours/_build_case1/HElib-patched/src/recryption.cpp:1872]
  toPoly: 65.0944 / 933 = 0.0697689   [$ARTIFACT/ours/_build_case1/HElib-patched/src/DoubleCRT.cpp:985]
  toPoly_CRT: 11.8594 / 933 = 0.012711   [$ARTIFACT/ours/_build_case1/HElib-patched/src/DoubleCRT.cpp:1052]
  toPoly_FFT: 52.2083 / 933 = 0.0559574   [$ARTIFACT/ours/_build_case1/HElib-patched/src/DoubleCRT.cpp:1030]
  rusage.ru_maxrss=64049812
Command terminated by signal 15
WALL=1374.47 s MAXRSS=64049812 kB
exit=143 (ORDER4 pass1)
########## SET 29 p=13457 m=65047 d=2 :: ORDER4_COMPOSED :: aux=116 :: pass1 :: h=26 :: 2026-09-15 02:25:16 ##########
chosen idx = 29
encapHwt = 26
t for new bts is -1
new bts ? 1
new ks ? 1
thick bts ?0
repeat times = 1
force bsgs = 0
force hoist = 0
*** GTestFatboot: p=13457, r=1, bits=1055, t=0, c=3, m=65047 mvec=[29 2243], gens=[6730 51592], ords=[28 1121]
Computing key-independent tables...Command terminated by signal 15
WALL=818.04 s MAXRSS=52354752 kB
exit=143 (ORDER4_COMPOSED pass1)
########## SET 29 p=13457 m=65047 d=2 :: NORMONLY :: aux=116 :: pass1 :: h=26 :: 2026-09-15 02:38:54 ##########
chosen idx = 29
encapHwt = 26
t for new bts is -1
new bts ? 1
new ks ? 1
thick bts ?0
repeat times = 1
force bsgs = 0
force hoist = 0
*** GTestFatboot: p=13457, r=1, bits=1055, t=0, c=3, m=65047 mvec=[29 2243], gens=[6730 51592], ords=[28 1121]
Computing key-independent tables...Command terminated by signal 15
WALL=470.33 s MAXRSS=33580600 kB
exit=143 (NORMONLY pass1)
SET_DONE 29
########## SET 29 p=13457 m=65047 d=2 :: BASELINE :: aux=116 :: pass1 :: h=26 :: 2026-09-15 10:07:23 ##########
chosen idx = 29
encapHwt = 26
t for new bts is -1
new bts ? 1
new ks ? 1
thick bts ?0
repeat times = 1
force bsgs = 0
force hoist = 0
*** GTestFatboot: p=13457, r=1, bits=1055, t=0, c=3, m=65047 mvec=[29 2243], gens=[6730 51592], ords=[28 1121]
Computing key-independent tables...using HELIB_EXPLICIT_AUX=116

t = -1
bound on I = 23.636583
log2(aux) = 6.857981
log2(beta) = 28.439853
log2(qks) >= 37.993914, final log2(qks) = 37.993932
log2(R) >= 28.424312, final log2(R) = 28.424344
INFO: total bits = 1406.93, security level = 126.827deg of poly for non-power-of-p aux is 2399
security=126.827
# small primes = 6
# ctxt primes = 18
# bits in ctxt primes = 1060
# special primes = 6
# bits in special primes = 347
scale=10
 done in 859.168 seconds
  e=0, e'=0, t=26
  m = 65047, p = 13457, phi(m) = 62776
  ord(p) = 2
  normBnd = 1.61955
  polyNormBnd = 4.0136
  factors = [29 2243]
  generator 6730 has order (== Z_m^*) of 28
  generator 51592 has order (== Z_m^*) of 1121
r = 1
nslots = 31388
hwt = 120
ctxtPrimes = [6,7,8,9,10,11,12,13,14,15,16,17,18,19,20,21,22,23]
specialPrimes = [28,29,30,31,32,33]
number of bits = 1407

security level = 126.827
Generating keys, Keys generated. Now genRecryptData...
computing key-dependent tables...Sparse boot key hwt = 26
genRecryptData done. recryptKeyID=1
lcAksBsgs=0 lcAksDelayed=0
Post-key setup done.
 done in 55.7501 seconds
Encrypt succeeded.
WARNING: KS-noise-ratio = 1.00209 > 1
WARNING: KS-noise-ratio = 317.564 > 1
WARNING: KS-noise-ratio = 2.26294 > 1
WARNING: KS-noise-ratio = 1.32058 > 1
WARNING: KS-noise-ratio = 409.654 > 1
WARNING: KS-noise-ratio = 4.91214 > 1
WARNING: KS-noise-ratio = 5.52173 > 1
WARNING: KS-noise-ratio = 4.68374 > 1
WARNING: KS-noise-ratio = 4.54356 > 1
WARNING: KS-noise-ratio = 3.3562 > 1
WARNING: KS-noise-ratio = 3.21217 > 1
WARNING: KS-noise-ratio = 2.37158 > 1
WARNING: KS-noise-ratio = 1.20584 > 1
WARNING: KS-noise-ratio = 1.31885 > 1
WARNING: KS-noise-ratio = 1.39432 > 1
WARNING: KS-noise-ratio = 1.308 > 1
WARNING: KS-noise-ratio = 1.24432 > 1
WARNING: KS-noise-ratio = 1.28542 > 1
WARNING: KS-noise-ratio = 1.06181 > 1
WARNING: KS-noise-ratio = 1.18658 > 1
WARNING: KS-noise-ratio = 1.14098 > 1
WARNING: KS-noise-ratio = 1.3657 > 1
WARNING: KS-noise-ratio = 1.1518 > 1
WARNING: KS-noise-ratio = 1.40627 > 1
WARNING: KS-noise-ratio = 1.23324 > 1
WARNING: KS-noise-ratio = 1.39679 > 1
WARNING: KS-noise-ratio = 1.18073 > 1
time for linear1 = 14.614745, linear2 = 127.730413, extract = 185.658014, total = 330.235809
bits for linear1 = 50.149060, linear2 = 51.453258, extract = 360.909228, min cap = 9.554079, after cap = 599.481115, after prod = 1011.843601
cap / time = 1.634523

### summary over 1 test
time for linear1 = 14.614745, linear2 = 127.730413, extract = 185.658014, total = 330.235809
bits for linear1 = 50.149060, linear2 = 51.453258, extract = 360.909228, min cap = 9.554079, after cap = 599.481115, after prod = 1011.843601
cap / time = 1.634523


### bts finished, everything ok ###

  AAA_bootKeySwitch: 66.6232 / 1 = 66.6232   [$ARTIFACT/ours/_build_case1/HElib-patched/src/recryption.cpp:1968]
  AAA_coeffToSlot: 62.9308 / 1 = 62.9308   [$ARTIFACT/ours/_build_case1/HElib-patched/src/recryption.cpp:2396]
  AAA_embeddingLargest: 1.72729 / 558 = 0.00309549   [$ARTIFACT/ours/_build_case1/HElib-patched/src/norms.cpp:250]
  AAA_embeddingLargest_x2: 1.1978 / 383 = 0.00312742   [$ARTIFACT/ours/_build_case1/HElib-patched/src/norms.cpp:423]
  AAA_extractDigitsThin: 185.656 / 1 = 185.656   [$ARTIFACT/ours/_build_case1/HElib-patched/src/recryption.cpp:2449]
  AAA_modDownEnbeddings: 1.39411 / 383 = 0.00363998   [$ARTIFACT/ours/_build_case1/HElib-patched/src/Ctxt.cpp:506]
  AAA_slotToCoeff: 14.6146 / 1 = 14.6146   [$ARTIFACT/ours/_build_case1/HElib-patched/src/recryption.cpp:1954]
  BasicAutomorphPrecon: 3.98394 / 8 = 0.497993   [$ARTIFACT/ours/_build_case1/HElib-patched/src/matmul.cpp:69]
  BluesteinFFT: 127.061 / 28425 = 0.00447005   [$ARTIFACT/ours/_build_case1/HElib-patched/src/bluestein.cpp:141]
  Decrypt: 0.589196 / 1 = 0.589196   [$ARTIFACT/ours/_build_case1/HElib-patched/src/keys.cpp:1350]
  DoubleCRT: 70.1335 / 847 = 0.0828023   [$ARTIFACT/ours/_build_case1/HElib-patched/src/DoubleCRT.cpp:718]
  FFT: 92.9306 / 19737 = 0.00470845   [$ARTIFACT/ours/_build_case1/HElib-patched/src/CModulus.cpp:479]
  FFT: 114.222 / 1324 = 0.0862702   [$ARTIFACT/ours/_build_case1/HElib-patched/src/DoubleCRT.cpp:70]
  FFT: 114.213 / 19737 = 0.00578672   [$ARTIFACT/ours/_build_case1/HElib-patched/src/CModulus.cpp:448]
  FFT_aux: 92.9146 / 19737 = 0.00470764   [$ARTIFACT/ours/_build_case1/HElib-patched/src/CModulus.cpp:360]
  FFT_remainder: 21.2695 / 19737 = 0.00107765   [$ARTIFACT/ours/_build_case1/HElib-patched/src/CModulus.cpp:455]
  KS_loop: 23.9284 / 885 = 0.0270378   [$ARTIFACT/ours/_build_case1/HElib-patched/src/Ctxt.cpp:219]
  KS_loop_1: 3.96135 / 885 = 0.0044761   [$ARTIFACT/ours/_build_case1/HElib-patched/src/Ctxt.cpp:227]
  KS_loop_2: 3.18269 / 885 = 0.00359626   [$ARTIFACT/ours/_build_case1/HElib-patched/src/Ctxt.cpp:231]
  KS_loop_3: 4.08385 / 885 = 0.00461452   [$ARTIFACT/ours/_build_case1/HElib-patched/src/Ctxt.cpp:236]
  KS_loop_4: 1.36474 / 885 = 0.00154207   [$ARTIFACT/ours/_build_case1/HElib-patched/src/Ctxt.cpp:240]
  NORM_VAL: 2.9267 / 476 = 0.00614853   [$ARTIFACT/ours/_build_case1/HElib-patched/src/DoubleCRT.cpp:541]
  addCtxt: 24.8144 / 5948 = 0.0041719   [$ARTIFACT/ours/_build_case1/HElib-patched/src/Ctxt.cpp:1458]
  addPart: 7.1829 / 2207 = 0.0032546   [$ARTIFACT/ours/_build_case1/HElib-patched/src/Ctxt.cpp:905]
  addPrimes: 70.8255 / 477 = 0.148481   [$ARTIFACT/ours/_build_case1/HElib-patched/src/DoubleCRT.cpp:625]
  addPrimes_5: 74.884 / 476 = 0.157319   [$ARTIFACT/ours/_build_case1/HElib-patched/src/DoubleCRT.cpp:518]
  automorph: 19.685 / 188 = 0.104707   [$ARTIFACT/ours/_build_case1/HElib-patched/src/matmul.cpp:117]
  automorph: 0.406855 / 96 = 0.00423807   [$ARTIFACT/ours/_build_case1/HElib-patched/src/Ctxt.cpp:2489]
  breakIntoDigits: 75.3042 / 182 = 0.41376   [$ARTIFACT/ours/_build_case1/HElib-patched/src/DoubleCRT.cpp:481]
  decode: 38.9211 / 1 = 38.9211   [$ARTIFACT/ours/_build_case1/HElib-patched/src/EncryptedArray.cpp:375]
  do_mul: 28.4107 / 9071 = 0.00313203   [$ARTIFACT/ours/_build_case1/HElib-patched/src/DoubleCRT.cpp:280]
  extractDigitsThin: 185.656 / 1 = 185.656   [$ARTIFACT/ours/_build_case1/HElib-patched/src/recryption.cpp:1597]
  iFFT: 59.2391 / 8688 = 0.00681849   [$ARTIFACT/ours/_build_case1/HElib-patched/src/CModulus.cpp:488]
  iFFT_division: 18.516 / 8688 = 0.00213122   [$ARTIFACT/ours/_build_case1/HElib-patched/src/CModulus.cpp:570]
  keySwitchPart: 85.3178 / 175 = 0.48753   [$ARTIFACT/ours/_build_case1/HElib-patched/src/Ctxt.cpp:836]
  modDownToSet: 141.887 / 481 = 0.294982   [$ARTIFACT/ours/_build_case1/HElib-patched/src/Ctxt.cpp:409]
  mul_MatMul1DExec: 140.27 / 6 = 23.3783   [$ARTIFACT/ours/_build_case1/HElib-patched/src/matmul.cpp:975]
  multByConstant: 19.2061 / 3448 = 0.00557021   [$ARTIFACT/ours/_build_case1/HElib-patched/src/Ctxt.cpp:1884]
  multByConstant: 0.108799 / 1 = 0.108799   [$ARTIFACT/ours/_build_case1/HElib-patched/src/Ctxt.cpp:1910]
  multLowLvl: 79.7151 / 101 = 0.789259   [$ARTIFACT/ours/_build_case1/HElib-patched/src/Ctxt.cpp:1733]
  multiplyBy: 91.1127 / 52 = 1.75217   [$ARTIFACT/ours/_build_case1/HElib-patched/src/Ctxt.cpp:1809]
  privateAssign: 4.43936 / 1048 = 0.00423603   [$ARTIFACT/ours/_build_case1/HElib-patched/src/Ctxt.cpp:329]
  randomize: 9.78116 / 885 = 0.0110522   [$ARTIFACT/ours/_build_case1/HElib-patched/src/DoubleCRT.cpp:1318]
  randomize_stream: 5.50342 / 5688161 = 9.67521e-07   [$ARTIFACT/ours/_build_case1/HElib-patched/src/DoubleCRT.cpp:1348]
  reLinearize: 124.341 / 317 = 0.392242   [$ARTIFACT/ours/_build_case1/HElib-patched/src/Ctxt.cpp:736]
  smartAutomorph: 44.8212 / 96 = 0.466888   [$ARTIFACT/ours/_build_case1/HElib-patched/src/Ctxt.cpp:2514]
  thinReCrypt: 330.245 / 1 = 330.245   [$ARTIFACT/ours/_build_case1/HElib-patched/src/recryption.cpp:1872]
  toPoly: 82.018 / 1323 = 0.061994   [$ARTIFACT/ours/_build_case1/HElib-patched/src/DoubleCRT.cpp:985]
  toPoly_CRT: 15.5004 / 1323 = 0.0117161   [$ARTIFACT/ours/_build_case1/HElib-patched/src/DoubleCRT.cpp:1052]
  toPoly_FFT: 65.3216 / 1323 = 0.0493739   [$ARTIFACT/ours/_build_case1/HElib-patched/src/DoubleCRT.cpp:1030]
  rusage.ru_maxrss=64598048
||||| stats |||||
KS-noise-ratio ave=4.46188 max=409.654
KS-noise-ratio-hoist ave=297605 max=2.38084e+06
break-into-digits-ratio ave=0.327561 max=0.393023
excess-ctxtPrimes ave=4.74991 max=4.74991
excess-specialPrimes ave=3.17046 max=3.17046
mod-switch-added-noise ave=0.33013 max=0.402842
ptxt_rat_sk ave=0.0105893 max=0.0105893
ptxt_rat_sk ave=0.308614 max=0.308614
raw-mod-switch-noise ave=0.335143 max=0.335143
window1-nchoices ave=3.8 max=5
window1-out ave=0 max=0
window2-nchoices ave=4.76042 max=9
window2-out ave=0 max=0
||||| stats |||||
KS-noise-ratio ave=4.46188 max=409.654
KS-noise-ratio-hoist ave=297605 max=2.38084e+06
break-into-digits-ratio ave=0.327561 max=0.393023
excess-ctxtPrimes ave=4.74991 max=4.74991
excess-specialPrimes ave=3.17046 max=3.17046
mod-switch-added-noise ave=0.33013 max=0.402842
ptxt_rat_sk ave=0.0105893 max=0.0105893
ptxt_rat_sk ave=0.308614 max=0.308614
raw-mod-switch-noise ave=0.335143 max=0.335143
window1-nchoices ave=3.8 max=5
window1-out ave=0 max=0
window2-nchoices ave=4.76042 max=9
window2-out ave=0 max=0
WALL=1297.42 s MAXRSS=64598048 kB
exit=0 (BASELINE pass1)
########## SET 29 p=13457 m=65047 d=2 :: ORDER4 :: aux=116 :: pass1 :: h=26 :: 2026-09-15 10:29:01 ##########
chosen idx = 29
encapHwt = 26
t for new bts is -1
new bts ? 1
new ks ? 1
thick bts ?0
repeat times = 1
force bsgs = 0
force hoist = 0
*** GTestFatboot: p=13457, r=1, bits=1055, t=0, c=3, m=65047 mvec=[29 2243], gens=[6730 51592], ords=[28 1121]
Computing key-independent tables...using HELIB_EXPLICIT_AUX=116

t = -1
bound on I = 23.636583
log2(aux) = 6.857981
log2(beta) = 28.439853
log2(qks) >= 37.993914, final log2(qks) = 37.993932
log2(R) >= 28.424312, final log2(R) = 28.424344
INFO: total bits = 1406.93, security level = 126.827deg of poly for non-power-of-p aux is 2399
security=126.827
# small primes = 6
# ctxt primes = 18
# bits in ctxt primes = 1060
# special primes = 6
# bits in special primes = 347
scale=10
 done in 848.129 seconds
  e=0, e'=0, t=26
  m = 65047, p = 13457, phi(m) = 62776
  ord(p) = 2
  normBnd = 1.61955
  polyNormBnd = 4.0136
  factors = [29 2243]
  generator 6730 has order (== Z_m^*) of 28
  generator 51592 has order (== Z_m^*) of 1121
r = 1
nslots = 31388
hwt = 120
ctxtPrimes = [6,7,8,9,10,11,12,13,14,15,16,17,18,19,20,21,22,23]
specialPrimes = [28,29,30,31,32,33]
number of bits = 1407

security level = 126.827
Generating keys, Keys generated. Now genRecryptData...
computing key-dependent tables...Sparse boot key hwt = 26
genRecryptData done. recryptKeyID=1
lcAksBsgs=0 lcAksDelayed=0
Post-key setup done.
 done in 56.6406 seconds
Encrypt succeeded.
WARNING: KS-noise-ratio = 1.04873 > 1
WARNING: KS-noise-ratio = 474.043 > 1
WARNING: KS-noise-ratio = 5.04026 > 1
WARNING: KS-noise-ratio = 1.88811 > 1
WARNING: KS-noise-ratio = 1.18922 > 1
WARNING: KS-noise-ratio = 4.35189 > 1
WARNING: KS-noise-ratio = 4.34683 > 1
WARNING: KS-noise-ratio = 2.88864 > 1
WARNING: KS-noise-ratio = 1.22952 > 1
WARNING: KS-noise-ratio = 1.06922 > 1
WARNING: KS-noise-ratio = 1.10933 > 1
HELIB_AUX_ORDER4_EVAL enabled: order=4, deg(P)=2399, terms(P)=601, deg(Q)=599, terms(Q)=600
time for linear1 = 14.836288, linear2 = 130.344058, extract = 108.208638, total = 255.715955
bits for linear1 = 50.063352, linear2 = 51.576813, extract = 420.185445, min cap = 9.554079, after cap = 540.273987, after prod = 1012.036245
cap / time = 1.879650

### summary over 1 test
time for linear1 = 14.836288, linear2 = 130.344058, extract = 108.208638, total = 255.715955
bits for linear1 = 50.063352, linear2 = 51.576813, extract = 420.185445, min cap = 9.554079, after cap = 540.273987, after prod = 1012.036245
cap / time = 1.879650


### bts finished, everything ok ###

  AAA_bootKeySwitch: 68.3563 / 1 = 68.3563   [$ARTIFACT/ours/_build_case1/HElib-patched/src/recryption.cpp:1968]
  AAA_coeffToSlot: 63.8541 / 1 = 63.8541   [$ARTIFACT/ours/_build_case1/HElib-patched/src/recryption.cpp:2396]
  AAA_embeddingLargest: 1.28189 / 416 = 0.00308148   [$ARTIFACT/ours/_build_case1/HElib-patched/src/norms.cpp:250]
  AAA_embeddingLargest_x2: 0.8344 / 259 = 0.00322162   [$ARTIFACT/ours/_build_case1/HElib-patched/src/norms.cpp:423]
  AAA_extractDigitsThin: 108.207 / 1 = 108.207   [$ARTIFACT/ours/_build_case1/HElib-patched/src/recryption.cpp:2449]
  AAA_modDownEnbeddings: 0.943507 / 259 = 0.00364288   [$ARTIFACT/ours/_build_case1/HElib-patched/src/Ctxt.cpp:506]
  AAA_slotToCoeff: 14.8361 / 1 = 14.8361   [$ARTIFACT/ours/_build_case1/HElib-patched/src/recryption.cpp:1954]
  BasicAutomorphPrecon: 4.04442 / 8 = 0.505552   [$ARTIFACT/ours/_build_case1/HElib-patched/src/matmul.cpp:69]
  BluesteinFFT: 87.8198 / 19593 = 0.0044822   [$ARTIFACT/ours/_build_case1/HElib-patched/src/bluestein.cpp:141]
  Decrypt: 0.685666 / 1 = 0.685666   [$ARTIFACT/ours/_build_case1/HElib-patched/src/keys.cpp:1350]
  DoubleCRT: 44.9923 / 564 = 0.0797736   [$ARTIFACT/ours/_build_case1/HElib-patched/src/DoubleCRT.cpp:718]
  FFT: 63.9649 / 13555 = 0.00471892   [$ARTIFACT/ours/_build_case1/HElib-patched/src/CModulus.cpp:479]
  FFT: 79.3056 / 934 = 0.0849096   [$ARTIFACT/ours/_build_case1/HElib-patched/src/DoubleCRT.cpp:70]
  FFT: 79.2971 / 13555 = 0.00585003   [$ARTIFACT/ours/_build_case1/HElib-patched/src/CModulus.cpp:448]
  FFT_aux: 63.9537 / 13555 = 0.00471809   [$ARTIFACT/ours/_build_case1/HElib-patched/src/CModulus.cpp:360]
  FFT_remainder: 15.3236 / 13555 = 0.00113047   [$ARTIFACT/ours/_build_case1/HElib-patched/src/CModulus.cpp:455]
  KS_loop: 21.6006 / 778 = 0.0277643   [$ARTIFACT/ours/_build_case1/HElib-patched/src/Ctxt.cpp:219]
  KS_loop_1: 3.56245 / 778 = 0.00457899   [$ARTIFACT/ours/_build_case1/HElib-patched/src/Ctxt.cpp:227]
  KS_loop_2: 3.22762 / 778 = 0.00414861   [$ARTIFACT/ours/_build_case1/HElib-patched/src/Ctxt.cpp:231]
  KS_loop_3: 3.58146 / 778 = 0.00460341   [$ARTIFACT/ours/_build_case1/HElib-patched/src/Ctxt.cpp:236]
  KS_loop_4: 1.22839 / 778 = 0.0015789   [$ARTIFACT/ours/_build_case1/HElib-patched/src/Ctxt.cpp:240]
  NORM_VAL: 2.25818 / 369 = 0.00611973   [$ARTIFACT/ours/_build_case1/HElib-patched/src/DoubleCRT.cpp:541]
  addConstant: 0.284517 / 30 = 0.0094839   [$ARTIFACT/ours/_build_case1/HElib-patched/src/Ctxt.cpp:2197]
  addCtxt: 24.9344 / 4149 = 0.00600973   [$ARTIFACT/ours/_build_case1/HElib-patched/src/Ctxt.cpp:1458]
  addPart: 6.66958 / 1953 = 0.00341504   [$ARTIFACT/ours/_build_case1/HElib-patched/src/Ctxt.cpp:905]
  addPrimes: 55.6082 / 370 = 0.150292   [$ARTIFACT/ours/_build_case1/HElib-patched/src/DoubleCRT.cpp:625]
  addPrimes_5: 58.7623 / 369 = 0.159247   [$ARTIFACT/ours/_build_case1/HElib-patched/src/DoubleCRT.cpp:518]
  automorph: 19.9671 / 188 = 0.106208   [$ARTIFACT/ours/_build_case1/HElib-patched/src/matmul.cpp:117]
  automorph: 0.433377 / 96 = 0.00451434   [$ARTIFACT/ours/_build_case1/HElib-patched/src/Ctxt.cpp:2489]
  breakIntoDigits: 59.1156 / 147 = 0.402147   [$ARTIFACT/ours/_build_case1/HElib-patched/src/DoubleCRT.cpp:481]
  decode: 39.035 / 1 = 39.035   [$ARTIFACT/ours/_build_case1/HElib-patched/src/EncryptedArray.cpp:375]
  do_mul: 28.3079 / 8677 = 0.0032624   [$ARTIFACT/ours/_build_case1/HElib-patched/src/DoubleCRT.cpp:280]
  extractDigitsThin: 108.207 / 1 = 108.207   [$ARTIFACT/ours/_build_case1/HElib-patched/src/recryption.cpp:1597]
  iFFT: 41.3793 / 6038 = 0.00685315   [$ARTIFACT/ours/_build_case1/HElib-patched/src/CModulus.cpp:488]
  iFFT_division: 12.9347 / 6038 = 0.00214221   [$ARTIFACT/ours/_build_case1/HElib-patched/src/CModulus.cpp:570]
  keySwitchPart: 66.1922 / 140 = 0.472801   [$ARTIFACT/ours/_build_case1/HElib-patched/src/Ctxt.cpp:836]
  modDownToSet: 93.3272 / 357 = 0.261421   [$ARTIFACT/ours/_build_case1/HElib-patched/src/Ctxt.cpp:409]
  mul_MatMul1DExec: 143.059 / 6 = 23.8432   [$ARTIFACT/ours/_build_case1/HElib-patched/src/matmul.cpp:975]
  multByConstant: 20.5613 / 3448 = 0.00596324   [$ARTIFACT/ours/_build_case1/HElib-patched/src/Ctxt.cpp:1884]
  multByConstant: 0.109326 / 1 = 0.109326   [$ARTIFACT/ours/_build_case1/HElib-patched/src/Ctxt.cpp:1910]
  multLowLvl: 43.8977 / 56 = 0.783887   [$ARTIFACT/ours/_build_case1/HElib-patched/src/Ctxt.cpp:1733]
  multiplyBy: 45.0792 / 27 = 1.6696   [$ARTIFACT/ours/_build_case1/HElib-patched/src/Ctxt.cpp:1809]
  privateAssign: 4.15399 / 942 = 0.00440976   [$ARTIFACT/ours/_build_case1/HElib-patched/src/Ctxt.cpp:329]
  randomize: 8.58934 / 778 = 0.0110403   [$ARTIFACT/ours/_build_case1/HElib-patched/src/DoubleCRT.cpp:1318]
  randomize_stream: 4.8065 / 4998147 = 9.61656e-07   [$ARTIFACT/ours/_build_case1/HElib-patched/src/DoubleCRT.cpp:1348]
  reLinearize: 88.2042 / 276 = 0.31958   [$ARTIFACT/ours/_build_case1/HElib-patched/src/Ctxt.cpp:736]
  smartAutomorph: 45.358 / 96 = 0.47248   [$ARTIFACT/ours/_build_case1/HElib-patched/src/Ctxt.cpp:2514]
  thinReCrypt: 255.729 / 1 = 255.729   [$ARTIFACT/ours/_build_case1/HElib-patched/src/recryption.cpp:1872]
  toPoly: 58.5299 / 933 = 0.062733   [$ARTIFACT/ours/_build_case1/HElib-patched/src/DoubleCRT.cpp:985]
  toPoly_CRT: 11.0504 / 933 = 0.011844   [$ARTIFACT/ours/_build_case1/HElib-patched/src/DoubleCRT.cpp:1052]
  toPoly_FFT: 46.6028 / 933 = 0.0499494   [$ARTIFACT/ours/_build_case1/HElib-patched/src/DoubleCRT.cpp:1030]
  rusage.ru_maxrss=64051868
||||| stats |||||
KS-noise-ratio ave=3.57206 max=474.043
KS-noise-ratio-hoist ave=312656 max=2.50125e+06
break-into-digits-ratio ave=0.327316 max=0.393757
excess-ctxtPrimes ave=4.74991 max=4.74991
excess-specialPrimes ave=3.17046 max=3.17046
mod-switch-added-noise ave=0.331743 max=0.388616
ptxt_rat_sk ave=0.0101402 max=0.0101402
ptxt_rat_sk ave=0.363568 max=0.363568
raw-mod-switch-noise ave=0.312629 max=0.312629
window1-nchoices ave=3.5 max=5
window1-out ave=0 max=0
window2-nchoices ave=4.17308 max=9
window2-out ave=0 max=0
||||| stats |||||
KS-noise-ratio ave=3.57206 max=474.043
KS-noise-ratio-hoist ave=312656 max=2.50125e+06
break-into-digits-ratio ave=0.327316 max=0.393757
excess-ctxtPrimes ave=4.74991 max=4.74991
excess-specialPrimes ave=3.17046 max=3.17046
mod-switch-added-noise ave=0.331743 max=0.388616
ptxt_rat_sk ave=0.0101402 max=0.0101402
ptxt_rat_sk ave=0.363568 max=0.363568
raw-mod-switch-noise ave=0.312629 max=0.312629
window1-nchoices ave=3.5 max=5
window1-out ave=0 max=0
window2-nchoices ave=4.17308 max=9
window2-out ave=0 max=0
WALL=1213.30 s MAXRSS=64051868 kB
exit=0 (ORDER4 pass1)
########## SET 29 p=13457 m=65047 d=2 :: ORDER4_COMPOSED :: aux=116 :: pass1 :: h=26 :: 2026-09-15 10:49:14 ##########
chosen idx = 29
encapHwt = 26
t for new bts is -1
new bts ? 1
new ks ? 1
thick bts ?0
repeat times = 1
force bsgs = 0
force hoist = 0
*** GTestFatboot: p=13457, r=1, bits=1055, t=0, c=3, m=65047 mvec=[29 2243], gens=[6730 51592], ords=[28 1121]
Computing key-independent tables...using HELIB_EXPLICIT_AUX=116

t = -1
bound on I = 23.636583
log2(aux) = 6.857981
log2(beta) = 28.439853
log2(qks) >= 37.993914, final log2(qks) = 37.993932
log2(R) >= 28.424312, final log2(R) = 28.424344
INFO: total bits = 1406.93, security level = 126.827HELIB_COMPOSED_EVAL: order=4 d=2 |folded support|=600 degQ=599 padded to n'=600
HELIB_COMPOSED_EVAL: norm form c=85 degC=300 (search 46.594s)
deg of poly for non-power-of-p aux is 2399
security=126.827
# small primes = 6
# ctxt primes = 18
# bits in ctxt primes = 1060
# special primes = 6
# bits in special primes = 347
scale=10
 done in 887.316 seconds
  e=0, e'=0, t=26
  m = 65047, p = 13457, phi(m) = 62776
  ord(p) = 2
  normBnd = 1.61955
  polyNormBnd = 4.0136
  factors = [29 2243]
  generator 6730 has order (== Z_m^*) of 28
  generator 51592 has order (== Z_m^*) of 1121
r = 1
nslots = 31388
hwt = 120
ctxtPrimes = [6,7,8,9,10,11,12,13,14,15,16,17,18,19,20,21,22,23]
specialPrimes = [28,29,30,31,32,33]
number of bits = 1407

security level = 126.827
Generating keys, Keys generated. Now genRecryptData...
computing key-dependent tables...Sparse boot key hwt = 26
genRecryptData done. recryptKeyID=1
lcAksBsgs=0 lcAksDelayed=0
Post-key setup done.
 done in 55.95 seconds
Encrypt succeeded.
WARNING: KS-noise-ratio = 1.02397 > 1
WARNING: KS-noise-ratio = 401.68 > 1
WARNING: KS-noise-ratio = 4.62982 > 1
WARNING: KS-noise-ratio = 6.56076 > 1
WARNING: KS-noise-ratio = 4.39709 > 1
WARNING: KS-noise-ratio = 2.7953 > 1
WARNING: KS-noise-ratio = 1.69859 > 1
WARNING: KS-noise-ratio = 6.72125 > 1
WARNING: KS-noise-ratio = 4.48217 > 1
WARNING: KS-noise-ratio = 5.96451 > 1
WARNING: KS-noise-ratio = 3.91191 > 1
WARNING: KS-noise-ratio = 3.59871 > 1
WARNING: KS-noise-ratio = 3.15813 > 1
WARNING: KS-noise-ratio = 3.31858 > 1
WARNING: KS-noise-ratio = 3.45997 > 1
WARNING: KS-noise-ratio = 2.92865 > 1
HELIB_COMPOSED_EVAL active: order=4 degC=300 d=2
time for linear1 = 14.495626, linear2 = 128.188855, extract = 101.242472, total = 246.144527
bits for linear1 = 50.112134, linear2 = 51.526221, extract = 767.721932, min cap = 9.554079, after cap = 192.629508, after prod = 1011.877661
cap / time = 0.540184

### summary over 1 test
time for linear1 = 14.495626, linear2 = 128.188855, extract = 101.242472, total = 246.144527
bits for linear1 = 50.112134, linear2 = 51.526221, extract = 767.721932, min cap = 9.554079, after cap = 192.629508, after prod = 1011.877661
cap / time = 0.540184


### bts finished, everything ok ###

  AAA_bootKeySwitch: 66.9499 / 1 = 66.9499   [$ARTIFACT/ours/_build_case1/HElib-patched/src/recryption.cpp:1968]
  AAA_coeffToSlot: 63.0548 / 1 = 63.0548   [$ARTIFACT/ours/_build_case1/HElib-patched/src/recryption.cpp:2396]
  AAA_embeddingLargest: 2.0752 / 686 = 0.00302507   [$ARTIFACT/ours/_build_case1/HElib-patched/src/norms.cpp:250]
  AAA_embeddingLargest_x2: 0.698383 / 215 = 0.00324829   [$ARTIFACT/ours/_build_case1/HElib-patched/src/norms.cpp:423]
  AAA_extractDigitsThin: 101.239 / 1 = 101.239   [$ARTIFACT/ours/_build_case1/HElib-patched/src/recryption.cpp:2449]
  AAA_modDownEnbeddings: 0.796402 / 215 = 0.0037042   [$ARTIFACT/ours/_build_case1/HElib-patched/src/Ctxt.cpp:506]
  AAA_slotToCoeff: 14.4949 / 1 = 14.4949   [$ARTIFACT/ours/_build_case1/HElib-patched/src/recryption.cpp:1954]
  BasicAutomorphPrecon: 4.04937 / 8 = 0.506171   [$ARTIFACT/ours/_build_case1/HElib-patched/src/matmul.cpp:69]
  BluesteinFFT: 99.6778 / 22242 = 0.00448151   [$ARTIFACT/ours/_build_case1/HElib-patched/src/bluestein.cpp:141]
  Decrypt: 0.740454 / 1 = 0.740454   [$ARTIFACT/ours/_build_case1/HElib-patched/src/keys.cpp:1350]
  DoubleCRT: 63.251 / 773 = 0.0818253   [$ARTIFACT/ours/_build_case1/HElib-patched/src/DoubleCRT.cpp:718]
  FFT: 80.9575 / 17210 = 0.00470409   [$ARTIFACT/ours/_build_case1/HElib-patched/src/CModulus.cpp:479]
  FFT: 93.8343 / 1115 = 0.0841563   [$ARTIFACT/ours/_build_case1/HElib-patched/src/DoubleCRT.cpp:70]
  FFT: 93.8265 / 17210 = 0.00545186   [$ARTIFACT/ours/_build_case1/HElib-patched/src/CModulus.cpp:448]
  FFT_aux: 80.9442 / 17210 = 0.00470332   [$ARTIFACT/ours/_build_case1/HElib-patched/src/CModulus.cpp:360]
  FFT_remainder: 12.8591 / 17210 = 0.000747188   [$ARTIFACT/ours/_build_case1/HElib-patched/src/CModulus.cpp:455]
  KS_loop: 20.4553 / 751 = 0.0272374   [$ARTIFACT/ours/_build_case1/HElib-patched/src/Ctxt.cpp:219]
  KS_loop_1: 3.28331 / 751 = 0.00437192   [$ARTIFACT/ours/_build_case1/HElib-patched/src/Ctxt.cpp:227]
  KS_loop_2: 3.21626 / 751 = 0.00428264   [$ARTIFACT/ours/_build_case1/HElib-patched/src/Ctxt.cpp:231]
  KS_loop_3: 3.41053 / 751 = 0.00454132   [$ARTIFACT/ours/_build_case1/HElib-patched/src/Ctxt.cpp:236]
  KS_loop_4: 1.13702 / 751 = 0.001514   [$ARTIFACT/ours/_build_case1/HElib-patched/src/Ctxt.cpp:240]
  NORM_VAL: 2.08439 / 342 = 0.00609472   [$ARTIFACT/ours/_build_case1/HElib-patched/src/DoubleCRT.cpp:541]
  addCtxt: 14.6175 / 3850 = 0.00379675   [$ARTIFACT/ours/_build_case1/HElib-patched/src/Ctxt.cpp:1458]
  addPart: 6.49765 / 1879 = 0.00345803   [$ARTIFACT/ours/_build_case1/HElib-patched/src/Ctxt.cpp:905]
  addPrimes: 49.7946 / 343 = 0.145174   [$ARTIFACT/ours/_build_case1/HElib-patched/src/DoubleCRT.cpp:625]
  addPrimes_5: 52.6575 / 342 = 0.153969   [$ARTIFACT/ours/_build_case1/HElib-patched/src/DoubleCRT.cpp:518]
  automorph: 19.7861 / 188 = 0.105245   [$ARTIFACT/ours/_build_case1/HElib-patched/src/matmul.cpp:117]
  automorph: 0.451468 / 97 = 0.00465431   [$ARTIFACT/ours/_build_case1/HElib-patched/src/Ctxt.cpp:2489]
  breakIntoDigits: 52.9782 / 144 = 0.367904   [$ARTIFACT/ours/_build_case1/HElib-patched/src/DoubleCRT.cpp:481]
  decode: 38.2762 / 1 = 38.2762   [$ARTIFACT/ours/_build_case1/HElib-patched/src/EncryptedArray.cpp:375]
  do_mul: 28.6972 / 9119 = 0.00314696   [$ARTIFACT/ours/_build_case1/HElib-patched/src/DoubleCRT.cpp:280]
  extractDigitsThin: 101.239 / 1 = 101.239   [$ARTIFACT/ours/_build_case1/HElib-patched/src/recryption.cpp:1597]
  frobeniusAutomorph: 0.98306 / 1 = 0.98306   [$ARTIFACT/ours/_build_case1/HElib-patched/src/Ctxt.cpp:2578]
  iFFT: 34.4856 / 5032 = 0.00685326   [$ARTIFACT/ours/_build_case1/HElib-patched/src/CModulus.cpp:488]
  iFFT_division: 10.6594 / 5032 = 0.00211832   [$ARTIFACT/ours/_build_case1/HElib-patched/src/CModulus.cpp:570]
  keySwitchPart: 58.9707 / 137 = 0.430443   [$ARTIFACT/ours/_build_case1/HElib-patched/src/Ctxt.cpp:836]
  modDownToSet: 71.2911 / 313 = 0.227767   [$ARTIFACT/ours/_build_case1/HElib-patched/src/Ctxt.cpp:409]
  mul_MatMul1DExec: 140.545 / 6 = 23.4241   [$ARTIFACT/ours/_build_case1/HElib-patched/src/matmul.cpp:975]
  multByConstant: 21.6357 / 3732 = 0.00579735   [$ARTIFACT/ours/_build_case1/HElib-patched/src/Ctxt.cpp:1884]
  multByConstant: 32.2802 / 285 = 0.113264   [$ARTIFACT/ours/_build_case1/HElib-patched/src/Ctxt.cpp:1910]
  multLowLvl: 27.5699 / 38 = 0.725525   [$ARTIFACT/ours/_build_case1/HElib-patched/src/Ctxt.cpp:1733]
  multiplyBy: 55.8577 / 38 = 1.46994   [$ARTIFACT/ours/_build_case1/HElib-patched/src/Ctxt.cpp:1809]
  privateAssign: 2.66963 / 898 = 0.00297287   [$ARTIFACT/ours/_build_case1/HElib-patched/src/Ctxt.cpp:329]
  randomize: 8.13627 / 751 = 0.0108339   [$ARTIFACT/ours/_build_case1/HElib-patched/src/DoubleCRT.cpp:1318]
  randomize_stream: 4.52166 / 4823940 = 9.37337e-07   [$ARTIFACT/ours/_build_case1/HElib-patched/src/DoubleCRT.cpp:1348]
  reLinearize: 74.0403 / 292 = 0.253563   [$ARTIFACT/ours/_build_case1/HElib-patched/src/Ctxt.cpp:736]
  smartAutomorph: 45.6895 / 97 = 0.471026   [$ARTIFACT/ours/_build_case1/HElib-patched/src/Ctxt.cpp:2514]
  thinReCrypt: 246.147 / 1 = 246.147   [$ARTIFACT/ours/_build_case1/HElib-patched/src/recryption.cpp:1872]
  toPoly: 47.9514 / 814 = 0.0589083   [$ARTIFACT/ours/_build_case1/HElib-patched/src/DoubleCRT.cpp:985]
  toPoly_CRT: 9.18221 / 814 = 0.0112804   [$ARTIFACT/ours/_build_case1/HElib-patched/src/DoubleCRT.cpp:1052]
  toPoly_FFT: 38.0008 / 814 = 0.046684   [$ARTIFACT/ours/_build_case1/HElib-patched/src/DoubleCRT.cpp:1030]
  rusage.ru_maxrss=64170944
||||| stats |||||
KS-noise-ratio ave=3.36007 max=401.68
KS-noise-ratio-hoist ave=335417 max=2.68333e+06
break-into-digits-ratio ave=0.328552 max=0.410329
excess-ctxtPrimes ave=4.74991 max=4.74991
excess-specialPrimes ave=3.17046 max=3.17046
mod-switch-added-noise ave=0.32924 max=0.413784
ptxt_rat_sk ave=0.0100686 max=0.0100686
ptxt_rat_sk ave=0.345111 max=0.345111
raw-mod-switch-noise ave=0.321978 max=0.321978
window1-nchoices ave=4.88889 max=6
window1-out ave=0 max=0
window2-nchoices ave=4.58621 max=6
window2-out ave=0 max=0
||||| stats |||||
KS-noise-ratio ave=3.36007 max=401.68
KS-noise-ratio-hoist ave=335417 max=2.68333e+06
break-into-digits-ratio ave=0.328552 max=0.410329
excess-ctxtPrimes ave=4.74991 max=4.74991
excess-specialPrimes ave=3.17046 max=3.17046
mod-switch-added-noise ave=0.32924 max=0.413784
ptxt_rat_sk ave=0.0100686 max=0.0100686
ptxt_rat_sk ave=0.345111 max=0.345111
raw-mod-switch-noise ave=0.321978 max=0.321978
window1-nchoices ave=4.88889 max=6
window1-out ave=0 max=0
window2-nchoices ave=4.58621 max=6
window2-out ave=0 max=0
WALL=1240.29 s MAXRSS=64170944 kB
exit=0 (ORDER4_COMPOSED pass1)
SET_DONE 29
