########## SET 3 p=8191 m=45193 d=14 :: BASELINE :: aux=90 :: pass1 :: h=12 :: 2026-09-15 03:44:51 ##########
chosen idx = 3
encapHwt = 12
t for new bts is -1
new bts ? 1
new ks ? 1
thick bts ?0
repeat times = 1
force bsgs = 0
force hoist = 0
*** GTestFatboot: p=8191, r=1, bits=1320, t=0, c=3, m=45193 mvec=[43 1051], gens=[26276 32595], ords=[42 75]
Computing key-independent tables...using HELIB_EXPLICIT_AUX=90

t = -1
bound on I = 16.305335
log2(aux) = 6.491853
log2(beta) = 27.446094
log2(qks) >= 36.634716, final log2(qks) = 36.634751
log2(R) >= 27.445232, final log2(R) = 27.448942
INFO: total bits = 1786.76, security level = 78.5494deg of poly for non-power-of-p aux is 1223
security=78.5494
# small primes = 6
# ctxt primes = 23
# bits in ctxt primes = 1332
# special primes = 8
# bits in special primes = 455
scale=10
 done in 170.307 seconds
  e=0, e'=0, t=12
  m = 45193, p = 8191, phi(m) = 44100
  ord(p) = 14
  normBnd = 1.62042
  polyNormBnd = 4.65228
  factors = [43 1051]
  generator 26276 has order (== Z_m^*) of 42
  generator 32595 has order (== Z_m^*) of 75
r = 1
nslots = 3150
hwt = 120
ctxtPrimes = [6,7,8,9,10,11,12,13,14,15,16,17,18,19,20,21,22,23,24,25,26,27,28]
specialPrimes = [33,34,35,36,37,38,39,40]
number of bits = 1787

security level = 78.5494
Generating keys, Keys generated. Now genRecryptData...
computing key-dependent tables...Sparse boot key hwt = 12
genRecryptData done. recryptKeyID=1
lcAksBsgs=0 lcAksDelayed=0
Post-key setup done.
 done in 38.6399 seconds
Encrypt succeeded.
WARNING: KS-noise-ratio = 1.07689 > 1
WARNING: KS-noise-ratio = 46.4026 > 1
WARNING: KS-noise-ratio = 2.62782 > 1
WARNING: KS-noise-ratio = 1.85886 > 1
WARNING: KS-noise-ratio = 1.95918 > 1
WARNING: KS-noise-ratio = 2.05963 > 1
WARNING: KS-noise-ratio = 1.47944 > 1
WARNING: KS-noise-ratio = 95.7491 > 1
WARNING: KS-noise-ratio = 2.33781 > 1
WARNING: KS-noise-ratio = 2.71403 > 1
WARNING: KS-noise-ratio = 2.91217 > 1
WARNING: KS-noise-ratio = 2.06099 > 1
WARNING: KS-noise-ratio = 1.91322 > 1
WARNING: KS-noise-ratio = 1.85553 > 1
time for linear1 = 4.034235, linear2 = 39.873057, extract = 134.495357, total = 180.362621
bits for linear1 = 51.728817, linear2 = 57.351131, extract = 321.179876, min cap = 9.188658, after cap = 907.234855, after prod = 1285.765861
cap / time = 4.692310

### summary over 1 test
time for linear1 = 4.034235, linear2 = 39.873057, extract = 134.495357, total = 180.362621
bits for linear1 = 51.728817, linear2 = 57.351131, extract = 321.179876, min cap = 9.188658, after cap = 907.234855, after prod = 1285.765861
cap / time = 4.692310


### bts finished, everything ok ###

  AAA_bootKeySwitch: 22.3773 / 1 = 22.3773   [$ARTIFACT/ours/_build_case1/HElib-patched/src/recryption.cpp:1968]
  AAA_coeffToSlot: 19.0783 / 1 = 19.0783   [$ARTIFACT/ours/_build_case1/HElib-patched/src/recryption.cpp:2396]
  AAA_embeddingLargest: 0.742221 / 300 = 0.00247407   [$ARTIFACT/ours/_build_case1/HElib-patched/src/norms.cpp:250]
  AAA_embeddingLargest_x2: 0.551821 / 233 = 0.00236833   [$ARTIFACT/ours/_build_case1/HElib-patched/src/norms.cpp:423]
  AAA_extractDigitsThin: 134.494 / 1 = 134.494   [$ARTIFACT/ours/_build_case1/HElib-patched/src/recryption.cpp:2449]
  AAA_modDownEnbeddings: 0.654696 / 233 = 0.00280985   [$ARTIFACT/ours/_build_case1/HElib-patched/src/Ctxt.cpp:506]
  AAA_slotToCoeff: 4.03419 / 1 = 4.03419   [$ARTIFACT/ours/_build_case1/HElib-patched/src/recryption.cpp:1954]
  BasicAutomorphPrecon: 3.79563 / 8 = 0.474454   [$ARTIFACT/ours/_build_case1/HElib-patched/src/matmul.cpp:69]
  BluesteinFFT: 71.2863 / 22012 = 0.00323852   [$ARTIFACT/ours/_build_case1/HElib-patched/src/bluestein.cpp:141]
  Decrypt: 0.58977 / 1 = 0.58977   [$ARTIFACT/ours/_build_case1/HElib-patched/src/keys.cpp:1350]
  DoubleCRT: 43.955 / 524 = 0.0838836   [$ARTIFACT/ours/_build_case1/HElib-patched/src/DoubleCRT.cpp:718]
  FFT: 52.807 / 15503 = 0.00340624   [$ARTIFACT/ours/_build_case1/HElib-patched/src/CModulus.cpp:479]
  FFT: 66.0068 / 765 = 0.0862835   [$ARTIFACT/ours/_build_case1/HElib-patched/src/DoubleCRT.cpp:70]
  FFT: 65.9986 / 15503 = 0.00425715   [$ARTIFACT/ours/_build_case1/HElib-patched/src/CModulus.cpp:448]
  FFT_aux: 52.7948 / 15503 = 0.00340546   [$ARTIFACT/ours/_build_case1/HElib-patched/src/CModulus.cpp:360]
  FFT_remainder: 13.1821 / 15503 = 0.000850294   [$ARTIFACT/ours/_build_case1/HElib-patched/src/CModulus.cpp:455]
  KS_loop: 16.4222 / 645 = 0.0254608   [$ARTIFACT/ours/_build_case1/HElib-patched/src/Ctxt.cpp:219]
  KS_loop_1: 2.68592 / 645 = 0.00416421   [$ARTIFACT/ours/_build_case1/HElib-patched/src/Ctxt.cpp:227]
  KS_loop_2: 2.35552 / 645 = 0.00365196   [$ARTIFACT/ours/_build_case1/HElib-patched/src/Ctxt.cpp:231]
  KS_loop_3: 2.73108 / 645 = 0.00423423   [$ARTIFACT/ours/_build_case1/HElib-patched/src/Ctxt.cpp:236]
  KS_loop_4: 0.950104 / 645 = 0.00147303   [$ARTIFACT/ours/_build_case1/HElib-patched/src/Ctxt.cpp:240]
  NORM_VAL: 1.27448 / 241 = 0.00528831   [$ARTIFACT/ours/_build_case1/HElib-patched/src/DoubleCRT.cpp:541]
  addCtxt: 19.9729 / 1628 = 0.0122684   [$ARTIFACT/ours/_build_case1/HElib-patched/src/Ctxt.cpp:1458]
  addPart: 5.30315 / 1600 = 0.00331447   [$ARTIFACT/ours/_build_case1/HElib-patched/src/Ctxt.cpp:905]
  addPrimes: 35.2393 / 242 = 0.145617   [$ARTIFACT/ours/_build_case1/HElib-patched/src/DoubleCRT.cpp:625]
  addPrimes_5: 37.0391 / 241 = 0.153689   [$ARTIFACT/ours/_build_case1/HElib-patched/src/DoubleCRT.cpp:518]
  automorph: 17.9751 / 179 = 0.10042   [$ARTIFACT/ours/_build_case1/HElib-patched/src/matmul.cpp:117]
  automorph: 0.085518 / 24 = 0.00356325   [$ARTIFACT/ours/_build_case1/HElib-patched/src/Ctxt.cpp:2489]
  breakIntoDigits: 37.254 / 87 = 0.428206   [$ARTIFACT/ours/_build_case1/HElib-patched/src/DoubleCRT.cpp:481]
  decode: 13.6531 / 1 = 13.6531   [$ARTIFACT/ours/_build_case1/HElib-patched/src/EncryptedArray.cpp:375]
  do_mul: 8.21699 / 2295 = 0.00358039   [$ARTIFACT/ours/_build_case1/HElib-patched/src/DoubleCRT.cpp:280]
  extractDigitsThin: 134.494 / 1 = 134.494   [$ARTIFACT/ours/_build_case1/HElib-patched/src/recryption.cpp:1597]
  iFFT: 34.8677 / 6509 = 0.00535684   [$ARTIFACT/ours/_build_case1/HElib-patched/src/CModulus.cpp:488]
  iFFT_division: 12.6925 / 6509 = 0.00194999   [$ARTIFACT/ours/_build_case1/HElib-patched/src/CModulus.cpp:570]
  keySwitchPart: 40.2024 / 80 = 0.50253   [$ARTIFACT/ours/_build_case1/HElib-patched/src/Ctxt.cpp:836]
  modDownToSet: 84.7185 / 259 = 0.327098   [$ARTIFACT/ours/_build_case1/HElib-patched/src/Ctxt.cpp:409]
  mul_MatMul1DExec: 38.893 / 6 = 6.48216   [$ARTIFACT/ours/_build_case1/HElib-patched/src/matmul.cpp:975]
  multByConstant: 1.968 / 352 = 0.0055909   [$ARTIFACT/ours/_build_case1/HElib-patched/src/Ctxt.cpp:1884]
  multByConstant: 0.09951 / 1 = 0.09951   [$ARTIFACT/ours/_build_case1/HElib-patched/src/Ctxt.cpp:1910]
  multLowLvl: 56.1929 / 75 = 0.749239   [$ARTIFACT/ours/_build_case1/HElib-patched/src/Ctxt.cpp:1733]
  multiplyBy: 52.0513 / 32 = 1.6266   [$ARTIFACT/ours/_build_case1/HElib-patched/src/Ctxt.cpp:1809]
  privateAssign: 4.08321 / 889 = 0.00459304   [$ARTIFACT/ours/_build_case1/HElib-patched/src/Ctxt.cpp:329]
  randomize: 6.43657 / 645 = 0.00997918   [$ARTIFACT/ours/_build_case1/HElib-patched/src/DoubleCRT.cpp:1318]
  randomize_stream: 3.61654 / 3698941 = 9.77723e-07   [$ARTIFACT/ours/_build_case1/HElib-patched/src/DoubleCRT.cpp:1348]
  reLinearize: 65.5346 / 144 = 0.455102   [$ARTIFACT/ours/_build_case1/HElib-patched/src/Ctxt.cpp:736]
  smartAutomorph: 10.3145 / 24 = 0.429771   [$ARTIFACT/ours/_build_case1/HElib-patched/src/Ctxt.cpp:2514]
  thinReCrypt: 180.371 / 1 = 180.371   [$ARTIFACT/ours/_build_case1/HElib-patched/src/recryption.cpp:1872]
  toPoly: 46.8641 / 765 = 0.0612603   [$ARTIFACT/ours/_build_case1/HElib-patched/src/DoubleCRT.cpp:985]
  toPoly_CRT: 7.92449 / 765 = 0.0103588   [$ARTIFACT/ours/_build_case1/HElib-patched/src/DoubleCRT.cpp:1052]
  toPoly_FFT: 38.3628 / 765 = 0.0501475   [$ARTIFACT/ours/_build_case1/HElib-patched/src/DoubleCRT.cpp:1030]
  rusage.ru_maxrss=8849068
||||| stats |||||
KS-noise-ratio ave=2.08759 max=95.7491
KS-noise-ratio-hoist ave=612845 max=4.90275e+06
break-into-digits-ratio ave=0.319507 max=0.406018
excess-ctxtPrimes ave=11.6528 max=11.6528
excess-specialPrimes ave=0.654405 max=0.654405
mod-switch-added-noise ave=0.323863 max=0.40108
ptxt_rat_sk ave=0.00865731 max=0.00865731
ptxt_rat_sk ave=0.310821 max=0.310821
raw-mod-switch-noise ave=0.309063 max=0.309063
window1-nchoices ave=2.4 max=3
window1-out ave=0 max=0
window2-nchoices ave=3.32857 max=6
window2-out ave=0 max=0
||||| stats |||||
KS-noise-ratio ave=2.08759 max=95.7491
KS-noise-ratio-hoist ave=612845 max=4.90275e+06
break-into-digits-ratio ave=0.319507 max=0.406018
excess-ctxtPrimes ave=11.6528 max=11.6528
excess-specialPrimes ave=0.654405 max=0.654405
mod-switch-added-noise ave=0.323863 max=0.40108
ptxt_rat_sk ave=0.00865731 max=0.00865731
ptxt_rat_sk ave=0.310821 max=0.310821
raw-mod-switch-noise ave=0.309063 max=0.309063
window1-nchoices ave=2.4 max=3
window1-out ave=0 max=0
window2-nchoices ave=3.32857 max=6
window2-out ave=0 max=0
WALL=405.78 s MAXRSS=8849068 kB
exit=0 (BASELINE pass1)
########## SET 3 p=8191 m=45193 d=14 :: ORDER6 :: aux=90 :: pass1 :: h=12 :: 2026-09-15 03:51:37 ##########
chosen idx = 3
encapHwt = 12
t for new bts is -1
new bts ? 1
new ks ? 1
thick bts ?0
repeat times = 1
force bsgs = 0
force hoist = 0
*** GTestFatboot: p=8191, r=1, bits=1320, t=0, c=3, m=45193 mvec=[43 1051], gens=[26276 32595], ords=[42 75]
Computing key-independent tables...using HELIB_EXPLICIT_AUX=90

t = -1
bound on I = 16.305335
log2(aux) = 6.491853
log2(beta) = 27.446094
log2(qks) >= 36.634716, final log2(qks) = 36.634751
log2(R) >= 27.445232, final log2(R) = 27.448942
INFO: total bits = 1786.76, security level = 78.5494HELIB_ORDER6: A=8101 aux=90 |closure|=1837 (inflation 1.49959) deg(P)=1835 |folded|=306
deg of poly for non-power-of-p aux is 1835
security=78.5494
# small primes = 6
# ctxt primes = 23
# bits in ctxt primes = 1332
# special primes = 8
# bits in special primes = 455
scale=10
 done in 172.982 seconds
  e=0, e'=0, t=12
  m = 45193, p = 8191, phi(m) = 44100
  ord(p) = 14
  normBnd = 1.62042
  polyNormBnd = 4.65228
  factors = [43 1051]
  generator 26276 has order (== Z_m^*) of 42
  generator 32595 has order (== Z_m^*) of 75
r = 1
nslots = 3150
hwt = 120
ctxtPrimes = [6,7,8,9,10,11,12,13,14,15,16,17,18,19,20,21,22,23,24,25,26,27,28]
specialPrimes = [33,34,35,36,37,38,39,40]
number of bits = 1787

security level = 78.5494
Generating keys, Keys generated. Now genRecryptData...
computing key-dependent tables...Sparse boot key hwt = 12
genRecryptData done. recryptKeyID=1
lcAksBsgs=0 lcAksDelayed=0
Post-key setup done.
 done in 39.427 seconds
Encrypt succeeded.
WARNING: KS-noise-ratio = 101.185 > 1
WARNING: KS-noise-ratio = 2.33985 > 1
WARNING: KS-noise-ratio = 2.67865 > 1
WARNING: KS-noise-ratio = 1.68368 > 1
WARNING: KS-noise-ratio = 2.02943 > 1
WARNING: KS-noise-ratio = 1.7194 > 1
WARNING: KS-noise-ratio = 2.5412 > 1
WARNING: KS-noise-ratio = 1.71886 > 1
HELIB_AUX_ORDER4_EVAL enabled: order=6, deg(P)=1835, terms(P)=307, deg(Q)=305, terms(Q)=306
time for linear1 = 4.172161, linear2 = 41.528663, extract = 76.085532, total = 123.813552
bits for linear1 = 51.779148, linear2 = 57.309696, extract = 375.853658, min cap = 9.188658, after cap = 852.563266, after prod = 1285.726621
cap / time = 6.393448

### summary over 1 test
time for linear1 = 4.172161, linear2 = 41.528663, extract = 76.085532, total = 123.813552
bits for linear1 = 51.779148, linear2 = 57.309696, extract = 375.853658, min cap = 9.188658, after cap = 852.563266, after prod = 1285.726621
cap / time = 6.393448


### bts finished, everything ok ###

  AAA_bootKeySwitch: 23.248 / 1 = 23.248   [$ARTIFACT/ours/_build_case1/HElib-patched/src/recryption.cpp:1968]
  AAA_coeffToSlot: 19.9107 / 1 = 19.9107   [$ARTIFACT/ours/_build_case1/HElib-patched/src/recryption.cpp:2396]
  AAA_embeddingLargest: 0.545918 / 215 = 0.00253915   [$ARTIFACT/ours/_build_case1/HElib-patched/src/norms.cpp:250]
  AAA_embeddingLargest_x2: 0.358169 / 149 = 0.00240382   [$ARTIFACT/ours/_build_case1/HElib-patched/src/norms.cpp:423]
  AAA_extractDigitsThin: 76.0846 / 1 = 76.0846   [$ARTIFACT/ours/_build_case1/HElib-patched/src/recryption.cpp:2449]
  AAA_modDownEnbeddings: 0.422357 / 149 = 0.00283461   [$ARTIFACT/ours/_build_case1/HElib-patched/src/Ctxt.cpp:506]
  AAA_slotToCoeff: 4.17211 / 1 = 4.17211   [$ARTIFACT/ours/_build_case1/HElib-patched/src/recryption.cpp:1954]
  BasicAutomorphPrecon: 3.97243 / 8 = 0.496554   [$ARTIFACT/ours/_build_case1/HElib-patched/src/matmul.cpp:69]
  BluesteinFFT: 46.4308 / 14112 = 0.00329016   [$ARTIFACT/ours/_build_case1/HElib-patched/src/bluestein.cpp:141]
  Decrypt: 0.572249 / 1 = 0.572249   [$ARTIFACT/ours/_build_case1/HElib-patched/src/keys.cpp:1350]
  DoubleCRT: 27.6936 / 335 = 0.0826675   [$ARTIFACT/ours/_build_case1/HElib-patched/src/DoubleCRT.cpp:718]
  FFT: 34.442 / 9961 = 0.00345768   [$ARTIFACT/ours/_build_case1/HElib-patched/src/CModulus.cpp:479]
  FFT: 44.0029 / 513 = 0.0857757   [$ARTIFACT/ours/_build_case1/HElib-patched/src/DoubleCRT.cpp:70]
  FFT: 43.9925 / 9961 = 0.00441647   [$ARTIFACT/ours/_build_case1/HElib-patched/src/CModulus.cpp:448]
  FFT_aux: 34.4306 / 9961 = 0.00345654   [$ARTIFACT/ours/_build_case1/HElib-patched/src/CModulus.cpp:360]
  FFT_remainder: 9.54148 / 9961 = 0.000957884   [$ARTIFACT/ours/_build_case1/HElib-patched/src/CModulus.cpp:455]
  KS_loop: 15.1325 / 581 = 0.0260457   [$ARTIFACT/ours/_build_case1/HElib-patched/src/Ctxt.cpp:219]
  KS_loop_1: 2.43718 / 581 = 0.0041948   [$ARTIFACT/ours/_build_case1/HElib-patched/src/Ctxt.cpp:227]
  KS_loop_2: 2.3835 / 581 = 0.00410241   [$ARTIFACT/ours/_build_case1/HElib-patched/src/Ctxt.cpp:231]
  KS_loop_3: 2.45689 / 581 = 0.00422873   [$ARTIFACT/ours/_build_case1/HElib-patched/src/Ctxt.cpp:236]
  KS_loop_4: 0.88271 / 581 = 0.00151929   [$ARTIFACT/ours/_build_case1/HElib-patched/src/Ctxt.cpp:240]
  NORM_VAL: 0.938214 / 177 = 0.00530064   [$ARTIFACT/ours/_build_case1/HElib-patched/src/DoubleCRT.cpp:541]
  addConstant: 0.212707 / 22 = 0.0096685   [$ARTIFACT/ours/_build_case1/HElib-patched/src/Ctxt.cpp:2197]
  addCtxt: 10.0158 / 711 = 0.014087   [$ARTIFACT/ours/_build_case1/HElib-patched/src/Ctxt.cpp:1458]
  addPart: 5.054 / 1452 = 0.00348072   [$ARTIFACT/ours/_build_case1/HElib-patched/src/Ctxt.cpp:905]
  addPrimes: 26.2668 / 178 = 0.147566   [$ARTIFACT/ours/_build_case1/HElib-patched/src/DoubleCRT.cpp:625]
  addPrimes_5: 27.5975 / 177 = 0.155918   [$ARTIFACT/ours/_build_case1/HElib-patched/src/DoubleCRT.cpp:518]
  automorph: 18.3322 / 179 = 0.102414   [$ARTIFACT/ours/_build_case1/HElib-patched/src/matmul.cpp:117]
  automorph: 0.088234 / 24 = 0.00367642   [$ARTIFACT/ours/_build_case1/HElib-patched/src/Ctxt.cpp:2489]
  breakIntoDigits: 27.7758 / 66 = 0.420846   [$ARTIFACT/ours/_build_case1/HElib-patched/src/DoubleCRT.cpp:481]
  decode: 13.4815 / 1 = 13.4815   [$ARTIFACT/ours/_build_case1/HElib-patched/src/EncryptedArray.cpp:375]
  do_mul: 7.37433 / 2039 = 0.00361664   [$ARTIFACT/ours/_build_case1/HElib-patched/src/DoubleCRT.cpp:280]
  extractDigitsThin: 76.0845 / 1 = 76.0845   [$ARTIFACT/ours/_build_case1/HElib-patched/src/recryption.cpp:1597]
  iFFT: 22.7873 / 4151 = 0.0054896   [$ARTIFACT/ours/_build_case1/HElib-patched/src/CModulus.cpp:488]
  iFFT_division: 8.34319 / 4151 = 0.00200992   [$ARTIFACT/ours/_build_case1/HElib-patched/src/CModulus.cpp:570]
  keySwitchPart: 28.8983 / 59 = 0.489801   [$ARTIFACT/ours/_build_case1/HElib-patched/src/Ctxt.cpp:836]
  modDownToSet: 53.74 / 175 = 0.307086   [$ARTIFACT/ours/_build_case1/HElib-patched/src/Ctxt.cpp:409]
  mul_MatMul1DExec: 40.5469 / 6 = 6.75781   [$ARTIFACT/ours/_build_case1/HElib-patched/src/matmul.cpp:975]
  multByConstant: 2.00679 / 352 = 0.00570111   [$ARTIFACT/ours/_build_case1/HElib-patched/src/Ctxt.cpp:1884]
  multByConstant: 0.100076 / 1 = 0.100076   [$ARTIFACT/ours/_build_case1/HElib-patched/src/Ctxt.cpp:1910]
  multLowLvl: 32.2779 / 43 = 0.750648   [$ARTIFACT/ours/_build_case1/HElib-patched/src/Ctxt.cpp:1733]
  multiplyBy: 36.1242 / 22 = 1.64201   [$ARTIFACT/ours/_build_case1/HElib-patched/src/Ctxt.cpp:1809]
  privateAssign: 2.53476 / 477 = 0.00531397   [$ARTIFACT/ours/_build_case1/HElib-patched/src/Ctxt.cpp:329]
  randomize: 5.80195 / 581 = 0.00998614   [$ARTIFACT/ours/_build_case1/HElib-patched/src/DoubleCRT.cpp:1318]
  randomize_stream: 3.25647 / 3330158 = 9.77874e-07   [$ARTIFACT/ours/_build_case1/HElib-patched/src/DoubleCRT.cpp:1348]
  reLinearize: 44.1982 / 117 = 0.377762   [$ARTIFACT/ours/_build_case1/HElib-patched/src/Ctxt.cpp:736]
  smartAutomorph: 10.9274 / 24 = 0.45531   [$ARTIFACT/ours/_build_case1/HElib-patched/src/Ctxt.cpp:2514]
  thinReCrypt: 123.823 / 1 = 123.823   [$ARTIFACT/ours/_build_case1/HElib-patched/src/recryption.cpp:1872]
  toPoly: 31.4971 / 512 = 0.0615178   [$ARTIFACT/ours/_build_case1/HElib-patched/src/DoubleCRT.cpp:985]
  toPoly_CRT: 5.35539 / 512 = 0.0104597   [$ARTIFACT/ours/_build_case1/HElib-patched/src/DoubleCRT.cpp:1052]
  toPoly_FFT: 25.7951 / 512 = 0.0503811   [$ARTIFACT/ours/_build_case1/HElib-patched/src/DoubleCRT.cpp:1030]
  rusage.ru_maxrss=8626264
||||| stats |||||
KS-noise-ratio ave=1.98039 max=101.185
KS-noise-ratio-hoist ave=642124 max=5.13698e+06
break-into-digits-ratio ave=0.317353 max=0.397457
excess-ctxtPrimes ave=11.6528 max=11.6528
excess-specialPrimes ave=0.654405 max=0.654405
mod-switch-added-noise ave=0.328096 max=0.399469
ptxt_rat_sk ave=0.00829158 max=0.00829158
ptxt_rat_sk ave=0.340516 max=0.340516
raw-mod-switch-noise ave=0.318859 max=0.318859
window1-nchoices ave=2.5 max=3
window1-out ave=0 max=0
window2-nchoices ave=3.17949 max=6
window2-out ave=0 max=0
||||| stats |||||
KS-noise-ratio ave=1.98039 max=101.185
KS-noise-ratio-hoist ave=642124 max=5.13698e+06
break-into-digits-ratio ave=0.317353 max=0.397457
excess-ctxtPrimes ave=11.6528 max=11.6528
excess-specialPrimes ave=0.654405 max=0.654405
mod-switch-added-noise ave=0.328096 max=0.399469
ptxt_rat_sk ave=0.00829158 max=0.00829158
ptxt_rat_sk ave=0.340516 max=0.340516
raw-mod-switch-noise ave=0.318859 max=0.318859
window1-nchoices ave=2.5 max=3
window1-out ave=0 max=0
window2-nchoices ave=3.17949 max=6
window2-out ave=0 max=0
WALL=352.49 s MAXRSS=8626264 kB
exit=0 (ORDER6 pass1)
########## SET 3 p=8191 m=45193 d=14 :: ORDER6_COMPOSED :: aux=90 :: pass1 :: h=12 :: 2026-09-15 03:57:29 ##########
chosen idx = 3
encapHwt = 12
t for new bts is -1
new bts ? 1
new ks ? 1
thick bts ?0
repeat times = 1
force bsgs = 0
force hoist = 0
*** GTestFatboot: p=8191, r=1, bits=1320, t=0, c=3, m=45193 mvec=[43 1051], gens=[26276 32595], ords=[42 75]
Computing key-independent tables...using HELIB_EXPLICIT_AUX=90

t = -1
bound on I = 16.305335
log2(aux) = 6.491853
log2(beta) = 27.446094
log2(qks) >= 36.634716, final log2(qks) = 36.634751
log2(R) >= 27.445232, final log2(R) = 27.448942
INFO: total bits = 1786.76, security level = 78.5494HELIB_ORDER6: A=8101 aux=90 |closure|=1837 (inflation 1.49959) deg(P)=1835 |folded|=306
HELIB_COMPOSED_EVAL: order=6 d=14 |folded support|=306 degQ=305 padded to n'=308
HELIB_COMPOSED_EVAL: norm form c=134 degC=22 (search 11.7551s)
deg of poly for non-power-of-p aux is 1835
security=78.5494
# small primes = 6
# ctxt primes = 23
# bits in ctxt primes = 1332
# special primes = 8
# bits in special primes = 455
scale=10
 done in 185.598 seconds
  e=0, e'=0, t=12
  m = 45193, p = 8191, phi(m) = 44100
  ord(p) = 14
  normBnd = 1.62042
  polyNormBnd = 4.65228
  factors = [43 1051]
  generator 26276 has order (== Z_m^*) of 42
  generator 32595 has order (== Z_m^*) of 75
r = 1
nslots = 3150
hwt = 120
ctxtPrimes = [6,7,8,9,10,11,12,13,14,15,16,17,18,19,20,21,22,23,24,25,26,27,28]
specialPrimes = [33,34,35,36,37,38,39,40]
number of bits = 1787

security level = 78.5494
Generating keys, Keys generated. Now genRecryptData...
computing key-dependent tables...Sparse boot key hwt = 12
genRecryptData done. recryptKeyID=1
lcAksBsgs=0 lcAksDelayed=0
Post-key setup done.
 done in 39.6057 seconds
Encrypt succeeded.
WARNING: KS-noise-ratio = 18.1204 > 1
WARNING: KS-noise-ratio = 1.74361 > 1
WARNING: KS-noise-ratio = 2.47516 > 1
WARNING: KS-noise-ratio = 2.87507 > 1
WARNING: KS-noise-ratio = 2.69316 > 1
WARNING: KS-noise-ratio = 2.94775 > 1
WARNING: KS-noise-ratio = 1.54557 > 1
WARNING: KS-noise-ratio = 1.42538 > 1
HELIB_COMPOSED_EVAL active: order=6 degC=22 d=14
time for linear1 = 4.223231, linear2 = 41.771865, extract = 37.366596, total = 85.456364
bits for linear1 = 51.774272, linear2 = 57.328315, extract = 465.994698, min cap = 9.188658, after cap = 762.214292, after prod = 1285.537304
cap / time = 8.205958

### summary over 1 test
time for linear1 = 4.223231, linear2 = 41.771865, extract = 37.366596, total = 85.456364
bits for linear1 = 51.774272, linear2 = 57.328315, extract = 465.994698, min cap = 9.188658, after cap = 762.214292, after prod = 1285.537304
cap / time = 8.205958


### bts finished, everything ok ###

  AAA_bootKeySwitch: 23.4989 / 1 = 23.4989   [$ARTIFACT/ours/_build_case1/HElib-patched/src/recryption.cpp:1968]
  AAA_coeffToSlot: 19.9672 / 1 = 19.9672   [$ARTIFACT/ours/_build_case1/HElib-patched/src/recryption.cpp:2396]
  AAA_embeddingLargest: 0.456457 / 187 = 0.00244095   [$ARTIFACT/ours/_build_case1/HElib-patched/src/norms.cpp:250]
  AAA_embeddingLargest_x2: 0.221735 / 91 = 0.00243665   [$ARTIFACT/ours/_build_case1/HElib-patched/src/norms.cpp:423]
  AAA_extractDigitsThin: 37.3661 / 1 = 37.3661   [$ARTIFACT/ours/_build_case1/HElib-patched/src/recryption.cpp:2449]
  AAA_modDownEnbeddings: 0.257194 / 91 = 0.00282631   [$ARTIFACT/ours/_build_case1/HElib-patched/src/Ctxt.cpp:506]
  AAA_slotToCoeff: 4.22318 / 1 = 4.22318   [$ARTIFACT/ours/_build_case1/HElib-patched/src/recryption.cpp:1954]
  BasicAutomorphPrecon: 4.03026 / 8 = 0.503782   [$ARTIFACT/ours/_build_case1/HElib-patched/src/matmul.cpp:69]
  BluesteinFFT: 32.4509 / 9780 = 0.00331809   [$ARTIFACT/ours/_build_case1/HElib-patched/src/bluestein.cpp:141]
  Decrypt: 0.5953 / 1 = 0.5953   [$ARTIFACT/ours/_build_case1/HElib-patched/src/keys.cpp:1350]
  DoubleCRT: 18.4407 / 227 = 0.0812365   [$ARTIFACT/ours/_build_case1/HElib-patched/src/DoubleCRT.cpp:718]
  FFT: 24.9143 / 7161 = 0.00347917   [$ARTIFACT/ours/_build_case1/HElib-patched/src/CModulus.cpp:479]
  FFT: 31.2788 / 368 = 0.0849967   [$ARTIFACT/ours/_build_case1/HElib-patched/src/DoubleCRT.cpp:70]
  FFT: 31.2705 / 7161 = 0.00436678   [$ARTIFACT/ours/_build_case1/HElib-patched/src/CModulus.cpp:448]
  FFT_aux: 24.9064 / 7161 = 0.00347806   [$ARTIFACT/ours/_build_case1/HElib-patched/src/CModulus.cpp:360]
  FFT_remainder: 6.34858 / 7161 = 0.00088655   [$ARTIFACT/ours/_build_case1/HElib-patched/src/CModulus.cpp:455]
  KS_loop: 14.3478 / 545 = 0.0263262   [$ARTIFACT/ours/_build_case1/HElib-patched/src/Ctxt.cpp:219]
  KS_loop_1: 2.28963 / 545 = 0.00420116   [$ARTIFACT/ours/_build_case1/HElib-patched/src/Ctxt.cpp:227]
  KS_loop_2: 2.4096 / 545 = 0.00442128   [$ARTIFACT/ours/_build_case1/HElib-patched/src/Ctxt.cpp:231]
  KS_loop_3: 2.29281 / 545 = 0.00420699   [$ARTIFACT/ours/_build_case1/HElib-patched/src/Ctxt.cpp:236]
  KS_loop_4: 0.845895 / 545 = 0.0015521   [$ARTIFACT/ours/_build_case1/HElib-patched/src/Ctxt.cpp:240]
  NORM_VAL: 0.735464 / 141 = 0.00521606   [$ARTIFACT/ours/_build_case1/HElib-patched/src/DoubleCRT.cpp:541]
  addCtxt: 1.5973 / 428 = 0.00373201   [$ARTIFACT/ours/_build_case1/HElib-patched/src/Ctxt.cpp:1458]
  addPart: 4.81519 / 1338 = 0.0035988   [$ARTIFACT/ours/_build_case1/HElib-patched/src/Ctxt.cpp:905]
  addPrimes: 20.9865 / 142 = 0.147793   [$ARTIFACT/ours/_build_case1/HElib-patched/src/DoubleCRT.cpp:625]
  addPrimes_5: 22.0407 / 141 = 0.156317   [$ARTIFACT/ours/_build_case1/HElib-patched/src/DoubleCRT.cpp:518]
  automorph: 18.4164 / 179 = 0.102885   [$ARTIFACT/ours/_build_case1/HElib-patched/src/matmul.cpp:117]
  automorph: 0.115555 / 29 = 0.00398466   [$ARTIFACT/ours/_build_case1/HElib-patched/src/Ctxt.cpp:2489]
  breakIntoDigits: 22.188 / 56 = 0.396214   [$ARTIFACT/ours/_build_case1/HElib-patched/src/DoubleCRT.cpp:481]
  decode: 13.6143 / 1 = 13.6143   [$ARTIFACT/ours/_build_case1/HElib-patched/src/EncryptedArray.cpp:375]
  do_mul: 6.93948 / 1903 = 0.0036466   [$ARTIFACT/ours/_build_case1/HElib-patched/src/DoubleCRT.cpp:280]
  extractDigitsThin: 37.3661 / 1 = 37.3661   [$ARTIFACT/ours/_build_case1/HElib-patched/src/recryption.cpp:1597]
  frobeniusAutomorph: 4.25439 / 5 = 0.850877   [$ARTIFACT/ours/_build_case1/HElib-patched/src/Ctxt.cpp:2578]
  iFFT: 14.54 / 2619 = 0.00555175   [$ARTIFACT/ours/_build_case1/HElib-patched/src/CModulus.cpp:488]
  iFFT_division: 5.30229 / 2619 = 0.00202455   [$ARTIFACT/ours/_build_case1/HElib-patched/src/CModulus.cpp:570]
  keySwitchPart: 22.2629 / 49 = 0.454345   [$ARTIFACT/ours/_build_case1/HElib-patched/src/Ctxt.cpp:836]
  modDownToSet: 30.9844 / 117 = 0.264824   [$ARTIFACT/ours/_build_case1/HElib-patched/src/Ctxt.cpp:409]
  mul_MatMul1DExec: 40.7976 / 6 = 6.7996   [$ARTIFACT/ours/_build_case1/HElib-patched/src/matmul.cpp:975]
  multByConstant: 2.15667 / 370 = 0.00582884   [$ARTIFACT/ours/_build_case1/HElib-patched/src/Ctxt.cpp:1884]
  multByConstant: 2.08065 / 19 = 0.109508   [$ARTIFACT/ours/_build_case1/HElib-patched/src/Ctxt.cpp:1910]
  multLowLvl: 13.7612 / 18 = 0.764512   [$ARTIFACT/ours/_build_case1/HElib-patched/src/Ctxt.cpp:1733]
  multiplyBy: 29.361 / 18 = 1.63116   [$ARTIFACT/ours/_build_case1/HElib-patched/src/Ctxt.cpp:1809]
  privateAssign: 0.541654 / 163 = 0.00332303   [$ARTIFACT/ours/_build_case1/HElib-patched/src/Ctxt.cpp:329]
  randomize: 5.4387 / 545 = 0.00997926   [$ARTIFACT/ours/_build_case1/HElib-patched/src/DoubleCRT.cpp:1318]
  randomize_stream: 3.05516 / 3123004 = 9.78275e-07   [$ARTIFACT/ours/_build_case1/HElib-patched/src/DoubleCRT.cpp:1348]
  reLinearize: 31.1822 / 109 = 0.286075   [$ARTIFACT/ours/_build_case1/HElib-patched/src/Ctxt.cpp:736]
  smartAutomorph: 15.1997 / 29 = 0.524128   [$ARTIFACT/ours/_build_case1/HElib-patched/src/Ctxt.cpp:2514]
  thinReCrypt: 85.4658 / 1 = 85.4658   [$ARTIFACT/ours/_build_case1/HElib-patched/src/recryption.cpp:1872]
  toPoly: 20.3204 / 345 = 0.0588997   [$ARTIFACT/ours/_build_case1/HElib-patched/src/DoubleCRT.cpp:985]
  toPoly_CRT: 3.57918 / 345 = 0.0103744   [$ARTIFACT/ours/_build_case1/HElib-patched/src/DoubleCRT.cpp:1052]
  toPoly_FFT: 16.4872 / 345 = 0.0477888   [$ARTIFACT/ours/_build_case1/HElib-patched/src/DoubleCRT.cpp:1030]
  rusage.ru_maxrss=8276452
||||| stats |||||
KS-noise-ratio ave=0.737786 max=18.1204
KS-noise-ratio-hoist ave=682126 max=5.457e+06
break-into-digits-ratio ave=0.317776 max=0.416991
excess-ctxtPrimes ave=11.6528 max=11.6528
excess-specialPrimes ave=0.654405 max=0.654405
mod-switch-added-noise ave=0.325884 max=0.377436
ptxt_rat_sk ave=0.00826034 max=0.00826034
ptxt_rat_sk ave=0.335203 max=0.335203
raw-mod-switch-noise ave=0.330528 max=0.330528
window1-nchoices ave=2.5 max=3
window1-out ave=0 max=0
window2-nchoices ave=2.8125 max=4
window2-out ave=0 max=0
||||| stats |||||
KS-noise-ratio ave=0.737786 max=18.1204
KS-noise-ratio-hoist ave=682126 max=5.457e+06
break-into-digits-ratio ave=0.317776 max=0.416991
excess-ctxtPrimes ave=11.6528 max=11.6528
excess-specialPrimes ave=0.654405 max=0.654405
mod-switch-added-noise ave=0.325884 max=0.377436
ptxt_rat_sk ave=0.00826034 max=0.00826034
ptxt_rat_sk ave=0.335203 max=0.335203
raw-mod-switch-noise ave=0.330528 max=0.330528
window1-nchoices ave=2.5 max=3
window1-out ave=0 max=0
window2-nchoices ave=2.8125 max=4
window2-out ave=0 max=0
WALL=327.06 s MAXRSS=8276452 kB
exit=0 (ORDER6_COMPOSED pass1)
########## SET 3 p=8191 m=45193 d=14 :: NORMONLY :: aux=90 :: pass1 :: h=12 :: 2026-09-15 04:02:56 ##########
chosen idx = 3
encapHwt = 12
t for new bts is -1
new bts ? 1
new ks ? 1
thick bts ?0
repeat times = 1
force bsgs = 0
force hoist = 0
*** GTestFatboot: p=8191, r=1, bits=1320, t=0, c=3, m=45193 mvec=[43 1051], gens=[26276 32595], ords=[42 75]
Computing key-independent tables...using HELIB_EXPLICIT_AUX=90

t = -1
bound on I = 16.305335
log2(aux) = 6.491853
log2(beta) = 27.446094
log2(qks) >= 36.634716, final log2(qks) = 36.634751
log2(R) >= 27.445232, final log2(R) = 27.448942
INFO: total bits = 1786.76, security level = 78.5494HELIB_NORMONLY: order=1, norm map on the unfiltered P_A, deg(P)=1223
HELIB_COMPOSED_EVAL: order=1 d=14 |folded support|=1224 degQ=1223 padded to n'=1232
HELIB_COMPOSED_EVAL: no norm form found; staying on P-S
deg of poly for non-power-of-p aux is 1223
security=78.5494
# small primes = 6
# ctxt primes = 23
# bits in ctxt primes = 1332
# special primes = 8
# bits in special primes = 455
scale=10
 done in 2505 seconds
  e=0, e'=0, t=12
  m = 45193, p = 8191, phi(m) = 44100
  ord(p) = 14
  normBnd = 1.62042
  polyNormBnd = 4.65228
  factors = [43 1051]
  generator 26276 has order (== Z_m^*) of 42
  generator 32595 has order (== Z_m^*) of 75
r = 1
nslots = 3150
hwt = 120
ctxtPrimes = [6,7,8,9,10,11,12,13,14,15,16,17,18,19,20,21,22,23,24,25,26,27,28]
specialPrimes = [33,34,35,36,37,38,39,40]
number of bits = 1787

security level = 78.5494
Generating keys, Keys generated. Now genRecryptData...
computing key-dependent tables...Sparse boot key hwt = 12
genRecryptData done. recryptKeyID=1
lcAksBsgs=0 lcAksDelayed=0
Post-key setup done.
 done in 38.554 seconds
Encrypt succeeded.
WARNING: KS-noise-ratio = 45.4161 > 1
WARNING: KS-noise-ratio = 2.74055 > 1
WARNING: KS-noise-ratio = 1.96948 > 1
WARNING: KS-noise-ratio = 1.90077 > 1
WARNING: KS-noise-ratio = 1.70947 > 1
WARNING: KS-noise-ratio = 2.15639 > 1
WARNING: KS-noise-ratio = 101.73 > 1
WARNING: KS-noise-ratio = 2.78596 > 1
WARNING: KS-noise-ratio = 2.49307 > 1
WARNING: KS-noise-ratio = 2.93771 > 1
WARNING: KS-noise-ratio = 2.23155 > 1
WARNING: KS-noise-ratio = 2.27208 > 1
WARNING: KS-noise-ratio = 2.04753 > 1
HELIB_AUX_ORDER4_EVAL enabled: order=1, deg(P)=1223, terms(P)=612, deg(Q)=1223, terms(Q)=612
time for linear1 = 4.088772, linear2 = 40.197932, extract = 135.423529, total = 181.690207
bits for linear1 = 51.705319, linear2 = 57.288519, extract = 321.079620, min cap = 9.188658, after cap = 907.281864, after prod = 1285.650002
cap / time = 4.658412

### summary over 1 test
time for linear1 = 4.088772, linear2 = 40.197932, extract = 135.423529, total = 181.690207
bits for linear1 = 51.705319, linear2 = 57.288519, extract = 321.079620, min cap = 9.188658, after cap = 907.281864, after prod = 1285.650002
cap / time = 4.658412


### bts finished, everything ok ###

  AAA_bootKeySwitch: 22.5737 / 1 = 22.5737   [$ARTIFACT/ours/_build_case1/HElib-patched/src/recryption.cpp:1968]
  AAA_coeffToSlot: 19.2212 / 1 = 19.2212   [$ARTIFACT/ours/_build_case1/HElib-patched/src/recryption.cpp:2396]
  AAA_embeddingLargest: 0.750836 / 300 = 0.00250279   [$ARTIFACT/ours/_build_case1/HElib-patched/src/norms.cpp:250]
  AAA_embeddingLargest_x2: 0.547212 / 233 = 0.00234855   [$ARTIFACT/ours/_build_case1/HElib-patched/src/norms.cpp:423]
  AAA_extractDigitsThin: 135.422 / 1 = 135.422   [$ARTIFACT/ours/_build_case1/HElib-patched/src/recryption.cpp:2449]
  AAA_modDownEnbeddings: 0.649793 / 233 = 0.00278881   [$ARTIFACT/ours/_build_case1/HElib-patched/src/Ctxt.cpp:506]
  AAA_slotToCoeff: 4.08872 / 1 = 4.08872   [$ARTIFACT/ours/_build_case1/HElib-patched/src/recryption.cpp:1954]
  BasicAutomorphPrecon: 3.84994 / 8 = 0.481242   [$ARTIFACT/ours/_build_case1/HElib-patched/src/matmul.cpp:69]
  BluesteinFFT: 70.7232 / 22012 = 0.00321294   [$ARTIFACT/ours/_build_case1/HElib-patched/src/bluestein.cpp:141]
  Decrypt: 0.534214 / 1 = 0.534214   [$ARTIFACT/ours/_build_case1/HElib-patched/src/keys.cpp:1350]
  DoubleCRT: 44.0182 / 524 = 0.0840042   [$ARTIFACT/ours/_build_case1/HElib-patched/src/DoubleCRT.cpp:718]
  FFT: 52.3741 / 15503 = 0.00337832   [$ARTIFACT/ours/_build_case1/HElib-patched/src/CModulus.cpp:479]
  FFT: 66.1065 / 765 = 0.0864137   [$ARTIFACT/ours/_build_case1/HElib-patched/src/DoubleCRT.cpp:70]
  FFT: 66.0958 / 15503 = 0.00426342   [$ARTIFACT/ours/_build_case1/HElib-patched/src/CModulus.cpp:448]
  FFT_aux: 52.362 / 15503 = 0.00337754   [$ARTIFACT/ours/_build_case1/HElib-patched/src/CModulus.cpp:360]
  FFT_remainder: 13.7108 / 15503 = 0.000884399   [$ARTIFACT/ours/_build_case1/HElib-patched/src/CModulus.cpp:455]
  KS_loop: 16.5006 / 645 = 0.0255823   [$ARTIFACT/ours/_build_case1/HElib-patched/src/Ctxt.cpp:219]
  KS_loop_1: 2.69734 / 645 = 0.00418193   [$ARTIFACT/ours/_build_case1/HElib-patched/src/Ctxt.cpp:227]
  KS_loop_2: 2.39264 / 645 = 0.00370952   [$ARTIFACT/ours/_build_case1/HElib-patched/src/Ctxt.cpp:231]
  KS_loop_3: 2.71689 / 645 = 0.00421223   [$ARTIFACT/ours/_build_case1/HElib-patched/src/Ctxt.cpp:236]
  KS_loop_4: 0.957183 / 645 = 0.001484   [$ARTIFACT/ours/_build_case1/HElib-patched/src/Ctxt.cpp:240]
  NORM_VAL: 1.27522 / 241 = 0.00529136   [$ARTIFACT/ours/_build_case1/HElib-patched/src/DoubleCRT.cpp:541]
  addCtxt: 20.317 / 1628 = 0.0124797   [$ARTIFACT/ours/_build_case1/HElib-patched/src/Ctxt.cpp:1458]
  addPart: 5.38234 / 1600 = 0.00336396   [$ARTIFACT/ours/_build_case1/HElib-patched/src/Ctxt.cpp:905]
  addPrimes: 35.4485 / 242 = 0.146481   [$ARTIFACT/ours/_build_case1/HElib-patched/src/DoubleCRT.cpp:625]
  addPrimes_5: 37.264 / 241 = 0.154622   [$ARTIFACT/ours/_build_case1/HElib-patched/src/DoubleCRT.cpp:518]
  automorph: 18.0642 / 179 = 0.100918   [$ARTIFACT/ours/_build_case1/HElib-patched/src/matmul.cpp:117]
  automorph: 0.082571 / 24 = 0.00344046   [$ARTIFACT/ours/_build_case1/HElib-patched/src/Ctxt.cpp:2489]
  breakIntoDigits: 37.4945 / 87 = 0.430972   [$ARTIFACT/ours/_build_case1/HElib-patched/src/DoubleCRT.cpp:481]
  decode: 13.444 / 1 = 13.444   [$ARTIFACT/ours/_build_case1/HElib-patched/src/EncryptedArray.cpp:375]
  do_mul: 8.22009 / 2295 = 0.00358174   [$ARTIFACT/ours/_build_case1/HElib-patched/src/DoubleCRT.cpp:280]
  extractDigitsThin: 135.422 / 1 = 135.422   [$ARTIFACT/ours/_build_case1/HElib-patched/src/recryption.cpp:1597]
  iFFT: 34.7046 / 6509 = 0.00533178   [$ARTIFACT/ours/_build_case1/HElib-patched/src/CModulus.cpp:488]
  iFFT_division: 12.7106 / 6509 = 0.00195278   [$ARTIFACT/ours/_build_case1/HElib-patched/src/CModulus.cpp:570]
  keySwitchPart: 40.4167 / 80 = 0.505209   [$ARTIFACT/ours/_build_case1/HElib-patched/src/Ctxt.cpp:836]
  modDownToSet: 85.3144 / 259 = 0.329399   [$ARTIFACT/ours/_build_case1/HElib-patched/src/Ctxt.cpp:409]
  mul_MatMul1DExec: 39.2454 / 6 = 6.5409   [$ARTIFACT/ours/_build_case1/HElib-patched/src/matmul.cpp:975]
  multByConstant: 1.97436 / 352 = 0.00560898   [$ARTIFACT/ours/_build_case1/HElib-patched/src/Ctxt.cpp:1884]
  multByConstant: 0.100327 / 1 = 0.100327   [$ARTIFACT/ours/_build_case1/HElib-patched/src/Ctxt.cpp:1910]
  multLowLvl: 56.5475 / 75 = 0.753966   [$ARTIFACT/ours/_build_case1/HElib-patched/src/Ctxt.cpp:1733]
  multiplyBy: 52.6359 / 32 = 1.64487   [$ARTIFACT/ours/_build_case1/HElib-patched/src/Ctxt.cpp:1809]
  privateAssign: 4.26739 / 890 = 0.00479483   [$ARTIFACT/ours/_build_case1/HElib-patched/src/Ctxt.cpp:329]
  randomize: 6.43204 / 645 = 0.00997216   [$ARTIFACT/ours/_build_case1/HElib-patched/src/DoubleCRT.cpp:1318]
  randomize_stream: 3.60562 / 3698974 = 9.74763e-07   [$ARTIFACT/ours/_build_case1/HElib-patched/src/DoubleCRT.cpp:1348]
  reLinearize: 65.9301 / 144 = 0.457848   [$ARTIFACT/ours/_build_case1/HElib-patched/src/Ctxt.cpp:736]
  smartAutomorph: 10.3805 / 24 = 0.43252   [$ARTIFACT/ours/_build_case1/HElib-patched/src/Ctxt.cpp:2514]
  thinReCrypt: 181.698 / 1 = 181.698   [$ARTIFACT/ours/_build_case1/HElib-patched/src/recryption.cpp:1872]
  toPoly: 47.4547 / 765 = 0.0620323   [$ARTIFACT/ours/_build_case1/HElib-patched/src/DoubleCRT.cpp:985]
  toPoly_CRT: 8.03627 / 765 = 0.0105049   [$ARTIFACT/ours/_build_case1/HElib-patched/src/DoubleCRT.cpp:1052]
  toPoly_FFT: 38.9128 / 765 = 0.0508664   [$ARTIFACT/ours/_build_case1/HElib-patched/src/DoubleCRT.cpp:1030]
  rusage.ru_maxrss=8879432
||||| stats |||||
KS-noise-ratio ave=2.16726 max=101.73
KS-noise-ratio-hoist ave=735349 max=5.88278e+06
break-into-digits-ratio ave=0.321314 max=0.404063
excess-ctxtPrimes ave=11.6528 max=11.6528
excess-specialPrimes ave=0.654405 max=0.654405
mod-switch-added-noise ave=0.319708 max=0.395232
ptxt_rat_sk ave=0.00772938 max=0.00772938
ptxt_rat_sk ave=0.31478 max=0.31478
raw-mod-switch-noise ave=0.343499 max=0.343499
window1-nchoices ave=2.4 max=3
window1-out ave=0 max=0
window2-nchoices ave=3.32857 max=6
window2-out ave=0 max=0
||||| stats |||||
KS-noise-ratio ave=2.16726 max=101.73
KS-noise-ratio-hoist ave=735349 max=5.88278e+06
break-into-digits-ratio ave=0.321314 max=0.404063
excess-ctxtPrimes ave=11.6528 max=11.6528
excess-specialPrimes ave=0.654405 max=0.654405
mod-switch-added-noise ave=0.319708 max=0.395232
ptxt_rat_sk ave=0.00772938 max=0.00772938
ptxt_rat_sk ave=0.31478 max=0.31478
raw-mod-switch-noise ave=0.343499 max=0.343499
window1-nchoices ave=2.4 max=3
window1-out ave=0 max=0
window2-nchoices ave=3.32857 max=6
window2-out ave=0 max=0
WALL=2741.41 s MAXRSS=8879432 kB
exit=0 (NORMONLY pass1)
SET_DONE 3
