########## SET 4 p=65537 m=50731 d=18 :: BASELINE :: aux=256 :: pass1 :: h=12 :: 2026-09-15 03:49:11 ##########
chosen idx = 4
encapHwt = 12
t for new bts is -1
new bts ? 1
new ks ? 1
thick bts ?0
repeat times = 1
force bsgs = 0
force hoist = 0
*** GTestFatboot: p=65537, r=1, bits=1500, t=0, c=3, m=50731 mvec=[97 523], gens=[48117 5239], ords=[96 29]
Computing key-independent tables...using HELIB_EXPLICIT_AUX=256

t = -1
bound on I = 16.402088
log2(aux) = 8.000000
log2(beta) = 30.546816
log2(qks) >= 41.244072, final log2(qks) = 41.244073
log2(R) >= 29.148675, final log2(R) = 29.150462
INFO: total bits = 2017.44, security level = 78.8964deg of poly for non-power-of-p aux is 1223
security=78.8964
# small primes = 6
# ctxt primes = 26
# bits in ctxt primes = 1505
# special primes = 9
# bits in special primes = 512
scale=10
 done in 275.955 seconds
  e=0, e'=0, t=12
  m = 50731, p = 65537, phi(m) = 50112
  ord(p) = 18
  normBnd = 1.62099
  polyNormBnd = 5.6346
  factors = [97 523]
  generator 48117 has order (== Z_m^*) of 96
  generator 5239 has order (== Z_m^*) of 29
r = 1
nslots = 2784
hwt = 120
ctxtPrimes = [6,7,8,9,10,11,12,13,14,15,16,17,18,19,20,21,22,23,24,25,26,27,28,29,30,31]
specialPrimes = [36,37,38,39,40,41,42,43,44]
number of bits = 2018

security level = 78.8964
Generating keys, Keys generated. Now genRecryptData...
computing key-dependent tables...Sparse boot key hwt = 12
genRecryptData done. recryptKeyID=1
lcAksBsgs=0 lcAksDelayed=0
Post-key setup done.
 done in 44.701 seconds
Encrypt succeeded.
WARNING: KS-noise-ratio = 1546.48 > 1
time for linear1 = 5.222874, linear2 = 51.215804, extract = 158.695389, total = 217.632071
bits for linear1 = 55.711455, linear2 = 62.219388, extract = 354.179637, min cap = 10.697257, after cap = 1038.230814, after prod = 1454.629839
cap / time = 4.465436

### summary over 1 test
time for linear1 = 5.222874, linear2 = 51.215804, extract = 158.695389, total = 217.632071
bits for linear1 = 55.711455, linear2 = 62.219388, extract = 354.179637, min cap = 10.697257, after cap = 1038.230814, after prod = 1454.629839
cap / time = 4.465436


### bts finished, everything ok ###

  AAA_bootKeySwitch: 27.8176 / 1 = 27.8176   [$ARTIFACT/ours/_build_case1/HElib-patched/src/recryption.cpp:1968]
  AAA_coeffToSlot: 25.3663 / 1 = 25.3663   [$ARTIFACT/ours/_build_case1/HElib-patched/src/recryption.cpp:2396]
  AAA_embeddingLargest: 0.862049 / 304 = 0.00283569   [$ARTIFACT/ours/_build_case1/HElib-patched/src/norms.cpp:250]
  AAA_embeddingLargest_x2: 0.627333 / 233 = 0.00269242   [$ARTIFACT/ours/_build_case1/HElib-patched/src/norms.cpp:423]
  AAA_extractDigitsThin: 158.693 / 1 = 158.693   [$ARTIFACT/ours/_build_case1/HElib-patched/src/recryption.cpp:2449]
  AAA_modDownEnbeddings: 0.740657 / 233 = 0.00317879   [$ARTIFACT/ours/_build_case1/HElib-patched/src/Ctxt.cpp:506]
  AAA_slotToCoeff: 5.22281 / 1 = 5.22281   [$ARTIFACT/ours/_build_case1/HElib-patched/src/recryption.cpp:1954]
  BasicAutomorphPrecon: 4.92813 / 8 = 0.616016   [$ARTIFACT/ours/_build_case1/HElib-patched/src/matmul.cpp:69]
  BluesteinFFT: 91.8163 / 24581 = 0.00373525   [$ARTIFACT/ours/_build_case1/HElib-patched/src/bluestein.cpp:141]
  Decrypt: 0.698858 / 1 = 0.698858   [$ARTIFACT/ours/_build_case1/HElib-patched/src/keys.cpp:1350]
  DoubleCRT: 58.1855 / 521 = 0.11168   [$ARTIFACT/ours/_build_case1/HElib-patched/src/DoubleCRT.cpp:718]
  FFT: 87.7532 / 17518 = 0.00500932   [$ARTIFACT/ours/_build_case1/HElib-patched/src/CModulus.cpp:448]
  FFT: 87.7709 / 770 = 0.113988   [$ARTIFACT/ours/_build_case1/HElib-patched/src/DoubleCRT.cpp:70]
  FFT: 68.4652 / 17518 = 0.00390828   [$ARTIFACT/ours/_build_case1/HElib-patched/src/CModulus.cpp:479]
  FFT_aux: 68.4479 / 17518 = 0.00390729   [$ARTIFACT/ours/_build_case1/HElib-patched/src/CModulus.cpp:360]
  FFT_remainder: 19.2734 / 17518 = 0.0011002   [$ARTIFACT/ours/_build_case1/HElib-patched/src/CModulus.cpp:455]
  KS_loop: 19.2994 / 592 = 0.0326003   [$ARTIFACT/ours/_build_case1/HElib-patched/src/Ctxt.cpp:219]
  KS_loop_1: 3.20734 / 592 = 0.00541781   [$ARTIFACT/ours/_build_case1/HElib-patched/src/Ctxt.cpp:227]
  KS_loop_2: 2.62212 / 592 = 0.00442926   [$ARTIFACT/ours/_build_case1/HElib-patched/src/Ctxt.cpp:231]
  KS_loop_3: 3.23063 / 592 = 0.00545715   [$ARTIFACT/ours/_build_case1/HElib-patched/src/Ctxt.cpp:236]
  KS_loop_4: 1.18153 / 592 = 0.00199583   [$ARTIFACT/ours/_build_case1/HElib-patched/src/Ctxt.cpp:240]
  NORM_VAL: 1.49911 / 248 = 0.0060448   [$ARTIFACT/ours/_build_case1/HElib-patched/src/DoubleCRT.cpp:541]
  addCtxt: 13.2643 / 1663 = 0.00797613   [$ARTIFACT/ours/_build_case1/HElib-patched/src/Ctxt.cpp:1458]
  addPart: 5.99742 / 1469 = 0.00408265   [$ARTIFACT/ours/_build_case1/HElib-patched/src/Ctxt.cpp:905]
  addPrimes: 46.7091 / 249 = 0.187587   [$ARTIFACT/ours/_build_case1/HElib-patched/src/DoubleCRT.cpp:625]
  addPrimes_5: 48.9105 / 248 = 0.19722   [$ARTIFACT/ours/_build_case1/HElib-patched/src/DoubleCRT.cpp:518]
  automorph: 19.2776 / 151 = 0.127666   [$ARTIFACT/ours/_build_case1/HElib-patched/src/matmul.cpp:117]
  automorph: 0.130305 / 27 = 0.00482611   [$ARTIFACT/ours/_build_case1/HElib-patched/src/Ctxt.cpp:2489]
  breakIntoDigits: 49.2543 / 90 = 0.54727   [$ARTIFACT/ours/_build_case1/HElib-patched/src/DoubleCRT.cpp:481]
  decode: 16.7594 / 1 = 16.7594   [$ARTIFACT/ours/_build_case1/HElib-patched/src/EncryptedArray.cpp:375]
  do_mul: 10.1815 / 2237 = 0.0045514   [$ARTIFACT/ours/_build_case1/HElib-patched/src/DoubleCRT.cpp:280]
  extractDigitsThin: 158.693 / 1 = 158.693   [$ARTIFACT/ours/_build_case1/HElib-patched/src/recryption.cpp:1597]
  iFFT: 42.2445 / 7063 = 0.00598109   [$ARTIFACT/ours/_build_case1/HElib-patched/src/CModulus.cpp:488]
  iFFT_division: 14.2843 / 7063 = 0.00202242   [$ARTIFACT/ours/_build_case1/HElib-patched/src/CModulus.cpp:570]
  keySwitchPart: 53.3872 / 83 = 0.643219   [$ARTIFACT/ours/_build_case1/HElib-patched/src/Ctxt.cpp:836]
  modDownToSet: 108.275 / 265 = 0.408587   [$ARTIFACT/ours/_build_case1/HElib-patched/src/Ctxt.cpp:409]
  mul_MatMul1DExec: 48.5476 / 6 = 8.09127   [$ARTIFACT/ours/_build_case1/HElib-patched/src/matmul.cpp:975]
  multByConstant: 0.126578 / 1 = 0.126578   [$ARTIFACT/ours/_build_case1/HElib-patched/src/Ctxt.cpp:1910]
  multByConstant: 2.62546 / 376 = 0.00698262   [$ARTIFACT/ours/_build_case1/HElib-patched/src/Ctxt.cpp:1884]
  multLowLvl: 71.9073 / 75 = 0.958764   [$ARTIFACT/ours/_build_case1/HElib-patched/src/Ctxt.cpp:1733]
  multiplyBy: 66.1347 / 32 = 2.06671   [$ARTIFACT/ours/_build_case1/HElib-patched/src/Ctxt.cpp:1809]
  privateAssign: 3.41518 / 547 = 0.00624347   [$ARTIFACT/ours/_build_case1/HElib-patched/src/Ctxt.cpp:329]
  randomize: 7.5789 / 592 = 0.0128022   [$ARTIFACT/ours/_build_case1/HElib-patched/src/DoubleCRT.cpp:1318]
  randomize_stream: 4.25331 / 4345808 = 9.78715e-07   [$ARTIFACT/ours/_build_case1/HElib-patched/src/DoubleCRT.cpp:1348]
  reLinearize: 84.9814 / 150 = 0.566543   [$ARTIFACT/ours/_build_case1/HElib-patched/src/Ctxt.cpp:736]
  smartAutomorph: 15.3139 / 27 = 0.56718   [$ARTIFACT/ours/_build_case1/HElib-patched/src/Ctxt.cpp:2514]
  thinReCrypt: 217.642 / 1 = 217.642   [$ARTIFACT/ours/_build_case1/HElib-patched/src/recryption.cpp:1872]
  toPoly: 58.599 / 769 = 0.0762016   [$ARTIFACT/ours/_build_case1/HElib-patched/src/DoubleCRT.cpp:985]
  toPoly_CRT: 9.8791 / 769 = 0.0128467   [$ARTIFACT/ours/_build_case1/HElib-patched/src/DoubleCRT.cpp:1052]
  toPoly_FFT: 47.9954 / 769 = 0.0624128   [$ARTIFACT/ours/_build_case1/HElib-patched/src/DoubleCRT.cpp:1030]
  rusage.ru_maxrss=10546100
||||| stats |||||
KS-noise-ratio ave=18.6425 max=1546.48
KS-noise-ratio-hoist ave=1.56907e+06 max=1.25526e+07
break-into-digits-ratio ave=0.32383 max=0.416172
excess-ctxtPrimes ave=5.43078 max=5.43078
excess-specialPrimes ave=2.48795 max=2.48795
mod-switch-added-noise ave=0.330965 max=0.392811
ptxt_rat_sk ave=0.00174991 max=0.00174991
ptxt_rat_sk ave=0.332851 max=0.332851
raw-mod-switch-noise ave=0.348701 max=0.348701
window1-nchoices ave=4.8 max=7
window1-out ave=0 max=0
window2-nchoices ave=4.25714 max=8
window2-out ave=0 max=0
||||| stats |||||
KS-noise-ratio ave=18.6425 max=1546.48
KS-noise-ratio-hoist ave=1.56907e+06 max=1.25526e+07
break-into-digits-ratio ave=0.32383 max=0.416172
excess-ctxtPrimes ave=5.43078 max=5.43078
excess-specialPrimes ave=2.48795 max=2.48795
mod-switch-added-noise ave=0.330965 max=0.392811
ptxt_rat_sk ave=0.00174991 max=0.00174991
ptxt_rat_sk ave=0.332851 max=0.332851
raw-mod-switch-noise ave=0.348701 max=0.348701
window1-nchoices ave=4.8 max=7
window1-out ave=0 max=0
window2-nchoices ave=4.25714 max=8
window2-out ave=0 max=0
WALL=558.53 s MAXRSS=10546100 kB
exit=0 (BASELINE pass1)
########## SET 4 p=65537 m=50731 d=18 :: ORDER4 :: aux=256 :: pass1 :: h=12 :: 2026-09-15 03:58:29 ##########
chosen idx = 4
encapHwt = 12
t for new bts is -1
new bts ? 1
new ks ? 1
thick bts ?0
repeat times = 1
force bsgs = 0
force hoist = 0
*** GTestFatboot: p=65537, r=1, bits=1500, t=0, c=3, m=50731 mvec=[97 523], gens=[48117 5239], ords=[96 29]
Computing key-independent tables...using HELIB_EXPLICIT_AUX=256

t = -1
bound on I = 16.402088
log2(aux) = 8.000000
log2(beta) = 30.546816
log2(qks) >= 41.244072, final log2(qks) = 41.244073
log2(R) >= 29.148675, final log2(R) = 29.150462
INFO: total bits = 2017.44, security level = 78.8964deg of poly for non-power-of-p aux is 1223
security=78.8964
# small primes = 6
# ctxt primes = 26
# bits in ctxt primes = 1505
# special primes = 9
# bits in special primes = 512
scale=10
 done in 278.873 seconds
  e=0, e'=0, t=12
  m = 50731, p = 65537, phi(m) = 50112
  ord(p) = 18
  normBnd = 1.62099
  polyNormBnd = 5.6346
  factors = [97 523]
  generator 48117 has order (== Z_m^*) of 96
  generator 5239 has order (== Z_m^*) of 29
r = 1
nslots = 2784
hwt = 120
ctxtPrimes = [6,7,8,9,10,11,12,13,14,15,16,17,18,19,20,21,22,23,24,25,26,27,28,29,30,31]
specialPrimes = [36,37,38,39,40,41,42,43,44]
number of bits = 2018

security level = 78.8964
Generating keys, Keys generated. Now genRecryptData...
computing key-dependent tables...Sparse boot key hwt = 12
genRecryptData done. recryptKeyID=1
lcAksBsgs=0 lcAksDelayed=0
Post-key setup done.
 done in 45.0265 seconds
Encrypt succeeded.
WARNING: KS-noise-ratio = 1.11837 > 1
WARNING: KS-noise-ratio = 5784.72 > 1
WARNING: KS-noise-ratio = 12686.8 > 1
WARNING: KS-noise-ratio = 11337.9 > 1
WARNING: KS-noise-ratio = 10818.6 > 1
WARNING: KS-noise-ratio = 10914.1 > 1
WARNING: KS-noise-ratio = 5064.94 > 1
HELIB_AUX_ORDER4_EVAL enabled: order=4, deg(P)=1223, terms(P)=307, deg(Q)=305, terms(Q)=306
time for linear1 = 5.260375, linear2 = 51.520682, extract = 92.724349, total = 152.037412
bits for linear1 = 55.711455, linear2 = 62.311805, extract = 414.770989, min cap = 10.697257, after cap = 977.608729, after prod = 1454.691523
cap / time = 5.993262

### summary over 1 test
time for linear1 = 5.260375, linear2 = 51.520682, extract = 92.724349, total = 152.037412
bits for linear1 = 55.711455, linear2 = 62.311805, extract = 414.770989, min cap = 10.697257, after cap = 977.608729, after prod = 1454.691523
cap / time = 5.993262


### bts finished, everything ok ###

  AAA_bootKeySwitch: 28.0618 / 1 = 28.0618   [$ARTIFACT/ours/_build_case1/HElib-patched/src/recryption.cpp:1968]
  AAA_coeffToSlot: 25.5007 / 1 = 25.5007   [$ARTIFACT/ours/_build_case1/HElib-patched/src/recryption.cpp:2396]
  AAA_embeddingLargest: 0.611647 / 216 = 0.0028317   [$ARTIFACT/ours/_build_case1/HElib-patched/src/norms.cpp:250]
  AAA_embeddingLargest_x2: 0.394283 / 147 = 0.0026822   [$ARTIFACT/ours/_build_case1/HElib-patched/src/norms.cpp:423]
  AAA_extractDigitsThin: 92.7231 / 1 = 92.7231   [$ARTIFACT/ours/_build_case1/HElib-patched/src/recryption.cpp:2449]
  AAA_modDownEnbeddings: 0.461125 / 147 = 0.0031369   [$ARTIFACT/ours/_build_case1/HElib-patched/src/Ctxt.cpp:506]
  AAA_slotToCoeff: 5.26031 / 1 = 5.26031   [$ARTIFACT/ours/_build_case1/HElib-patched/src/recryption.cpp:1954]
  BasicAutomorphPrecon: 4.98364 / 8 = 0.622955   [$ARTIFACT/ours/_build_case1/HElib-patched/src/matmul.cpp:69]
  BluesteinFFT: 59.0763 / 15708 = 0.0037609   [$ARTIFACT/ours/_build_case1/HElib-patched/src/bluestein.cpp:141]
  Decrypt: 0.717205 / 1 = 0.717205   [$ARTIFACT/ours/_build_case1/HElib-patched/src/keys.cpp:1350]
  DoubleCRT: 35.2441 / 328 = 0.107451   [$ARTIFACT/ours/_build_case1/HElib-patched/src/DoubleCRT.cpp:718]
  FFT: 43.9891 / 11194 = 0.00392971   [$ARTIFACT/ours/_build_case1/HElib-patched/src/CModulus.cpp:479]
  FFT: 56.5958 / 510 = 0.110972   [$ARTIFACT/ours/_build_case1/HElib-patched/src/DoubleCRT.cpp:70]
  FFT: 56.583 / 11194 = 0.00505476   [$ARTIFACT/ours/_build_case1/HElib-patched/src/CModulus.cpp:448]
  FFT_aux: 43.9768 / 11194 = 0.00392861   [$ARTIFACT/ours/_build_case1/HElib-patched/src/CModulus.cpp:360]
  FFT_remainder: 12.5833 / 11194 = 0.00112411   [$ARTIFACT/ours/_build_case1/HElib-patched/src/CModulus.cpp:455]
  KS_loop: 17.2449 / 525 = 0.0328475   [$ARTIFACT/ours/_build_case1/HElib-patched/src/Ctxt.cpp:219]
  KS_loop_1: 2.83622 / 525 = 0.00540233   [$ARTIFACT/ours/_build_case1/HElib-patched/src/Ctxt.cpp:227]
  KS_loop_2: 2.48922 / 525 = 0.00474137   [$ARTIFACT/ours/_build_case1/HElib-patched/src/Ctxt.cpp:231]
  KS_loop_3: 2.8926 / 525 = 0.00550972   [$ARTIFACT/ours/_build_case1/HElib-patched/src/Ctxt.cpp:236]
  KS_loop_4: 1.04893 / 525 = 0.00199796   [$ARTIFACT/ours/_build_case1/HElib-patched/src/Ctxt.cpp:240]
  NORM_VAL: 1.08075 / 181 = 0.00597098   [$ARTIFACT/ours/_build_case1/HElib-patched/src/DoubleCRT.cpp:541]
  addConstant: 0.281863 / 22 = 0.012812   [$ARTIFACT/ours/_build_case1/HElib-patched/src/Ctxt.cpp:2197]
  addCtxt: 12.9752 / 746 = 0.017393   [$ARTIFACT/ours/_build_case1/HElib-patched/src/Ctxt.cpp:1458]
  addPart: 5.34086 / 1313 = 0.00406767   [$ARTIFACT/ours/_build_case1/HElib-patched/src/Ctxt.cpp:905]
  addPrimes: 33.7563 / 182 = 0.185474   [$ARTIFACT/ours/_build_case1/HElib-patched/src/DoubleCRT.cpp:625]
  addPrimes_5: 35.3404 / 181 = 0.195251   [$ARTIFACT/ours/_build_case1/HElib-patched/src/DoubleCRT.cpp:518]
  automorph: 19.3386 / 151 = 0.12807   [$ARTIFACT/ours/_build_case1/HElib-patched/src/matmul.cpp:117]
  automorph: 0.125788 / 27 = 0.00465881   [$ARTIFACT/ours/_build_case1/HElib-patched/src/Ctxt.cpp:2489]
  breakIntoDigits: 35.5883 / 68 = 0.523357   [$ARTIFACT/ours/_build_case1/HElib-patched/src/DoubleCRT.cpp:481]
  decode: 16.9009 / 1 = 16.9009   [$ARTIFACT/ours/_build_case1/HElib-patched/src/EncryptedArray.cpp:375]
  do_mul: 8.93378 / 1971 = 0.00453261   [$ARTIFACT/ours/_build_case1/HElib-patched/src/DoubleCRT.cpp:280]
  extractDigitsThin: 92.7231 / 1 = 92.7231   [$ARTIFACT/ours/_build_case1/HElib-patched/src/recryption.cpp:1597]
  iFFT: 27.2553 / 4514 = 0.00603795   [$ARTIFACT/ours/_build_case1/HElib-patched/src/CModulus.cpp:488]
  iFFT_division: 9.22062 / 4514 = 0.00204267   [$ARTIFACT/ours/_build_case1/HElib-patched/src/CModulus.cpp:570]
  keySwitchPart: 37.2709 / 61 = 0.610999   [$ARTIFACT/ours/_build_case1/HElib-patched/src/Ctxt.cpp:836]
  modDownToSet: 65.8483 / 178 = 0.369934   [$ARTIFACT/ours/_build_case1/HElib-patched/src/Ctxt.cpp:409]
  mul_MatMul1DExec: 48.8132 / 6 = 8.13553   [$ARTIFACT/ours/_build_case1/HElib-patched/src/matmul.cpp:975]
  multByConstant: 2.60891 / 376 = 0.0069386   [$ARTIFACT/ours/_build_case1/HElib-patched/src/Ctxt.cpp:1884]
  multByConstant: 0.129275 / 1 = 0.129275   [$ARTIFACT/ours/_build_case1/HElib-patched/src/Ctxt.cpp:1910]
  multLowLvl: 39.2232 / 42 = 0.933886   [$ARTIFACT/ours/_build_case1/HElib-patched/src/Ctxt.cpp:1733]
  multiplyBy: 41.2573 / 21 = 1.96463   [$ARTIFACT/ours/_build_case1/HElib-patched/src/Ctxt.cpp:1809]
  privateAssign: 3.15818 / 480 = 0.00657954   [$ARTIFACT/ours/_build_case1/HElib-patched/src/Ctxt.cpp:329]
  randomize: 6.71272 / 525 = 0.0127861   [$ARTIFACT/ours/_build_case1/HElib-patched/src/DoubleCRT.cpp:1318]
  randomize_stream: 3.77083 / 3851431 = 9.79072e-07   [$ARTIFACT/ours/_build_case1/HElib-patched/src/DoubleCRT.cpp:1348]
  reLinearize: 55.2461 / 121 = 0.456579   [$ARTIFACT/ours/_build_case1/HElib-patched/src/Ctxt.cpp:736]
  smartAutomorph: 15.3575 / 27 = 0.568797   [$ARTIFACT/ours/_build_case1/HElib-patched/src/Ctxt.cpp:2514]
  thinReCrypt: 152.048 / 1 = 152.048   [$ARTIFACT/ours/_build_case1/HElib-patched/src/recryption.cpp:1872]
  toPoly: 37.8858 / 509 = 0.0744318   [$ARTIFACT/ours/_build_case1/HElib-patched/src/DoubleCRT.cpp:985]
  toPoly_CRT: 6.44216 / 509 = 0.0126565   [$ARTIFACT/ours/_build_case1/HElib-patched/src/DoubleCRT.cpp:1052]
  toPoly_FFT: 30.9567 / 509 = 0.0608186   [$ARTIFACT/ours/_build_case1/HElib-patched/src/DoubleCRT.cpp:1030]
  rusage.ru_maxrss=10223268
||||| stats |||||
KS-noise-ratio ave=928.005 max=12686.8
KS-noise-ratio-hoist ave=1.55884e+06 max=1.24707e+07
break-into-digits-ratio ave=0.322004 max=0.392453
excess-ctxtPrimes ave=5.43078 max=5.43078
excess-specialPrimes ave=2.48795 max=2.48795
mod-switch-added-noise ave=0.328529 max=0.399029
ptxt_rat_sk ave=0.00173005 max=0.00173005
ptxt_rat_sk ave=0.374599 max=0.374599
raw-mod-switch-noise ave=0.321183 max=0.321183
window1-nchoices ave=3.75 max=5
window1-out ave=0 max=0
window2-nchoices ave=5.18421 max=9
window2-out ave=0 max=0
||||| stats |||||
KS-noise-ratio ave=928.005 max=12686.8
KS-noise-ratio-hoist ave=1.55884e+06 max=1.24707e+07
break-into-digits-ratio ave=0.322004 max=0.392453
excess-ctxtPrimes ave=5.43078 max=5.43078
excess-specialPrimes ave=2.48795 max=2.48795
mod-switch-added-noise ave=0.328529 max=0.399029
ptxt_rat_sk ave=0.00173005 max=0.00173005
ptxt_rat_sk ave=0.374599 max=0.374599
raw-mod-switch-noise ave=0.321183 max=0.321183
window1-nchoices ave=3.75 max=5
window1-out ave=0 max=0
window2-nchoices ave=5.18421 max=9
window2-out ave=0 max=0
WALL=496.33 s MAXRSS=10223268 kB
exit=0 (ORDER4 pass1)
########## SET 4 p=65537 m=50731 d=18 :: ORDER4_COMPOSED :: aux=256 :: pass1 :: h=12 :: 2026-09-15 04:06:46 ##########
chosen idx = 4
encapHwt = 12
t for new bts is -1
new bts ? 1
new ks ? 1
thick bts ?0
repeat times = 1
force bsgs = 0
force hoist = 0
*** GTestFatboot: p=65537, r=1, bits=1500, t=0, c=3, m=50731 mvec=[97 523], gens=[48117 5239], ords=[96 29]
Computing key-independent tables...using HELIB_EXPLICIT_AUX=256

t = -1
bound on I = 16.402088
log2(aux) = 8.000000
log2(beta) = 30.546816
log2(qks) >= 41.244072, final log2(qks) = 41.244073
log2(R) >= 29.148675, final log2(R) = 29.150462
INFO: total bits = 2017.44, security level = 78.8964HELIB_COMPOSED_EVAL: order=4 d=18 |folded support|=306 degQ=305 padded to n'=306
HELIB_COMPOSED_EVAL: norm form c=99 degC=17 (search 18.1206s)
deg of poly for non-power-of-p aux is 1223
security=78.8964
# small primes = 6
# ctxt primes = 26
# bits in ctxt primes = 1505
# special primes = 9
# bits in special primes = 512
scale=10
 done in 297.776 seconds
  e=0, e'=0, t=12
  m = 50731, p = 65537, phi(m) = 50112
  ord(p) = 18
  normBnd = 1.62099
  polyNormBnd = 5.6346
  factors = [97 523]
  generator 48117 has order (== Z_m^*) of 96
  generator 5239 has order (== Z_m^*) of 29
r = 1
nslots = 2784
hwt = 120
ctxtPrimes = [6,7,8,9,10,11,12,13,14,15,16,17,18,19,20,21,22,23,24,25,26,27,28,29,30,31]
specialPrimes = [36,37,38,39,40,41,42,43,44]
number of bits = 2018

security level = 78.8964
Generating keys, Keys generated. Now genRecryptData...
computing key-dependent tables...Sparse boot key hwt = 12
genRecryptData done. recryptKeyID=1
lcAksBsgs=0 lcAksDelayed=0
Post-key setup done.
 done in 45.7483 seconds
Encrypt succeeded.
WARNING: KS-noise-ratio = 1.02683 > 1
WARNING: KS-noise-ratio = 4289.74 > 1
HELIB_COMPOSED_EVAL active: order=4 degC=17 d=18
time for linear1 = 5.481960, linear2 = 53.584864, extract = 41.408673, total = 103.059641
bits for linear1 = 55.711455, linear2 = 62.229702, extract = 472.810017, min cap = 10.697257, after cap = 919.632926, after prod = 1454.672644
cap / time = 8.278936

### summary over 1 test
time for linear1 = 5.481960, linear2 = 53.584864, extract = 41.408673, total = 103.059641
bits for linear1 = 55.711455, linear2 = 62.229702, extract = 472.810017, min cap = 10.697257, after cap = 919.632926, after prod = 1454.672644
cap / time = 8.278936


### bts finished, everything ok ###

  AAA_bootKeySwitch: 29.1043 / 1 = 29.1043   [$ARTIFACT/ours/_build_case1/HElib-patched/src/recryption.cpp:1968]
  AAA_coeffToSlot: 26.5542 / 1 = 26.5542   [$ARTIFACT/ours/_build_case1/HElib-patched/src/recryption.cpp:2396]
  AAA_embeddingLargest: 0.541169 / 182 = 0.00297346   [$ARTIFACT/ours/_build_case1/HElib-patched/src/norms.cpp:250]
  AAA_embeddingLargest_x2: 0.246036 / 86 = 0.00286088   [$ARTIFACT/ours/_build_case1/HElib-patched/src/norms.cpp:423]
  AAA_extractDigitsThin: 41.4082 / 1 = 41.4082   [$ARTIFACT/ours/_build_case1/HElib-patched/src/recryption.cpp:2449]
  AAA_modDownEnbeddings: 0.296746 / 86 = 0.00345053   [$ARTIFACT/ours/_build_case1/HElib-patched/src/Ctxt.cpp:506]
  AAA_slotToCoeff: 5.48189 / 1 = 5.48189   [$ARTIFACT/ours/_build_case1/HElib-patched/src/recryption.cpp:1954]
  BasicAutomorphPrecon: 5.15963 / 8 = 0.644954   [$ARTIFACT/ours/_build_case1/HElib-patched/src/matmul.cpp:69]
  BluesteinFFT: 39.9224 / 10459 = 0.00381704   [$ARTIFACT/ours/_build_case1/HElib-patched/src/bluestein.cpp:141]
  Decrypt: 0.76249 / 1 = 0.76249   [$ARTIFACT/ours/_build_case1/HElib-patched/src/keys.cpp:1350]
  DoubleCRT: 21.8634 / 208 = 0.105112   [$ARTIFACT/ours/_build_case1/HElib-patched/src/DoubleCRT.cpp:718]
  FFT: 30.919 / 7748 = 0.00399058   [$ARTIFACT/ours/_build_case1/HElib-patched/src/CModulus.cpp:479]
  FFT: 39.2353 / 353 = 0.111148   [$ARTIFACT/ours/_build_case1/HElib-patched/src/DoubleCRT.cpp:70]
  FFT: 39.2252 / 7748 = 0.00506262   [$ARTIFACT/ours/_build_case1/HElib-patched/src/CModulus.cpp:448]
  FFT_aux: 30.9093 / 7748 = 0.00398932   [$ARTIFACT/ours/_build_case1/HElib-patched/src/CModulus.cpp:360]
  FFT_remainder: 8.29833 / 7748 = 0.00107103   [$ARTIFACT/ours/_build_case1/HElib-patched/src/CModulus.cpp:455]
  KS_loop: 16.7689 / 489 = 0.0342922   [$ARTIFACT/ours/_build_case1/HElib-patched/src/Ctxt.cpp:219]
  KS_loop_1: 2.75557 / 489 = 0.00563511   [$ARTIFACT/ours/_build_case1/HElib-patched/src/Ctxt.cpp:227]
  KS_loop_2: 2.61062 / 489 = 0.00533869   [$ARTIFACT/ours/_build_case1/HElib-patched/src/Ctxt.cpp:231]
  KS_loop_3: 2.75329 / 489 = 0.00563045   [$ARTIFACT/ours/_build_case1/HElib-patched/src/Ctxt.cpp:236]
  KS_loop_4: 1.0353 / 489 = 0.00211717   [$ARTIFACT/ours/_build_case1/HElib-patched/src/Ctxt.cpp:240]
  NORM_VAL: 0.8897 / 145 = 0.00613586   [$ARTIFACT/ours/_build_case1/HElib-patched/src/DoubleCRT.cpp:541]
  addCtxt: 2.0147 / 458 = 0.0043989   [$ARTIFACT/ours/_build_case1/HElib-patched/src/Ctxt.cpp:1458]
  addPart: 5.21324 / 1196 = 0.00435889   [$ARTIFACT/ours/_build_case1/HElib-patched/src/Ctxt.cpp:905]
  addPrimes: 27.8034 / 146 = 0.190434   [$ARTIFACT/ours/_build_case1/HElib-patched/src/DoubleCRT.cpp:625]
  addPrimes_5: 29.1182 / 145 = 0.200815   [$ARTIFACT/ours/_build_case1/HElib-patched/src/DoubleCRT.cpp:518]
  automorph: 20.1188 / 151 = 0.133237   [$ARTIFACT/ours/_build_case1/HElib-patched/src/matmul.cpp:117]
  automorph: 0.19935 / 32 = 0.00622969   [$ARTIFACT/ours/_build_case1/HElib-patched/src/Ctxt.cpp:2489]
  breakIntoDigits: 29.3353 / 57 = 0.514655   [$ARTIFACT/ours/_build_case1/HElib-patched/src/DoubleCRT.cpp:481]
  decode: 17.237 / 1 = 17.237   [$ARTIFACT/ours/_build_case1/HElib-patched/src/EncryptedArray.cpp:375]
  do_mul: 8.58168 / 1823 = 0.00470745   [$ARTIFACT/ours/_build_case1/HElib-patched/src/DoubleCRT.cpp:280]
  extractDigitsThin: 41.4081 / 1 = 41.4081   [$ARTIFACT/ours/_build_case1/HElib-patched/src/recryption.cpp:1597]
  frobeniusAutomorph: 5.59521 / 5 = 1.11904   [$ARTIFACT/ours/_build_case1/HElib-patched/src/Ctxt.cpp:2578]
  iFFT: 16.7131 / 2711 = 0.00616492   [$ARTIFACT/ours/_build_case1/HElib-patched/src/CModulus.cpp:488]
  iFFT_division: 5.72155 / 2711 = 0.00211049   [$ARTIFACT/ours/_build_case1/HElib-patched/src/CModulus.cpp:570]
  keySwitchPart: 29.7603 / 50 = 0.595207   [$ARTIFACT/ours/_build_case1/HElib-patched/src/Ctxt.cpp:836]
  modDownToSet: 35.8107 / 117 = 0.306074   [$ARTIFACT/ours/_build_case1/HElib-patched/src/Ctxt.cpp:409]
  mul_MatMul1DExec: 50.8042 / 6 = 8.46736   [$ARTIFACT/ours/_build_case1/HElib-patched/src/matmul.cpp:975]
  multByConstant: 2.83425 / 390 = 0.0072673   [$ARTIFACT/ours/_build_case1/HElib-patched/src/Ctxt.cpp:1884]
  multByConstant: 2.10911 / 15 = 0.140607   [$ARTIFACT/ours/_build_case1/HElib-patched/src/Ctxt.cpp:1910]
  multLowLvl: 14.7278 / 16 = 0.920484   [$ARTIFACT/ours/_build_case1/HElib-patched/src/Ctxt.cpp:1733]
  multiplyBy: 31.8314 / 16 = 1.98946   [$ARTIFACT/ours/_build_case1/HElib-patched/src/Ctxt.cpp:1809]
  privateAssign: 0.674014 / 154 = 0.00437671   [$ARTIFACT/ours/_build_case1/HElib-patched/src/Ctxt.cpp:329]
  randomize: 6.4302 / 489 = 0.0131497   [$ARTIFACT/ours/_build_case1/HElib-patched/src/DoubleCRT.cpp:1318]
  randomize_stream: 3.61009 / 3585955 = 1.00673e-06   [$ARTIFACT/ours/_build_case1/HElib-patched/src/DoubleCRT.cpp:1348]
  reLinearize: 39.1893 / 111 = 0.353056   [$ARTIFACT/ours/_build_case1/HElib-patched/src/Ctxt.cpp:736]
  smartAutomorph: 21.6518 / 32 = 0.676617   [$ARTIFACT/ours/_build_case1/HElib-patched/src/Ctxt.cpp:2514]
  thinReCrypt: 103.072 / 1 = 103.072   [$ARTIFACT/ours/_build_case1/HElib-patched/src/recryption.cpp:1872]
  toPoly: 23.7267 / 335 = 0.0708259   [$ARTIFACT/ours/_build_case1/HElib-patched/src/DoubleCRT.cpp:985]
  toPoly_CRT: 4.25896 / 335 = 0.0127133   [$ARTIFACT/ours/_build_case1/HElib-patched/src/DoubleCRT.cpp:1052]
  toPoly_FFT: 19.1197 / 335 = 0.0570739   [$ARTIFACT/ours/_build_case1/HElib-patched/src/DoubleCRT.cpp:1030]
  rusage.ru_maxrss=9766404
||||| stats |||||
KS-noise-ratio ave=85.8167 max=4289.74
KS-noise-ratio-hoist ave=1.60436e+06 max=1.28349e+07
break-into-digits-ratio ave=0.322343 max=0.403101
excess-ctxtPrimes ave=5.43078 max=5.43078
excess-specialPrimes ave=2.48795 max=2.48795
mod-switch-added-noise ave=0.32475 max=0.396025
ptxt_rat_sk ave=0.00173431 max=0.00173431
ptxt_rat_sk ave=0.328027 max=0.328027
raw-mod-switch-noise ave=0.332682 max=0.332682
window1-nchoices ave=3.5 max=4
window1-out ave=0 max=0
window2-nchoices ave=4.28571 max=5
window2-out ave=0 max=0
||||| stats |||||
KS-noise-ratio ave=85.8167 max=4289.74
KS-noise-ratio-hoist ave=1.60436e+06 max=1.28349e+07
break-into-digits-ratio ave=0.322343 max=0.403101
excess-ctxtPrimes ave=5.43078 max=5.43078
excess-specialPrimes ave=2.48795 max=2.48795
mod-switch-added-noise ave=0.32475 max=0.396025
ptxt_rat_sk ave=0.00173431 max=0.00173431
ptxt_rat_sk ave=0.328027 max=0.328027
raw-mod-switch-noise ave=0.332682 max=0.332682
window1-nchoices ave=3.5 max=4
window1-out ave=0 max=0
window2-nchoices ave=4.28571 max=5
window2-out ave=0 max=0
WALL=467.63 s MAXRSS=9766404 kB
exit=0 (ORDER4_COMPOSED pass1)
########## SET 4 p=65537 m=50731 d=18 :: NORMONLY :: aux=256 :: pass1 :: h=12 :: 2026-09-15 04:14:33 ##########
chosen idx = 4
encapHwt = 12
t for new bts is -1
new bts ? 1
new ks ? 1
thick bts ?0
repeat times = 1
force bsgs = 0
force hoist = 0
*** GTestFatboot: p=65537, r=1, bits=1500, t=0, c=3, m=50731 mvec=[97 523], gens=[48117 5239], ords=[96 29]
Computing key-independent tables...Command exited with non-zero status 124
WALL=5400.39 s MAXRSS=6433340 kB
exit=124 (NORMONLY pass1)
SET_DONE 4
